<?xml version="1.0" encoding="UTF-8"?>
<Benchmark xmlns="http://checklists.nist.gov/xccdf/1.1" xmlns:xsi="http://www.w3.org/2001/XMLSchema-instance" id="RHEL_6_STIG" resolved="1" xml:lang="en" style="SCAP_1.1">
  <status date="2014-12-23">accepted</status>
  <title xmlns:xhtml="http://www.w3.org/1999/xhtml" xml:lang="en">Red Hat Enterprise Linux 6 Security Technical Implementation Guide</title>
  <description xmlns:xhtml="http://www.w3.org/1999/xhtml" xml:lang="en">The Red Hat Enterprise Linux 6 Security Technical Implementation Guide (STIG) is published as a tool to improve the security of Department of Defense (DoD) information systems.  Comments or proposed revisions to this document should be sent via e-mail to the following address: disa.letterkenny.FSO.mbx.stig-customer-support-mailbox@mail.mil.</description>
  <notice xmlns:xhtml="http://www.w3.org/1999/xhtml" xml:lang="en" id="terms-of-use"/>
  <reference xmlns:dc="http://purl.org/dc/elements/1.1/" href="http://iase.disa.mil">
    <dc:publisher>DISA, Field Security Operations</dc:publisher>
    <dc:source>STIG.DOD.MIL</dc:source>
  </reference>
  <plain-text id="release-info">Release: 6 Benchmark Date: 23 Jan 2015</plain-text>
  <platform idref="cpe:/o:redhat:enterprise_linux:6"/>
  <version>1</version>
  <metadata xmlns:xhtml="http://www.w3.org/1999/xhtml">
    <dc:creator xmlns:dc="http://purl.org/dc/elements/1.1/">DISA, Field Security Operations</dc:creator>
    <dc:publisher xmlns:dc="http://purl.org/dc/elements/1.1/">DISA, Field Security Operations</dc:publisher>
    <dc:contributor xmlns:dc="http://purl.org/dc/elements/1.1/">DISA, Field Security Operations</dc:contributor>
    <dc:source xmlns:dc="http://purl.org/dc/elements/1.1/">STIG.DOD.MIL</dc:source>
  </metadata>
  <model system="urn:xccdf:scoring:default"/>
  <Profile id="MAC-1_Classified">
    <title xmlns:xhtml="http://www.w3.org/1999/xhtml" xml:lang="en">I - Mission Critical Classified</title>
    <description xmlns:xhtml="http://www.w3.org/1999/xhtml" xml:lang="en">&lt;ProfileDescription&gt;&lt;/ProfileDescription&gt;</description>
    <select idref="V-38437" selected="true"/>
    <select idref="V-38438" selected="true"/>
    <select idref="V-38443" selected="true"/>
    <select idref="V-38448" selected="true"/>
    <select idref="V-38449" selected="true"/>
    <select idref="V-38450" selected="true"/>
    <select idref="V-38451" selected="true"/>
    <select idref="V-38455" selected="true"/>
    <select idref="V-38456" selected="true"/>
    <select idref="V-38457" selected="true"/>
    <select idref="V-38458" selected="true"/>
    <select idref="V-38459" selected="true"/>
    <select idref="V-38461" selected="true"/>
    <select idref="V-38463" selected="true"/>
    <select idref="V-38466" selected="true"/>
    <select idref="V-38467" selected="true"/>
    <select idref="V-38469" selected="true"/>
    <select idref="V-38470" selected="true"/>
    <select idref="V-38472" selected="true"/>
    <select idref="V-38473" selected="true"/>
    <select idref="V-38475" selected="true"/>
    <select idref="V-38477" selected="true"/>
    <select idref="V-38478" selected="true"/>
    <select idref="V-38479" selected="true"/>
    <select idref="V-38480" selected="true"/>
    <select idref="V-38482" selected="true"/>
    <select idref="V-38483" selected="true"/>
    <select idref="V-38487" selected="true"/>
    <select idref="V-38489" selected="true"/>
    <select idref="V-38490" selected="true"/>
    <select idref="V-38491" selected="true"/>
    <select idref="V-38492" selected="true"/>
    <select idref="V-38494" selected="true"/>
    <select idref="V-38495" selected="true"/>
    <select idref="V-38497" selected="true"/>
    <select idref="V-38498" selected="true"/>
    <select idref="V-38499" selected="true"/>
    <select idref="V-38500" selected="true"/>
    <select idref="V-38501" selected="true"/>
    <select idref="V-38502" selected="true"/>
    <select idref="V-38503" selected="true"/>
    <select idref="V-38504" selected="true"/>
    <select idref="V-38511" selected="true"/>
    <select idref="V-38512" selected="true"/>
    <select idref="V-38513" selected="true"/>
    <select idref="V-38514" selected="true"/>
    <select idref="V-38515" selected="true"/>
    <select idref="V-38516" selected="true"/>
    <select idref="V-38517" selected="true"/>
    <select idref="V-38518" selected="true"/>
    <select idref="V-38520" selected="true"/>
    <select idref="V-38521" selected="true"/>
    <select idref="V-38522" selected="true"/>
    <select idref="V-38523" selected="true"/>
    <select idref="V-38524" selected="true"/>
    <select idref="V-38525" selected="true"/>
    <select idref="V-38526" selected="true"/>
    <select idref="V-38527" selected="true"/>
    <select idref="V-38528" selected="true"/>
    <select idref="V-38529" selected="true"/>
    <select idref="V-38530" selected="true"/>
    <select idref="V-38531" selected="true"/>
    <select idref="V-38532" selected="true"/>
    <select idref="V-38533" selected="true"/>
    <select idref="V-38534" selected="true"/>
    <select idref="V-38535" selected="true"/>
    <select idref="V-38536" selected="true"/>
    <select idref="V-38537" selected="true"/>
    <select idref="V-38538" selected="true"/>
    <select idref="V-38539" selected="true"/>
    <select idref="V-38541" selected="true"/>
    <select idref="V-38542" selected="true"/>
    <select idref="V-38543" selected="true"/>
    <select idref="V-38544" selected="true"/>
    <select idref="V-38545" selected="true"/>
    <select idref="V-38546" selected="true"/>
    <select idref="V-38547" selected="true"/>
    <select idref="V-38548" selected="true"/>
    <select idref="V-38550" selected="true"/>
    <select idref="V-38552" selected="true"/>
    <select idref="V-38554" selected="true"/>
    <select idref="V-38555" selected="true"/>
    <select idref="V-38556" selected="true"/>
    <select idref="V-38557" selected="true"/>
    <select idref="V-38558" selected="true"/>
    <select idref="V-38559" selected="true"/>
    <select idref="V-38561" selected="true"/>
    <select idref="V-38563" selected="true"/>
    <select idref="V-38565" selected="true"/>
    <select idref="V-38568" selected="true"/>
    <select idref="V-38569" selected="true"/>
    <select idref="V-38570" selected="true"/>
    <select idref="V-38571" selected="true"/>
    <select idref="V-38572" selected="true"/>
    <select idref="V-38573" selected="true"/>
    <select idref="V-38574" selected="true"/>
    <select idref="V-38575" selected="true"/>
    <select idref="V-38576" selected="true"/>
    <select idref="V-38577" selected="true"/>
    <select idref="V-38578" selected="true"/>
    <select idref="V-38579" selected="true"/>
    <select idref="V-38580" selected="true"/>
    <select idref="V-38581" selected="true"/>
    <select idref="V-38582" selected="true"/>
    <select idref="V-38583" selected="true"/>
    <select idref="V-38584" selected="true"/>
    <select idref="V-38585" selected="true"/>
    <select idref="V-38586" selected="true"/>
    <select idref="V-38587" selected="true"/>
    <select idref="V-38588" selected="true"/>
    <select idref="V-38589" selected="true"/>
    <select idref="V-38590" selected="true"/>
    <select idref="V-38591" selected="true"/>
    <select idref="V-38592" selected="true"/>
    <select idref="V-38594" selected="true"/>
    <select idref="V-38598" selected="true"/>
    <select idref="V-38600" selected="true"/>
    <select idref="V-38601" selected="true"/>
    <select idref="V-38602" selected="true"/>
    <select idref="V-38603" selected="true"/>
    <select idref="V-38604" selected="true"/>
    <select idref="V-38605" selected="true"/>
    <select idref="V-38606" selected="true"/>
    <select idref="V-38607" selected="true"/>
    <select idref="V-38608" selected="true"/>
    <select idref="V-38610" selected="true"/>
    <select idref="V-38611" selected="true"/>
    <select idref="V-38612" selected="true"/>
    <select idref="V-38613" selected="true"/>
    <select idref="V-38614" selected="true"/>
    <select idref="V-38615" selected="true"/>
    <select idref="V-38616" selected="true"/>
    <select idref="V-38618" selected="true"/>
    <select idref="V-38620" selected="true"/>
    <select idref="V-38621" selected="true"/>
    <select idref="V-38622" selected="true"/>
    <select idref="V-38627" selected="true"/>
    <select idref="V-38629" selected="true"/>
    <select idref="V-38630" selected="true"/>
    <select idref="V-38633" selected="true"/>
    <select idref="V-38634" selected="true"/>
    <select idref="V-38635" selected="true"/>
    <select idref="V-38636" selected="true"/>
    <select idref="V-38638" selected="true"/>
    <select idref="V-38639" selected="true"/>
    <select idref="V-38640" selected="true"/>
    <select idref="V-38641" selected="true"/>
    <select idref="V-38642" selected="true"/>
    <select idref="V-38644" selected="true"/>
    <select idref="V-38645" selected="true"/>
    <select idref="V-38646" selected="true"/>
    <select idref="V-38647" selected="true"/>
    <select idref="V-38648" selected="true"/>
    <select idref="V-38649" selected="true"/>
    <select idref="V-38650" selected="true"/>
    <select idref="V-38651" selected="true"/>
    <select idref="V-38656" selected="true"/>
    <select idref="V-38669" selected="true"/>
    <select idref="V-38671" selected="true"/>
    <select idref="V-38672" selected="true"/>
    <select idref="V-38674" selected="true"/>
    <select idref="V-38675" selected="true"/>
    <select idref="V-38676" selected="true"/>
    <select idref="V-38679" selected="true"/>
    <select idref="V-38680" selected="true"/>
    <select idref="V-38684" selected="true"/>
    <select idref="V-38687" selected="true"/>
    <select idref="V-38688" selected="true"/>
    <select idref="V-38691" selected="true"/>
    <select idref="V-38692" selected="true"/>
    <select idref="V-38694" selected="true"/>
    <select idref="V-38697" selected="true"/>
    <select idref="V-38699" selected="true"/>
    <select idref="V-38701" selected="true"/>
    <select idref="V-51337" selected="true"/>
    <select idref="V-51363" selected="true"/>
    <select idref="V-51369" selected="true"/>
    <select idref="V-51875" selected="true"/>
    <select idref="V-54381" selected="true"/>
  </Profile>
  <Profile id="MAC-1_Public">
    <title xmlns:xhtml="http://www.w3.org/1999/xhtml" xml:lang="en">I - Mission Critical Public</title>
    <description xmlns:xhtml="http://www.w3.org/1999/xhtml" xml:lang="en">&lt;ProfileDescription&gt;&lt;/ProfileDescription&gt;</description>
    <select idref="V-38437" selected="true"/>
    <select idref="V-38438" selected="true"/>
    <select idref="V-38443" selected="true"/>
    <select idref="V-38448" selected="true"/>
    <select idref="V-38449" selected="true"/>
    <select idref="V-38450" selected="true"/>
    <select idref="V-38451" selected="true"/>
    <select idref="V-38455" selected="true"/>
    <select idref="V-38456" selected="true"/>
    <select idref="V-38457" selected="true"/>
    <select idref="V-38458" selected="true"/>
    <select idref="V-38459" selected="true"/>
    <select idref="V-38461" selected="true"/>
    <select idref="V-38463" selected="true"/>
    <select idref="V-38466" selected="true"/>
    <select idref="V-38467" selected="true"/>
    <select idref="V-38469" selected="true"/>
    <select idref="V-38470" selected="true"/>
    <select idref="V-38472" selected="true"/>
    <select idref="V-38473" selected="true"/>
    <select idref="V-38475" selected="true"/>
    <select idref="V-38477" selected="true"/>
    <select idref="V-38478" selected="true"/>
    <select idref="V-38479" selected="true"/>
    <select idref="V-38480" selected="true"/>
    <select idref="V-38482" selected="true"/>
    <select idref="V-38483" selected="true"/>
    <select idref="V-38487" selected="true"/>
    <select idref="V-38489" selected="true"/>
    <select idref="V-38490" selected="true"/>
    <select idref="V-38491" selected="true"/>
    <select idref="V-38492" selected="true"/>
    <select idref="V-38494" selected="true"/>
    <select idref="V-38495" selected="true"/>
    <select idref="V-38497" selected="true"/>
    <select idref="V-38498" selected="true"/>
    <select idref="V-38499" selected="true"/>
    <select idref="V-38500" selected="true"/>
    <select idref="V-38501" selected="true"/>
    <select idref="V-38502" selected="true"/>
    <select idref="V-38503" selected="true"/>
    <select idref="V-38504" selected="true"/>
    <select idref="V-38511" selected="true"/>
    <select idref="V-38512" selected="true"/>
    <select idref="V-38513" selected="true"/>
    <select idref="V-38514" selected="true"/>
    <select idref="V-38515" selected="true"/>
    <select idref="V-38516" selected="true"/>
    <select idref="V-38517" selected="true"/>
    <select idref="V-38518" selected="true"/>
    <select idref="V-38520" selected="true"/>
    <select idref="V-38521" selected="true"/>
    <select idref="V-38522" selected="true"/>
    <select idref="V-38523" selected="true"/>
    <select idref="V-38524" selected="true"/>
    <select idref="V-38525" selected="true"/>
    <select idref="V-38526" selected="true"/>
    <select idref="V-38527" selected="true"/>
    <select idref="V-38528" selected="true"/>
    <select idref="V-38529" selected="true"/>
    <select idref="V-38530" selected="true"/>
    <select idref="V-38531" selected="true"/>
    <select idref="V-38532" selected="true"/>
    <select idref="V-38533" selected="true"/>
    <select idref="V-38534" selected="true"/>
    <select idref="V-38535" selected="true"/>
    <select idref="V-38536" selected="true"/>
    <select idref="V-38537" selected="true"/>
    <select idref="V-38538" selected="true"/>
    <select idref="V-38539" selected="true"/>
    <select idref="V-38541" selected="true"/>
    <select idref="V-38542" selected="true"/>
    <select idref="V-38543" selected="true"/>
    <select idref="V-38544" selected="true"/>
    <select idref="V-38545" selected="true"/>
    <select idref="V-38546" selected="true"/>
    <select idref="V-38547" selected="true"/>
    <select idref="V-38548" selected="true"/>
    <select idref="V-38550" selected="true"/>
    <select idref="V-38552" selected="true"/>
    <select idref="V-38554" selected="true"/>
    <select idref="V-38555" selected="true"/>
    <select idref="V-38556" selected="true"/>
    <select idref="V-38557" selected="true"/>
    <select idref="V-38558" selected="true"/>
    <select idref="V-38559" selected="true"/>
    <select idref="V-38561" selected="true"/>
    <select idref="V-38563" selected="true"/>
    <select idref="V-38565" selected="true"/>
    <select idref="V-38568" selected="true"/>
    <select idref="V-38569" selected="true"/>
    <select idref="V-38570" selected="true"/>
    <select idref="V-38571" selected="true"/>
    <select idref="V-38572" selected="true"/>
    <select idref="V-38573" selected="true"/>
    <select idref="V-38574" selected="true"/>
    <select idref="V-38575" selected="true"/>
    <select idref="V-38576" selected="true"/>
    <select idref="V-38577" selected="true"/>
    <select idref="V-38578" selected="true"/>
    <select idref="V-38579" selected="true"/>
    <select idref="V-38580" selected="true"/>
    <select idref="V-38581" selected="true"/>
    <select idref="V-38582" selected="true"/>
    <select idref="V-38583" selected="true"/>
    <select idref="V-38584" selected="true"/>
    <select idref="V-38585" selected="true"/>
    <select idref="V-38586" selected="true"/>
    <select idref="V-38587" selected="true"/>
    <select idref="V-38588" selected="true"/>
    <select idref="V-38589" selected="true"/>
    <select idref="V-38590" selected="true"/>
    <select idref="V-38591" selected="true"/>
    <select idref="V-38592" selected="true"/>
    <select idref="V-38594" selected="true"/>
    <select idref="V-38598" selected="true"/>
    <select idref="V-38600" selected="true"/>
    <select idref="V-38601" selected="true"/>
    <select idref="V-38602" selected="true"/>
    <select idref="V-38603" selected="true"/>
    <select idref="V-38604" selected="true"/>
    <select idref="V-38605" selected="true"/>
    <select idref="V-38606" selected="true"/>
    <select idref="V-38607" selected="true"/>
    <select idref="V-38608" selected="true"/>
    <select idref="V-38610" selected="true"/>
    <select idref="V-38611" selected="true"/>
    <select idref="V-38612" selected="true"/>
    <select idref="V-38613" selected="true"/>
    <select idref="V-38614" selected="true"/>
    <select idref="V-38615" selected="true"/>
    <select idref="V-38616" selected="true"/>
    <select idref="V-38618" selected="true"/>
    <select idref="V-38620" selected="true"/>
    <select idref="V-38621" selected="true"/>
    <select idref="V-38622" selected="true"/>
    <select idref="V-38627" selected="true"/>
    <select idref="V-38629" selected="true"/>
    <select idref="V-38630" selected="true"/>
    <select idref="V-38633" selected="true"/>
    <select idref="V-38634" selected="true"/>
    <select idref="V-38635" selected="true"/>
    <select idref="V-38636" selected="true"/>
    <select idref="V-38638" selected="true"/>
    <select idref="V-38639" selected="true"/>
    <select idref="V-38640" selected="true"/>
    <select idref="V-38641" selected="true"/>
    <select idref="V-38642" selected="true"/>
    <select idref="V-38644" selected="true"/>
    <select idref="V-38645" selected="true"/>
    <select idref="V-38646" selected="true"/>
    <select idref="V-38647" selected="true"/>
    <select idref="V-38648" selected="true"/>
    <select idref="V-38649" selected="true"/>
    <select idref="V-38650" selected="true"/>
    <select idref="V-38651" selected="true"/>
    <select idref="V-38656" selected="true"/>
    <select idref="V-38669" selected="true"/>
    <select idref="V-38671" selected="true"/>
    <select idref="V-38672" selected="true"/>
    <select idref="V-38674" selected="true"/>
    <select idref="V-38675" selected="true"/>
    <select idref="V-38676" selected="true"/>
    <select idref="V-38679" selected="true"/>
    <select idref="V-38680" selected="true"/>
    <select idref="V-38684" selected="true"/>
    <select idref="V-38687" selected="true"/>
    <select idref="V-38688" selected="true"/>
    <select idref="V-38691" selected="true"/>
    <select idref="V-38692" selected="true"/>
    <select idref="V-38694" selected="true"/>
    <select idref="V-38697" selected="true"/>
    <select idref="V-38699" selected="true"/>
    <select idref="V-38701" selected="true"/>
    <select idref="V-51337" selected="true"/>
    <select idref="V-51363" selected="true"/>
    <select idref="V-51369" selected="true"/>
    <select idref="V-51875" selected="true"/>
    <select idref="V-54381" selected="true"/>
  </Profile>
  <Profile id="MAC-1_Sensitive">
    <title xmlns:xhtml="http://www.w3.org/1999/xhtml" xml:lang="en">I - Mission Critical Sensitive</title>
    <description xmlns:xhtml="http://www.w3.org/1999/xhtml" xml:lang="en">&lt;ProfileDescription&gt;&lt;/ProfileDescription&gt;</description>
    <select idref="V-38437" selected="true"/>
    <select idref="V-38438" selected="true"/>
    <select idref="V-38443" selected="true"/>
    <select idref="V-38448" selected="true"/>
    <select idref="V-38449" selected="true"/>
    <select idref="V-38450" selected="true"/>
    <select idref="V-38451" selected="true"/>
    <select idref="V-38455" selected="true"/>
    <select idref="V-38456" selected="true"/>
    <select idref="V-38457" selected="true"/>
    <select idref="V-38458" selected="true"/>
    <select idref="V-38459" selected="true"/>
    <select idref="V-38461" selected="true"/>
    <select idref="V-38463" selected="true"/>
    <select idref="V-38466" selected="true"/>
    <select idref="V-38467" selected="true"/>
    <select idref="V-38469" selected="true"/>
    <select idref="V-38470" selected="true"/>
    <select idref="V-38472" selected="true"/>
    <select idref="V-38473" selected="true"/>
    <select idref="V-38475" selected="true"/>
    <select idref="V-38477" selected="true"/>
    <select idref="V-38478" selected="true"/>
    <select idref="V-38479" selected="true"/>
    <select idref="V-38480" selected="true"/>
    <select idref="V-38482" selected="true"/>
    <select idref="V-38483" selected="true"/>
    <select idref="V-38487" selected="true"/>
    <select idref="V-38489" selected="true"/>
    <select idref="V-38490" selected="true"/>
    <select idref="V-38491" selected="true"/>
    <select idref="V-38492" selected="true"/>
    <select idref="V-38494" selected="true"/>
    <select idref="V-38495" selected="true"/>
    <select idref="V-38497" selected="true"/>
    <select idref="V-38498" selected="true"/>
    <select idref="V-38499" selected="true"/>
    <select idref="V-38500" selected="true"/>
    <select idref="V-38501" selected="true"/>
    <select idref="V-38502" selected="true"/>
    <select idref="V-38503" selected="true"/>
    <select idref="V-38504" selected="true"/>
    <select idref="V-38511" selected="true"/>
    <select idref="V-38512" selected="true"/>
    <select idref="V-38513" selected="true"/>
    <select idref="V-38514" selected="true"/>
    <select idref="V-38515" selected="true"/>
    <select idref="V-38516" selected="true"/>
    <select idref="V-38517" selected="true"/>
    <select idref="V-38518" selected="true"/>
    <select idref="V-38520" selected="true"/>
    <select idref="V-38521" selected="true"/>
    <select idref="V-38522" selected="true"/>
    <select idref="V-38523" selected="true"/>
    <select idref="V-38524" selected="true"/>
    <select idref="V-38525" selected="true"/>
    <select idref="V-38526" selected="true"/>
    <select idref="V-38527" selected="true"/>
    <select idref="V-38528" selected="true"/>
    <select idref="V-38529" selected="true"/>
    <select idref="V-38530" selected="true"/>
    <select idref="V-38531" selected="true"/>
    <select idref="V-38532" selected="true"/>
    <select idref="V-38533" selected="true"/>
    <select idref="V-38534" selected="true"/>
    <select idref="V-38535" selected="true"/>
    <select idref="V-38536" selected="true"/>
    <select idref="V-38537" selected="true"/>
    <select idref="V-38538" selected="true"/>
    <select idref="V-38539" selected="true"/>
    <select idref="V-38541" selected="true"/>
    <select idref="V-38542" selected="true"/>
    <select idref="V-38543" selected="true"/>
    <select idref="V-38544" selected="true"/>
    <select idref="V-38545" selected="true"/>
    <select idref="V-38546" selected="true"/>
    <select idref="V-38547" selected="true"/>
    <select idref="V-38548" selected="true"/>
    <select idref="V-38550" selected="true"/>
    <select idref="V-38552" selected="true"/>
    <select idref="V-38554" selected="true"/>
    <select idref="V-38555" selected="true"/>
    <select idref="V-38556" selected="true"/>
    <select idref="V-38557" selected="true"/>
    <select idref="V-38558" selected="true"/>
    <select idref="V-38559" selected="true"/>
    <select idref="V-38561" selected="true"/>
    <select idref="V-38563" selected="true"/>
    <select idref="V-38565" selected="true"/>
    <select idref="V-38568" selected="true"/>
    <select idref="V-38569" selected="true"/>
    <select idref="V-38570" selected="true"/>
    <select idref="V-38571" selected="true"/>
    <select idref="V-38572" selected="true"/>
    <select idref="V-38573" selected="true"/>
    <select idref="V-38574" selected="true"/>
    <select idref="V-38575" selected="true"/>
    <select idref="V-38576" selected="true"/>
    <select idref="V-38577" selected="true"/>
    <select idref="V-38578" selected="true"/>
    <select idref="V-38579" selected="true"/>
    <select idref="V-38580" selected="true"/>
    <select idref="V-38581" selected="true"/>
    <select idref="V-38582" selected="true"/>
    <select idref="V-38583" selected="true"/>
    <select idref="V-38584" selected="true"/>
    <select idref="V-38585" selected="true"/>
    <select idref="V-38586" selected="true"/>
    <select idref="V-38587" selected="true"/>
    <select idref="V-38588" selected="true"/>
    <select idref="V-38589" selected="true"/>
    <select idref="V-38590" selected="true"/>
    <select idref="V-38591" selected="true"/>
    <select idref="V-38592" selected="true"/>
    <select idref="V-38594" selected="true"/>
    <select idref="V-38598" selected="true"/>
    <select idref="V-38600" selected="true"/>
    <select idref="V-38601" selected="true"/>
    <select idref="V-38602" selected="true"/>
    <select idref="V-38603" selected="true"/>
    <select idref="V-38604" selected="true"/>
    <select idref="V-38605" selected="true"/>
    <select idref="V-38606" selected="true"/>
    <select idref="V-38607" selected="true"/>
    <select idref="V-38608" selected="true"/>
    <select idref="V-38610" selected="true"/>
    <select idref="V-38611" selected="true"/>
    <select idref="V-38612" selected="true"/>
    <select idref="V-38613" selected="true"/>
    <select idref="V-38614" selected="true"/>
    <select idref="V-38615" selected="true"/>
    <select idref="V-38616" selected="true"/>
    <select idref="V-38618" selected="true"/>
    <select idref="V-38620" selected="true"/>
    <select idref="V-38621" selected="true"/>
    <select idref="V-38622" selected="true"/>
    <select idref="V-38627" selected="true"/>
    <select idref="V-38629" selected="true"/>
    <select idref="V-38630" selected="true"/>
    <select idref="V-38633" selected="true"/>
    <select idref="V-38634" selected="true"/>
    <select idref="V-38635" selected="true"/>
    <select idref="V-38636" selected="true"/>
    <select idref="V-38638" selected="true"/>
    <select idref="V-38639" selected="true"/>
    <select idref="V-38640" selected="true"/>
    <select idref="V-38641" selected="true"/>
    <select idref="V-38642" selected="true"/>
    <select idref="V-38644" selected="true"/>
    <select idref="V-38645" selected="true"/>
    <select idref="V-38646" selected="true"/>
    <select idref="V-38647" selected="true"/>
    <select idref="V-38648" selected="true"/>
    <select idref="V-38649" selected="true"/>
    <select idref="V-38650" selected="true"/>
    <select idref="V-38651" selected="true"/>
    <select idref="V-38656" selected="true"/>
    <select idref="V-38669" selected="true"/>
    <select idref="V-38671" selected="true"/>
    <select idref="V-38672" selected="true"/>
    <select idref="V-38674" selected="true"/>
    <select idref="V-38675" selected="true"/>
    <select idref="V-38676" selected="true"/>
    <select idref="V-38679" selected="true"/>
    <select idref="V-38680" selected="true"/>
    <select idref="V-38684" selected="true"/>
    <select idref="V-38687" selected="true"/>
    <select idref="V-38688" selected="true"/>
    <select idref="V-38691" selected="true"/>
    <select idref="V-38692" selected="true"/>
    <select idref="V-38694" selected="true"/>
    <select idref="V-38697" selected="true"/>
    <select idref="V-38699" selected="true"/>
    <select idref="V-38701" selected="true"/>
    <select idref="V-51337" selected="true"/>
    <select idref="V-51363" selected="true"/>
    <select idref="V-51369" selected="true"/>
    <select idref="V-51875" selected="true"/>
    <select idref="V-54381" selected="true"/>
  </Profile>
  <Profile id="MAC-2_Classified">
    <title xmlns:xhtml="http://www.w3.org/1999/xhtml" xml:lang="en">II - Mission Support Classified</title>
    <description xmlns:xhtml="http://www.w3.org/1999/xhtml" xml:lang="en">&lt;ProfileDescription&gt;&lt;/ProfileDescription&gt;</description>
    <select idref="V-38437" selected="true"/>
    <select idref="V-38438" selected="true"/>
    <select idref="V-38443" selected="true"/>
    <select idref="V-38448" selected="true"/>
    <select idref="V-38449" selected="true"/>
    <select idref="V-38450" selected="true"/>
    <select idref="V-38451" selected="true"/>
    <select idref="V-38455" selected="true"/>
    <select idref="V-38456" selected="true"/>
    <select idref="V-38457" selected="true"/>
    <select idref="V-38458" selected="true"/>
    <select idref="V-38459" selected="true"/>
    <select idref="V-38461" selected="true"/>
    <select idref="V-38463" selected="true"/>
    <select idref="V-38466" selected="true"/>
    <select idref="V-38467" selected="true"/>
    <select idref="V-38469" selected="true"/>
    <select idref="V-38470" selected="true"/>
    <select idref="V-38472" selected="true"/>
    <select idref="V-38473" selected="true"/>
    <select idref="V-38475" selected="true"/>
    <select idref="V-38477" selected="true"/>
    <select idref="V-38478" selected="true"/>
    <select idref="V-38479" selected="true"/>
    <select idref="V-38480" selected="true"/>
    <select idref="V-38482" selected="true"/>
    <select idref="V-38483" selected="true"/>
    <select idref="V-38487" selected="true"/>
    <select idref="V-38489" selected="true"/>
    <select idref="V-38490" selected="true"/>
    <select idref="V-38491" selected="true"/>
    <select idref="V-38492" selected="true"/>
    <select idref="V-38494" selected="true"/>
    <select idref="V-38495" selected="true"/>
    <select idref="V-38497" selected="true"/>
    <select idref="V-38498" selected="true"/>
    <select idref="V-38499" selected="true"/>
    <select idref="V-38500" selected="true"/>
    <select idref="V-38501" selected="true"/>
    <select idref="V-38502" selected="true"/>
    <select idref="V-38503" selected="true"/>
    <select idref="V-38504" selected="true"/>
    <select idref="V-38511" selected="true"/>
    <select idref="V-38512" selected="true"/>
    <select idref="V-38513" selected="true"/>
    <select idref="V-38514" selected="true"/>
    <select idref="V-38515" selected="true"/>
    <select idref="V-38516" selected="true"/>
    <select idref="V-38517" selected="true"/>
    <select idref="V-38518" selected="true"/>
    <select idref="V-38520" selected="true"/>
    <select idref="V-38521" selected="true"/>
    <select idref="V-38522" selected="true"/>
    <select idref="V-38523" selected="true"/>
    <select idref="V-38524" selected="true"/>
    <select idref="V-38525" selected="true"/>
    <select idref="V-38526" selected="true"/>
    <select idref="V-38527" selected="true"/>
    <select idref="V-38528" selected="true"/>
    <select idref="V-38529" selected="true"/>
    <select idref="V-38530" selected="true"/>
    <select idref="V-38531" selected="true"/>
    <select idref="V-38532" selected="true"/>
    <select idref="V-38533" selected="true"/>
    <select idref="V-38534" selected="true"/>
    <select idref="V-38535" selected="true"/>
    <select idref="V-38536" selected="true"/>
    <select idref="V-38537" selected="true"/>
    <select idref="V-38538" selected="true"/>
    <select idref="V-38539" selected="true"/>
    <select idref="V-38541" selected="true"/>
    <select idref="V-38542" selected="true"/>
    <select idref="V-38543" selected="true"/>
    <select idref="V-38544" selected="true"/>
    <select idref="V-38545" selected="true"/>
    <select idref="V-38546" selected="true"/>
    <select idref="V-38547" selected="true"/>
    <select idref="V-38548" selected="true"/>
    <select idref="V-38550" selected="true"/>
    <select idref="V-38552" selected="true"/>
    <select idref="V-38554" selected="true"/>
    <select idref="V-38555" selected="true"/>
    <select idref="V-38556" selected="true"/>
    <select idref="V-38557" selected="true"/>
    <select idref="V-38558" selected="true"/>
    <select idref="V-38559" selected="true"/>
    <select idref="V-38561" selected="true"/>
    <select idref="V-38563" selected="true"/>
    <select idref="V-38565" selected="true"/>
    <select idref="V-38568" selected="true"/>
    <select idref="V-38569" selected="true"/>
    <select idref="V-38570" selected="true"/>
    <select idref="V-38571" selected="true"/>
    <select idref="V-38572" selected="true"/>
    <select idref="V-38573" selected="true"/>
    <select idref="V-38574" selected="true"/>
    <select idref="V-38575" selected="true"/>
    <select idref="V-38576" selected="true"/>
    <select idref="V-38577" selected="true"/>
    <select idref="V-38578" selected="true"/>
    <select idref="V-38579" selected="true"/>
    <select idref="V-38580" selected="true"/>
    <select idref="V-38581" selected="true"/>
    <select idref="V-38582" selected="true"/>
    <select idref="V-38583" selected="true"/>
    <select idref="V-38584" selected="true"/>
    <select idref="V-38585" selected="true"/>
    <select idref="V-38586" selected="true"/>
    <select idref="V-38587" selected="true"/>
    <select idref="V-38588" selected="true"/>
    <select idref="V-38589" selected="true"/>
    <select idref="V-38590" selected="true"/>
    <select idref="V-38591" selected="true"/>
    <select idref="V-38592" selected="true"/>
    <select idref="V-38594" selected="true"/>
    <select idref="V-38598" selected="true"/>
    <select idref="V-38600" selected="true"/>
    <select idref="V-38601" selected="true"/>
    <select idref="V-38602" selected="true"/>
    <select idref="V-38603" selected="true"/>
    <select idref="V-38604" selected="true"/>
    <select idref="V-38605" selected="true"/>
    <select idref="V-38606" selected="true"/>
    <select idref="V-38607" selected="true"/>
    <select idref="V-38608" selected="true"/>
    <select idref="V-38610" selected="true"/>
    <select idref="V-38611" selected="true"/>
    <select idref="V-38612" selected="true"/>
    <select idref="V-38613" selected="true"/>
    <select idref="V-38614" selected="true"/>
    <select idref="V-38615" selected="true"/>
    <select idref="V-38616" selected="true"/>
    <select idref="V-38618" selected="true"/>
    <select idref="V-38620" selected="true"/>
    <select idref="V-38621" selected="true"/>
    <select idref="V-38622" selected="true"/>
    <select idref="V-38627" selected="true"/>
    <select idref="V-38629" selected="true"/>
    <select idref="V-38630" selected="true"/>
    <select idref="V-38633" selected="true"/>
    <select idref="V-38634" selected="true"/>
    <select idref="V-38635" selected="true"/>
    <select idref="V-38636" selected="true"/>
    <select idref="V-38638" selected="true"/>
    <select idref="V-38639" selected="true"/>
    <select idref="V-38640" selected="true"/>
    <select idref="V-38641" selected="true"/>
    <select idref="V-38642" selected="true"/>
    <select idref="V-38644" selected="true"/>
    <select idref="V-38645" selected="true"/>
    <select idref="V-38646" selected="true"/>
    <select idref="V-38647" selected="true"/>
    <select idref="V-38648" selected="true"/>
    <select idref="V-38649" selected="true"/>
    <select idref="V-38650" selected="true"/>
    <select idref="V-38651" selected="true"/>
    <select idref="V-38656" selected="true"/>
    <select idref="V-38669" selected="true"/>
    <select idref="V-38671" selected="true"/>
    <select idref="V-38672" selected="true"/>
    <select idref="V-38674" selected="true"/>
    <select idref="V-38675" selected="true"/>
    <select idref="V-38676" selected="true"/>
    <select idref="V-38679" selected="true"/>
    <select idref="V-38680" selected="true"/>
    <select idref="V-38684" selected="true"/>
    <select idref="V-38687" selected="true"/>
    <select idref="V-38688" selected="true"/>
    <select idref="V-38691" selected="true"/>
    <select idref="V-38692" selected="true"/>
    <select idref="V-38694" selected="true"/>
    <select idref="V-38697" selected="true"/>
    <select idref="V-38699" selected="true"/>
    <select idref="V-38701" selected="true"/>
    <select idref="V-51337" selected="true"/>
    <select idref="V-51363" selected="true"/>
    <select idref="V-51369" selected="true"/>
    <select idref="V-51875" selected="true"/>
    <select idref="V-54381" selected="true"/>
  </Profile>
  <Profile id="MAC-2_Public">
    <title xmlns:xhtml="http://www.w3.org/1999/xhtml" xml:lang="en">II - Mission Support Public</title>
    <description xmlns:xhtml="http://www.w3.org/1999/xhtml" xml:lang="en">&lt;ProfileDescription&gt;&lt;/ProfileDescription&gt;</description>
    <select idref="V-38437" selected="true"/>
    <select idref="V-38438" selected="true"/>
    <select idref="V-38443" selected="true"/>
    <select idref="V-38448" selected="true"/>
    <select idref="V-38449" selected="true"/>
    <select idref="V-38450" selected="true"/>
    <select idref="V-38451" selected="true"/>
    <select idref="V-38455" selected="true"/>
    <select idref="V-38456" selected="true"/>
    <select idref="V-38457" selected="true"/>
    <select idref="V-38458" selected="true"/>
    <select idref="V-38459" selected="true"/>
    <select idref="V-38461" selected="true"/>
    <select idref="V-38463" selected="true"/>
    <select idref="V-38466" selected="true"/>
    <select idref="V-38467" selected="true"/>
    <select idref="V-38469" selected="true"/>
    <select idref="V-38470" selected="true"/>
    <select idref="V-38472" selected="true"/>
    <select idref="V-38473" selected="true"/>
    <select idref="V-38475" selected="true"/>
    <select idref="V-38477" selected="true"/>
    <select idref="V-38478" selected="true"/>
    <select idref="V-38479" selected="true"/>
    <select idref="V-38480" selected="true"/>
    <select idref="V-38482" selected="true"/>
    <select idref="V-38483" selected="true"/>
    <select idref="V-38487" selected="true"/>
    <select idref="V-38489" selected="true"/>
    <select idref="V-38490" selected="true"/>
    <select idref="V-38491" selected="true"/>
    <select idref="V-38492" selected="true"/>
    <select idref="V-38494" selected="true"/>
    <select idref="V-38495" selected="true"/>
    <select idref="V-38497" selected="true"/>
    <select idref="V-38498" selected="true"/>
    <select idref="V-38499" selected="true"/>
    <select idref="V-38500" selected="true"/>
    <select idref="V-38501" selected="true"/>
    <select idref="V-38502" selected="true"/>
    <select idref="V-38503" selected="true"/>
    <select idref="V-38504" selected="true"/>
    <select idref="V-38511" selected="true"/>
    <select idref="V-38512" selected="true"/>
    <select idref="V-38513" selected="true"/>
    <select idref="V-38514" selected="true"/>
    <select idref="V-38515" selected="true"/>
    <select idref="V-38516" selected="true"/>
    <select idref="V-38517" selected="true"/>
    <select idref="V-38518" selected="true"/>
    <select idref="V-38520" selected="true"/>
    <select idref="V-38521" selected="true"/>
    <select idref="V-38522" selected="true"/>
    <select idref="V-38523" selected="true"/>
    <select idref="V-38524" selected="true"/>
    <select idref="V-38525" selected="true"/>
    <select idref="V-38526" selected="true"/>
    <select idref="V-38527" selected="true"/>
    <select idref="V-38528" selected="true"/>
    <select idref="V-38529" selected="true"/>
    <select idref="V-38530" selected="true"/>
    <select idref="V-38531" selected="true"/>
    <select idref="V-38532" selected="true"/>
    <select idref="V-38533" selected="true"/>
    <select idref="V-38534" selected="true"/>
    <select idref="V-38535" selected="true"/>
    <select idref="V-38536" selected="true"/>
    <select idref="V-38537" selected="true"/>
    <select idref="V-38538" selected="true"/>
    <select idref="V-38539" selected="true"/>
    <select idref="V-38541" selected="true"/>
    <select idref="V-38542" selected="true"/>
    <select idref="V-38543" selected="true"/>
    <select idref="V-38544" selected="true"/>
    <select idref="V-38545" selected="true"/>
    <select idref="V-38546" selected="true"/>
    <select idref="V-38547" selected="true"/>
    <select idref="V-38548" selected="true"/>
    <select idref="V-38550" selected="true"/>
    <select idref="V-38552" selected="true"/>
    <select idref="V-38554" selected="true"/>
    <select idref="V-38555" selected="true"/>
    <select idref="V-38556" selected="true"/>
    <select idref="V-38557" selected="true"/>
    <select idref="V-38558" selected="true"/>
    <select idref="V-38559" selected="true"/>
    <select idref="V-38561" selected="true"/>
    <select idref="V-38563" selected="true"/>
    <select idref="V-38565" selected="true"/>
    <select idref="V-38568" selected="true"/>
    <select idref="V-38569" selected="true"/>
    <select idref="V-38570" selected="true"/>
    <select idref="V-38571" selected="true"/>
    <select idref="V-38572" selected="true"/>
    <select idref="V-38573" selected="true"/>
    <select idref="V-38574" selected="true"/>
    <select idref="V-38575" selected="true"/>
    <select idref="V-38576" selected="true"/>
    <select idref="V-38577" selected="true"/>
    <select idref="V-38578" selected="true"/>
    <select idref="V-38579" selected="true"/>
    <select idref="V-38580" selected="true"/>
    <select idref="V-38581" selected="true"/>
    <select idref="V-38582" selected="true"/>
    <select idref="V-38583" selected="true"/>
    <select idref="V-38584" selected="true"/>
    <select idref="V-38585" selected="true"/>
    <select idref="V-38586" selected="true"/>
    <select idref="V-38587" selected="true"/>
    <select idref="V-38588" selected="true"/>
    <select idref="V-38589" selected="true"/>
    <select idref="V-38590" selected="true"/>
    <select idref="V-38591" selected="true"/>
    <select idref="V-38592" selected="true"/>
    <select idref="V-38594" selected="true"/>
    <select idref="V-38598" selected="true"/>
    <select idref="V-38600" selected="true"/>
    <select idref="V-38601" selected="true"/>
    <select idref="V-38602" selected="true"/>
    <select idref="V-38603" selected="true"/>
    <select idref="V-38604" selected="true"/>
    <select idref="V-38605" selected="true"/>
    <select idref="V-38606" selected="true"/>
    <select idref="V-38607" selected="true"/>
    <select idref="V-38608" selected="true"/>
    <select idref="V-38610" selected="true"/>
    <select idref="V-38611" selected="true"/>
    <select idref="V-38612" selected="true"/>
    <select idref="V-38613" selected="true"/>
    <select idref="V-38614" selected="true"/>
    <select idref="V-38615" selected="true"/>
    <select idref="V-38616" selected="true"/>
    <select idref="V-38618" selected="true"/>
    <select idref="V-38620" selected="true"/>
    <select idref="V-38621" selected="true"/>
    <select idref="V-38622" selected="true"/>
    <select idref="V-38627" selected="true"/>
    <select idref="V-38629" selected="true"/>
    <select idref="V-38630" selected="true"/>
    <select idref="V-38633" selected="true"/>
    <select idref="V-38634" selected="true"/>
    <select idref="V-38635" selected="true"/>
    <select idref="V-38636" selected="true"/>
    <select idref="V-38638" selected="true"/>
    <select idref="V-38639" selected="true"/>
    <select idref="V-38640" selected="true"/>
    <select idref="V-38641" selected="true"/>
    <select idref="V-38642" selected="true"/>
    <select idref="V-38644" selected="true"/>
    <select idref="V-38645" selected="true"/>
    <select idref="V-38646" selected="true"/>
    <select idref="V-38647" selected="true"/>
    <select idref="V-38648" selected="true"/>
    <select idref="V-38649" selected="true"/>
    <select idref="V-38650" selected="true"/>
    <select idref="V-38651" selected="true"/>
    <select idref="V-38656" selected="true"/>
    <select idref="V-38669" selected="true"/>
    <select idref="V-38671" selected="true"/>
    <select idref="V-38672" selected="true"/>
    <select idref="V-38674" selected="true"/>
    <select idref="V-38675" selected="true"/>
    <select idref="V-38676" selected="true"/>
    <select idref="V-38679" selected="true"/>
    <select idref="V-38680" selected="true"/>
    <select idref="V-38684" selected="true"/>
    <select idref="V-38687" selected="true"/>
    <select idref="V-38688" selected="true"/>
    <select idref="V-38691" selected="true"/>
    <select idref="V-38692" selected="true"/>
    <select idref="V-38694" selected="true"/>
    <select idref="V-38697" selected="true"/>
    <select idref="V-38699" selected="true"/>
    <select idref="V-38701" selected="true"/>
    <select idref="V-51337" selected="true"/>
    <select idref="V-51363" selected="true"/>
    <select idref="V-51369" selected="true"/>
    <select idref="V-51875" selected="true"/>
    <select idref="V-54381" selected="true"/>
  </Profile>
  <Profile id="MAC-2_Sensitive">
    <title xmlns:xhtml="http://www.w3.org/1999/xhtml" xml:lang="en">II - Mission Support Sensitive</title>
    <description xmlns:xhtml="http://www.w3.org/1999/xhtml" xml:lang="en">&lt;ProfileDescription&gt;&lt;/ProfileDescription&gt;</description>
    <select idref="V-38437" selected="true"/>
    <select idref="V-38438" selected="true"/>
    <select idref="V-38443" selected="true"/>
    <select idref="V-38448" selected="true"/>
    <select idref="V-38449" selected="true"/>
    <select idref="V-38450" selected="true"/>
    <select idref="V-38451" selected="true"/>
    <select idref="V-38455" selected="true"/>
    <select idref="V-38456" selected="true"/>
    <select idref="V-38457" selected="true"/>
    <select idref="V-38458" selected="true"/>
    <select idref="V-38459" selected="true"/>
    <select idref="V-38461" selected="true"/>
    <select idref="V-38463" selected="true"/>
    <select idref="V-38466" selected="true"/>
    <select idref="V-38467" selected="true"/>
    <select idref="V-38469" selected="true"/>
    <select idref="V-38470" selected="true"/>
    <select idref="V-38472" selected="true"/>
    <select idref="V-38473" selected="true"/>
    <select idref="V-38475" selected="true"/>
    <select idref="V-38477" selected="true"/>
    <select idref="V-38478" selected="true"/>
    <select idref="V-38479" selected="true"/>
    <select idref="V-38480" selected="true"/>
    <select idref="V-38482" selected="true"/>
    <select idref="V-38483" selected="true"/>
    <select idref="V-38487" selected="true"/>
    <select idref="V-38489" selected="true"/>
    <select idref="V-38490" selected="true"/>
    <select idref="V-38491" selected="true"/>
    <select idref="V-38492" selected="true"/>
    <select idref="V-38494" selected="true"/>
    <select idref="V-38495" selected="true"/>
    <select idref="V-38497" selected="true"/>
    <select idref="V-38498" selected="true"/>
    <select idref="V-38499" selected="true"/>
    <select idref="V-38500" selected="true"/>
    <select idref="V-38501" selected="true"/>
    <select idref="V-38502" selected="true"/>
    <select idref="V-38503" selected="true"/>
    <select idref="V-38504" selected="true"/>
    <select idref="V-38511" selected="true"/>
    <select idref="V-38512" selected="true"/>
    <select idref="V-38513" selected="true"/>
    <select idref="V-38514" selected="true"/>
    <select idref="V-38515" selected="true"/>
    <select idref="V-38516" selected="true"/>
    <select idref="V-38517" selected="true"/>
    <select idref="V-38518" selected="true"/>
    <select idref="V-38520" selected="true"/>
    <select idref="V-38521" selected="true"/>
    <select idref="V-38522" selected="true"/>
    <select idref="V-38523" selected="true"/>
    <select idref="V-38524" selected="true"/>
    <select idref="V-38525" selected="true"/>
    <select idref="V-38526" selected="true"/>
    <select idref="V-38527" selected="true"/>
    <select idref="V-38528" selected="true"/>
    <select idref="V-38529" selected="true"/>
    <select idref="V-38530" selected="true"/>
    <select idref="V-38531" selected="true"/>
    <select idref="V-38532" selected="true"/>
    <select idref="V-38533" selected="true"/>
    <select idref="V-38534" selected="true"/>
    <select idref="V-38535" selected="true"/>
    <select idref="V-38536" selected="true"/>
    <select idref="V-38537" selected="true"/>
    <select idref="V-38538" selected="true"/>
    <select idref="V-38539" selected="true"/>
    <select idref="V-38541" selected="true"/>
    <select idref="V-38542" selected="true"/>
    <select idref="V-38543" selected="true"/>
    <select idref="V-38544" selected="true"/>
    <select idref="V-38545" selected="true"/>
    <select idref="V-38546" selected="true"/>
    <select idref="V-38547" selected="true"/>
    <select idref="V-38548" selected="true"/>
    <select idref="V-38550" selected="true"/>
    <select idref="V-38552" selected="true"/>
    <select idref="V-38554" selected="true"/>
    <select idref="V-38555" selected="true"/>
    <select idref="V-38556" selected="true"/>
    <select idref="V-38557" selected="true"/>
    <select idref="V-38558" selected="true"/>
    <select idref="V-38559" selected="true"/>
    <select idref="V-38561" selected="true"/>
    <select idref="V-38563" selected="true"/>
    <select idref="V-38565" selected="true"/>
    <select idref="V-38568" selected="true"/>
    <select idref="V-38569" selected="true"/>
    <select idref="V-38570" selected="true"/>
    <select idref="V-38571" selected="true"/>
    <select idref="V-38572" selected="true"/>
    <select idref="V-38573" selected="true"/>
    <select idref="V-38574" selected="true"/>
    <select idref="V-38575" selected="true"/>
    <select idref="V-38576" selected="true"/>
    <select idref="V-38577" selected="true"/>
    <select idref="V-38578" selected="true"/>
    <select idref="V-38579" selected="true"/>
    <select idref="V-38580" selected="true"/>
    <select idref="V-38581" selected="true"/>
    <select idref="V-38582" selected="true"/>
    <select idref="V-38583" selected="true"/>
    <select idref="V-38584" selected="true"/>
    <select idref="V-38585" selected="true"/>
    <select idref="V-38586" selected="true"/>
    <select idref="V-38587" selected="true"/>
    <select idref="V-38588" selected="true"/>
    <select idref="V-38589" selected="true"/>
    <select idref="V-38590" selected="true"/>
    <select idref="V-38591" selected="true"/>
    <select idref="V-38592" selected="true"/>
    <select idref="V-38594" selected="true"/>
    <select idref="V-38598" selected="true"/>
    <select idref="V-38600" selected="true"/>
    <select idref="V-38601" selected="true"/>
    <select idref="V-38602" selected="true"/>
    <select idref="V-38603" selected="true"/>
    <select idref="V-38604" selected="true"/>
    <select idref="V-38605" selected="true"/>
    <select idref="V-38606" selected="true"/>
    <select idref="V-38607" selected="true"/>
    <select idref="V-38608" selected="true"/>
    <select idref="V-38610" selected="true"/>
    <select idref="V-38611" selected="true"/>
    <select idref="V-38612" selected="true"/>
    <select idref="V-38613" selected="true"/>
    <select idref="V-38614" selected="true"/>
    <select idref="V-38615" selected="true"/>
    <select idref="V-38616" selected="true"/>
    <select idref="V-38618" selected="true"/>
    <select idref="V-38620" selected="true"/>
    <select idref="V-38621" selected="true"/>
    <select idref="V-38622" selected="true"/>
    <select idref="V-38627" selected="true"/>
    <select idref="V-38629" selected="true"/>
    <select idref="V-38630" selected="true"/>
    <select idref="V-38633" selected="true"/>
    <select idref="V-38634" selected="true"/>
    <select idref="V-38635" selected="true"/>
    <select idref="V-38636" selected="true"/>
    <select idref="V-38638" selected="true"/>
    <select idref="V-38639" selected="true"/>
    <select idref="V-38640" selected="true"/>
    <select idref="V-38641" selected="true"/>
    <select idref="V-38642" selected="true"/>
    <select idref="V-38644" selected="true"/>
    <select idref="V-38645" selected="true"/>
    <select idref="V-38646" selected="true"/>
    <select idref="V-38647" selected="true"/>
    <select idref="V-38648" selected="true"/>
    <select idref="V-38649" selected="true"/>
    <select idref="V-38650" selected="true"/>
    <select idref="V-38651" selected="true"/>
    <select idref="V-38656" selected="true"/>
    <select idref="V-38669" selected="true"/>
    <select idref="V-38671" selected="true"/>
    <select idref="V-38672" selected="true"/>
    <select idref="V-38674" selected="true"/>
    <select idref="V-38675" selected="true"/>
    <select idref="V-38676" selected="true"/>
    <select idref="V-38679" selected="true"/>
    <select idref="V-38680" selected="true"/>
    <select idref="V-38684" selected="true"/>
    <select idref="V-38687" selected="true"/>
    <select idref="V-38688" selected="true"/>
    <select idref="V-38691" selected="true"/>
    <select idref="V-38692" selected="true"/>
    <select idref="V-38694" selected="true"/>
    <select idref="V-38697" selected="true"/>
    <select idref="V-38699" selected="true"/>
    <select idref="V-38701" selected="true"/>
    <select idref="V-51337" selected="true"/>
    <select idref="V-51363" selected="true"/>
    <select idref="V-51369" selected="true"/>
    <select idref="V-51875" selected="true"/>
    <select idref="V-54381" selected="true"/>
  </Profile>
  <Profile id="MAC-3_Classified">
    <title xmlns:xhtml="http://www.w3.org/1999/xhtml" xml:lang="en">III - Administrative Classified</title>
    <description xmlns:xhtml="http://www.w3.org/1999/xhtml" xml:lang="en">&lt;ProfileDescription&gt;&lt;/ProfileDescription&gt;</description>
    <select idref="V-38437" selected="true"/>
    <select idref="V-38438" selected="true"/>
    <select idref="V-38443" selected="true"/>
    <select idref="V-38448" selected="true"/>
    <select idref="V-38449" selected="true"/>
    <select idref="V-38450" selected="true"/>
    <select idref="V-38451" selected="true"/>
    <select idref="V-38455" selected="true"/>
    <select idref="V-38456" selected="true"/>
    <select idref="V-38457" selected="true"/>
    <select idref="V-38458" selected="true"/>
    <select idref="V-38459" selected="true"/>
    <select idref="V-38461" selected="true"/>
    <select idref="V-38463" selected="true"/>
    <select idref="V-38466" selected="true"/>
    <select idref="V-38467" selected="true"/>
    <select idref="V-38469" selected="true"/>
    <select idref="V-38470" selected="true"/>
    <select idref="V-38472" selected="true"/>
    <select idref="V-38473" selected="true"/>
    <select idref="V-38475" selected="true"/>
    <select idref="V-38477" selected="true"/>
    <select idref="V-38478" selected="true"/>
    <select idref="V-38479" selected="true"/>
    <select idref="V-38480" selected="true"/>
    <select idref="V-38482" selected="true"/>
    <select idref="V-38483" selected="true"/>
    <select idref="V-38487" selected="true"/>
    <select idref="V-38489" selected="true"/>
    <select idref="V-38490" selected="true"/>
    <select idref="V-38491" selected="true"/>
    <select idref="V-38492" selected="true"/>
    <select idref="V-38494" selected="true"/>
    <select idref="V-38495" selected="true"/>
    <select idref="V-38497" selected="true"/>
    <select idref="V-38498" selected="true"/>
    <select idref="V-38499" selected="true"/>
    <select idref="V-38500" selected="true"/>
    <select idref="V-38501" selected="true"/>
    <select idref="V-38502" selected="true"/>
    <select idref="V-38503" selected="true"/>
    <select idref="V-38504" selected="true"/>
    <select idref="V-38511" selected="true"/>
    <select idref="V-38512" selected="true"/>
    <select idref="V-38513" selected="true"/>
    <select idref="V-38514" selected="true"/>
    <select idref="V-38515" selected="true"/>
    <select idref="V-38516" selected="true"/>
    <select idref="V-38517" selected="true"/>
    <select idref="V-38518" selected="true"/>
    <select idref="V-38520" selected="true"/>
    <select idref="V-38521" selected="true"/>
    <select idref="V-38522" selected="true"/>
    <select idref="V-38523" selected="true"/>
    <select idref="V-38524" selected="true"/>
    <select idref="V-38525" selected="true"/>
    <select idref="V-38526" selected="true"/>
    <select idref="V-38527" selected="true"/>
    <select idref="V-38528" selected="true"/>
    <select idref="V-38529" selected="true"/>
    <select idref="V-38530" selected="true"/>
    <select idref="V-38531" selected="true"/>
    <select idref="V-38532" selected="true"/>
    <select idref="V-38533" selected="true"/>
    <select idref="V-38534" selected="true"/>
    <select idref="V-38535" selected="true"/>
    <select idref="V-38536" selected="true"/>
    <select idref="V-38537" selected="true"/>
    <select idref="V-38538" selected="true"/>
    <select idref="V-38539" selected="true"/>
    <select idref="V-38541" selected="true"/>
    <select idref="V-38542" selected="true"/>
    <select idref="V-38543" selected="true"/>
    <select idref="V-38544" selected="true"/>
    <select idref="V-38545" selected="true"/>
    <select idref="V-38546" selected="true"/>
    <select idref="V-38547" selected="true"/>
    <select idref="V-38548" selected="true"/>
    <select idref="V-38550" selected="true"/>
    <select idref="V-38552" selected="true"/>
    <select idref="V-38554" selected="true"/>
    <select idref="V-38555" selected="true"/>
    <select idref="V-38556" selected="true"/>
    <select idref="V-38557" selected="true"/>
    <select idref="V-38558" selected="true"/>
    <select idref="V-38559" selected="true"/>
    <select idref="V-38561" selected="true"/>
    <select idref="V-38563" selected="true"/>
    <select idref="V-38565" selected="true"/>
    <select idref="V-38568" selected="true"/>
    <select idref="V-38569" selected="true"/>
    <select idref="V-38570" selected="true"/>
    <select idref="V-38571" selected="true"/>
    <select idref="V-38572" selected="true"/>
    <select idref="V-38573" selected="true"/>
    <select idref="V-38574" selected="true"/>
    <select idref="V-38575" selected="true"/>
    <select idref="V-38576" selected="true"/>
    <select idref="V-38577" selected="true"/>
    <select idref="V-38578" selected="true"/>
    <select idref="V-38579" selected="true"/>
    <select idref="V-38580" selected="true"/>
    <select idref="V-38581" selected="true"/>
    <select idref="V-38582" selected="true"/>
    <select idref="V-38583" selected="true"/>
    <select idref="V-38584" selected="true"/>
    <select idref="V-38585" selected="true"/>
    <select idref="V-38586" selected="true"/>
    <select idref="V-38587" selected="true"/>
    <select idref="V-38588" selected="true"/>
    <select idref="V-38589" selected="true"/>
    <select idref="V-38590" selected="true"/>
    <select idref="V-38591" selected="true"/>
    <select idref="V-38592" selected="true"/>
    <select idref="V-38594" selected="true"/>
    <select idref="V-38598" selected="true"/>
    <select idref="V-38600" selected="true"/>
    <select idref="V-38601" selected="true"/>
    <select idref="V-38602" selected="true"/>
    <select idref="V-38603" selected="true"/>
    <select idref="V-38604" selected="true"/>
    <select idref="V-38605" selected="true"/>
    <select idref="V-38606" selected="true"/>
    <select idref="V-38607" selected="true"/>
    <select idref="V-38608" selected="true"/>
    <select idref="V-38610" selected="true"/>
    <select idref="V-38611" selected="true"/>
    <select idref="V-38612" selected="true"/>
    <select idref="V-38613" selected="true"/>
    <select idref="V-38614" selected="true"/>
    <select idref="V-38615" selected="true"/>
    <select idref="V-38616" selected="true"/>
    <select idref="V-38618" selected="true"/>
    <select idref="V-38620" selected="true"/>
    <select idref="V-38621" selected="true"/>
    <select idref="V-38622" selected="true"/>
    <select idref="V-38627" selected="true"/>
    <select idref="V-38629" selected="true"/>
    <select idref="V-38630" selected="true"/>
    <select idref="V-38633" selected="true"/>
    <select idref="V-38634" selected="true"/>
    <select idref="V-38635" selected="true"/>
    <select idref="V-38636" selected="true"/>
    <select idref="V-38638" selected="true"/>
    <select idref="V-38639" selected="true"/>
    <select idref="V-38640" selected="true"/>
    <select idref="V-38641" selected="true"/>
    <select idref="V-38642" selected="true"/>
    <select idref="V-38644" selected="true"/>
    <select idref="V-38645" selected="true"/>
    <select idref="V-38646" selected="true"/>
    <select idref="V-38647" selected="true"/>
    <select idref="V-38648" selected="true"/>
    <select idref="V-38649" selected="true"/>
    <select idref="V-38650" selected="true"/>
    <select idref="V-38651" selected="true"/>
    <select idref="V-38656" selected="true"/>
    <select idref="V-38669" selected="true"/>
    <select idref="V-38671" selected="true"/>
    <select idref="V-38672" selected="true"/>
    <select idref="V-38674" selected="true"/>
    <select idref="V-38675" selected="true"/>
    <select idref="V-38676" selected="true"/>
    <select idref="V-38679" selected="true"/>
    <select idref="V-38680" selected="true"/>
    <select idref="V-38684" selected="true"/>
    <select idref="V-38687" selected="true"/>
    <select idref="V-38688" selected="true"/>
    <select idref="V-38691" selected="true"/>
    <select idref="V-38692" selected="true"/>
    <select idref="V-38694" selected="true"/>
    <select idref="V-38697" selected="true"/>
    <select idref="V-38699" selected="true"/>
    <select idref="V-38701" selected="true"/>
    <select idref="V-51337" selected="true"/>
    <select idref="V-51363" selected="true"/>
    <select idref="V-51369" selected="true"/>
    <select idref="V-51875" selected="true"/>
    <select idref="V-54381" selected="true"/>
  </Profile>
  <Profile id="MAC-3_Public">
    <title xmlns:xhtml="http://www.w3.org/1999/xhtml" xml:lang="en">III - Administrative Public</title>
    <description xmlns:xhtml="http://www.w3.org/1999/xhtml" xml:lang="en">&lt;ProfileDescription&gt;&lt;/ProfileDescription&gt;</description>
    <select idref="V-38437" selected="true"/>
    <select idref="V-38438" selected="true"/>
    <select idref="V-38443" selected="true"/>
    <select idref="V-38448" selected="true"/>
    <select idref="V-38449" selected="true"/>
    <select idref="V-38450" selected="true"/>
    <select idref="V-38451" selected="true"/>
    <select idref="V-38455" selected="true"/>
    <select idref="V-38456" selected="true"/>
    <select idref="V-38457" selected="true"/>
    <select idref="V-38458" selected="true"/>
    <select idref="V-38459" selected="true"/>
    <select idref="V-38461" selected="true"/>
    <select idref="V-38463" selected="true"/>
    <select idref="V-38466" selected="true"/>
    <select idref="V-38467" selected="true"/>
    <select idref="V-38469" selected="true"/>
    <select idref="V-38470" selected="true"/>
    <select idref="V-38472" selected="true"/>
    <select idref="V-38473" selected="true"/>
    <select idref="V-38475" selected="true"/>
    <select idref="V-38477" selected="true"/>
    <select idref="V-38478" selected="true"/>
    <select idref="V-38479" selected="true"/>
    <select idref="V-38480" selected="true"/>
    <select idref="V-38482" selected="true"/>
    <select idref="V-38483" selected="true"/>
    <select idref="V-38487" selected="true"/>
    <select idref="V-38489" selected="true"/>
    <select idref="V-38490" selected="true"/>
    <select idref="V-38491" selected="true"/>
    <select idref="V-38492" selected="true"/>
    <select idref="V-38494" selected="true"/>
    <select idref="V-38495" selected="true"/>
    <select idref="V-38497" selected="true"/>
    <select idref="V-38498" selected="true"/>
    <select idref="V-38499" selected="true"/>
    <select idref="V-38500" selected="true"/>
    <select idref="V-38501" selected="true"/>
    <select idref="V-38502" selected="true"/>
    <select idref="V-38503" selected="true"/>
    <select idref="V-38504" selected="true"/>
    <select idref="V-38511" selected="true"/>
    <select idref="V-38512" selected="true"/>
    <select idref="V-38513" selected="true"/>
    <select idref="V-38514" selected="true"/>
    <select idref="V-38515" selected="true"/>
    <select idref="V-38516" selected="true"/>
    <select idref="V-38517" selected="true"/>
    <select idref="V-38518" selected="true"/>
    <select idref="V-38520" selected="true"/>
    <select idref="V-38521" selected="true"/>
    <select idref="V-38522" selected="true"/>
    <select idref="V-38523" selected="true"/>
    <select idref="V-38524" selected="true"/>
    <select idref="V-38525" selected="true"/>
    <select idref="V-38526" selected="true"/>
    <select idref="V-38527" selected="true"/>
    <select idref="V-38528" selected="true"/>
    <select idref="V-38529" selected="true"/>
    <select idref="V-38530" selected="true"/>
    <select idref="V-38531" selected="true"/>
    <select idref="V-38532" selected="true"/>
    <select idref="V-38533" selected="true"/>
    <select idref="V-38534" selected="true"/>
    <select idref="V-38535" selected="true"/>
    <select idref="V-38536" selected="true"/>
    <select idref="V-38537" selected="true"/>
    <select idref="V-38538" selected="true"/>
    <select idref="V-38539" selected="true"/>
    <select idref="V-38541" selected="true"/>
    <select idref="V-38542" selected="true"/>
    <select idref="V-38543" selected="true"/>
    <select idref="V-38544" selected="true"/>
    <select idref="V-38545" selected="true"/>
    <select idref="V-38546" selected="true"/>
    <select idref="V-38547" selected="true"/>
    <select idref="V-38548" selected="true"/>
    <select idref="V-38550" selected="true"/>
    <select idref="V-38552" selected="true"/>
    <select idref="V-38554" selected="true"/>
    <select idref="V-38555" selected="true"/>
    <select idref="V-38556" selected="true"/>
    <select idref="V-38557" selected="true"/>
    <select idref="V-38558" selected="true"/>
    <select idref="V-38559" selected="true"/>
    <select idref="V-38561" selected="true"/>
    <select idref="V-38563" selected="true"/>
    <select idref="V-38565" selected="true"/>
    <select idref="V-38568" selected="true"/>
    <select idref="V-38569" selected="true"/>
    <select idref="V-38570" selected="true"/>
    <select idref="V-38571" selected="true"/>
    <select idref="V-38572" selected="true"/>
    <select idref="V-38573" selected="true"/>
    <select idref="V-38574" selected="true"/>
    <select idref="V-38575" selected="true"/>
    <select idref="V-38576" selected="true"/>
    <select idref="V-38577" selected="true"/>
    <select idref="V-38578" selected="true"/>
    <select idref="V-38579" selected="true"/>
    <select idref="V-38580" selected="true"/>
    <select idref="V-38581" selected="true"/>
    <select idref="V-38582" selected="true"/>
    <select idref="V-38583" selected="true"/>
    <select idref="V-38584" selected="true"/>
    <select idref="V-38585" selected="true"/>
    <select idref="V-38586" selected="true"/>
    <select idref="V-38587" selected="true"/>
    <select idref="V-38588" selected="true"/>
    <select idref="V-38589" selected="true"/>
    <select idref="V-38590" selected="true"/>
    <select idref="V-38591" selected="true"/>
    <select idref="V-38592" selected="true"/>
    <select idref="V-38594" selected="true"/>
    <select idref="V-38598" selected="true"/>
    <select idref="V-38600" selected="true"/>
    <select idref="V-38601" selected="true"/>
    <select idref="V-38602" selected="true"/>
    <select idref="V-38603" selected="true"/>
    <select idref="V-38604" selected="true"/>
    <select idref="V-38605" selected="true"/>
    <select idref="V-38606" selected="true"/>
    <select idref="V-38607" selected="true"/>
    <select idref="V-38608" selected="true"/>
    <select idref="V-38610" selected="true"/>
    <select idref="V-38611" selected="true"/>
    <select idref="V-38612" selected="true"/>
    <select idref="V-38613" selected="true"/>
    <select idref="V-38614" selected="true"/>
    <select idref="V-38615" selected="true"/>
    <select idref="V-38616" selected="true"/>
    <select idref="V-38618" selected="true"/>
    <select idref="V-38620" selected="true"/>
    <select idref="V-38621" selected="true"/>
    <select idref="V-38622" selected="true"/>
    <select idref="V-38627" selected="true"/>
    <select idref="V-38629" selected="true"/>
    <select idref="V-38630" selected="true"/>
    <select idref="V-38633" selected="true"/>
    <select idref="V-38634" selected="true"/>
    <select idref="V-38635" selected="true"/>
    <select idref="V-38636" selected="true"/>
    <select idref="V-38638" selected="true"/>
    <select idref="V-38639" selected="true"/>
    <select idref="V-38640" selected="true"/>
    <select idref="V-38641" selected="true"/>
    <select idref="V-38642" selected="true"/>
    <select idref="V-38644" selected="true"/>
    <select idref="V-38645" selected="true"/>
    <select idref="V-38646" selected="true"/>
    <select idref="V-38647" selected="true"/>
    <select idref="V-38648" selected="true"/>
    <select idref="V-38649" selected="true"/>
    <select idref="V-38650" selected="true"/>
    <select idref="V-38651" selected="true"/>
    <select idref="V-38656" selected="true"/>
    <select idref="V-38669" selected="true"/>
    <select idref="V-38671" selected="true"/>
    <select idref="V-38672" selected="true"/>
    <select idref="V-38674" selected="true"/>
    <select idref="V-38675" selected="true"/>
    <select idref="V-38676" selected="true"/>
    <select idref="V-38679" selected="true"/>
    <select idref="V-38680" selected="true"/>
    <select idref="V-38684" selected="true"/>
    <select idref="V-38687" selected="true"/>
    <select idref="V-38688" selected="true"/>
    <select idref="V-38691" selected="true"/>
    <select idref="V-38692" selected="true"/>
    <select idref="V-38694" selected="true"/>
    <select idref="V-38697" selected="true"/>
    <select idref="V-38699" selected="true"/>
    <select idref="V-38701" selected="true"/>
    <select idref="V-51337" selected="true"/>
    <select idref="V-51363" selected="true"/>
    <select idref="V-51369" selected="true"/>
    <select idref="V-51875" selected="true"/>
    <select idref="V-54381" selected="true"/>
  </Profile>
  <Profile id="MAC-3_Sensitive">
    <title xmlns:xhtml="http://www.w3.org/1999/xhtml" xml:lang="en">III - Administrative Sensitive</title>
    <description xmlns:xhtml="http://www.w3.org/1999/xhtml" xml:lang="en">&lt;ProfileDescription&gt;&lt;/ProfileDescription&gt;</description>
    <select idref="V-38437" selected="true"/>
    <select idref="V-38438" selected="true"/>
    <select idref="V-38443" selected="true"/>
    <select idref="V-38448" selected="true"/>
    <select idref="V-38449" selected="true"/>
    <select idref="V-38450" selected="true"/>
    <select idref="V-38451" selected="true"/>
    <select idref="V-38455" selected="true"/>
    <select idref="V-38456" selected="true"/>
    <select idref="V-38457" selected="true"/>
    <select idref="V-38458" selected="true"/>
    <select idref="V-38459" selected="true"/>
    <select idref="V-38461" selected="true"/>
    <select idref="V-38463" selected="true"/>
    <select idref="V-38466" selected="true"/>
    <select idref="V-38467" selected="true"/>
    <select idref="V-38469" selected="true"/>
    <select idref="V-38470" selected="true"/>
    <select idref="V-38472" selected="true"/>
    <select idref="V-38473" selected="true"/>
    <select idref="V-38475" selected="true"/>
    <select idref="V-38477" selected="true"/>
    <select idref="V-38478" selected="true"/>
    <select idref="V-38479" selected="true"/>
    <select idref="V-38480" selected="true"/>
    <select idref="V-38482" selected="true"/>
    <select idref="V-38483" selected="true"/>
    <select idref="V-38487" selected="true"/>
    <select idref="V-38489" selected="true"/>
    <select idref="V-38490" selected="true"/>
    <select idref="V-38491" selected="true"/>
    <select idref="V-38492" selected="true"/>
    <select idref="V-38494" selected="true"/>
    <select idref="V-38495" selected="true"/>
    <select idref="V-38497" selected="true"/>
    <select idref="V-38498" selected="true"/>
    <select idref="V-38499" selected="true"/>
    <select idref="V-38500" selected="true"/>
    <select idref="V-38501" selected="true"/>
    <select idref="V-38502" selected="true"/>
    <select idref="V-38503" selected="true"/>
    <select idref="V-38504" selected="true"/>
    <select idref="V-38511" selected="true"/>
    <select idref="V-38512" selected="true"/>
    <select idref="V-38513" selected="true"/>
    <select idref="V-38514" selected="true"/>
    <select idref="V-38515" selected="true"/>
    <select idref="V-38516" selected="true"/>
    <select idref="V-38517" selected="true"/>
    <select idref="V-38518" selected="true"/>
    <select idref="V-38520" selected="true"/>
    <select idref="V-38521" selected="true"/>
    <select idref="V-38522" selected="true"/>
    <select idref="V-38523" selected="true"/>
    <select idref="V-38524" selected="true"/>
    <select idref="V-38525" selected="true"/>
    <select idref="V-38526" selected="true"/>
    <select idref="V-38527" selected="true"/>
    <select idref="V-38528" selected="true"/>
    <select idref="V-38529" selected="true"/>
    <select idref="V-38530" selected="true"/>
    <select idref="V-38531" selected="true"/>
    <select idref="V-38532" selected="true"/>
    <select idref="V-38533" selected="true"/>
    <select idref="V-38534" selected="true"/>
    <select idref="V-38535" selected="true"/>
    <select idref="V-38536" selected="true"/>
    <select idref="V-38537" selected="true"/>
    <select idref="V-38538" selected="true"/>
    <select idref="V-38539" selected="true"/>
    <select idref="V-38541" selected="true"/>
    <select idref="V-38542" selected="true"/>
    <select idref="V-38543" selected="true"/>
    <select idref="V-38544" selected="true"/>
    <select idref="V-38545" selected="true"/>
    <select idref="V-38546" selected="true"/>
    <select idref="V-38547" selected="true"/>
    <select idref="V-38548" selected="true"/>
    <select idref="V-38550" selected="true"/>
    <select idref="V-38552" selected="true"/>
    <select idref="V-38554" selected="true"/>
    <select idref="V-38555" selected="true"/>
    <select idref="V-38556" selected="true"/>
    <select idref="V-38557" selected="true"/>
    <select idref="V-38558" selected="true"/>
    <select idref="V-38559" selected="true"/>
    <select idref="V-38561" selected="true"/>
    <select idref="V-38563" selected="true"/>
    <select idref="V-38565" selected="true"/>
    <select idref="V-38568" selected="true"/>
    <select idref="V-38569" selected="true"/>
    <select idref="V-38570" selected="true"/>
    <select idref="V-38571" selected="true"/>
    <select idref="V-38572" selected="true"/>
    <select idref="V-38573" selected="true"/>
    <select idref="V-38574" selected="true"/>
    <select idref="V-38575" selected="true"/>
    <select idref="V-38576" selected="true"/>
    <select idref="V-38577" selected="true"/>
    <select idref="V-38578" selected="true"/>
    <select idref="V-38579" selected="true"/>
    <select idref="V-38580" selected="true"/>
    <select idref="V-38581" selected="true"/>
    <select idref="V-38582" selected="true"/>
    <select idref="V-38583" selected="true"/>
    <select idref="V-38584" selected="true"/>
    <select idref="V-38585" selected="true"/>
    <select idref="V-38586" selected="true"/>
    <select idref="V-38587" selected="true"/>
    <select idref="V-38588" selected="true"/>
    <select idref="V-38589" selected="true"/>
    <select idref="V-38590" selected="true"/>
    <select idref="V-38591" selected="true"/>
    <select idref="V-38592" selected="true"/>
    <select idref="V-38594" selected="true"/>
    <select idref="V-38598" selected="true"/>
    <select idref="V-38600" selected="true"/>
    <select idref="V-38601" selected="true"/>
    <select idref="V-38602" selected="true"/>
    <select idref="V-38603" selected="true"/>
    <select idref="V-38604" selected="true"/>
    <select idref="V-38605" selected="true"/>
    <select idref="V-38606" selected="true"/>
    <select idref="V-38607" selected="true"/>
    <select idref="V-38608" selected="true"/>
    <select idref="V-38610" selected="true"/>
    <select idref="V-38611" selected="true"/>
    <select idref="V-38612" selected="true"/>
    <select idref="V-38613" selected="true"/>
    <select idref="V-38614" selected="true"/>
    <select idref="V-38615" selected="true"/>
    <select idref="V-38616" selected="true"/>
    <select idref="V-38618" selected="true"/>
    <select idref="V-38620" selected="true"/>
    <select idref="V-38621" selected="true"/>
    <select idref="V-38622" selected="true"/>
    <select idref="V-38627" selected="true"/>
    <select idref="V-38629" selected="true"/>
    <select idref="V-38630" selected="true"/>
    <select idref="V-38633" selected="true"/>
    <select idref="V-38634" selected="true"/>
    <select idref="V-38635" selected="true"/>
    <select idref="V-38636" selected="true"/>
    <select idref="V-38638" selected="true"/>
    <select idref="V-38639" selected="true"/>
    <select idref="V-38640" selected="true"/>
    <select idref="V-38641" selected="true"/>
    <select idref="V-38642" selected="true"/>
    <select idref="V-38644" selected="true"/>
    <select idref="V-38645" selected="true"/>
    <select idref="V-38646" selected="true"/>
    <select idref="V-38647" selected="true"/>
    <select idref="V-38648" selected="true"/>
    <select idref="V-38649" selected="true"/>
    <select idref="V-38650" selected="true"/>
    <select idref="V-38651" selected="true"/>
    <select idref="V-38656" selected="true"/>
    <select idref="V-38669" selected="true"/>
    <select idref="V-38671" selected="true"/>
    <select idref="V-38672" selected="true"/>
    <select idref="V-38674" selected="true"/>
    <select idref="V-38675" selected="true"/>
    <select idref="V-38676" selected="true"/>
    <select idref="V-38679" selected="true"/>
    <select idref="V-38680" selected="true"/>
    <select idref="V-38684" selected="true"/>
    <select idref="V-38687" selected="true"/>
    <select idref="V-38688" selected="true"/>
    <select idref="V-38691" selected="true"/>
    <select idref="V-38692" selected="true"/>
    <select idref="V-38694" selected="true"/>
    <select idref="V-38697" selected="true"/>
    <select idref="V-38699" selected="true"/>
    <select idref="V-38701" selected="true"/>
    <select idref="V-51337" selected="true"/>
    <select idref="V-51363" selected="true"/>
    <select idref="V-51369" selected="true"/>
    <select idref="V-51875" selected="true"/>
    <select idref="V-54381" selected="true"/>
  </Profile>
  <Value id="var_accounts_password_minlen_login_defs" operator="greater than or equal" type="number">
    <title xmlns:xhtml="http://www.w3.org/1999/xhtml" xml:lang="en">minimum password length</title>
    <description xmlns:xhtml="http://www.w3.org/1999/xhtml" xml:lang="en">Minimum number of characters in password.  This will only check new passwords.</description>
    <value>14</value>
    <value selector="6">6</value>
    <value selector="8">8</value>
    <value selector="10">10</value>
    <value selector="12">12</value>
    <value selector="14">14</value>
  </Value>
  <Value id="var_accounts_minimum_age_login_defs" operator="greater than or equal" type="number">
    <title xmlns:xhtml="http://www.w3.org/1999/xhtml" xml:lang="en">minimum password age</title>
    <description xmlns:xhtml="http://www.w3.org/1999/xhtml" xml:lang="en">Minimum age of password in days. This will only apply to newly created accounts</description>
    <value>1</value>
    <value selector="7">7</value>
    <value selector="5">5</value>
    <value selector="1">1</value>
    <value selector="2">2</value>
    <value selector="0">0</value>
  </Value>
  <Value id="var_accounts_maximum_age_login_defs" operator="less than or equal" type="number">
    <title xmlns:xhtml="http://www.w3.org/1999/xhtml" xml:lang="en">maximum password age</title>
    <description xmlns:xhtml="http://www.w3.org/1999/xhtml" xml:lang="en">Maximum age of password in days.  This will only apply to newly created accounts</description>
    <value>60</value>
    <value selector="60">60</value>
    <value selector="90">90</value>
    <value selector="120">120</value>
    <value selector="180">180</value>
  </Value>
  <Value id="var_accounts_password_warn_age_login_defs" operator="equals" type="number">
    <title xmlns:xhtml="http://www.w3.org/1999/xhtml" xml:lang="en">warning days before password expires</title>
    <description xmlns:xhtml="http://www.w3.org/1999/xhtml" xml:lang="en">The number of days warning given before a password expires.  This will only apply to newly created accounts</description>
    <value>7</value>
    <value selector="0">0</value>
    <value selector="7">7</value>
    <value selector="14">14</value>
  </Value>
  <Value id="var_password_pam_cracklib_dcredit" operator="equals" type="number">
    <title xmlns:xhtml="http://www.w3.org/1999/xhtml" xml:lang="en">dcredit</title>
    <description xmlns:xhtml="http://www.w3.org/1999/xhtml" xml:lang="en">Minimum number of digits in password</description>
    <value>-1</value>
    <value selector="2">-2</value>
    <value selector="1">-1</value>
    <value selector="0">0</value>
  </Value>
  <Value id="sysctl_net_ipv4_conf_all_accept_redirects_value" operator="equals" type="string">
    <title xmlns:xhtml="http://www.w3.org/1999/xhtml" xml:lang="en">net.ipv4.conf.all.accept_redirects</title>
    <description xmlns:xhtml="http://www.w3.org/1999/xhtml" xml:lang="en">Disable ICMP Redirect Acceptance</description>
    <value>0</value>
    <value selector="enabled">1</value>
    <value selector="disabled">0</value>
  </Value>
  <Value id="sysctl_net_ipv4_conf_all_secure_redirects_value" operator="equals" type="string">
    <title xmlns:xhtml="http://www.w3.org/1999/xhtml" xml:lang="en">net.ipv4.conf.all.secure_redirects</title>
    <description xmlns:xhtml="http://www.w3.org/1999/xhtml" xml:lang="en">Enable to prevent hijacking of routing path by only allowing redirects from gateways known in routing table.</description>
    <value>1</value>
    <value selector="enabled">1</value>
    <value selector="disabled">0</value>
  </Value>
  <Value id="sysctl_net_ipv4_conf_all_log_martians_value" operator="equals" type="string">
    <title xmlns:xhtml="http://www.w3.org/1999/xhtml" xml:lang="en">net.ipv4.conf.all.log_martians</title>
    <description xmlns:xhtml="http://www.w3.org/1999/xhtml" xml:lang="en">Disable so you dont Log Spoofed Packets, Source Routed Packets, Redirect Packets</description>
    <value>0</value>
    <value selector="enabled">1</value>
    <value selector="disabled">0</value>
  </Value>
  <Value id="sysctl_net_ipv4_conf_default_accept_source_route_value" operator="equals" type="string">
    <title xmlns:xhtml="http://www.w3.org/1999/xhtml" xml:lang="en">net.ipv4.conf.default.accept_source_route</title>
    <description xmlns:xhtml="http://www.w3.org/1999/xhtml" xml:lang="en">Disable IP source routing?</description>
    <value>0</value>
    <value selector="enabled">1</value>
    <value selector="disabled">0</value>
  </Value>
  <Value id="sysctl_net_ipv4_conf_default_secure_redirects_value" operator="equals" type="string">
    <title xmlns:xhtml="http://www.w3.org/1999/xhtml" xml:lang="en">net.ipv4.conf.default.secure_redirects</title>
    <description xmlns:xhtml="http://www.w3.org/1999/xhtml" xml:lang="en">Log packets with impossible addresses to kernel log?</description>
    <value>1</value>
    <value selector="enabled">1</value>
    <value selector="disabled">0</value>
  </Value>
  <Value id="sysctl_net_ipv4_conf_all_rp_filter_value" operator="equals" type="string">
    <title xmlns:xhtml="http://www.w3.org/1999/xhtml" xml:lang="en">net.ipv4.conf.all.rp_filter</title>
    <description xmlns:xhtml="http://www.w3.org/1999/xhtml" xml:lang="en">Enable to enforce sanity checking, also called ingress filtering or egress filtering. The point is to drop a packet if the source and destination IP addresses in the IP header do not make sense when considered in light of the physical interface on which it arrived.</description>
    <value>1</value>
    <value selector="enabled">1</value>
    <value selector="disabled">0</value>
  </Value>
  <Value id="sysctl_net_ipv4_conf_default_rp_filter_value" operator="equals" type="string">
    <title xmlns:xhtml="http://www.w3.org/1999/xhtml" xml:lang="en">net.ipv4.conf.default.rp_filter</title>
    <description xmlns:xhtml="http://www.w3.org/1999/xhtml" xml:lang="en">Enables source route verification</description>
    <value>1</value>
    <value selector="enabled">1</value>
    <value selector="disabled">0</value>
  </Value>
  <Value id="var_password_pam_cracklib_ucredit" operator="equals" type="number">
    <title xmlns:xhtml="http://www.w3.org/1999/xhtml" xml:lang="en">ucredit</title>
    <description xmlns:xhtml="http://www.w3.org/1999/xhtml" xml:lang="en">Minimum number of upper case in password</description>
    <value>-1</value>
    <value selector="2">-2</value>
    <value selector="1">-1</value>
    <value selector="0">0</value>
  </Value>
  <Value id="var_password_pam_cracklib_ocredit" operator="equals" type="number">
    <title xmlns:xhtml="http://www.w3.org/1999/xhtml" xml:lang="en">ocredit</title>
    <description xmlns:xhtml="http://www.w3.org/1999/xhtml" xml:lang="en">Minimum number of other (special characters) in password</description>
    <value>-1</value>
    <value selector="2">-2</value>
    <value selector="1">-1</value>
    <value selector="0">0</value>
  </Value>
  <Value id="var_password_pam_cracklib_lcredit" operator="equals" type="number">
    <title xmlns:xhtml="http://www.w3.org/1999/xhtml" xml:lang="en">lcredit</title>
    <description xmlns:xhtml="http://www.w3.org/1999/xhtml" xml:lang="en">Minimum number of lower case in password</description>
    <value>-1</value>
    <value selector="2">-2</value>
    <value selector="1">-1</value>
    <value selector="0">0</value>
  </Value>
  <Value id="var_password_pam_cracklib_difok" operator="equals" type="number">
    <title xmlns:xhtml="http://www.w3.org/1999/xhtml" xml:lang="en">difok</title>
    <description xmlns:xhtml="http://www.w3.org/1999/xhtml" xml:lang="en">Minimum number of characters not present in old password.  Keep this high for short passwords</description>
    <value>4</value>
    <value selector="2">2</value>
    <value selector="3">3</value>
    <value selector="4">4</value>
    <value selector="5">5</value>
  </Value>
  <Value id="sshd_idle_timeout_value" operator="equals" type="number">
    <title xmlns:xhtml="http://www.w3.org/1999/xhtml" xml:lang="en">SSH session Idle time</title>
    <description xmlns:xhtml="http://www.w3.org/1999/xhtml" xml:lang="en">Specify duration of allowed idle time.</description>
    <value>900</value>
    <value selector="5_minutes">300</value>
    <value selector="10_minutes">600</value>
    <value selector="15_minutes">900</value>
  </Value>
  <Value id="var_auditd_max_log_file" operator="greater than or equal" type="number">
    <title xmlns:xhtml="http://www.w3.org/1999/xhtml" xml:lang="en">Maximum audit log file size for auditd</title>
    <description xmlns:xhtml="http://www.w3.org/1999/xhtml" xml:lang="en">The setting for max_log_size in /etc/audit/auditd.conf</description>
    <value>6</value>
    <value selector="20">20</value>
    <value selector="10">10</value>
    <value selector="6">6</value>
    <value selector="5">5</value>
    <value selector="1">1</value>
  </Value>
  <Value id="var_auditd_max_log_file_action" operator="equals" type="string">
    <title xmlns:xhtml="http://www.w3.org/1999/xhtml" xml:lang="en">Action for auditd to take when log files reach their maximum size</title>
    <description xmlns:xhtml="http://www.w3.org/1999/xhtml" xml:lang="en">The setting for max_log_file_action in /etc/audit/auditd.conf</description>
    <value>rotate</value>
    <value selector="ignore">ignore</value>
    <value selector="syslog">syslog</value>
    <value selector="suspend">suspend</value>
    <value selector="rotate">rotate</value>
    <value selector="keep_logs">keep_logs</value>
  </Value>
  <Value id="var_auditd_num_logs" operator="greater than or equal" type="number">
    <title xmlns:xhtml="http://www.w3.org/1999/xhtml" xml:lang="en">Number of log files for auditd to retain</title>
    <description xmlns:xhtml="http://www.w3.org/1999/xhtml" xml:lang="en">The setting for num_logs in /etc/audit/auditd.conf</description>
    <value>5</value>
    <value selector="5">5</value>
    <value selector="4">4</value>
    <value selector="3">3</value>
    <value selector="2">2</value>
    <value selector="1">1</value>
    <value selector="0">0</value>
  </Value>
  <Value id="var_umask_for_daemons" operator="equals" type="string">
    <title xmlns:xhtml="http://www.w3.org/1999/xhtml" xml:lang="en">daemon umask</title>
    <description xmlns:xhtml="http://www.w3.org/1999/xhtml" xml:lang="en">Enter umask for daemons</description>
    <value>022</value>
    <value selector="022">022</value>
    <value selector="027">027</value>
  </Value>
  <Value id="var_accounts_user_umask" operator="equals" type="string">
    <title xmlns:xhtml="http://www.w3.org/1999/xhtml" xml:lang="en">Sensible umask</title>
    <description xmlns:xhtml="http://www.w3.org/1999/xhtml" xml:lang="en">Enter default user umask</description>
    <value>077</value>
    <value selector="007">007</value>
    <value selector="022">022</value>
    <value selector="027">027</value>
    <value selector="077">077</value>
  </Value>
  <Value id="var_auditd_action_mail_acct" operator="equals" type="string">
    <title xmlns:xhtml="http://www.w3.org/1999/xhtml" xml:lang="en">Account for auditd to send email when actions occurs</title>
    <description xmlns:xhtml="http://www.w3.org/1999/xhtml" xml:lang="en">The setting for action_mail_acct in /etc/audit/auditd.conf</description>
    <value>root</value>
    <value selector="root">root</value>
    <value selector="admin">admin</value>
  </Value>
  <Value id="var_account_disable_post_pw_expiration" operator="less than or equal" type="number">
    <title xmlns:xhtml="http://www.w3.org/1999/xhtml" xml:lang="en">number of days after a password expires until the account is permanently disabled</title>
    <description xmlns:xhtml="http://www.w3.org/1999/xhtml" xml:lang="en">The number of days to wait after a password expires, until the account will be permanently disabled.  This will only apply to newly created accounts</description>
    <value>35</value>
    <value selector="30">30</value>
    <value selector="35">35</value>
    <value selector="60">60</value>
    <value selector="90">90</value>
    <value selector="180">180</value>
  </Value>
  <Value id="sysctl_net_ipv6_conf_default_accept_redirects_value" operator="equals" type="string">
    <title xmlns:xhtml="http://www.w3.org/1999/xhtml" xml:lang="en">net.ipv6.conf.default.accept_redirects</title>
    <description xmlns:xhtml="http://www.w3.org/1999/xhtml" xml:lang="en">Toggle ICMP Redirect Acceptance</description>
    <value>0</value>
    <value selector="enabled">1</value>
    <value selector="disabled">0</value>
  </Value>
  <Value id="var_selinux_state" operator="equals" type="string">
    <title xmlns:xhtml="http://www.w3.org/1999/xhtml" xml:lang="en">SELinux state</title>
    <description xmlns:xhtml="http://www.w3.org/1999/xhtml" xml:lang="en">enforcing - SELinux security policy is enforced. permissive - SELinux prints warnings instead of enforcing. disabled - SELinux is fully disabled.</description>
    <value>enforcing</value>
    <value selector="enforcing">enforcing</value>
    <value selector="permissive">permissive</value>
    <value selector="disabled">disabled</value>
  </Value>
  <Value id="var_selinux_policy_name" operator="equals" type="string">
    <title xmlns:xhtml="http://www.w3.org/1999/xhtml" xml:lang="en">SELinux policy</title>
    <description xmlns:xhtml="http://www.w3.org/1999/xhtml" xml:lang="en">Type of policy in use. Possible values are: targeted - Only targeted network daemons are protected. strict - Full SELinux protection. mls - Multiple levels of security</description>
    <value>targeted</value>
    <value selector="targeted">targeted</value>
    <value selector="mls">mls</value>
  </Value>
  <Value id="var_auditd_space_left_action" operator="equals" type="string">
    <title xmlns:xhtml="http://www.w3.org/1999/xhtml" xml:lang="en">Action for auditd to take when disk space just starts to run low</title>
    <description xmlns:xhtml="http://www.w3.org/1999/xhtml" xml:lang="en">The setting for space_left_action in /etc/audit/auditd.conf</description>
    <value>email</value>
    <value selector="ignore">ignore</value>
    <value selector="syslog">syslog</value>
    <value selector="email">email</value>
    <value selector="exec">exec</value>
    <value selector="suspend">suspend</value>
    <value selector="single">single</value>
    <value selector="halt">halt</value>
  </Value>
  <Value id="var_accounts_passwords_pam_faillock_fail_interval" operator="greater than or equal" type="number">
    <title xmlns:xhtml="http://www.w3.org/1999/xhtml" xml:lang="en">fail_interval</title>
    <description xmlns:xhtml="http://www.w3.org/1999/xhtml" xml:lang="en">Interval for counting failed login attempts before account lockout</description>
    <value>900</value>
    <value selector="900">900</value>
    <value selector="1800">1800</value>
    <value selector="3600">3600</value>
    <value selector="86400">86400</value>
    <value selector="604800">604800</value>
  </Value>
  <Value id="var_accounts_passwords_pam_faillock_deny" operator="equals" type="number">
    <title xmlns:xhtml="http://www.w3.org/1999/xhtml" xml:lang="en">fail_deny</title>
    <description xmlns:xhtml="http://www.w3.org/1999/xhtml" xml:lang="en">Number of failed login attempts before account lockout</description>
    <value>3</value>
    <value selector="3">3</value>
    <value selector="5">5</value>
    <value selector="10">10</value>
  </Value>
  <Value id="var_accounts_passwords_pam_faillock_unlock_time" operator="equals" type="number">
    <title xmlns:xhtml="http://www.w3.org/1999/xhtml" xml:lang="en">fail_unlock_time</title>
    <description xmlns:xhtml="http://www.w3.org/1999/xhtml" xml:lang="en">Seconds before automatic unlocking after excessive failed logins</description>
    <value>604800</value>
    <value selector="900">900 15 minutes</value>
    <value selector="1800">1800 30 minutes</value>
    <value selector="3600">3600 1 hour</value>
    <value selector="86400">86400 1 day</value>
    <value selector="604800">604800 7 days</value>
  </Value>
  <Value id="var_auditd_admin_space_left_action" operator="equals" type="string">
    <title xmlns:xhtml="http://www.w3.org/1999/xhtml" xml:lang="en">Action for auditd to take when disk space runs dangerously low</title>
    <description xmlns:xhtml="http://www.w3.org/1999/xhtml" xml:lang="en">The setting for space_left_action in  
/etc/audit/auditd.conf</description>
    <value>single</value>
    <value selector="ignore">ignore</value>
    <value selector="syslog">syslog</value>
    <value selector="email">email</value>
    <value selector="exec">exec</value>
    <value selector="suspend">suspend</value>
    <value selector="single">single</value>
    <value selector="halt">halt</value>
  </Value>
  <Value id="var_accounts_max_concurrent_login_sessions" operator="equals" type="number">
    <title xmlns:xhtml="http://www.w3.org/1999/xhtml" xml:lang="en">Maximum concurrent login sessions</title>
    <description xmlns:xhtml="http://www.w3.org/1999/xhtml" xml:lang="en">Maximum number of concurrent sessions by a user</description>
    <value>10</value>
    <value selector="1">1</value>
    <value selector="3">3</value>
    <value selector="5">5</value>
    <value selector="10">10</value>
    <value selector="15">15</value>
    <value selector="20">20</value>
  </Value>
  <Value id="inactivity_timeout_value" operator="equals" type="number">
    <title xmlns:xhtml="http://www.w3.org/1999/xhtml" xml:lang="en">Inactivity timeout</title>
    <description xmlns:xhtml="http://www.w3.org/1999/xhtml" xml:lang="en">Choose allowed duration of inactive SSH connections, shells, and X sessions</description>
    <value>15</value>
    <value selector="5_minutes">5</value>
    <value selector="10_minutes">10</value>
    <value selector="15_minutes">15</value>
  </Value>
  <Value id="sysctl_net_ipv4_conf_all_accept_source_route_value" operator="equals" type="string">
    <title xmlns:xhtml="http://www.w3.org/1999/xhtml" xml:lang="en">net.ipv4.conf.all.accept_source_route</title>
    <description xmlns:xhtml="http://www.w3.org/1999/xhtml" xml:lang="en">Trackers could be using source-routed packets to generate traffic that seems to be intra-net, but actually was created outside and has been redirected.</description>
    <value>0</value>
    <value selector="enabled">1</value>
    <value selector="disabled">0</value>
  </Value>
  <Value id="sysctl_net_ipv4_icmp_echo_ignore_broadcasts_value" operator="equals" type="string">
    <title xmlns:xhtml="http://www.w3.org/1999/xhtml" xml:lang="en">net.ipv4.icmp_echo_ignore_broadcasts</title>
    <description xmlns:xhtml="http://www.w3.org/1999/xhtml" xml:lang="en">Ignore all ICMP ECHO and TIMESTAMP requests sent to it via broadcast/multicast</description>
    <value>1</value>
    <value selector="enabled">1</value>
    <value selector="disabled">0</value>
  </Value>
  <Group id="V-38437">
    <title xmlns:xhtml="http://www.w3.org/1999/xhtml" xml:lang="en">SRG-OS-999999</title>
    <description xmlns:xhtml="http://www.w3.org/1999/xhtml" xml:lang="en">&lt;GroupDescription&gt;&lt;/GroupDescription&gt;</description>
    <Rule id="SV-50237r1_rule" selected="true" weight="10.000000" severity="low">
      <version>RHEL-06-000526</version>
      <title xmlns:xhtml="http://www.w3.org/1999/xhtml" xml:lang="en">Automated file system mounting tools must not be enabled unless needed.</title>
      <description xmlns:xhtml="http://www.w3.org/1999/xhtml" xml:lang="en">&lt;VulnDiscussion&gt;All filesystems that are required for the successful operation of the system should be explicitly listed in "/etc/fstab" by an administrator. New filesystems should not be arbitrarily introduced via the automounter.

The "autofs" daemon mounts and unmounts filesystems, such as user home directories shared via NFS, on demand. In addition, autofs can be used to handle removable media, and the default configuration provides the cdrom device as "/misc/cd". However, this method of providing access to removable media is not common, so autofs can almost always be disabled if NFS is not in use. Even if NFS is required, it is almost always possible to configure filesystem mounts statically by editing "/etc/fstab" rather than relying on the automounter. &lt;/VulnDiscussion&gt;&lt;FalsePositives&gt;&lt;/FalsePositives&gt;&lt;FalseNegatives&gt;&lt;/FalseNegatives&gt;&lt;Documentable&gt;false&lt;/Documentable&gt;&lt;Mitigations&gt;&lt;/Mitigations&gt;&lt;SeverityOverrideGuidance&gt;&lt;/SeverityOverrideGuidance&gt;&lt;PotentialImpacts&gt;&lt;/PotentialImpacts&gt;&lt;ThirdPartyTools&gt;&lt;/ThirdPartyTools&gt;&lt;MitigationControl&gt;&lt;/MitigationControl&gt;&lt;Responsibility&gt;&lt;/Responsibility&gt;&lt;IAControls&gt;&lt;/IAControls&gt;</description>
      <reference xmlns:dc="http://purl.org/dc/elements/1.1/">
        <dc:title>DPMS Target Red Hat 6</dc:title>
        <dc:subject>Red Hat 6</dc:subject>
        <dc:publisher>DISA FSO</dc:publisher>
        <dc:type>DPMS Target</dc:type>
        <dc:identifier>2367</dc:identifier>
      </reference>
      <ident system="http://cce.mitre.org">CCE-26976-1</ident>
      <ident system="http://iase.disa.mil/cci">CCI-000366</ident>
      <fixtext xmlns:xhtml="http://www.w3.org/1999/xhtml" xml:lang="en" override="false" fixref="F-43381r1_fix">If the "autofs" service is not needed to dynamically mount NFS filesystems or removable media, disable the service for all runlevels: 

# chkconfig --level 0123456 autofs off

Stop the service if it is already running: 

# service autofs stop</fixtext>
      <fix xmlns:xhtml="http://www.w3.org/1999/xhtml" id="F-43381r1_fix"/>
      <check system="http://oval.mitre.org/XMLSchema/oval-definitions-5">
        <check-content-ref name="oval:mil.disa.fso.redhat.rhel6:def:621" href="U_RedHat_6_V1R6_STIG_SCAP_1-1_Benchmark-oval.xml"/>
      </check>
    </Rule>
  </Group>
  <Group id="V-38438">
    <title xmlns:xhtml="http://www.w3.org/1999/xhtml" xml:lang="en">SRG-OS-000062</title>
    <description xmlns:xhtml="http://www.w3.org/1999/xhtml" xml:lang="en">&lt;GroupDescription&gt;&lt;/GroupDescription&gt;</description>
    <Rule id="SV-50238r2_rule" selected="true" weight="10.000000" severity="low">
      <version>RHEL-06-000525</version>
      <title xmlns:xhtml="http://www.w3.org/1999/xhtml" xml:lang="en">Auditing must be enabled at boot by setting a kernel parameter.</title>
      <description xmlns:xhtml="http://www.w3.org/1999/xhtml" xml:lang="en">&lt;VulnDiscussion&gt;Each process on the system carries an "auditable" flag which indicates whether its activities can be audited. Although "auditd" takes care of enabling this for all processes which launch after it does, adding the kernel argument ensures it is set for every process during boot.&lt;/VulnDiscussion&gt;&lt;FalsePositives&gt;&lt;/FalsePositives&gt;&lt;FalseNegatives&gt;&lt;/FalseNegatives&gt;&lt;Documentable&gt;false&lt;/Documentable&gt;&lt;Mitigations&gt;&lt;/Mitigations&gt;&lt;SeverityOverrideGuidance&gt;&lt;/SeverityOverrideGuidance&gt;&lt;PotentialImpacts&gt;&lt;/PotentialImpacts&gt;&lt;ThirdPartyTools&gt;&lt;/ThirdPartyTools&gt;&lt;MitigationControl&gt;&lt;/MitigationControl&gt;&lt;Responsibility&gt;&lt;/Responsibility&gt;&lt;IAControls&gt;&lt;/IAControls&gt;</description>
      <reference xmlns:dc="http://purl.org/dc/elements/1.1/">
        <dc:title>DPMS Target Red Hat 6</dc:title>
        <dc:subject>Red Hat 6</dc:subject>
        <dc:publisher>DISA FSO</dc:publisher>
        <dc:type>DPMS Target</dc:type>
        <dc:identifier>2367</dc:identifier>
      </reference>
      <ident system="http://cce.mitre.org">CCE-26785-6</ident>
      <ident system="http://iase.disa.mil/cci">CCI-000169</ident>
      <fixtext xmlns:xhtml="http://www.w3.org/1999/xhtml" xml:lang="en" override="false" fixref="F-43382r2_fix">To ensure all processes can be audited, even those which start prior to the audit daemon, add the argument "audit=1" to the kernel line in "/etc/grub.conf", in the manner below:

kernel /vmlinuz-version ro vga=ext root=/dev/VolGroup00/LogVol00 rhgb quiet audit=1

UEFI systems may prepend "/boot" to the "/vmlinuz-version" argument.</fixtext>
      <fix xmlns:xhtml="http://www.w3.org/1999/xhtml" id="F-43382r2_fix"/>
      <check system="http://oval.mitre.org/XMLSchema/oval-definitions-5">
        <check-content-ref name="oval:mil.disa.fso.redhat.rhel6:def:159" href="U_RedHat_6_V1R6_STIG_SCAP_1-1_Benchmark-oval.xml"/>
      </check>
    </Rule>
  </Group>
  <Group id="V-38443">
    <title xmlns:xhtml="http://www.w3.org/1999/xhtml" xml:lang="en">SRG-OS-999999</title>
    <description xmlns:xhtml="http://www.w3.org/1999/xhtml" xml:lang="en">&lt;GroupDescription&gt;&lt;/GroupDescription&gt;</description>
    <Rule id="SV-50243r1_rule" selected="true" weight="10.000000" severity="medium">
      <version>RHEL-06-000036</version>
      <title xmlns:xhtml="http://www.w3.org/1999/xhtml" xml:lang="en">The /etc/gshadow file must be owned by root.</title>
      <description xmlns:xhtml="http://www.w3.org/1999/xhtml" xml:lang="en">&lt;VulnDiscussion&gt;The "/etc/gshadow" file contains group password hashes. Protection of this file is critical for system security.&lt;/VulnDiscussion&gt;&lt;FalsePositives&gt;&lt;/FalsePositives&gt;&lt;FalseNegatives&gt;&lt;/FalseNegatives&gt;&lt;Documentable&gt;false&lt;/Documentable&gt;&lt;Mitigations&gt;&lt;/Mitigations&gt;&lt;SeverityOverrideGuidance&gt;&lt;/SeverityOverrideGuidance&gt;&lt;PotentialImpacts&gt;&lt;/PotentialImpacts&gt;&lt;ThirdPartyTools&gt;&lt;/ThirdPartyTools&gt;&lt;MitigationControl&gt;&lt;/MitigationControl&gt;&lt;Responsibility&gt;&lt;/Responsibility&gt;&lt;IAControls&gt;&lt;/IAControls&gt;</description>
      <reference xmlns:dc="http://purl.org/dc/elements/1.1/">
        <dc:title>DPMS Target Red Hat 6</dc:title>
        <dc:subject>Red Hat 6</dc:subject>
        <dc:publisher>DISA FSO</dc:publisher>
        <dc:type>DPMS Target</dc:type>
        <dc:identifier>2367</dc:identifier>
      </reference>
      <ident system="http://cce.mitre.org">CCE-27026-4</ident>
      <ident system="http://iase.disa.mil/cci">CCI-000366</ident>
      <fixtext xmlns:xhtml="http://www.w3.org/1999/xhtml" xml:lang="en" override="false" fixref="F-43388r1_fix">To properly set the owner of "/etc/gshadow", run the command: 

# chown root /etc/gshadow</fixtext>
      <fix xmlns:xhtml="http://www.w3.org/1999/xhtml" id="F-43388r1_fix"/>
      <check system="http://oval.mitre.org/XMLSchema/oval-definitions-5">
        <check-content-ref name="oval:mil.disa.fso.redhat.rhel6:def:1012" href="U_RedHat_6_V1R6_STIG_SCAP_1-1_Benchmark-oval.xml"/>
      </check>
    </Rule>
  </Group>
  <Group id="V-38448">
    <title xmlns:xhtml="http://www.w3.org/1999/xhtml" xml:lang="en">SRG-OS-999999</title>
    <description xmlns:xhtml="http://www.w3.org/1999/xhtml" xml:lang="en">&lt;GroupDescription&gt;&lt;/GroupDescription&gt;</description>
    <Rule id="SV-50248r1_rule" selected="true" weight="10.000000" severity="medium">
      <version>RHEL-06-000037</version>
      <title xmlns:xhtml="http://www.w3.org/1999/xhtml" xml:lang="en">The /etc/gshadow file must be group-owned by root.</title>
      <description xmlns:xhtml="http://www.w3.org/1999/xhtml" xml:lang="en">&lt;VulnDiscussion&gt;The "/etc/gshadow" file contains group password hashes. Protection of this file is critical for system security.&lt;/VulnDiscussion&gt;&lt;FalsePositives&gt;&lt;/FalsePositives&gt;&lt;FalseNegatives&gt;&lt;/FalseNegatives&gt;&lt;Documentable&gt;false&lt;/Documentable&gt;&lt;Mitigations&gt;&lt;/Mitigations&gt;&lt;SeverityOverrideGuidance&gt;&lt;/SeverityOverrideGuidance&gt;&lt;PotentialImpacts&gt;&lt;/PotentialImpacts&gt;&lt;ThirdPartyTools&gt;&lt;/ThirdPartyTools&gt;&lt;MitigationControl&gt;&lt;/MitigationControl&gt;&lt;Responsibility&gt;&lt;/Responsibility&gt;&lt;IAControls&gt;&lt;/IAControls&gt;</description>
      <reference xmlns:dc="http://purl.org/dc/elements/1.1/">
        <dc:title>DPMS Target Red Hat 6</dc:title>
        <dc:subject>Red Hat 6</dc:subject>
        <dc:publisher>DISA FSO</dc:publisher>
        <dc:type>DPMS Target</dc:type>
        <dc:identifier>2367</dc:identifier>
      </reference>
      <ident system="http://cce.mitre.org">CCE-26975-3</ident>
      <ident system="http://iase.disa.mil/cci">CCI-000366</ident>
      <fixtext xmlns:xhtml="http://www.w3.org/1999/xhtml" xml:lang="en" override="false" fixref="F-43393r1_fix">To properly set the group owner of "/etc/gshadow", run the command: 

# chgrp root /etc/gshadow</fixtext>
      <fix xmlns:xhtml="http://www.w3.org/1999/xhtml" id="F-43393r1_fix"/>
      <check system="http://oval.mitre.org/XMLSchema/oval-definitions-5">
        <check-content-ref name="oval:mil.disa.fso.redhat.rhel6:def:739" href="U_RedHat_6_V1R6_STIG_SCAP_1-1_Benchmark-oval.xml"/>
      </check>
    </Rule>
  </Group>
  <Group id="V-38449">
    <title xmlns:xhtml="http://www.w3.org/1999/xhtml" xml:lang="en">SRG-OS-999999</title>
    <description xmlns:xhtml="http://www.w3.org/1999/xhtml" xml:lang="en">&lt;GroupDescription&gt;&lt;/GroupDescription&gt;</description>
    <Rule id="SV-50249r1_rule" selected="true" weight="10.000000" severity="medium">
      <version>RHEL-06-000038</version>
      <title xmlns:xhtml="http://www.w3.org/1999/xhtml" xml:lang="en">The /etc/gshadow file must have mode 0000.</title>
      <description xmlns:xhtml="http://www.w3.org/1999/xhtml" xml:lang="en">&lt;VulnDiscussion&gt;The /etc/gshadow file contains group password hashes. Protection of this file is critical for system security.&lt;/VulnDiscussion&gt;&lt;FalsePositives&gt;&lt;/FalsePositives&gt;&lt;FalseNegatives&gt;&lt;/FalseNegatives&gt;&lt;Documentable&gt;false&lt;/Documentable&gt;&lt;Mitigations&gt;&lt;/Mitigations&gt;&lt;SeverityOverrideGuidance&gt;&lt;/SeverityOverrideGuidance&gt;&lt;PotentialImpacts&gt;&lt;/PotentialImpacts&gt;&lt;ThirdPartyTools&gt;&lt;/ThirdPartyTools&gt;&lt;MitigationControl&gt;&lt;/MitigationControl&gt;&lt;Responsibility&gt;&lt;/Responsibility&gt;&lt;IAControls&gt;&lt;/IAControls&gt;</description>
      <reference xmlns:dc="http://purl.org/dc/elements/1.1/">
        <dc:title>DPMS Target Red Hat 6</dc:title>
        <dc:subject>Red Hat 6</dc:subject>
        <dc:publisher>DISA FSO</dc:publisher>
        <dc:type>DPMS Target</dc:type>
        <dc:identifier>2367</dc:identifier>
      </reference>
      <ident system="http://cce.mitre.org">CCE-26951-4</ident>
      <ident system="http://iase.disa.mil/cci">CCI-000366</ident>
      <fixtext xmlns:xhtml="http://www.w3.org/1999/xhtml" xml:lang="en" override="false" fixref="F-43394r1_fix">To properly set the permissions of "/etc/gshadow", run the command: 

# chmod 0000 /etc/gshadow</fixtext>
      <fix xmlns:xhtml="http://www.w3.org/1999/xhtml" id="F-43394r1_fix"/>
      <check system="http://oval.mitre.org/XMLSchema/oval-definitions-5">
        <check-content-ref name="oval:mil.disa.fso.redhat.rhel6:def:727" href="U_RedHat_6_V1R6_STIG_SCAP_1-1_Benchmark-oval.xml"/>
      </check>
    </Rule>
  </Group>
  <Group id="V-38450">
    <title xmlns:xhtml="http://www.w3.org/1999/xhtml" xml:lang="en">SRG-OS-999999</title>
    <description xmlns:xhtml="http://www.w3.org/1999/xhtml" xml:lang="en">&lt;GroupDescription&gt;&lt;/GroupDescription&gt;</description>
    <Rule id="SV-50250r1_rule" selected="true" weight="10.000000" severity="medium">
      <version>RHEL-06-000039</version>
      <title xmlns:xhtml="http://www.w3.org/1999/xhtml" xml:lang="en">The /etc/passwd file must be owned by root.</title>
      <description xmlns:xhtml="http://www.w3.org/1999/xhtml" xml:lang="en">&lt;VulnDiscussion&gt;The "/etc/passwd" file contains information about the users that are configured on the system. Protection of this file is critical for system security.&lt;/VulnDiscussion&gt;&lt;FalsePositives&gt;&lt;/FalsePositives&gt;&lt;FalseNegatives&gt;&lt;/FalseNegatives&gt;&lt;Documentable&gt;false&lt;/Documentable&gt;&lt;Mitigations&gt;&lt;/Mitigations&gt;&lt;SeverityOverrideGuidance&gt;&lt;/SeverityOverrideGuidance&gt;&lt;PotentialImpacts&gt;&lt;/PotentialImpacts&gt;&lt;ThirdPartyTools&gt;&lt;/ThirdPartyTools&gt;&lt;MitigationControl&gt;&lt;/MitigationControl&gt;&lt;Responsibility&gt;&lt;/Responsibility&gt;&lt;IAControls&gt;&lt;/IAControls&gt;</description>
      <reference xmlns:dc="http://purl.org/dc/elements/1.1/">
        <dc:title>DPMS Target Red Hat 6</dc:title>
        <dc:subject>Red Hat 6</dc:subject>
        <dc:publisher>DISA FSO</dc:publisher>
        <dc:type>DPMS Target</dc:type>
        <dc:identifier>2367</dc:identifier>
      </reference>
      <ident system="http://cce.mitre.org">CCE-26953-0</ident>
      <ident system="http://iase.disa.mil/cci">CCI-000366</ident>
      <fixtext xmlns:xhtml="http://www.w3.org/1999/xhtml" xml:lang="en" override="false" fixref="F-43395r1_fix">To properly set the owner of "/etc/passwd", run the command: 

# chown root /etc/passwd</fixtext>
      <fix xmlns:xhtml="http://www.w3.org/1999/xhtml" id="F-43395r1_fix"/>
      <check system="http://oval.mitre.org/XMLSchema/oval-definitions-5">
        <check-content-ref name="oval:mil.disa.fso.redhat.rhel6:def:554" href="U_RedHat_6_V1R6_STIG_SCAP_1-1_Benchmark-oval.xml"/>
      </check>
    </Rule>
  </Group>
  <Group id="V-38451">
    <title xmlns:xhtml="http://www.w3.org/1999/xhtml" xml:lang="en">SRG-OS-999999</title>
    <description xmlns:xhtml="http://www.w3.org/1999/xhtml" xml:lang="en">&lt;GroupDescription&gt;&lt;/GroupDescription&gt;</description>
    <Rule id="SV-50251r1_rule" selected="true" weight="10.000000" severity="medium">
      <version>RHEL-06-000040</version>
      <title xmlns:xhtml="http://www.w3.org/1999/xhtml" xml:lang="en">The /etc/passwd file must be group-owned by root.</title>
      <description xmlns:xhtml="http://www.w3.org/1999/xhtml" xml:lang="en">&lt;VulnDiscussion&gt;The "/etc/passwd" file contains information about the users that are configured on the system. Protection of this file is critical for system security.&lt;/VulnDiscussion&gt;&lt;FalsePositives&gt;&lt;/FalsePositives&gt;&lt;FalseNegatives&gt;&lt;/FalseNegatives&gt;&lt;Documentable&gt;false&lt;/Documentable&gt;&lt;Mitigations&gt;&lt;/Mitigations&gt;&lt;SeverityOverrideGuidance&gt;&lt;/SeverityOverrideGuidance&gt;&lt;PotentialImpacts&gt;&lt;/PotentialImpacts&gt;&lt;ThirdPartyTools&gt;&lt;/ThirdPartyTools&gt;&lt;MitigationControl&gt;&lt;/MitigationControl&gt;&lt;Responsibility&gt;&lt;/Responsibility&gt;&lt;IAControls&gt;&lt;/IAControls&gt;</description>
      <reference xmlns:dc="http://purl.org/dc/elements/1.1/">
        <dc:title>DPMS Target Red Hat 6</dc:title>
        <dc:subject>Red Hat 6</dc:subject>
        <dc:publisher>DISA FSO</dc:publisher>
        <dc:type>DPMS Target</dc:type>
        <dc:identifier>2367</dc:identifier>
      </reference>
      <ident system="http://cce.mitre.org">CCE-26856-5</ident>
      <ident system="http://iase.disa.mil/cci">CCI-000366</ident>
      <fixtext xmlns:xhtml="http://www.w3.org/1999/xhtml" xml:lang="en" override="false" fixref="F-43396r1_fix">To properly set the group owner of "/etc/passwd", run the command: 

# chgrp root /etc/passwd</fixtext>
      <fix xmlns:xhtml="http://www.w3.org/1999/xhtml" id="F-43396r1_fix"/>
      <check system="http://oval.mitre.org/XMLSchema/oval-definitions-5">
        <check-content-ref name="oval:mil.disa.fso.redhat.rhel6:def:969" href="U_RedHat_6_V1R6_STIG_SCAP_1-1_Benchmark-oval.xml"/>
      </check>
    </Rule>
  </Group>
  <Group id="V-38455">
    <title xmlns:xhtml="http://www.w3.org/1999/xhtml" xml:lang="en">SRG-OS-999999</title>
    <description xmlns:xhtml="http://www.w3.org/1999/xhtml" xml:lang="en">&lt;GroupDescription&gt;&lt;/GroupDescription&gt;</description>
    <Rule id="SV-50255r1_rule" selected="true" weight="10.000000" severity="low">
      <version>RHEL-06-000001</version>
      <title xmlns:xhtml="http://www.w3.org/1999/xhtml" xml:lang="en">The system must use a separate file system for /tmp.</title>
      <description xmlns:xhtml="http://www.w3.org/1999/xhtml" xml:lang="en">&lt;VulnDiscussion&gt;The "/tmp" partition is used as temporary storage by many programs. Placing "/tmp" in its own partition enables the setting of more restrictive mount options, which can help protect programs which use it.&lt;/VulnDiscussion&gt;&lt;FalsePositives&gt;&lt;/FalsePositives&gt;&lt;FalseNegatives&gt;&lt;/FalseNegatives&gt;&lt;Documentable&gt;false&lt;/Documentable&gt;&lt;Mitigations&gt;&lt;/Mitigations&gt;&lt;SeverityOverrideGuidance&gt;&lt;/SeverityOverrideGuidance&gt;&lt;PotentialImpacts&gt;&lt;/PotentialImpacts&gt;&lt;ThirdPartyTools&gt;&lt;/ThirdPartyTools&gt;&lt;MitigationControl&gt;&lt;/MitigationControl&gt;&lt;Responsibility&gt;&lt;/Responsibility&gt;&lt;IAControls&gt;&lt;/IAControls&gt;</description>
      <reference xmlns:dc="http://purl.org/dc/elements/1.1/">
        <dc:title>DPMS Target Red Hat 6</dc:title>
        <dc:subject>Red Hat 6</dc:subject>
        <dc:publisher>DISA FSO</dc:publisher>
        <dc:type>DPMS Target</dc:type>
        <dc:identifier>2367</dc:identifier>
      </reference>
      <ident system="http://cce.mitre.org">CCE-26435-8</ident>
      <ident system="http://iase.disa.mil/cci">CCI-000366</ident>
      <fixtext xmlns:xhtml="http://www.w3.org/1999/xhtml" xml:lang="en" override="false" fixref="F-43387r1_fix">The "/tmp" directory is a world-writable directory used for temporary file storage. Ensure it has its own partition or logical volume at installation time, or migrate it using LVM.</fixtext>
      <fix xmlns:xhtml="http://www.w3.org/1999/xhtml" id="F-43387r1_fix"/>
      <check system="http://oval.mitre.org/XMLSchema/oval-definitions-5">
        <check-content-ref name="oval:mil.disa.fso.redhat.rhel6:def:1183" href="U_RedHat_6_V1R6_STIG_SCAP_1-1_Benchmark-oval.xml"/>
      </check>
    </Rule>
  </Group>
  <Group id="V-38456">
    <title xmlns:xhtml="http://www.w3.org/1999/xhtml" xml:lang="en">SRG-OS-999999</title>
    <description xmlns:xhtml="http://www.w3.org/1999/xhtml" xml:lang="en">&lt;GroupDescription&gt;&lt;/GroupDescription&gt;</description>
    <Rule id="SV-50256r1_rule" selected="true" weight="10.000000" severity="low">
      <version>RHEL-06-000002</version>
      <title xmlns:xhtml="http://www.w3.org/1999/xhtml" xml:lang="en">The system must use a separate file system for /var.</title>
      <description xmlns:xhtml="http://www.w3.org/1999/xhtml" xml:lang="en">&lt;VulnDiscussion&gt;Ensuring that "/var" is mounted on its own partition enables the setting of more restrictive mount options. This helps protect system services such as daemons or other programs which use it. It is not uncommon for the "/var" directory to contain world-writable directories, installed by other software packages.&lt;/VulnDiscussion&gt;&lt;FalsePositives&gt;&lt;/FalsePositives&gt;&lt;FalseNegatives&gt;&lt;/FalseNegatives&gt;&lt;Documentable&gt;false&lt;/Documentable&gt;&lt;Mitigations&gt;&lt;/Mitigations&gt;&lt;SeverityOverrideGuidance&gt;&lt;/SeverityOverrideGuidance&gt;&lt;PotentialImpacts&gt;&lt;/PotentialImpacts&gt;&lt;ThirdPartyTools&gt;&lt;/ThirdPartyTools&gt;&lt;MitigationControl&gt;&lt;/MitigationControl&gt;&lt;Responsibility&gt;&lt;/Responsibility&gt;&lt;IAControls&gt;&lt;/IAControls&gt;</description>
      <reference xmlns:dc="http://purl.org/dc/elements/1.1/">
        <dc:title>DPMS Target Red Hat 6</dc:title>
        <dc:subject>Red Hat 6</dc:subject>
        <dc:publisher>DISA FSO</dc:publisher>
        <dc:type>DPMS Target</dc:type>
        <dc:identifier>2367</dc:identifier>
      </reference>
      <ident system="http://cce.mitre.org">CCE-26639-5</ident>
      <ident system="http://iase.disa.mil/cci">CCI-000366</ident>
      <fixtext xmlns:xhtml="http://www.w3.org/1999/xhtml" xml:lang="en" override="false" fixref="F-43401r2_fix">The "/var" directory is used by daemons and other system services to store frequently-changing data. Ensure that "/var" has its own partition or logical volume at installation time, or migrate it using LVM.</fixtext>
      <fix xmlns:xhtml="http://www.w3.org/1999/xhtml" id="F-43401r2_fix"/>
      <check system="http://oval.mitre.org/XMLSchema/oval-definitions-5">
        <check-content-ref name="oval:mil.disa.fso.redhat.rhel6:def:161" href="U_RedHat_6_V1R6_STIG_SCAP_1-1_Benchmark-oval.xml"/>
      </check>
    </Rule>
  </Group>
  <Group id="V-38457">
    <title xmlns:xhtml="http://www.w3.org/1999/xhtml" xml:lang="en">SRG-OS-999999</title>
    <description xmlns:xhtml="http://www.w3.org/1999/xhtml" xml:lang="en">&lt;GroupDescription&gt;&lt;/GroupDescription&gt;</description>
    <Rule id="SV-50257r1_rule" selected="true" weight="10.000000" severity="medium">
      <version>RHEL-06-000041</version>
      <title xmlns:xhtml="http://www.w3.org/1999/xhtml" xml:lang="en">The /etc/passwd file must have mode 0644 or less permissive.</title>
      <description xmlns:xhtml="http://www.w3.org/1999/xhtml" xml:lang="en">&lt;VulnDiscussion&gt;If the "/etc/passwd" file is writable by a group-owner or the world the risk of its compromise is increased. The file contains the list of accounts on the system and associated information, and protection of this file is critical for system security.&lt;/VulnDiscussion&gt;&lt;FalsePositives&gt;&lt;/FalsePositives&gt;&lt;FalseNegatives&gt;&lt;/FalseNegatives&gt;&lt;Documentable&gt;false&lt;/Documentable&gt;&lt;Mitigations&gt;&lt;/Mitigations&gt;&lt;SeverityOverrideGuidance&gt;&lt;/SeverityOverrideGuidance&gt;&lt;PotentialImpacts&gt;&lt;/PotentialImpacts&gt;&lt;ThirdPartyTools&gt;&lt;/ThirdPartyTools&gt;&lt;MitigationControl&gt;&lt;/MitigationControl&gt;&lt;Responsibility&gt;&lt;/Responsibility&gt;&lt;IAControls&gt;&lt;/IAControls&gt;</description>
      <reference xmlns:dc="http://purl.org/dc/elements/1.1/">
        <dc:title>DPMS Target Red Hat 6</dc:title>
        <dc:subject>Red Hat 6</dc:subject>
        <dc:publisher>DISA FSO</dc:publisher>
        <dc:type>DPMS Target</dc:type>
        <dc:identifier>2367</dc:identifier>
      </reference>
      <ident system="http://cce.mitre.org">CCE-26868-0</ident>
      <ident system="http://iase.disa.mil/cci">CCI-000366</ident>
      <fixtext xmlns:xhtml="http://www.w3.org/1999/xhtml" xml:lang="en" override="false" fixref="F-43397r1_fix">To properly set the permissions of "/etc/passwd", run the command: 

# chmod 0644 /etc/passwd</fixtext>
      <fix xmlns:xhtml="http://www.w3.org/1999/xhtml" id="F-43397r1_fix"/>
      <check system="http://oval.mitre.org/XMLSchema/oval-definitions-5">
        <check-content-ref name="oval:mil.disa.fso.redhat.rhel6:def:1181" href="U_RedHat_6_V1R6_STIG_SCAP_1-1_Benchmark-oval.xml"/>
      </check>
    </Rule>
  </Group>
  <Group id="V-38458">
    <title xmlns:xhtml="http://www.w3.org/1999/xhtml" xml:lang="en">SRG-OS-999999</title>
    <description xmlns:xhtml="http://www.w3.org/1999/xhtml" xml:lang="en">&lt;GroupDescription&gt;&lt;/GroupDescription&gt;</description>
    <Rule id="SV-50258r1_rule" selected="true" weight="10.000000" severity="medium">
      <version>RHEL-06-000042</version>
      <title xmlns:xhtml="http://www.w3.org/1999/xhtml" xml:lang="en">The /etc/group file must be owned by root.</title>
      <description xmlns:xhtml="http://www.w3.org/1999/xhtml" xml:lang="en">&lt;VulnDiscussion&gt;The "/etc/group" file contains information regarding groups that are configured on the system. Protection of this file is important for system security.&lt;/VulnDiscussion&gt;&lt;FalsePositives&gt;&lt;/FalsePositives&gt;&lt;FalseNegatives&gt;&lt;/FalseNegatives&gt;&lt;Documentable&gt;false&lt;/Documentable&gt;&lt;Mitigations&gt;&lt;/Mitigations&gt;&lt;SeverityOverrideGuidance&gt;&lt;/SeverityOverrideGuidance&gt;&lt;PotentialImpacts&gt;&lt;/PotentialImpacts&gt;&lt;ThirdPartyTools&gt;&lt;/ThirdPartyTools&gt;&lt;MitigationControl&gt;&lt;/MitigationControl&gt;&lt;Responsibility&gt;&lt;/Responsibility&gt;&lt;IAControls&gt;&lt;/IAControls&gt;</description>
      <reference xmlns:dc="http://purl.org/dc/elements/1.1/">
        <dc:title>DPMS Target Red Hat 6</dc:title>
        <dc:subject>Red Hat 6</dc:subject>
        <dc:publisher>DISA FSO</dc:publisher>
        <dc:type>DPMS Target</dc:type>
        <dc:identifier>2367</dc:identifier>
      </reference>
      <ident system="http://cce.mitre.org">CCE-26822-7</ident>
      <ident system="http://iase.disa.mil/cci">CCI-000366</ident>
      <fixtext xmlns:xhtml="http://www.w3.org/1999/xhtml" xml:lang="en" override="false" fixref="F-43403r1_fix">To properly set the owner of "/etc/group", run the command: 

# chown root /etc/group</fixtext>
      <fix xmlns:xhtml="http://www.w3.org/1999/xhtml" id="F-43403r1_fix"/>
      <check system="http://oval.mitre.org/XMLSchema/oval-definitions-5">
        <check-content-ref name="oval:mil.disa.fso.redhat.rhel6:def:1177" href="U_RedHat_6_V1R6_STIG_SCAP_1-1_Benchmark-oval.xml"/>
      </check>
    </Rule>
  </Group>
  <Group id="V-38459">
    <title xmlns:xhtml="http://www.w3.org/1999/xhtml" xml:lang="en">SRG-OS-999999</title>
    <description xmlns:xhtml="http://www.w3.org/1999/xhtml" xml:lang="en">&lt;GroupDescription&gt;&lt;/GroupDescription&gt;</description>
    <Rule id="SV-50259r1_rule" selected="true" weight="10.000000" severity="medium">
      <version>RHEL-06-000043</version>
      <title xmlns:xhtml="http://www.w3.org/1999/xhtml" xml:lang="en">The /etc/group file must be group-owned by root.</title>
      <description xmlns:xhtml="http://www.w3.org/1999/xhtml" xml:lang="en">&lt;VulnDiscussion&gt;The "/etc/group" file contains information regarding groups that are configured on the system. Protection of this file is important for system security.&lt;/VulnDiscussion&gt;&lt;FalsePositives&gt;&lt;/FalsePositives&gt;&lt;FalseNegatives&gt;&lt;/FalseNegatives&gt;&lt;Documentable&gt;false&lt;/Documentable&gt;&lt;Mitigations&gt;&lt;/Mitigations&gt;&lt;SeverityOverrideGuidance&gt;&lt;/SeverityOverrideGuidance&gt;&lt;PotentialImpacts&gt;&lt;/PotentialImpacts&gt;&lt;ThirdPartyTools&gt;&lt;/ThirdPartyTools&gt;&lt;MitigationControl&gt;&lt;/MitigationControl&gt;&lt;Responsibility&gt;&lt;/Responsibility&gt;&lt;IAControls&gt;&lt;/IAControls&gt;</description>
      <reference xmlns:dc="http://purl.org/dc/elements/1.1/">
        <dc:title>DPMS Target Red Hat 6</dc:title>
        <dc:subject>Red Hat 6</dc:subject>
        <dc:publisher>DISA FSO</dc:publisher>
        <dc:type>DPMS Target</dc:type>
        <dc:identifier>2367</dc:identifier>
      </reference>
      <ident system="http://cce.mitre.org">CCE-26930-8</ident>
      <ident system="http://iase.disa.mil/cci">CCI-000366</ident>
      <fixtext xmlns:xhtml="http://www.w3.org/1999/xhtml" xml:lang="en" override="false" fixref="F-43404r1_fix">To properly set the group owner of "/etc/group", run the command: 

# chgrp root /etc/group</fixtext>
      <fix xmlns:xhtml="http://www.w3.org/1999/xhtml" id="F-43404r1_fix"/>
      <check system="http://oval.mitre.org/XMLSchema/oval-definitions-5">
        <check-content-ref name="oval:mil.disa.fso.redhat.rhel6:def:325" href="U_RedHat_6_V1R6_STIG_SCAP_1-1_Benchmark-oval.xml"/>
      </check>
    </Rule>
  </Group>
  <Group id="V-38461">
    <title xmlns:xhtml="http://www.w3.org/1999/xhtml" xml:lang="en">SRG-OS-999999</title>
    <description xmlns:xhtml="http://www.w3.org/1999/xhtml" xml:lang="en">&lt;GroupDescription&gt;&lt;/GroupDescription&gt;</description>
    <Rule id="SV-50261r1_rule" selected="true" weight="10.000000" severity="medium">
      <version>RHEL-06-000044</version>
      <title xmlns:xhtml="http://www.w3.org/1999/xhtml" xml:lang="en">The /etc/group file must have mode 0644 or less permissive.</title>
      <description xmlns:xhtml="http://www.w3.org/1999/xhtml" xml:lang="en">&lt;VulnDiscussion&gt;The "/etc/group" file contains information regarding groups that are configured on the system. Protection of this file is important for system security.&lt;/VulnDiscussion&gt;&lt;FalsePositives&gt;&lt;/FalsePositives&gt;&lt;FalseNegatives&gt;&lt;/FalseNegatives&gt;&lt;Documentable&gt;false&lt;/Documentable&gt;&lt;Mitigations&gt;&lt;/Mitigations&gt;&lt;SeverityOverrideGuidance&gt;&lt;/SeverityOverrideGuidance&gt;&lt;PotentialImpacts&gt;&lt;/PotentialImpacts&gt;&lt;ThirdPartyTools&gt;&lt;/ThirdPartyTools&gt;&lt;MitigationControl&gt;&lt;/MitigationControl&gt;&lt;Responsibility&gt;&lt;/Responsibility&gt;&lt;IAControls&gt;&lt;/IAControls&gt;</description>
      <reference xmlns:dc="http://purl.org/dc/elements/1.1/">
        <dc:title>DPMS Target Red Hat 6</dc:title>
        <dc:subject>Red Hat 6</dc:subject>
        <dc:publisher>DISA FSO</dc:publisher>
        <dc:type>DPMS Target</dc:type>
        <dc:identifier>2367</dc:identifier>
      </reference>
      <ident system="http://cce.mitre.org">CCE-26954-8</ident>
      <ident system="http://iase.disa.mil/cci">CCI-000366</ident>
      <fixtext xmlns:xhtml="http://www.w3.org/1999/xhtml" xml:lang="en" override="false" fixref="F-43406r1_fix">To properly set the permissions of "/etc/group", run the command: 

# chmod 644 /etc/group</fixtext>
      <fix xmlns:xhtml="http://www.w3.org/1999/xhtml" id="F-43406r1_fix"/>
      <check system="http://oval.mitre.org/XMLSchema/oval-definitions-5">
        <check-content-ref name="oval:mil.disa.fso.redhat.rhel6:def:1030" href="U_RedHat_6_V1R6_STIG_SCAP_1-1_Benchmark-oval.xml"/>
      </check>
    </Rule>
  </Group>
  <Group id="V-38463">
    <title xmlns:xhtml="http://www.w3.org/1999/xhtml" xml:lang="en">SRG-OS-999999</title>
    <description xmlns:xhtml="http://www.w3.org/1999/xhtml" xml:lang="en">&lt;GroupDescription&gt;&lt;/GroupDescription&gt;</description>
    <Rule id="SV-50263r1_rule" selected="true" weight="10.000000" severity="low">
      <version>RHEL-06-000003</version>
      <title xmlns:xhtml="http://www.w3.org/1999/xhtml" xml:lang="en">The system must use a separate file system for /var/log.</title>
      <description xmlns:xhtml="http://www.w3.org/1999/xhtml" xml:lang="en">&lt;VulnDiscussion&gt;Placing "/var/log" in its own partition enables better separation between log files and other files in "/var/".&lt;/VulnDiscussion&gt;&lt;FalsePositives&gt;&lt;/FalsePositives&gt;&lt;FalseNegatives&gt;&lt;/FalseNegatives&gt;&lt;Documentable&gt;false&lt;/Documentable&gt;&lt;Mitigations&gt;&lt;/Mitigations&gt;&lt;SeverityOverrideGuidance&gt;&lt;/SeverityOverrideGuidance&gt;&lt;PotentialImpacts&gt;&lt;/PotentialImpacts&gt;&lt;ThirdPartyTools&gt;&lt;/ThirdPartyTools&gt;&lt;MitigationControl&gt;&lt;/MitigationControl&gt;&lt;Responsibility&gt;&lt;/Responsibility&gt;&lt;IAControls&gt;&lt;/IAControls&gt;</description>
      <reference xmlns:dc="http://purl.org/dc/elements/1.1/">
        <dc:title>DPMS Target Red Hat 6</dc:title>
        <dc:subject>Red Hat 6</dc:subject>
        <dc:publisher>DISA FSO</dc:publisher>
        <dc:type>DPMS Target</dc:type>
        <dc:identifier>2367</dc:identifier>
      </reference>
      <ident system="http://cce.mitre.org">CCE-26215-4</ident>
      <ident system="http://iase.disa.mil/cci">CCI-000366</ident>
      <fixtext xmlns:xhtml="http://www.w3.org/1999/xhtml" xml:lang="en" override="false" fixref="F-43408r1_fix">System logs are stored in the "/var/log" directory. Ensure that it has its own partition or logical volume at installation time, or migrate it using LVM.</fixtext>
      <fix xmlns:xhtml="http://www.w3.org/1999/xhtml" id="F-43408r1_fix"/>
      <check system="http://oval.mitre.org/XMLSchema/oval-definitions-5">
        <check-content-ref name="oval:mil.disa.fso.redhat.rhel6:def:497" href="U_RedHat_6_V1R6_STIG_SCAP_1-1_Benchmark-oval.xml"/>
      </check>
    </Rule>
  </Group>
  <Group id="V-38466">
    <title xmlns:xhtml="http://www.w3.org/1999/xhtml" xml:lang="en">SRG-OS-000259</title>
    <description xmlns:xhtml="http://www.w3.org/1999/xhtml" xml:lang="en">&lt;GroupDescription&gt;&lt;/GroupDescription&gt;</description>
    <Rule id="SV-50266r1_rule" selected="true" weight="10.000000" severity="medium">
      <version>RHEL-06-000046</version>
      <title xmlns:xhtml="http://www.w3.org/1999/xhtml" xml:lang="en">Library files must be owned by root.</title>
      <description xmlns:xhtml="http://www.w3.org/1999/xhtml" xml:lang="en">&lt;VulnDiscussion&gt;Files from shared library directories are loaded into the address space of processes (including privileged ones) or of the kernel itself at runtime. Proper ownership is necessary to protect the integrity of the system.&lt;/VulnDiscussion&gt;&lt;FalsePositives&gt;&lt;/FalsePositives&gt;&lt;FalseNegatives&gt;&lt;/FalseNegatives&gt;&lt;Documentable&gt;false&lt;/Documentable&gt;&lt;Mitigations&gt;&lt;/Mitigations&gt;&lt;SeverityOverrideGuidance&gt;&lt;/SeverityOverrideGuidance&gt;&lt;PotentialImpacts&gt;&lt;/PotentialImpacts&gt;&lt;ThirdPartyTools&gt;&lt;/ThirdPartyTools&gt;&lt;MitigationControl&gt;&lt;/MitigationControl&gt;&lt;Responsibility&gt;&lt;/Responsibility&gt;&lt;IAControls&gt;&lt;/IAControls&gt;</description>
      <reference xmlns:dc="http://purl.org/dc/elements/1.1/">
        <dc:title>DPMS Target Red Hat 6</dc:title>
        <dc:subject>Red Hat 6</dc:subject>
        <dc:publisher>DISA FSO</dc:publisher>
        <dc:type>DPMS Target</dc:type>
        <dc:identifier>2367</dc:identifier>
      </reference>
      <ident system="http://cce.mitre.org">CCE-27424-1</ident>
      <ident system="http://iase.disa.mil/cci">CCI-001499</ident>
      <fixtext xmlns:xhtml="http://www.w3.org/1999/xhtml" xml:lang="en" override="false" fixref="F-43411r1_fix">System-wide shared library files, which are linked to executables during process load time or run time, are stored in the following directories by default: 

/lib
/lib64
/usr/lib
/usr/lib64

If any file in these directories is found to be owned by a user other than root, correct its ownership with the following command: 

# chown root [FILE]</fixtext>
      <fix xmlns:xhtml="http://www.w3.org/1999/xhtml" id="F-43411r1_fix"/>
      <check system="http://oval.mitre.org/XMLSchema/oval-definitions-5">
        <check-content-ref name="oval:mil.disa.fso.redhat.rhel6:def:893" href="U_RedHat_6_V1R6_STIG_SCAP_1-1_Benchmark-oval.xml"/>
      </check>
    </Rule>
  </Group>
  <Group id="V-38467">
    <title xmlns:xhtml="http://www.w3.org/1999/xhtml" xml:lang="en">SRG-OS-000044</title>
    <description xmlns:xhtml="http://www.w3.org/1999/xhtml" xml:lang="en">&lt;GroupDescription&gt;&lt;/GroupDescription&gt;</description>
    <Rule id="SV-50267r1_rule" selected="true" weight="10.000000" severity="low">
      <version>RHEL-06-000004</version>
      <title xmlns:xhtml="http://www.w3.org/1999/xhtml" xml:lang="en">The system must use a separate file system for the system audit data path.</title>
      <description xmlns:xhtml="http://www.w3.org/1999/xhtml" xml:lang="en">&lt;VulnDiscussion&gt;Placing "/var/log/audit" in its own partition enables better separation between audit files and other files, and helps ensure that auditing cannot be halted due to the partition running out of space.&lt;/VulnDiscussion&gt;&lt;FalsePositives&gt;&lt;/FalsePositives&gt;&lt;FalseNegatives&gt;&lt;/FalseNegatives&gt;&lt;Documentable&gt;false&lt;/Documentable&gt;&lt;Mitigations&gt;&lt;/Mitigations&gt;&lt;SeverityOverrideGuidance&gt;&lt;/SeverityOverrideGuidance&gt;&lt;PotentialImpacts&gt;&lt;/PotentialImpacts&gt;&lt;ThirdPartyTools&gt;&lt;/ThirdPartyTools&gt;&lt;MitigationControl&gt;&lt;/MitigationControl&gt;&lt;Responsibility&gt;&lt;/Responsibility&gt;&lt;IAControls&gt;&lt;/IAControls&gt;</description>
      <reference xmlns:dc="http://purl.org/dc/elements/1.1/">
        <dc:title>DPMS Target Red Hat 6</dc:title>
        <dc:subject>Red Hat 6</dc:subject>
        <dc:publisher>DISA FSO</dc:publisher>
        <dc:type>DPMS Target</dc:type>
        <dc:identifier>2367</dc:identifier>
      </reference>
      <ident system="http://cce.mitre.org">CCE-26436-6</ident>
      <ident system="http://iase.disa.mil/cci">CCI-000137</ident>
      <fixtext xmlns:xhtml="http://www.w3.org/1999/xhtml" xml:lang="en" override="false" fixref="F-43412r1_fix">Audit logs are stored in the "/var/log/audit" directory. Ensure that it has its own partition or logical volume at installation time, or migrate it later using LVM. Make absolutely certain that it is large enough to store all audit logs that will be created by the auditing daemon.</fixtext>
      <fix xmlns:xhtml="http://www.w3.org/1999/xhtml" id="F-43412r1_fix"/>
      <check system="http://oval.mitre.org/XMLSchema/oval-definitions-5">
        <check-content-ref name="oval:mil.disa.fso.redhat.rhel6:def:1042" href="U_RedHat_6_V1R6_STIG_SCAP_1-1_Benchmark-oval.xml"/>
      </check>
    </Rule>
  </Group>
  <Group id="V-38469">
    <title xmlns:xhtml="http://www.w3.org/1999/xhtml" xml:lang="en">SRG-OS-000259</title>
    <description xmlns:xhtml="http://www.w3.org/1999/xhtml" xml:lang="en">&lt;GroupDescription&gt;&lt;/GroupDescription&gt;</description>
    <Rule id="SV-50269r2_rule" selected="true" weight="10.000000" severity="medium">
      <version>RHEL-06-000047</version>
      <title xmlns:xhtml="http://www.w3.org/1999/xhtml" xml:lang="en">All system command files must have mode 0755 or less permissive.</title>
      <description xmlns:xhtml="http://www.w3.org/1999/xhtml" xml:lang="en">&lt;VulnDiscussion&gt;System binaries are executed by privileged users, as well as system services, and restrictive permissions are necessary to ensure execution of these programs cannot be co-opted.&lt;/VulnDiscussion&gt;&lt;FalsePositives&gt;&lt;/FalsePositives&gt;&lt;FalseNegatives&gt;&lt;/FalseNegatives&gt;&lt;Documentable&gt;false&lt;/Documentable&gt;&lt;Mitigations&gt;&lt;/Mitigations&gt;&lt;SeverityOverrideGuidance&gt;&lt;/SeverityOverrideGuidance&gt;&lt;PotentialImpacts&gt;&lt;/PotentialImpacts&gt;&lt;ThirdPartyTools&gt;&lt;/ThirdPartyTools&gt;&lt;MitigationControl&gt;&lt;/MitigationControl&gt;&lt;Responsibility&gt;&lt;/Responsibility&gt;&lt;IAControls&gt;&lt;/IAControls&gt;</description>
      <reference xmlns:dc="http://purl.org/dc/elements/1.1/">
        <dc:title>DPMS Target Red Hat 6</dc:title>
        <dc:subject>Red Hat 6</dc:subject>
        <dc:publisher>DISA FSO</dc:publisher>
        <dc:type>DPMS Target</dc:type>
        <dc:identifier>2367</dc:identifier>
      </reference>
      <ident system="http://cce.mitre.org">CCE-27289-8</ident>
      <ident system="http://iase.disa.mil/cci">CCI-001499</ident>
      <fixtext xmlns:xhtml="http://www.w3.org/1999/xhtml" xml:lang="en" override="false" fixref="F-43414r1_fix">System executables are stored in the following directories by default: 

/bin
/usr/bin
/usr/local/bin
/sbin
/usr/sbin
/usr/local/sbin

If any file in these directories is found to be group-writable or world-writable, correct its permission with the following command: 

# chmod go-w [FILE]</fixtext>
      <fix xmlns:xhtml="http://www.w3.org/1999/xhtml" id="F-43414r1_fix"/>
      <check system="http://oval.mitre.org/XMLSchema/oval-definitions-5">
        <check-content-ref name="oval:mil.disa.fso.redhat.rhel6:def:3055" href="U_RedHat_6_V1R6_STIG_SCAP_1-1_Benchmark-oval.xml"/>
      </check>
    </Rule>
  </Group>
  <Group id="V-38470">
    <title xmlns:xhtml="http://www.w3.org/1999/xhtml" xml:lang="en">SRG-OS-000045</title>
    <description xmlns:xhtml="http://www.w3.org/1999/xhtml" xml:lang="en">&lt;GroupDescription&gt;&lt;/GroupDescription&gt;</description>
    <Rule id="SV-50270r2_rule" selected="true" weight="10.000000" severity="medium">
      <version>RHEL-06-000005</version>
      <title xmlns:xhtml="http://www.w3.org/1999/xhtml" xml:lang="en">The audit system must alert designated staff members when the audit storage volume approaches capacity.</title>
      <description xmlns:xhtml="http://www.w3.org/1999/xhtml" xml:lang="en">&lt;VulnDiscussion&gt;Notifying administrators of an impending disk space problem may allow them to take corrective action prior to any disruption.&lt;/VulnDiscussion&gt;&lt;FalsePositives&gt;&lt;/FalsePositives&gt;&lt;FalseNegatives&gt;&lt;/FalseNegatives&gt;&lt;Documentable&gt;false&lt;/Documentable&gt;&lt;Mitigations&gt;&lt;/Mitigations&gt;&lt;SeverityOverrideGuidance&gt;&lt;/SeverityOverrideGuidance&gt;&lt;PotentialImpacts&gt;&lt;/PotentialImpacts&gt;&lt;ThirdPartyTools&gt;&lt;/ThirdPartyTools&gt;&lt;MitigationControl&gt;&lt;/MitigationControl&gt;&lt;Responsibility&gt;&lt;/Responsibility&gt;&lt;IAControls&gt;&lt;/IAControls&gt;</description>
      <reference xmlns:dc="http://purl.org/dc/elements/1.1/">
        <dc:title>DPMS Target Red Hat 6</dc:title>
        <dc:subject>Red Hat 6</dc:subject>
        <dc:publisher>DISA FSO</dc:publisher>
        <dc:type>DPMS Target</dc:type>
        <dc:identifier>2367</dc:identifier>
      </reference>
      <ident system="http://cce.mitre.org">CCE-27238-5</ident>
      <ident system="http://iase.disa.mil/cci">CCI-000138</ident>
      <fixtext xmlns:xhtml="http://www.w3.org/1999/xhtml" xml:lang="en" override="false" fixref="F-43415r2_fix">The "auditd" service can be configured to take an action when disk space starts to run low. Edit the file "/etc/audit/auditd.conf". Modify the following line, substituting [ACTION] appropriately: 

space_left_action = [ACTION]

Possible values for [ACTION] are described in the "auditd.conf" man page. These include: 

"ignore"
"syslog"
"email"
"exec"
"suspend"
"single"
"halt"


Set this to "email" (instead of the default, which is "suspend") as it is more likely to get prompt attention.  The "syslog" option is acceptable, provided the local log management infrastructure notifies an appropriate administrator in a timely manner.

RHEL-06-000521 ensures that the email generated through the operation "space_left_action" will be sent to an administrator.</fixtext>
      <fix xmlns:xhtml="http://www.w3.org/1999/xhtml" id="F-43415r2_fix"/>
      <check system="http://oval.mitre.org/XMLSchema/oval-definitions-5">
        <check-export export-name="oval:mil.disa.fso.redhat.rhel6:var:2135" value-id="var_auditd_space_left_action"/>
        <check-content-ref name="oval:mil.disa.fso.redhat.rhel6:def:865" href="U_RedHat_6_V1R6_STIG_SCAP_1-1_Benchmark-oval.xml"/>
      </check>
    </Rule>
  </Group>
  <Group id="V-38472">
    <title xmlns:xhtml="http://www.w3.org/1999/xhtml" xml:lang="en">SRG-OS-000259</title>
    <description xmlns:xhtml="http://www.w3.org/1999/xhtml" xml:lang="en">&lt;GroupDescription&gt;&lt;/GroupDescription&gt;</description>
    <Rule id="SV-50272r1_rule" selected="true" weight="10.000000" severity="medium">
      <version>RHEL-06-000048</version>
      <title xmlns:xhtml="http://www.w3.org/1999/xhtml" xml:lang="en">All system command files must be owned by root.</title>
      <description xmlns:xhtml="http://www.w3.org/1999/xhtml" xml:lang="en">&lt;VulnDiscussion&gt;System binaries are executed by privileged users as well as system services, and restrictive permissions are necessary to ensure that their execution of these programs cannot be co-opted.&lt;/VulnDiscussion&gt;&lt;FalsePositives&gt;&lt;/FalsePositives&gt;&lt;FalseNegatives&gt;&lt;/FalseNegatives&gt;&lt;Documentable&gt;false&lt;/Documentable&gt;&lt;Mitigations&gt;&lt;/Mitigations&gt;&lt;SeverityOverrideGuidance&gt;&lt;/SeverityOverrideGuidance&gt;&lt;PotentialImpacts&gt;&lt;/PotentialImpacts&gt;&lt;ThirdPartyTools&gt;&lt;/ThirdPartyTools&gt;&lt;MitigationControl&gt;&lt;/MitigationControl&gt;&lt;Responsibility&gt;&lt;/Responsibility&gt;&lt;IAControls&gt;&lt;/IAControls&gt;</description>
      <reference xmlns:dc="http://purl.org/dc/elements/1.1/">
        <dc:title>DPMS Target Red Hat 6</dc:title>
        <dc:subject>Red Hat 6</dc:subject>
        <dc:publisher>DISA FSO</dc:publisher>
        <dc:type>DPMS Target</dc:type>
        <dc:identifier>2367</dc:identifier>
      </reference>
      <ident system="http://cce.mitre.org">CCE-27623-8</ident>
      <ident system="http://iase.disa.mil/cci">CCI-001499</ident>
      <fixtext xmlns:xhtml="http://www.w3.org/1999/xhtml" xml:lang="en" override="false" fixref="F-43417r1_fix">System executables are stored in the following directories by default: 

/bin
/usr/bin
/usr/local/bin
/sbin
/usr/sbin
/usr/local/sbin

If any file [FILE] in these directories is found to be owned by a user other than root, correct its ownership with the following command: 

# chown root [FILE]</fixtext>
      <fix xmlns:xhtml="http://www.w3.org/1999/xhtml" id="F-43417r1_fix"/>
      <check system="http://oval.mitre.org/XMLSchema/oval-definitions-5">
        <check-content-ref name="oval:mil.disa.fso.redhat.rhel6:def:3090" href="U_RedHat_6_V1R6_STIG_SCAP_1-1_Benchmark-oval.xml"/>
      </check>
    </Rule>
  </Group>
  <Group id="V-38473">
    <title xmlns:xhtml="http://www.w3.org/1999/xhtml" xml:lang="en">SRG-OS-999999</title>
    <description xmlns:xhtml="http://www.w3.org/1999/xhtml" xml:lang="en">&lt;GroupDescription&gt;&lt;/GroupDescription&gt;</description>
    <Rule id="SV-50273r1_rule" selected="true" weight="10.000000" severity="low">
      <version>RHEL-06-000007</version>
      <title xmlns:xhtml="http://www.w3.org/1999/xhtml" xml:lang="en">The system must use a separate file system for user home directories.</title>
      <description xmlns:xhtml="http://www.w3.org/1999/xhtml" xml:lang="en">&lt;VulnDiscussion&gt;Ensuring that "/home" is mounted on its own partition enables the setting of more restrictive mount options, and also helps ensure that users cannot trivially fill partitions used for log or audit data storage.&lt;/VulnDiscussion&gt;&lt;FalsePositives&gt;&lt;/FalsePositives&gt;&lt;FalseNegatives&gt;&lt;/FalseNegatives&gt;&lt;Documentable&gt;false&lt;/Documentable&gt;&lt;Mitigations&gt;&lt;/Mitigations&gt;&lt;SeverityOverrideGuidance&gt;&lt;/SeverityOverrideGuidance&gt;&lt;PotentialImpacts&gt;&lt;/PotentialImpacts&gt;&lt;ThirdPartyTools&gt;&lt;/ThirdPartyTools&gt;&lt;MitigationControl&gt;&lt;/MitigationControl&gt;&lt;Responsibility&gt;&lt;/Responsibility&gt;&lt;IAControls&gt;&lt;/IAControls&gt;</description>
      <reference xmlns:dc="http://purl.org/dc/elements/1.1/">
        <dc:title>DPMS Target Red Hat 6</dc:title>
        <dc:subject>Red Hat 6</dc:subject>
        <dc:publisher>DISA FSO</dc:publisher>
        <dc:type>DPMS Target</dc:type>
        <dc:identifier>2367</dc:identifier>
      </reference>
      <ident system="http://cce.mitre.org">CCE-26557-9</ident>
      <ident system="http://iase.disa.mil/cci">CCI-000366</ident>
      <fixtext xmlns:xhtml="http://www.w3.org/1999/xhtml" xml:lang="en" override="false" fixref="F-43418r1_fix">If user home directories will be stored locally, create a separate partition for "/home" at installation time (or migrate it later using LVM). If "/home" will be mounted from another system such as an NFS server, then creating a separate partition is not necessary at installation time, and the mountpoint can instead be configured later.</fixtext>
      <fix xmlns:xhtml="http://www.w3.org/1999/xhtml" id="F-43418r1_fix"/>
      <check system="http://oval.mitre.org/XMLSchema/oval-definitions-5">
        <check-content-ref name="oval:mil.disa.fso.redhat.rhel6:def:939" href="U_RedHat_6_V1R6_STIG_SCAP_1-1_Benchmark-oval.xml"/>
      </check>
    </Rule>
  </Group>
  <Group id="V-38475">
    <title xmlns:xhtml="http://www.w3.org/1999/xhtml" xml:lang="en">SRG-OS-000078</title>
    <description xmlns:xhtml="http://www.w3.org/1999/xhtml" xml:lang="en">&lt;GroupDescription&gt;&lt;/GroupDescription&gt;</description>
    <Rule id="SV-50275r1_rule" selected="true" weight="10.000000" severity="medium">
      <version>RHEL-06-000050</version>
      <title xmlns:xhtml="http://www.w3.org/1999/xhtml" xml:lang="en">The system must require passwords to contain a minimum of 14 characters.</title>
      <description xmlns:xhtml="http://www.w3.org/1999/xhtml" xml:lang="en">&lt;VulnDiscussion&gt;Requiring a minimum password length makes password cracking attacks more difficult by ensuring a larger search space. However, any security benefit from an onerous requirement must be carefully weighed against usability problems, support costs, or counterproductive behavior that may result.

While it does not negate the password length requirement, it is preferable to migrate from a password-based authentication scheme to a stronger one based on PKI (public key infrastructure).&lt;/VulnDiscussion&gt;&lt;FalsePositives&gt;&lt;/FalsePositives&gt;&lt;FalseNegatives&gt;&lt;/FalseNegatives&gt;&lt;Documentable&gt;false&lt;/Documentable&gt;&lt;Mitigations&gt;&lt;/Mitigations&gt;&lt;SeverityOverrideGuidance&gt;&lt;/SeverityOverrideGuidance&gt;&lt;PotentialImpacts&gt;&lt;/PotentialImpacts&gt;&lt;ThirdPartyTools&gt;&lt;/ThirdPartyTools&gt;&lt;MitigationControl&gt;&lt;/MitigationControl&gt;&lt;Responsibility&gt;&lt;/Responsibility&gt;&lt;IAControls&gt;&lt;/IAControls&gt;</description>
      <reference xmlns:dc="http://purl.org/dc/elements/1.1/">
        <dc:title>DPMS Target Red Hat 6</dc:title>
        <dc:subject>Red Hat 6</dc:subject>
        <dc:publisher>DISA FSO</dc:publisher>
        <dc:type>DPMS Target</dc:type>
        <dc:identifier>2367</dc:identifier>
      </reference>
      <ident system="http://cce.mitre.org">CCE-27002-5</ident>
      <ident system="http://iase.disa.mil/cci">CCI-000205</ident>
      <fixtext xmlns:xhtml="http://www.w3.org/1999/xhtml" xml:lang="en" override="false" fixref="F-43419r1_fix">To specify password length requirements for new accounts, edit the file "/etc/login.defs" and add or correct the following lines: 

PASS_MIN_LEN 14



The DoD requirement is "14". If a program consults "/etc/login.defs" and also another PAM module (such as "pam_cracklib") during a password change operation, then the most restrictive must be satisfied.</fixtext>
      <fix xmlns:xhtml="http://www.w3.org/1999/xhtml" id="F-43419r1_fix"/>
      <check system="http://oval.mitre.org/XMLSchema/oval-definitions-5">
        <check-export export-name="oval:mil.disa.fso.redhat.rhel6:var:3268" value-id="var_accounts_password_minlen_login_defs"/>
        <check-content-ref name="oval:mil.disa.fso.redhat.rhel6:def:445" href="U_RedHat_6_V1R6_STIG_SCAP_1-1_Benchmark-oval.xml"/>
      </check>
    </Rule>
  </Group>
  <Group id="V-38477">
    <title xmlns:xhtml="http://www.w3.org/1999/xhtml" xml:lang="en">SRG-OS-000075</title>
    <description xmlns:xhtml="http://www.w3.org/1999/xhtml" xml:lang="en">&lt;GroupDescription&gt;&lt;/GroupDescription&gt;</description>
    <Rule id="SV-50277r1_rule" selected="true" weight="10.000000" severity="medium">
      <version>RHEL-06-000051</version>
      <title xmlns:xhtml="http://www.w3.org/1999/xhtml" xml:lang="en">Users must not be able to change passwords more than once every 24 hours.</title>
      <description xmlns:xhtml="http://www.w3.org/1999/xhtml" xml:lang="en">&lt;VulnDiscussion&gt;Setting the minimum password age protects against users cycling back to a favorite password after satisfying the password reuse requirement.&lt;/VulnDiscussion&gt;&lt;FalsePositives&gt;&lt;/FalsePositives&gt;&lt;FalseNegatives&gt;&lt;/FalseNegatives&gt;&lt;Documentable&gt;false&lt;/Documentable&gt;&lt;Mitigations&gt;&lt;/Mitigations&gt;&lt;SeverityOverrideGuidance&gt;&lt;/SeverityOverrideGuidance&gt;&lt;PotentialImpacts&gt;&lt;/PotentialImpacts&gt;&lt;ThirdPartyTools&gt;&lt;/ThirdPartyTools&gt;&lt;MitigationControl&gt;&lt;/MitigationControl&gt;&lt;Responsibility&gt;&lt;/Responsibility&gt;&lt;IAControls&gt;&lt;/IAControls&gt;</description>
      <reference xmlns:dc="http://purl.org/dc/elements/1.1/">
        <dc:title>DPMS Target Red Hat 6</dc:title>
        <dc:subject>Red Hat 6</dc:subject>
        <dc:publisher>DISA FSO</dc:publisher>
        <dc:type>DPMS Target</dc:type>
        <dc:identifier>2367</dc:identifier>
      </reference>
      <ident system="http://cce.mitre.org">CCE-27013-2</ident>
      <ident system="http://iase.disa.mil/cci">CCI-000198</ident>
      <fixtext xmlns:xhtml="http://www.w3.org/1999/xhtml" xml:lang="en" override="false" fixref="F-43422r1_fix">To specify password minimum age for new accounts, edit the file "/etc/login.defs" and add or correct the following line, replacing [DAYS] appropriately: 

PASS_MIN_DAYS [DAYS]

A value of 1 day is considered sufficient for many environments. The DoD requirement is 1.</fixtext>
      <fix xmlns:xhtml="http://www.w3.org/1999/xhtml" id="F-43422r1_fix"/>
      <check system="http://oval.mitre.org/XMLSchema/oval-definitions-5">
        <check-export export-name="oval:mil.disa.fso.redhat.rhel6:var:3269" value-id="var_accounts_minimum_age_login_defs"/>
        <check-content-ref name="oval:mil.disa.fso.redhat.rhel6:def:525" href="U_RedHat_6_V1R6_STIG_SCAP_1-1_Benchmark-oval.xml"/>
      </check>
    </Rule>
  </Group>
  <Group id="V-38478">
    <title xmlns:xhtml="http://www.w3.org/1999/xhtml" xml:lang="en">SRG-OS-000096</title>
    <description xmlns:xhtml="http://www.w3.org/1999/xhtml" xml:lang="en">&lt;GroupDescription&gt;&lt;/GroupDescription&gt;</description>
    <Rule id="SV-50278r2_rule" selected="true" weight="10.000000" severity="low">
      <version>RHEL-06-000009</version>
      <title xmlns:xhtml="http://www.w3.org/1999/xhtml" xml:lang="en">The Red Hat Network Service (rhnsd) service must not be running, unless using RHN or an RHN Satellite.</title>
      <description xmlns:xhtml="http://www.w3.org/1999/xhtml" xml:lang="en">&lt;VulnDiscussion&gt;Although systems management and patching is extremely important to system security, management by a system outside the enterprise enclave is not desirable for some environments. However, if the system is being managed by RHN or RHN Satellite Server the "rhnsd" daemon can remain on.&lt;/VulnDiscussion&gt;&lt;FalsePositives&gt;&lt;/FalsePositives&gt;&lt;FalseNegatives&gt;&lt;/FalseNegatives&gt;&lt;Documentable&gt;false&lt;/Documentable&gt;&lt;Mitigations&gt;&lt;/Mitigations&gt;&lt;SeverityOverrideGuidance&gt;&lt;/SeverityOverrideGuidance&gt;&lt;PotentialImpacts&gt;&lt;/PotentialImpacts&gt;&lt;ThirdPartyTools&gt;&lt;/ThirdPartyTools&gt;&lt;MitigationControl&gt;&lt;/MitigationControl&gt;&lt;Responsibility&gt;&lt;/Responsibility&gt;&lt;IAControls&gt;&lt;/IAControls&gt;</description>
      <reference xmlns:dc="http://purl.org/dc/elements/1.1/">
        <dc:title>DPMS Target Red Hat 6</dc:title>
        <dc:subject>Red Hat 6</dc:subject>
        <dc:publisher>DISA FSO</dc:publisher>
        <dc:type>DPMS Target</dc:type>
        <dc:identifier>2367</dc:identifier>
      </reference>
      <ident system="http://cce.mitre.org">CCE-26846-6</ident>
      <ident system="http://iase.disa.mil/cci">CCI-000382</ident>
      <fixtext xmlns:xhtml="http://www.w3.org/1999/xhtml" xml:lang="en" override="false" fixref="F-43423r2_fix">The Red Hat Network service automatically queries Red Hat Network servers to determine whether there are any actions that should be executed, such as package updates. This only occurs if the system was registered to an RHN server or satellite and managed as such. The "rhnsd" service can be disabled with the following commands: 

# chkconfig rhnsd off
# service rhnsd stop</fixtext>
      <fix xmlns:xhtml="http://www.w3.org/1999/xhtml" id="F-43423r2_fix"/>
      <check system="http://oval.mitre.org/XMLSchema/oval-definitions-5">
        <check-content-ref name="oval:mil.disa.fso.redhat.rhel6:def:1095" href="U_RedHat_6_V1R6_STIG_SCAP_1-1_Benchmark-oval.xml"/>
      </check>
    </Rule>
  </Group>
  <Group id="V-38479">
    <title xmlns:xhtml="http://www.w3.org/1999/xhtml" xml:lang="en">SRG-OS-000076</title>
    <description xmlns:xhtml="http://www.w3.org/1999/xhtml" xml:lang="en">&lt;GroupDescription&gt;&lt;/GroupDescription&gt;</description>
    <Rule id="SV-50279r1_rule" selected="true" weight="10.000000" severity="medium">
      <version>RHEL-06-000053</version>
      <title xmlns:xhtml="http://www.w3.org/1999/xhtml" xml:lang="en">User passwords must be changed at least every 60 days.</title>
      <description xmlns:xhtml="http://www.w3.org/1999/xhtml" xml:lang="en">&lt;VulnDiscussion&gt;Setting the password maximum age ensures users are required to periodically change their passwords. This could possibly decrease the utility of a stolen password. Requiring shorter password lifetimes increases the risk of users writing down the password in a convenient location subject to physical compromise.&lt;/VulnDiscussion&gt;&lt;FalsePositives&gt;&lt;/FalsePositives&gt;&lt;FalseNegatives&gt;&lt;/FalseNegatives&gt;&lt;Documentable&gt;false&lt;/Documentable&gt;&lt;Mitigations&gt;&lt;/Mitigations&gt;&lt;SeverityOverrideGuidance&gt;&lt;/SeverityOverrideGuidance&gt;&lt;PotentialImpacts&gt;&lt;/PotentialImpacts&gt;&lt;ThirdPartyTools&gt;&lt;/ThirdPartyTools&gt;&lt;MitigationControl&gt;&lt;/MitigationControl&gt;&lt;Responsibility&gt;&lt;/Responsibility&gt;&lt;IAControls&gt;&lt;/IAControls&gt;</description>
      <reference xmlns:dc="http://purl.org/dc/elements/1.1/">
        <dc:title>DPMS Target Red Hat 6</dc:title>
        <dc:subject>Red Hat 6</dc:subject>
        <dc:publisher>DISA FSO</dc:publisher>
        <dc:type>DPMS Target</dc:type>
        <dc:identifier>2367</dc:identifier>
      </reference>
      <ident system="http://cce.mitre.org">CCE-26985-2</ident>
      <ident system="http://iase.disa.mil/cci">CCI-000199</ident>
      <fixtext xmlns:xhtml="http://www.w3.org/1999/xhtml" xml:lang="en" override="false" fixref="F-43424r1_fix">To specify password maximum age for new accounts, edit the file "/etc/login.defs" and add or correct the following line, replacing [DAYS] appropriately: 

PASS_MAX_DAYS [DAYS]

The DoD requirement is 60.</fixtext>
      <fix xmlns:xhtml="http://www.w3.org/1999/xhtml" id="F-43424r1_fix"/>
      <check system="http://oval.mitre.org/XMLSchema/oval-definitions-5">
        <check-export export-name="oval:mil.disa.fso.redhat.rhel6:var:3270" value-id="var_accounts_maximum_age_login_defs"/>
        <check-content-ref name="oval:mil.disa.fso.redhat.rhel6:def:617" href="U_RedHat_6_V1R6_STIG_SCAP_1-1_Benchmark-oval.xml"/>
      </check>
    </Rule>
  </Group>
  <Group id="V-38480">
    <title xmlns:xhtml="http://www.w3.org/1999/xhtml" xml:lang="en">SRG-OS-999999</title>
    <description xmlns:xhtml="http://www.w3.org/1999/xhtml" xml:lang="en">&lt;GroupDescription&gt;&lt;/GroupDescription&gt;</description>
    <Rule id="SV-50280r1_rule" selected="true" weight="10.000000" severity="low">
      <version>RHEL-06-000054</version>
      <title xmlns:xhtml="http://www.w3.org/1999/xhtml" xml:lang="en">Users must be warned 7 days in advance of password expiration.</title>
      <description xmlns:xhtml="http://www.w3.org/1999/xhtml" xml:lang="en">&lt;VulnDiscussion&gt;Setting the password warning age enables users to make the change at a practical time.&lt;/VulnDiscussion&gt;&lt;FalsePositives&gt;&lt;/FalsePositives&gt;&lt;FalseNegatives&gt;&lt;/FalseNegatives&gt;&lt;Documentable&gt;false&lt;/Documentable&gt;&lt;Mitigations&gt;&lt;/Mitigations&gt;&lt;SeverityOverrideGuidance&gt;&lt;/SeverityOverrideGuidance&gt;&lt;PotentialImpacts&gt;&lt;/PotentialImpacts&gt;&lt;ThirdPartyTools&gt;&lt;/ThirdPartyTools&gt;&lt;MitigationControl&gt;&lt;/MitigationControl&gt;&lt;Responsibility&gt;&lt;/Responsibility&gt;&lt;IAControls&gt;&lt;/IAControls&gt;</description>
      <reference xmlns:dc="http://purl.org/dc/elements/1.1/">
        <dc:title>DPMS Target Red Hat 6</dc:title>
        <dc:subject>Red Hat 6</dc:subject>
        <dc:publisher>DISA FSO</dc:publisher>
        <dc:type>DPMS Target</dc:type>
        <dc:identifier>2367</dc:identifier>
      </reference>
      <ident system="http://cce.mitre.org">CCE-26988-6</ident>
      <ident system="http://iase.disa.mil/cci">CCI-000366</ident>
      <fixtext xmlns:xhtml="http://www.w3.org/1999/xhtml" xml:lang="en" override="false" fixref="F-43425r1_fix">To specify how many days prior to password expiration that a warning will be issued to users, edit the file "/etc/login.defs" and add or correct the following line, replacing [DAYS] appropriately: 

PASS_WARN_AGE [DAYS]

The DoD requirement is 7.</fixtext>
      <fix xmlns:xhtml="http://www.w3.org/1999/xhtml" id="F-43425r1_fix"/>
      <check system="http://oval.mitre.org/XMLSchema/oval-definitions-5">
        <check-export export-name="oval:mil.disa.fso.redhat.rhel6:var:3272" value-id="var_accounts_password_warn_age_login_defs"/>
        <check-content-ref name="oval:mil.disa.fso.redhat.rhel6:def:651" href="U_RedHat_6_V1R6_STIG_SCAP_1-1_Benchmark-oval.xml"/>
      </check>
    </Rule>
  </Group>
  <Group id="V-38482">
    <title xmlns:xhtml="http://www.w3.org/1999/xhtml" xml:lang="en">SRG-OS-000071</title>
    <description xmlns:xhtml="http://www.w3.org/1999/xhtml" xml:lang="en">&lt;GroupDescription&gt;&lt;/GroupDescription&gt;</description>
    <Rule id="SV-50282r1_rule" selected="true" weight="10.000000" severity="low">
      <version>RHEL-06-000056</version>
      <title xmlns:xhtml="http://www.w3.org/1999/xhtml" xml:lang="en">The system must require passwords to contain at least one numeric character.</title>
      <description xmlns:xhtml="http://www.w3.org/1999/xhtml" xml:lang="en">&lt;VulnDiscussion&gt;Requiring digits makes password guessing attacks more difficult by ensuring a larger search space.&lt;/VulnDiscussion&gt;&lt;FalsePositives&gt;&lt;/FalsePositives&gt;&lt;FalseNegatives&gt;&lt;/FalseNegatives&gt;&lt;Documentable&gt;false&lt;/Documentable&gt;&lt;Mitigations&gt;&lt;/Mitigations&gt;&lt;SeverityOverrideGuidance&gt;&lt;/SeverityOverrideGuidance&gt;&lt;PotentialImpacts&gt;&lt;/PotentialImpacts&gt;&lt;ThirdPartyTools&gt;&lt;/ThirdPartyTools&gt;&lt;MitigationControl&gt;&lt;/MitigationControl&gt;&lt;Responsibility&gt;&lt;/Responsibility&gt;&lt;IAControls&gt;&lt;/IAControls&gt;</description>
      <reference xmlns:dc="http://purl.org/dc/elements/1.1/">
        <dc:title>DPMS Target Red Hat 6</dc:title>
        <dc:subject>Red Hat 6</dc:subject>
        <dc:publisher>DISA FSO</dc:publisher>
        <dc:type>DPMS Target</dc:type>
        <dc:identifier>2367</dc:identifier>
      </reference>
      <ident system="http://cce.mitre.org">CCE-26374-9</ident>
      <ident system="http://iase.disa.mil/cci">CCI-000194</ident>
      <fixtext xmlns:xhtml="http://www.w3.org/1999/xhtml" xml:lang="en" override="false" fixref="F-43427r1_fix">The pam_cracklib module's "dcredit" parameter controls requirements for usage of digits in a password. When set to a negative number, any password will be required to contain that many digits. When set to a positive number, pam_cracklib will grant +1 additional length credit for each digit. Add "dcredit=-1" after pam_cracklib.so to require use of a digit in passwords.</fixtext>
      <fix xmlns:xhtml="http://www.w3.org/1999/xhtml" id="F-43427r1_fix"/>
      <check system="http://oval.mitre.org/XMLSchema/oval-definitions-5">
        <check-export export-name="oval:mil.disa.fso.redhat.rhel6:var:2118" value-id="var_password_pam_cracklib_dcredit"/>
        <check-content-ref name="oval:mil.disa.fso.redhat.rhel6:def:453" href="U_RedHat_6_V1R6_STIG_SCAP_1-1_Benchmark-oval.xml"/>
      </check>
    </Rule>
  </Group>
  <Group id="V-38483">
    <title xmlns:xhtml="http://www.w3.org/1999/xhtml" xml:lang="en">SRG-OS-000103</title>
    <description xmlns:xhtml="http://www.w3.org/1999/xhtml" xml:lang="en">&lt;GroupDescription&gt;&lt;/GroupDescription&gt;</description>
    <Rule id="SV-50283r1_rule" selected="true" weight="10.000000" severity="medium">
      <version>RHEL-06-000013</version>
      <title xmlns:xhtml="http://www.w3.org/1999/xhtml" xml:lang="en">The system package management tool must cryptographically verify the authenticity of system software packages during installation.</title>
      <description xmlns:xhtml="http://www.w3.org/1999/xhtml" xml:lang="en">&lt;VulnDiscussion&gt;Ensuring the validity of packages' cryptographic signatures prior to installation ensures the provenance of the software and protects against malicious tampering.&lt;/VulnDiscussion&gt;&lt;FalsePositives&gt;&lt;/FalsePositives&gt;&lt;FalseNegatives&gt;&lt;/FalseNegatives&gt;&lt;Documentable&gt;false&lt;/Documentable&gt;&lt;Mitigations&gt;&lt;/Mitigations&gt;&lt;SeverityOverrideGuidance&gt;&lt;/SeverityOverrideGuidance&gt;&lt;PotentialImpacts&gt;&lt;/PotentialImpacts&gt;&lt;ThirdPartyTools&gt;&lt;/ThirdPartyTools&gt;&lt;MitigationControl&gt;&lt;/MitigationControl&gt;&lt;Responsibility&gt;&lt;/Responsibility&gt;&lt;IAControls&gt;&lt;/IAControls&gt;</description>
      <reference xmlns:dc="http://purl.org/dc/elements/1.1/">
        <dc:title>DPMS Target Red Hat 6</dc:title>
        <dc:subject>Red Hat 6</dc:subject>
        <dc:publisher>DISA FSO</dc:publisher>
        <dc:type>DPMS Target</dc:type>
        <dc:identifier>2367</dc:identifier>
      </reference>
      <ident system="http://cce.mitre.org">CCE-26709-6</ident>
      <ident system="http://iase.disa.mil/cci">CCI-000663</ident>
      <fixtext xmlns:xhtml="http://www.w3.org/1999/xhtml" xml:lang="en" override="false" fixref="F-43429r1_fix">The "gpgcheck" option should be used to ensure checking of an RPM package's signature always occurs prior to its installation. To configure yum to check package signatures before installing them, ensure the following line appears in "/etc/yum.conf" in the "[main]" section: 

gpgcheck=1</fixtext>
      <fix xmlns:xhtml="http://www.w3.org/1999/xhtml" id="F-43429r1_fix"/>
      <check system="http://oval.mitre.org/XMLSchema/oval-definitions-5">
        <check-content-ref name="oval:mil.disa.fso.redhat.rhel6:def:937" href="U_RedHat_6_V1R6_STIG_SCAP_1-1_Benchmark-oval.xml"/>
      </check>
    </Rule>
  </Group>
  <Group id="V-38487">
    <title xmlns:xhtml="http://www.w3.org/1999/xhtml" xml:lang="en">SRG-OS-000103</title>
    <description xmlns:xhtml="http://www.w3.org/1999/xhtml" xml:lang="en">&lt;GroupDescription&gt;&lt;/GroupDescription&gt;</description>
    <Rule id="SV-50288r1_rule" selected="true" weight="10.000000" severity="low">
      <version>RHEL-06-000015</version>
      <title xmlns:xhtml="http://www.w3.org/1999/xhtml" xml:lang="en">The system package management tool must cryptographically verify the authenticity of all software packages during installation.</title>
      <description xmlns:xhtml="http://www.w3.org/1999/xhtml" xml:lang="en">&lt;VulnDiscussion&gt;Ensuring all packages' cryptographic signatures are valid prior to installation ensures the provenance of the software and protects against malicious tampering.&lt;/VulnDiscussion&gt;&lt;FalsePositives&gt;&lt;/FalsePositives&gt;&lt;FalseNegatives&gt;&lt;/FalseNegatives&gt;&lt;Documentable&gt;false&lt;/Documentable&gt;&lt;Mitigations&gt;&lt;/Mitigations&gt;&lt;SeverityOverrideGuidance&gt;&lt;/SeverityOverrideGuidance&gt;&lt;PotentialImpacts&gt;&lt;/PotentialImpacts&gt;&lt;ThirdPartyTools&gt;&lt;/ThirdPartyTools&gt;&lt;MitigationControl&gt;&lt;/MitigationControl&gt;&lt;Responsibility&gt;&lt;/Responsibility&gt;&lt;IAControls&gt;&lt;/IAControls&gt;</description>
      <reference xmlns:dc="http://purl.org/dc/elements/1.1/">
        <dc:title>DPMS Target Red Hat 6</dc:title>
        <dc:subject>Red Hat 6</dc:subject>
        <dc:publisher>DISA FSO</dc:publisher>
        <dc:type>DPMS Target</dc:type>
        <dc:identifier>2367</dc:identifier>
      </reference>
      <ident system="http://cce.mitre.org">CCE-26647-8</ident>
      <ident system="http://iase.disa.mil/cci">CCI-000663</ident>
      <fixtext xmlns:xhtml="http://www.w3.org/1999/xhtml" xml:lang="en" override="false" fixref="F-43433r1_fix">To ensure signature checking is not disabled for any repos, remove any lines from files in "/etc/yum.repos.d" of the form: 

gpgcheck=0</fixtext>
      <fix xmlns:xhtml="http://www.w3.org/1999/xhtml" id="F-43433r1_fix"/>
      <check system="http://oval.mitre.org/XMLSchema/oval-definitions-5">
        <check-content-ref name="oval:mil.disa.fso.redhat.rhel6:def:3042" href="U_RedHat_6_V1R6_STIG_SCAP_1-1_Benchmark-oval.xml"/>
      </check>
    </Rule>
  </Group>
  <Group id="V-38489">
    <title xmlns:xhtml="http://www.w3.org/1999/xhtml" xml:lang="en">SRG-OS-000232</title>
    <description xmlns:xhtml="http://www.w3.org/1999/xhtml" xml:lang="en">&lt;GroupDescription&gt;&lt;/GroupDescription&gt;</description>
    <Rule id="SV-50290r1_rule" selected="true" weight="10.000000" severity="medium">
      <version>RHEL-06-000016</version>
      <title xmlns:xhtml="http://www.w3.org/1999/xhtml" xml:lang="en">A file integrity tool must be installed.</title>
      <description xmlns:xhtml="http://www.w3.org/1999/xhtml" xml:lang="en">&lt;VulnDiscussion&gt;The AIDE package must be installed if it is to be available for integrity checking.&lt;/VulnDiscussion&gt;&lt;FalsePositives&gt;&lt;/FalsePositives&gt;&lt;FalseNegatives&gt;&lt;/FalseNegatives&gt;&lt;Documentable&gt;false&lt;/Documentable&gt;&lt;Mitigations&gt;&lt;/Mitigations&gt;&lt;SeverityOverrideGuidance&gt;&lt;/SeverityOverrideGuidance&gt;&lt;PotentialImpacts&gt;&lt;/PotentialImpacts&gt;&lt;ThirdPartyTools&gt;&lt;/ThirdPartyTools&gt;&lt;MitigationControl&gt;&lt;/MitigationControl&gt;&lt;Responsibility&gt;&lt;/Responsibility&gt;&lt;IAControls&gt;&lt;/IAControls&gt;</description>
      <reference xmlns:dc="http://purl.org/dc/elements/1.1/">
        <dc:title>DPMS Target Red Hat 6</dc:title>
        <dc:subject>Red Hat 6</dc:subject>
        <dc:publisher>DISA FSO</dc:publisher>
        <dc:type>DPMS Target</dc:type>
        <dc:identifier>2367</dc:identifier>
      </reference>
      <ident system="http://cce.mitre.org">CCE-27024-9</ident>
      <ident system="http://iase.disa.mil/cci">CCI-001069</ident>
      <fixtext xmlns:xhtml="http://www.w3.org/1999/xhtml" xml:lang="en" override="false" fixref="F-43436r1_fix">Install the AIDE package with the command: 

# yum install aide</fixtext>
      <fix xmlns:xhtml="http://www.w3.org/1999/xhtml" id="F-43436r1_fix"/>
      <check system="http://oval.mitre.org/XMLSchema/oval-definitions-5">
        <check-content-ref name="oval:mil.disa.fso.redhat.rhel6:def:971" href="U_RedHat_6_V1R6_STIG_SCAP_1-1_Benchmark-oval.xml"/>
      </check>
    </Rule>
  </Group>
  <Group id="V-38490">
    <title xmlns:xhtml="http://www.w3.org/1999/xhtml" xml:lang="en">SRG-OS-000273</title>
    <description xmlns:xhtml="http://www.w3.org/1999/xhtml" xml:lang="en">&lt;GroupDescription&gt;&lt;/GroupDescription&gt;</description>
    <Rule id="SV-50291r2_rule" selected="true" weight="10.000000" severity="medium">
      <version>RHEL-06-000503</version>
      <title xmlns:xhtml="http://www.w3.org/1999/xhtml" xml:lang="en">The operating system must enforce requirements for the connection of mobile devices to operating systems.</title>
      <description xmlns:xhtml="http://www.w3.org/1999/xhtml" xml:lang="en">&lt;VulnDiscussion&gt;USB storage devices such as thumb drives can be used to introduce unauthorized software and other vulnerabilities. Support for these devices should be disabled and the devices themselves should be tightly controlled.&lt;/VulnDiscussion&gt;&lt;FalsePositives&gt;&lt;/FalsePositives&gt;&lt;FalseNegatives&gt;&lt;/FalseNegatives&gt;&lt;Documentable&gt;false&lt;/Documentable&gt;&lt;Mitigations&gt;&lt;/Mitigations&gt;&lt;SeverityOverrideGuidance&gt;&lt;/SeverityOverrideGuidance&gt;&lt;PotentialImpacts&gt;&lt;/PotentialImpacts&gt;&lt;ThirdPartyTools&gt;&lt;/ThirdPartyTools&gt;&lt;MitigationControl&gt;&lt;/MitigationControl&gt;&lt;Responsibility&gt;&lt;/Responsibility&gt;&lt;IAControls&gt;&lt;/IAControls&gt;</description>
      <reference xmlns:dc="http://purl.org/dc/elements/1.1/">
        <dc:title>DPMS Target Red Hat 6</dc:title>
        <dc:subject>Red Hat 6</dc:subject>
        <dc:publisher>DISA FSO</dc:publisher>
        <dc:type>DPMS Target</dc:type>
        <dc:identifier>2367</dc:identifier>
      </reference>
      <ident system="http://cce.mitre.org">CCE-27016-5</ident>
      <fixtext xmlns:xhtml="http://www.w3.org/1999/xhtml" xml:lang="en" override="false" fixref="F-43437r2_fix">To prevent USB storage devices from being used, configure the kernel module loading system to prevent automatic loading of the USB storage driver. To configure the system to prevent the "usb-storage" kernel module from being loaded, add the following line to a file in the directory "/etc/modprobe.d": 

install usb-storage /bin/false

This will prevent the "modprobe" program from loading the "usb-storage" module, but will not prevent an administrator (or another program) from using the "insmod" program to load the module manually.</fixtext>
      <fix xmlns:xhtml="http://www.w3.org/1999/xhtml" id="F-43437r2_fix"/>
      <check system="http://oval.mitre.org/XMLSchema/oval-definitions-5">
        <check-content-ref name="oval:mil.disa.fso.redhat.rhel6:def:960" href="U_RedHat_6_V1R6_STIG_SCAP_1-1_Benchmark-oval.xml"/>
      </check>
    </Rule>
  </Group>
  <Group id="V-38491">
    <title xmlns:xhtml="http://www.w3.org/1999/xhtml" xml:lang="en">SRG-OS-000248</title>
    <description xmlns:xhtml="http://www.w3.org/1999/xhtml" xml:lang="en">&lt;GroupDescription&gt;&lt;/GroupDescription&gt;</description>
    <Rule id="SV-50292r1_rule" selected="true" weight="10.000000" severity="high">
      <version>RHEL-06-000019</version>
      <title xmlns:xhtml="http://www.w3.org/1999/xhtml" xml:lang="en">There must be no .rhosts or hosts.equiv files on the system.</title>
      <description xmlns:xhtml="http://www.w3.org/1999/xhtml" xml:lang="en">&lt;VulnDiscussion&gt;Trust files are convenient, but when used in conjunction with the R-services, they can allow unauthenticated access to a system.&lt;/VulnDiscussion&gt;&lt;FalsePositives&gt;&lt;/FalsePositives&gt;&lt;FalseNegatives&gt;&lt;/FalseNegatives&gt;&lt;Documentable&gt;false&lt;/Documentable&gt;&lt;Mitigations&gt;&lt;/Mitigations&gt;&lt;SeverityOverrideGuidance&gt;&lt;/SeverityOverrideGuidance&gt;&lt;PotentialImpacts&gt;&lt;/PotentialImpacts&gt;&lt;ThirdPartyTools&gt;&lt;/ThirdPartyTools&gt;&lt;MitigationControl&gt;&lt;/MitigationControl&gt;&lt;Responsibility&gt;&lt;/Responsibility&gt;&lt;IAControls&gt;&lt;/IAControls&gt;</description>
      <reference xmlns:dc="http://purl.org/dc/elements/1.1/">
        <dc:title>DPMS Target Red Hat 6</dc:title>
        <dc:subject>Red Hat 6</dc:subject>
        <dc:publisher>DISA FSO</dc:publisher>
        <dc:type>DPMS Target</dc:type>
        <dc:identifier>2367</dc:identifier>
      </reference>
      <ident system="http://cce.mitre.org">CCE-27270-8</ident>
      <ident system="http://iase.disa.mil/cci">CCI-001436</ident>
      <fixtext xmlns:xhtml="http://www.w3.org/1999/xhtml" xml:lang="en" override="false" fixref="F-43438r1_fix">The files "/etc/hosts.equiv" and "~/.rhosts" (in each user's home directory) list remote hosts and users that are trusted by the local system when using the rshd daemon. To remove these files, run the following command to delete them from any location. 

# rm /etc/hosts.equiv



$ rm ~/.rhosts</fixtext>
      <fix xmlns:xhtml="http://www.w3.org/1999/xhtml" id="F-43438r1_fix"/>
      <check system="http://oval.mitre.org/XMLSchema/oval-definitions-5">
        <check-content-ref name="oval:mil.disa.fso.redhat.rhel6:def:301" href="U_RedHat_6_V1R6_STIG_SCAP_1-1_Benchmark-oval.xml"/>
      </check>
    </Rule>
  </Group>
  <Group id="V-38492">
    <title xmlns:xhtml="http://www.w3.org/1999/xhtml" xml:lang="en">SRG-OS-000109</title>
    <description xmlns:xhtml="http://www.w3.org/1999/xhtml" xml:lang="en">&lt;GroupDescription&gt;&lt;/GroupDescription&gt;</description>
    <Rule id="SV-50293r1_rule" selected="true" weight="10.000000" severity="medium">
      <version>RHEL-06-000027</version>
      <title xmlns:xhtml="http://www.w3.org/1999/xhtml" xml:lang="en">The system must prevent the root account from logging in from virtual consoles.</title>
      <description xmlns:xhtml="http://www.w3.org/1999/xhtml" xml:lang="en">&lt;VulnDiscussion&gt;Preventing direct root login to virtual console devices helps ensure accountability for actions taken on the system using the root account. &lt;/VulnDiscussion&gt;&lt;FalsePositives&gt;&lt;/FalsePositives&gt;&lt;FalseNegatives&gt;&lt;/FalseNegatives&gt;&lt;Documentable&gt;false&lt;/Documentable&gt;&lt;Mitigations&gt;&lt;/Mitigations&gt;&lt;SeverityOverrideGuidance&gt;&lt;/SeverityOverrideGuidance&gt;&lt;PotentialImpacts&gt;&lt;/PotentialImpacts&gt;&lt;ThirdPartyTools&gt;&lt;/ThirdPartyTools&gt;&lt;MitigationControl&gt;&lt;/MitigationControl&gt;&lt;Responsibility&gt;&lt;/Responsibility&gt;&lt;IAControls&gt;&lt;/IAControls&gt;</description>
      <reference xmlns:dc="http://purl.org/dc/elements/1.1/">
        <dc:title>DPMS Target Red Hat 6</dc:title>
        <dc:subject>Red Hat 6</dc:subject>
        <dc:publisher>DISA FSO</dc:publisher>
        <dc:type>DPMS Target</dc:type>
        <dc:identifier>2367</dc:identifier>
      </reference>
      <ident system="http://cce.mitre.org">CCE-26855-7</ident>
      <ident system="http://iase.disa.mil/cci">CCI-000770</ident>
      <fixtext xmlns:xhtml="http://www.w3.org/1999/xhtml" xml:lang="en" override="false" fixref="F-43439r2_fix">To restrict root logins through the (deprecated) virtual console devices, ensure lines of this form do not appear in "/etc/securetty": 

vc/1
vc/2
vc/3
vc/4

Note:  Virtual console entries are not limited to those listed above.  Any lines starting with "vc/" followed by numerals should be removed.</fixtext>
      <fix xmlns:xhtml="http://www.w3.org/1999/xhtml" id="F-43439r2_fix"/>
      <check system="http://oval.mitre.org/XMLSchema/oval-definitions-5">
        <check-content-ref name="oval:mil.disa.fso.redhat.rhel6:def:644" href="U_RedHat_6_V1R6_STIG_SCAP_1-1_Benchmark-oval.xml"/>
      </check>
    </Rule>
  </Group>
  <Group id="V-38494">
    <title xmlns:xhtml="http://www.w3.org/1999/xhtml" xml:lang="en">SRG-OS-000109</title>
    <description xmlns:xhtml="http://www.w3.org/1999/xhtml" xml:lang="en">&lt;GroupDescription&gt;&lt;/GroupDescription&gt;</description>
    <Rule id="SV-50295r1_rule" selected="true" weight="10.000000" severity="low">
      <version>RHEL-06-000028</version>
      <title xmlns:xhtml="http://www.w3.org/1999/xhtml" xml:lang="en">The system must prevent the root account from logging in from serial consoles.</title>
      <description xmlns:xhtml="http://www.w3.org/1999/xhtml" xml:lang="en">&lt;VulnDiscussion&gt;Preventing direct root login to serial port interfaces helps ensure accountability for actions taken on the systems using the root account.&lt;/VulnDiscussion&gt;&lt;FalsePositives&gt;&lt;/FalsePositives&gt;&lt;FalseNegatives&gt;&lt;/FalseNegatives&gt;&lt;Documentable&gt;false&lt;/Documentable&gt;&lt;Mitigations&gt;&lt;/Mitigations&gt;&lt;SeverityOverrideGuidance&gt;&lt;/SeverityOverrideGuidance&gt;&lt;PotentialImpacts&gt;&lt;/PotentialImpacts&gt;&lt;ThirdPartyTools&gt;&lt;/ThirdPartyTools&gt;&lt;MitigationControl&gt;&lt;/MitigationControl&gt;&lt;Responsibility&gt;&lt;/Responsibility&gt;&lt;IAControls&gt;&lt;/IAControls&gt;</description>
      <reference xmlns:dc="http://purl.org/dc/elements/1.1/">
        <dc:title>DPMS Target Red Hat 6</dc:title>
        <dc:subject>Red Hat 6</dc:subject>
        <dc:publisher>DISA FSO</dc:publisher>
        <dc:type>DPMS Target</dc:type>
        <dc:identifier>2367</dc:identifier>
      </reference>
      <ident system="http://cce.mitre.org">CCE-27047-0</ident>
      <ident system="http://iase.disa.mil/cci">CCI-000770</ident>
      <fixtext xmlns:xhtml="http://www.w3.org/1999/xhtml" xml:lang="en" override="false" fixref="F-43441r1_fix">To restrict root logins on serial ports, ensure lines of this form do not appear in "/etc/securetty": 

ttyS0
ttyS1

Note:  Serial port entries are not limited to those listed above.  Any lines starting with "ttyS" followed by numerals should be removed</fixtext>
      <fix xmlns:xhtml="http://www.w3.org/1999/xhtml" id="F-43441r1_fix"/>
      <check system="http://oval.mitre.org/XMLSchema/oval-definitions-5">
        <check-content-ref name="oval:mil.disa.fso.redhat.rhel6:def:510" href="U_RedHat_6_V1R6_STIG_SCAP_1-1_Benchmark-oval.xml"/>
      </check>
    </Rule>
  </Group>
  <Group id="V-38495">
    <title xmlns:xhtml="http://www.w3.org/1999/xhtml" xml:lang="en">SRG-OS-000057</title>
    <description xmlns:xhtml="http://www.w3.org/1999/xhtml" xml:lang="en">&lt;GroupDescription&gt;&lt;/GroupDescription&gt;</description>
    <Rule id="SV-50296r1_rule" selected="true" weight="10.000000" severity="medium">
      <version>RHEL-06-000384</version>
      <title xmlns:xhtml="http://www.w3.org/1999/xhtml" xml:lang="en">Audit log files must be owned by root.</title>
      <description xmlns:xhtml="http://www.w3.org/1999/xhtml" xml:lang="en">&lt;VulnDiscussion&gt;If non-privileged users can write to audit logs, audit trails can be modified or destroyed.&lt;/VulnDiscussion&gt;&lt;FalsePositives&gt;&lt;/FalsePositives&gt;&lt;FalseNegatives&gt;&lt;/FalseNegatives&gt;&lt;Documentable&gt;false&lt;/Documentable&gt;&lt;Mitigations&gt;&lt;/Mitigations&gt;&lt;SeverityOverrideGuidance&gt;&lt;/SeverityOverrideGuidance&gt;&lt;PotentialImpacts&gt;&lt;/PotentialImpacts&gt;&lt;ThirdPartyTools&gt;&lt;/ThirdPartyTools&gt;&lt;MitigationControl&gt;&lt;/MitigationControl&gt;&lt;Responsibility&gt;&lt;/Responsibility&gt;&lt;IAControls&gt;&lt;/IAControls&gt;</description>
      <reference xmlns:dc="http://purl.org/dc/elements/1.1/">
        <dc:title>DPMS Target Red Hat 6</dc:title>
        <dc:subject>Red Hat 6</dc:subject>
        <dc:publisher>DISA FSO</dc:publisher>
        <dc:type>DPMS Target</dc:type>
        <dc:identifier>2367</dc:identifier>
      </reference>
      <ident system="http://cce.mitre.org">CCE-27244-3</ident>
      <ident system="http://iase.disa.mil/cci">CCI-000162</ident>
      <fixtext xmlns:xhtml="http://www.w3.org/1999/xhtml" xml:lang="en" override="false" fixref="F-43443r1_fix">Change the owner of the audit log files with the following command: 

# chown root [audit_file]</fixtext>
      <fix xmlns:xhtml="http://www.w3.org/1999/xhtml" id="F-43443r1_fix"/>
      <check system="http://oval.mitre.org/XMLSchema/oval-definitions-5">
        <check-content-ref name="oval:mil.disa.fso.redhat.rhel6:def:773" href="U_RedHat_6_V1R6_STIG_SCAP_1-1_Benchmark-oval.xml"/>
      </check>
    </Rule>
  </Group>
  <Group id="V-38497">
    <title xmlns:xhtml="http://www.w3.org/1999/xhtml" xml:lang="en">SRG-OS-999999</title>
    <description xmlns:xhtml="http://www.w3.org/1999/xhtml" xml:lang="en">&lt;GroupDescription&gt;&lt;/GroupDescription&gt;</description>
    <Rule id="SV-50298r2_rule" selected="true" weight="10.000000" severity="high">
      <version>RHEL-06-000030</version>
      <title xmlns:xhtml="http://www.w3.org/1999/xhtml" xml:lang="en">The system must not have accounts configured with blank or null passwords.</title>
      <description xmlns:xhtml="http://www.w3.org/1999/xhtml" xml:lang="en">&lt;VulnDiscussion&gt;If an account has an empty password, anyone could log in and run commands with the privileges of that account. Accounts with empty passwords should never be used in operational environments.&lt;/VulnDiscussion&gt;&lt;FalsePositives&gt;&lt;/FalsePositives&gt;&lt;FalseNegatives&gt;&lt;/FalseNegatives&gt;&lt;Documentable&gt;false&lt;/Documentable&gt;&lt;Mitigations&gt;&lt;/Mitigations&gt;&lt;SeverityOverrideGuidance&gt;&lt;/SeverityOverrideGuidance&gt;&lt;PotentialImpacts&gt;&lt;/PotentialImpacts&gt;&lt;ThirdPartyTools&gt;&lt;/ThirdPartyTools&gt;&lt;MitigationControl&gt;&lt;/MitigationControl&gt;&lt;Responsibility&gt;&lt;/Responsibility&gt;&lt;IAControls&gt;&lt;/IAControls&gt;</description>
      <reference xmlns:dc="http://purl.org/dc/elements/1.1/">
        <dc:title>DPMS Target Red Hat 6</dc:title>
        <dc:subject>Red Hat 6</dc:subject>
        <dc:publisher>DISA FSO</dc:publisher>
        <dc:type>DPMS Target</dc:type>
        <dc:identifier>2367</dc:identifier>
      </reference>
      <ident system="http://cce.mitre.org">CCE-27038-9</ident>
      <ident system="http://iase.disa.mil/cci">CCI-000366</ident>
      <fixtext xmlns:xhtml="http://www.w3.org/1999/xhtml" xml:lang="en" override="false" fixref="F-43444r4_fix">If an account is configured for password authentication but does not have an assigned password, it may be possible to log onto the account without authentication. Remove any instances of the "nullok" option in "/etc/pam.d/system-auth" to prevent logons with empty passwords.</fixtext>
      <fix xmlns:xhtml="http://www.w3.org/1999/xhtml" id="F-43444r4_fix"/>
      <check system="http://oval.mitre.org/XMLSchema/oval-definitions-5">
        <check-content-ref name="oval:mil.disa.fso.redhat.rhel6:def:2996" href="U_RedHat_6_V1R6_STIG_SCAP_1-1_Benchmark-oval.xml"/>
      </check>
    </Rule>
  </Group>
  <Group id="V-38498">
    <title xmlns:xhtml="http://www.w3.org/1999/xhtml" xml:lang="en">SRG-OS-000058</title>
    <description xmlns:xhtml="http://www.w3.org/1999/xhtml" xml:lang="en">&lt;GroupDescription&gt;&lt;/GroupDescription&gt;</description>
    <Rule id="SV-50299r1_rule" selected="true" weight="10.000000" severity="medium">
      <version>RHEL-06-000383</version>
      <title xmlns:xhtml="http://www.w3.org/1999/xhtml" xml:lang="en">Audit log files must have mode 0640 or less permissive.</title>
      <description xmlns:xhtml="http://www.w3.org/1999/xhtml" xml:lang="en">&lt;VulnDiscussion&gt;If users can write to audit logs, audit trails can be modified or destroyed.&lt;/VulnDiscussion&gt;&lt;FalsePositives&gt;&lt;/FalsePositives&gt;&lt;FalseNegatives&gt;&lt;/FalseNegatives&gt;&lt;Documentable&gt;false&lt;/Documentable&gt;&lt;Mitigations&gt;&lt;/Mitigations&gt;&lt;SeverityOverrideGuidance&gt;&lt;/SeverityOverrideGuidance&gt;&lt;PotentialImpacts&gt;&lt;/PotentialImpacts&gt;&lt;ThirdPartyTools&gt;&lt;/ThirdPartyTools&gt;&lt;MitigationControl&gt;&lt;/MitigationControl&gt;&lt;Responsibility&gt;&lt;/Responsibility&gt;&lt;IAControls&gt;&lt;/IAControls&gt;</description>
      <reference xmlns:dc="http://purl.org/dc/elements/1.1/">
        <dc:title>DPMS Target Red Hat 6</dc:title>
        <dc:subject>Red Hat 6</dc:subject>
        <dc:publisher>DISA FSO</dc:publisher>
        <dc:type>DPMS Target</dc:type>
        <dc:identifier>2367</dc:identifier>
      </reference>
      <ident system="http://cce.mitre.org">CCE-27243-5</ident>
      <ident system="http://iase.disa.mil/cci">CCI-000163</ident>
      <fixtext xmlns:xhtml="http://www.w3.org/1999/xhtml" xml:lang="en" override="false" fixref="F-43445r1_fix">Change the mode of the audit log files with the following command: 

# chmod 0640 [audit_file]</fixtext>
      <fix xmlns:xhtml="http://www.w3.org/1999/xhtml" id="F-43445r1_fix"/>
      <check system="http://oval.mitre.org/XMLSchema/oval-definitions-5">
        <check-content-ref name="oval:mil.disa.fso.redhat.rhel6:def:1143" href="U_RedHat_6_V1R6_STIG_SCAP_1-1_Benchmark-oval.xml"/>
      </check>
    </Rule>
  </Group>
  <Group id="V-38499">
    <title xmlns:xhtml="http://www.w3.org/1999/xhtml" xml:lang="en">SRG-OS-999999</title>
    <description xmlns:xhtml="http://www.w3.org/1999/xhtml" xml:lang="en">&lt;GroupDescription&gt;&lt;/GroupDescription&gt;</description>
    <Rule id="SV-50300r1_rule" selected="true" weight="10.000000" severity="medium">
      <version>RHEL-06-000031</version>
      <title xmlns:xhtml="http://www.w3.org/1999/xhtml" xml:lang="en">The /etc/passwd file must not contain password hashes.</title>
      <description xmlns:xhtml="http://www.w3.org/1999/xhtml" xml:lang="en">&lt;VulnDiscussion&gt;The hashes for all user account passwords should be stored in the file "/etc/shadow" and never in "/etc/passwd", which is readable by all users.&lt;/VulnDiscussion&gt;&lt;FalsePositives&gt;&lt;/FalsePositives&gt;&lt;FalseNegatives&gt;&lt;/FalseNegatives&gt;&lt;Documentable&gt;false&lt;/Documentable&gt;&lt;Mitigations&gt;&lt;/Mitigations&gt;&lt;SeverityOverrideGuidance&gt;&lt;/SeverityOverrideGuidance&gt;&lt;PotentialImpacts&gt;&lt;/PotentialImpacts&gt;&lt;ThirdPartyTools&gt;&lt;/ThirdPartyTools&gt;&lt;MitigationControl&gt;&lt;/MitigationControl&gt;&lt;Responsibility&gt;&lt;/Responsibility&gt;&lt;IAControls&gt;&lt;/IAControls&gt;</description>
      <reference xmlns:dc="http://purl.org/dc/elements/1.1/">
        <dc:title>DPMS Target Red Hat 6</dc:title>
        <dc:subject>Red Hat 6</dc:subject>
        <dc:publisher>DISA FSO</dc:publisher>
        <dc:type>DPMS Target</dc:type>
        <dc:identifier>2367</dc:identifier>
      </reference>
      <ident system="http://cce.mitre.org">CCE-26476-2</ident>
      <ident system="http://iase.disa.mil/cci">CCI-000366</ident>
      <fixtext xmlns:xhtml="http://www.w3.org/1999/xhtml" xml:lang="en" override="false" fixref="F-43446r1_fix">If any password hashes are stored in "/etc/passwd" (in the second field, instead of an "x"), the cause of this misconfiguration should be investigated. The account should have its password reset and the hash should be properly stored, or the account should be deleted entirely.</fixtext>
      <fix xmlns:xhtml="http://www.w3.org/1999/xhtml" id="F-43446r1_fix"/>
      <check system="http://oval.mitre.org/XMLSchema/oval-definitions-5">
        <check-content-ref name="oval:mil.disa.fso.redhat.rhel6:def:308" href="U_RedHat_6_V1R6_STIG_SCAP_1-1_Benchmark-oval.xml"/>
      </check>
    </Rule>
  </Group>
  <Group id="V-38500">
    <title xmlns:xhtml="http://www.w3.org/1999/xhtml" xml:lang="en">SRG-OS-999999</title>
    <description xmlns:xhtml="http://www.w3.org/1999/xhtml" xml:lang="en">&lt;GroupDescription&gt;&lt;/GroupDescription&gt;</description>
    <Rule id="SV-50301r2_rule" selected="true" weight="10.000000" severity="medium">
      <version>RHEL-06-000032</version>
      <title xmlns:xhtml="http://www.w3.org/1999/xhtml" xml:lang="en">The root account must be the only account having a UID of 0.</title>
      <description xmlns:xhtml="http://www.w3.org/1999/xhtml" xml:lang="en">&lt;VulnDiscussion&gt;An account has root authority if it has a UID of 0. Multiple accounts with a UID of 0 afford more opportunity for potential intruders to guess a password for a privileged account. Proper configuration of sudo is recommended to afford multiple system administrators access to root privileges in an accountable manner.&lt;/VulnDiscussion&gt;&lt;FalsePositives&gt;&lt;/FalsePositives&gt;&lt;FalseNegatives&gt;&lt;/FalseNegatives&gt;&lt;Documentable&gt;false&lt;/Documentable&gt;&lt;Mitigations&gt;&lt;/Mitigations&gt;&lt;SeverityOverrideGuidance&gt;&lt;/SeverityOverrideGuidance&gt;&lt;PotentialImpacts&gt;&lt;/PotentialImpacts&gt;&lt;ThirdPartyTools&gt;&lt;/ThirdPartyTools&gt;&lt;MitigationControl&gt;&lt;/MitigationControl&gt;&lt;Responsibility&gt;&lt;/Responsibility&gt;&lt;IAControls&gt;&lt;/IAControls&gt;</description>
      <reference xmlns:dc="http://purl.org/dc/elements/1.1/">
        <dc:title>DPMS Target Red Hat 6</dc:title>
        <dc:subject>Red Hat 6</dc:subject>
        <dc:publisher>DISA FSO</dc:publisher>
        <dc:type>DPMS Target</dc:type>
        <dc:identifier>2367</dc:identifier>
      </reference>
      <ident system="http://cce.mitre.org">CCE-26971-2</ident>
      <ident system="http://iase.disa.mil/cci">CCI-000366</ident>
      <fixtext xmlns:xhtml="http://www.w3.org/1999/xhtml" xml:lang="en" override="false" fixref="F-43447r1_fix">If any account other than root has a UID of 0, this misconfiguration should be investigated and the accounts other than root should be removed or have their UID changed.</fixtext>
      <fix xmlns:xhtml="http://www.w3.org/1999/xhtml" id="F-43447r1_fix"/>
      <check system="http://oval.mitre.org/XMLSchema/oval-definitions-5">
        <check-content-ref name="oval:mil.disa.fso.redhat.rhel6:def:926" href="U_RedHat_6_V1R6_STIG_SCAP_1-1_Benchmark-oval.xml"/>
      </check>
    </Rule>
  </Group>
  <Group id="V-38501">
    <title xmlns:xhtml="http://www.w3.org/1999/xhtml" xml:lang="en">SRG-OS-000249</title>
    <description xmlns:xhtml="http://www.w3.org/1999/xhtml" xml:lang="en">&lt;GroupDescription&gt;&lt;/GroupDescription&gt;</description>
    <Rule id="SV-50302r3_rule" selected="true" weight="10.000000" severity="medium">
      <version>RHEL-06-000357</version>
      <title xmlns:xhtml="http://www.w3.org/1999/xhtml" xml:lang="en">The system must disable accounts after excessive login failures within a 15-minute interval.</title>
      <description xmlns:xhtml="http://www.w3.org/1999/xhtml" xml:lang="en">&lt;VulnDiscussion&gt;Locking out user accounts after a number of incorrect attempts within a specific period of time prevents direct password guessing attacks.&lt;/VulnDiscussion&gt;&lt;FalsePositives&gt;&lt;/FalsePositives&gt;&lt;FalseNegatives&gt;&lt;/FalseNegatives&gt;&lt;Documentable&gt;false&lt;/Documentable&gt;&lt;Mitigations&gt;&lt;/Mitigations&gt;&lt;SeverityOverrideGuidance&gt;&lt;/SeverityOverrideGuidance&gt;&lt;PotentialImpacts&gt;&lt;/PotentialImpacts&gt;&lt;ThirdPartyTools&gt;&lt;/ThirdPartyTools&gt;&lt;MitigationControl&gt;&lt;/MitigationControl&gt;&lt;Responsibility&gt;&lt;/Responsibility&gt;&lt;IAControls&gt;&lt;/IAControls&gt;</description>
      <reference xmlns:dc="http://purl.org/dc/elements/1.1/">
        <dc:title>DPMS Target Red Hat 6</dc:title>
        <dc:subject>Red Hat 6</dc:subject>
        <dc:publisher>DISA FSO</dc:publisher>
        <dc:type>DPMS Target</dc:type>
        <dc:identifier>2367</dc:identifier>
      </reference>
      <ident system="http://cce.mitre.org">CCE-27215-3</ident>
      <ident system="http://iase.disa.mil/cci">CCI-001452</ident>
      <fixtext xmlns:xhtml="http://www.w3.org/1999/xhtml" xml:lang="en" override="false" fixref="F-43448r4_fix">Utilizing "pam_faillock.so", the "fail_interval" directive configures the system to lock out accounts after a number of incorrect logon attempts.

Add the following "fail_interval" directives to "pam_faillock.so" immediately below the "pam_unix.so" statement in "/etc/pam.d/system-auth" and "/etc/pam.d/password-auth":

auth [default=die] pam_faillock.so authfail deny=3 unlock_time=604800 fail_interval=900

auth required pam_faillock.so authsucc deny=3 unlock_time=604800 fail_interval=900</fixtext>
      <fix xmlns:xhtml="http://www.w3.org/1999/xhtml" id="F-43448r4_fix"/>
      <check system="http://oval.mitre.org/XMLSchema/oval-definitions-5">
        <check-export export-name="oval:mil.disa.fso.redhat.rhel6:var:3276" value-id="var_accounts_passwords_pam_faillock_fail_interval"/>
        <check-content-ref name="oval:mil.disa.fso.redhat.rhel6:def:3126" href="U_RedHat_6_V1R6_STIG_SCAP_1-1_Benchmark-oval.xml"/>
      </check>
    </Rule>
  </Group>
  <Group id="V-38502">
    <title xmlns:xhtml="http://www.w3.org/1999/xhtml" xml:lang="en">SRG-OS-999999</title>
    <description xmlns:xhtml="http://www.w3.org/1999/xhtml" xml:lang="en">&lt;GroupDescription&gt;&lt;/GroupDescription&gt;</description>
    <Rule id="SV-50303r1_rule" selected="true" weight="10.000000" severity="medium">
      <version>RHEL-06-000033</version>
      <title xmlns:xhtml="http://www.w3.org/1999/xhtml" xml:lang="en">The /etc/shadow file must be owned by root.</title>
      <description xmlns:xhtml="http://www.w3.org/1999/xhtml" xml:lang="en">&lt;VulnDiscussion&gt;The "/etc/shadow" file contains the list of local system accounts and stores password hashes. Protection of this file is critical for system security. Failure to give ownership of this file to root provides the designated owner with access to sensitive information which could weaken the system security posture.&lt;/VulnDiscussion&gt;&lt;FalsePositives&gt;&lt;/FalsePositives&gt;&lt;FalseNegatives&gt;&lt;/FalseNegatives&gt;&lt;Documentable&gt;false&lt;/Documentable&gt;&lt;Mitigations&gt;&lt;/Mitigations&gt;&lt;SeverityOverrideGuidance&gt;&lt;/SeverityOverrideGuidance&gt;&lt;PotentialImpacts&gt;&lt;/PotentialImpacts&gt;&lt;ThirdPartyTools&gt;&lt;/ThirdPartyTools&gt;&lt;MitigationControl&gt;&lt;/MitigationControl&gt;&lt;Responsibility&gt;&lt;/Responsibility&gt;&lt;IAControls&gt;&lt;/IAControls&gt;</description>
      <reference xmlns:dc="http://purl.org/dc/elements/1.1/">
        <dc:title>DPMS Target Red Hat 6</dc:title>
        <dc:subject>Red Hat 6</dc:subject>
        <dc:publisher>DISA FSO</dc:publisher>
        <dc:type>DPMS Target</dc:type>
        <dc:identifier>2367</dc:identifier>
      </reference>
      <ident system="http://cce.mitre.org">CCE-26947-2</ident>
      <ident system="http://iase.disa.mil/cci">CCI-000366</ident>
      <fixtext xmlns:xhtml="http://www.w3.org/1999/xhtml" xml:lang="en" override="false" fixref="F-43449r1_fix">To properly set the owner of "/etc/shadow", run the command: 

# chown root /etc/shadow</fixtext>
      <fix xmlns:xhtml="http://www.w3.org/1999/xhtml" id="F-43449r1_fix"/>
      <check system="http://oval.mitre.org/XMLSchema/oval-definitions-5">
        <check-content-ref name="oval:mil.disa.fso.redhat.rhel6:def:3115" href="U_RedHat_6_V1R6_STIG_SCAP_1-1_Benchmark-oval.xml"/>
      </check>
    </Rule>
  </Group>
  <Group id="V-38503">
    <title xmlns:xhtml="http://www.w3.org/1999/xhtml" xml:lang="en">SRG-OS-999999</title>
    <description xmlns:xhtml="http://www.w3.org/1999/xhtml" xml:lang="en">&lt;GroupDescription&gt;&lt;/GroupDescription&gt;</description>
    <Rule id="SV-50304r1_rule" selected="true" weight="10.000000" severity="medium">
      <version>RHEL-06-000034</version>
      <title xmlns:xhtml="http://www.w3.org/1999/xhtml" xml:lang="en">The /etc/shadow file must be group-owned by root.</title>
      <description xmlns:xhtml="http://www.w3.org/1999/xhtml" xml:lang="en">&lt;VulnDiscussion&gt;The "/etc/shadow" file stores password hashes. Protection of this file is critical for system security.&lt;/VulnDiscussion&gt;&lt;FalsePositives&gt;&lt;/FalsePositives&gt;&lt;FalseNegatives&gt;&lt;/FalseNegatives&gt;&lt;Documentable&gt;false&lt;/Documentable&gt;&lt;Mitigations&gt;&lt;/Mitigations&gt;&lt;SeverityOverrideGuidance&gt;&lt;/SeverityOverrideGuidance&gt;&lt;PotentialImpacts&gt;&lt;/PotentialImpacts&gt;&lt;ThirdPartyTools&gt;&lt;/ThirdPartyTools&gt;&lt;MitigationControl&gt;&lt;/MitigationControl&gt;&lt;Responsibility&gt;&lt;/Responsibility&gt;&lt;IAControls&gt;&lt;/IAControls&gt;</description>
      <reference xmlns:dc="http://purl.org/dc/elements/1.1/">
        <dc:title>DPMS Target Red Hat 6</dc:title>
        <dc:subject>Red Hat 6</dc:subject>
        <dc:publisher>DISA FSO</dc:publisher>
        <dc:type>DPMS Target</dc:type>
        <dc:identifier>2367</dc:identifier>
      </reference>
      <ident system="http://cce.mitre.org">CCE-26967-0</ident>
      <ident system="http://iase.disa.mil/cci">CCI-000366</ident>
      <fixtext xmlns:xhtml="http://www.w3.org/1999/xhtml" xml:lang="en" override="false" fixref="F-43450r1_fix">To properly set the group owner of "/etc/shadow", run the command: 

# chgrp root /etc/shadow</fixtext>
      <fix xmlns:xhtml="http://www.w3.org/1999/xhtml" id="F-43450r1_fix"/>
      <check system="http://oval.mitre.org/XMLSchema/oval-definitions-5">
        <check-content-ref name="oval:mil.disa.fso.redhat.rhel6:def:3080" href="U_RedHat_6_V1R6_STIG_SCAP_1-1_Benchmark-oval.xml"/>
      </check>
    </Rule>
  </Group>
  <Group id="V-38504">
    <title xmlns:xhtml="http://www.w3.org/1999/xhtml" xml:lang="en">SRG-OS-999999</title>
    <description xmlns:xhtml="http://www.w3.org/1999/xhtml" xml:lang="en">&lt;GroupDescription&gt;&lt;/GroupDescription&gt;</description>
    <Rule id="SV-50305r1_rule" selected="true" weight="10.000000" severity="medium">
      <version>RHEL-06-000035</version>
      <title xmlns:xhtml="http://www.w3.org/1999/xhtml" xml:lang="en">The /etc/shadow file must have mode 0000.</title>
      <description xmlns:xhtml="http://www.w3.org/1999/xhtml" xml:lang="en">&lt;VulnDiscussion&gt;The "/etc/shadow" file contains the list of local system accounts and stores password hashes. Protection of this file is critical for system security. Failure to give ownership of this file to root provides the designated owner with access to sensitive information which could weaken the system security posture.&lt;/VulnDiscussion&gt;&lt;FalsePositives&gt;&lt;/FalsePositives&gt;&lt;FalseNegatives&gt;&lt;/FalseNegatives&gt;&lt;Documentable&gt;false&lt;/Documentable&gt;&lt;Mitigations&gt;&lt;/Mitigations&gt;&lt;SeverityOverrideGuidance&gt;&lt;/SeverityOverrideGuidance&gt;&lt;PotentialImpacts&gt;&lt;/PotentialImpacts&gt;&lt;ThirdPartyTools&gt;&lt;/ThirdPartyTools&gt;&lt;MitigationControl&gt;&lt;/MitigationControl&gt;&lt;Responsibility&gt;&lt;/Responsibility&gt;&lt;IAControls&gt;&lt;/IAControls&gt;</description>
      <reference xmlns:dc="http://purl.org/dc/elements/1.1/">
        <dc:title>DPMS Target Red Hat 6</dc:title>
        <dc:subject>Red Hat 6</dc:subject>
        <dc:publisher>DISA FSO</dc:publisher>
        <dc:type>DPMS Target</dc:type>
        <dc:identifier>2367</dc:identifier>
      </reference>
      <ident system="http://cce.mitre.org">CCE-26992-8</ident>
      <ident system="http://iase.disa.mil/cci">CCI-000366</ident>
      <fixtext xmlns:xhtml="http://www.w3.org/1999/xhtml" xml:lang="en" override="false" fixref="F-43451r1_fix">To properly set the permissions of "/etc/shadow", run the command: 

# chmod 0000 /etc/shadow</fixtext>
      <fix xmlns:xhtml="http://www.w3.org/1999/xhtml" id="F-43451r1_fix"/>
      <check system="http://oval.mitre.org/XMLSchema/oval-definitions-5">
        <check-content-ref name="oval:mil.disa.fso.redhat.rhel6:def:781" href="U_RedHat_6_V1R6_STIG_SCAP_1-1_Benchmark-oval.xml"/>
      </check>
    </Rule>
  </Group>
  <Group id="V-38511">
    <title xmlns:xhtml="http://www.w3.org/1999/xhtml" xml:lang="en">SRG-OS-999999</title>
    <description xmlns:xhtml="http://www.w3.org/1999/xhtml" xml:lang="en">&lt;GroupDescription&gt;&lt;/GroupDescription&gt;</description>
    <Rule id="SV-50312r1_rule" selected="true" weight="10.000000" severity="medium">
      <version>RHEL-06-000082</version>
      <title xmlns:xhtml="http://www.w3.org/1999/xhtml" xml:lang="en">IP forwarding for IPv4 must not be enabled, unless the system is a router.</title>
      <description xmlns:xhtml="http://www.w3.org/1999/xhtml" xml:lang="en">&lt;VulnDiscussion&gt;IP forwarding permits the kernel to forward packets from one network interface to another. The ability to forward packets between two networks is only appropriate for routers.&lt;/VulnDiscussion&gt;&lt;FalsePositives&gt;&lt;/FalsePositives&gt;&lt;FalseNegatives&gt;&lt;/FalseNegatives&gt;&lt;Documentable&gt;false&lt;/Documentable&gt;&lt;Mitigations&gt;&lt;/Mitigations&gt;&lt;SeverityOverrideGuidance&gt;&lt;/SeverityOverrideGuidance&gt;&lt;PotentialImpacts&gt;&lt;/PotentialImpacts&gt;&lt;ThirdPartyTools&gt;&lt;/ThirdPartyTools&gt;&lt;MitigationControl&gt;&lt;/MitigationControl&gt;&lt;Responsibility&gt;&lt;/Responsibility&gt;&lt;IAControls&gt;&lt;/IAControls&gt;</description>
      <reference xmlns:dc="http://purl.org/dc/elements/1.1/">
        <dc:title>DPMS Target Red Hat 6</dc:title>
        <dc:subject>Red Hat 6</dc:subject>
        <dc:publisher>DISA FSO</dc:publisher>
        <dc:type>DPMS Target</dc:type>
        <dc:identifier>2367</dc:identifier>
      </reference>
      <ident system="http://cce.mitre.org">CCE-26866-4</ident>
      <ident system="http://iase.disa.mil/cci">CCI-000366</ident>
      <fixtext xmlns:xhtml="http://www.w3.org/1999/xhtml" xml:lang="en" override="false" fixref="F-43458r2_fix">To set the runtime status of the "net.ipv4.ip_forward" kernel parameter, run the following command: 

# sysctl -w net.ipv4.ip_forward=0

If this is not the system's default value, add the following line to "/etc/sysctl.conf": 

net.ipv4.ip_forward = 0</fixtext>
      <fix xmlns:xhtml="http://www.w3.org/1999/xhtml" id="F-43458r2_fix"/>
      <check system="http://oval.mitre.org/XMLSchema/oval-definitions-5">
        <check-content-ref name="oval:mil.disa.fso.redhat.rhel6:def:238" href="U_RedHat_6_V1R6_STIG_SCAP_1-1_Benchmark-oval.xml"/>
      </check>
    </Rule>
  </Group>
  <Group id="V-38512">
    <title xmlns:xhtml="http://www.w3.org/1999/xhtml" xml:lang="en">SRG-OS-000146</title>
    <description xmlns:xhtml="http://www.w3.org/1999/xhtml" xml:lang="en">&lt;GroupDescription&gt;&lt;/GroupDescription&gt;</description>
    <Rule id="SV-50313r2_rule" selected="true" weight="10.000000" severity="medium">
      <version>RHEL-06-000117</version>
      <title xmlns:xhtml="http://www.w3.org/1999/xhtml" xml:lang="en">The operating system must prevent public IPv4 access into an organizations internal networks, except as appropriately mediated by managed interfaces employing boundary protection devices.</title>
      <description xmlns:xhtml="http://www.w3.org/1999/xhtml" xml:lang="en">&lt;VulnDiscussion&gt;The "iptables" service provides the system's host-based firewalling capability for IPv4 and ICMP.&lt;/VulnDiscussion&gt;&lt;FalsePositives&gt;&lt;/FalsePositives&gt;&lt;FalseNegatives&gt;&lt;/FalseNegatives&gt;&lt;Documentable&gt;false&lt;/Documentable&gt;&lt;Mitigations&gt;&lt;/Mitigations&gt;&lt;SeverityOverrideGuidance&gt;&lt;/SeverityOverrideGuidance&gt;&lt;PotentialImpacts&gt;&lt;/PotentialImpacts&gt;&lt;ThirdPartyTools&gt;&lt;/ThirdPartyTools&gt;&lt;MitigationControl&gt;&lt;/MitigationControl&gt;&lt;Responsibility&gt;&lt;/Responsibility&gt;&lt;IAControls&gt;&lt;/IAControls&gt;</description>
      <reference xmlns:dc="http://purl.org/dc/elements/1.1/">
        <dc:title>DPMS Target Red Hat 6</dc:title>
        <dc:subject>Red Hat 6</dc:subject>
        <dc:publisher>DISA FSO</dc:publisher>
        <dc:type>DPMS Target</dc:type>
        <dc:identifier>2367</dc:identifier>
      </reference>
      <ident system="http://cce.mitre.org">CCE-27018-1</ident>
      <ident system="http://iase.disa.mil/cci">CCI-001100</ident>
      <fixtext xmlns:xhtml="http://www.w3.org/1999/xhtml" xml:lang="en" override="false" fixref="F-43459r2_fix">The "iptables" service can be enabled with the following commands: 

# chkconfig iptables on
# service iptables start</fixtext>
      <fix xmlns:xhtml="http://www.w3.org/1999/xhtml" id="F-43459r2_fix"/>
      <check system="http://oval.mitre.org/XMLSchema/oval-definitions-5">
        <check-content-ref name="oval:mil.disa.fso.redhat.rhel6:def:828" href="U_RedHat_6_V1R6_STIG_SCAP_1-1_Benchmark-oval.xml"/>
      </check>
    </Rule>
  </Group>
  <Group id="V-38513">
    <title xmlns:xhtml="http://www.w3.org/1999/xhtml" xml:lang="en">SRG-OS-000231</title>
    <description xmlns:xhtml="http://www.w3.org/1999/xhtml" xml:lang="en">&lt;GroupDescription&gt;&lt;/GroupDescription&gt;</description>
    <Rule id="SV-50314r1_rule" selected="true" weight="10.000000" severity="medium">
      <version>RHEL-06-000120</version>
      <title xmlns:xhtml="http://www.w3.org/1999/xhtml" xml:lang="en">The systems local IPv4 firewall must implement a deny-all, allow-by-exception policy for inbound packets.</title>
      <description xmlns:xhtml="http://www.w3.org/1999/xhtml" xml:lang="en">&lt;VulnDiscussion&gt;In "iptables" the default policy is applied only after all the applicable rules in the table are examined for a match. Setting the default policy to "DROP" implements proper design for a firewall, i.e., any packets which are not explicitly permitted should not be accepted.&lt;/VulnDiscussion&gt;&lt;FalsePositives&gt;&lt;/FalsePositives&gt;&lt;FalseNegatives&gt;&lt;/FalseNegatives&gt;&lt;Documentable&gt;false&lt;/Documentable&gt;&lt;Mitigations&gt;&lt;/Mitigations&gt;&lt;SeverityOverrideGuidance&gt;&lt;/SeverityOverrideGuidance&gt;&lt;PotentialImpacts&gt;&lt;/PotentialImpacts&gt;&lt;ThirdPartyTools&gt;&lt;/ThirdPartyTools&gt;&lt;MitigationControl&gt;&lt;/MitigationControl&gt;&lt;Responsibility&gt;&lt;/Responsibility&gt;&lt;IAControls&gt;&lt;/IAControls&gt;</description>
      <reference xmlns:dc="http://purl.org/dc/elements/1.1/">
        <dc:title>DPMS Target Red Hat 6</dc:title>
        <dc:subject>Red Hat 6</dc:subject>
        <dc:publisher>DISA FSO</dc:publisher>
        <dc:type>DPMS Target</dc:type>
        <dc:identifier>2367</dc:identifier>
      </reference>
      <ident system="http://cce.mitre.org">CCE-26444-0</ident>
      <ident system="http://iase.disa.mil/cci">CCI-000066</ident>
      <fixtext xmlns:xhtml="http://www.w3.org/1999/xhtml" xml:lang="en" override="false" fixref="F-43460r1_fix">To set the default policy to DROP (instead of ACCEPT) for the built-in INPUT chain which processes incoming packets, add or correct the following line in "/etc/sysconfig/iptables": 

:INPUT DROP [0:0]</fixtext>
      <fix xmlns:xhtml="http://www.w3.org/1999/xhtml" id="F-43460r1_fix"/>
      <check system="http://oval.mitre.org/XMLSchema/oval-definitions-5">
        <check-content-ref name="oval:mil.disa.fso.redhat.rhel6:def:257" href="U_RedHat_6_V1R6_STIG_SCAP_1-1_Benchmark-oval.xml"/>
      </check>
    </Rule>
  </Group>
  <Group id="V-38514">
    <title xmlns:xhtml="http://www.w3.org/1999/xhtml" xml:lang="en">SRG-OS-000096</title>
    <description xmlns:xhtml="http://www.w3.org/1999/xhtml" xml:lang="en">&lt;GroupDescription&gt;&lt;/GroupDescription&gt;</description>
    <Rule id="SV-50315r2_rule" selected="true" weight="10.000000" severity="medium">
      <version>RHEL-06-000124</version>
      <title xmlns:xhtml="http://www.w3.org/1999/xhtml" xml:lang="en">The Datagram Congestion Control Protocol (DCCP) must be disabled unless required.</title>
      <description xmlns:xhtml="http://www.w3.org/1999/xhtml" xml:lang="en">&lt;VulnDiscussion&gt;Disabling DCCP protects the system against exploitation of any flaws in its implementation.&lt;/VulnDiscussion&gt;&lt;FalsePositives&gt;&lt;/FalsePositives&gt;&lt;FalseNegatives&gt;&lt;/FalseNegatives&gt;&lt;Documentable&gt;false&lt;/Documentable&gt;&lt;Mitigations&gt;&lt;/Mitigations&gt;&lt;SeverityOverrideGuidance&gt;&lt;/SeverityOverrideGuidance&gt;&lt;PotentialImpacts&gt;&lt;/PotentialImpacts&gt;&lt;ThirdPartyTools&gt;&lt;/ThirdPartyTools&gt;&lt;MitigationControl&gt;&lt;/MitigationControl&gt;&lt;Responsibility&gt;&lt;/Responsibility&gt;&lt;IAControls&gt;&lt;/IAControls&gt;</description>
      <reference xmlns:dc="http://purl.org/dc/elements/1.1/">
        <dc:title>DPMS Target Red Hat 6</dc:title>
        <dc:subject>Red Hat 6</dc:subject>
        <dc:publisher>DISA FSO</dc:publisher>
        <dc:type>DPMS Target</dc:type>
        <dc:identifier>2367</dc:identifier>
      </reference>
      <ident system="http://cce.mitre.org">CCE-26448-1</ident>
      <ident system="http://iase.disa.mil/cci">CCI-000382</ident>
      <fixtext xmlns:xhtml="http://www.w3.org/1999/xhtml" xml:lang="en" override="false" fixref="F-43461r2_fix">The Datagram Congestion Control Protocol (DCCP) is a relatively new transport layer protocol, designed to support streaming media and telephony. To configure the system to prevent the "dccp" kernel module from being loaded, add the following line to a file in the directory "/etc/modprobe.d": 

install dccp /bin/false</fixtext>
      <fix xmlns:xhtml="http://www.w3.org/1999/xhtml" id="F-43461r2_fix"/>
      <check system="http://oval.mitre.org/XMLSchema/oval-definitions-5">
        <check-content-ref name="oval:mil.disa.fso.redhat.rhel6:def:746" href="U_RedHat_6_V1R6_STIG_SCAP_1-1_Benchmark-oval.xml"/>
      </check>
    </Rule>
  </Group>
  <Group id="V-38515">
    <title xmlns:xhtml="http://www.w3.org/1999/xhtml" xml:lang="en">SRG-OS-000096</title>
    <description xmlns:xhtml="http://www.w3.org/1999/xhtml" xml:lang="en">&lt;GroupDescription&gt;&lt;/GroupDescription&gt;</description>
    <Rule id="SV-50316r2_rule" selected="true" weight="10.000000" severity="medium">
      <version>RHEL-06-000125</version>
      <title xmlns:xhtml="http://www.w3.org/1999/xhtml" xml:lang="en">The Stream Control Transmission Protocol (SCTP) must be disabled unless required.</title>
      <description xmlns:xhtml="http://www.w3.org/1999/xhtml" xml:lang="en">&lt;VulnDiscussion&gt;Disabling SCTP protects the system against exploitation of any flaws in its implementation.&lt;/VulnDiscussion&gt;&lt;FalsePositives&gt;&lt;/FalsePositives&gt;&lt;FalseNegatives&gt;&lt;/FalseNegatives&gt;&lt;Documentable&gt;false&lt;/Documentable&gt;&lt;Mitigations&gt;&lt;/Mitigations&gt;&lt;SeverityOverrideGuidance&gt;&lt;/SeverityOverrideGuidance&gt;&lt;PotentialImpacts&gt;&lt;/PotentialImpacts&gt;&lt;ThirdPartyTools&gt;&lt;/ThirdPartyTools&gt;&lt;MitigationControl&gt;&lt;/MitigationControl&gt;&lt;Responsibility&gt;&lt;/Responsibility&gt;&lt;IAControls&gt;&lt;/IAControls&gt;</description>
      <reference xmlns:dc="http://purl.org/dc/elements/1.1/">
        <dc:title>DPMS Target Red Hat 6</dc:title>
        <dc:subject>Red Hat 6</dc:subject>
        <dc:publisher>DISA FSO</dc:publisher>
        <dc:type>DPMS Target</dc:type>
        <dc:identifier>2367</dc:identifier>
      </reference>
      <ident system="http://cce.mitre.org">CCE-26410-1</ident>
      <ident system="http://iase.disa.mil/cci">CCI-000382</ident>
      <fixtext xmlns:xhtml="http://www.w3.org/1999/xhtml" xml:lang="en" override="false" fixref="F-43462r2_fix">The Stream Control Transmission Protocol (SCTP) is a transport layer protocol, designed to support the idea of message-oriented communication, with several streams of messages within one connection. To configure the system to prevent the "sctp" kernel module from being loaded, add the following line to a file in the directory "/etc/modprobe.d": 

install sctp /bin/false</fixtext>
      <fix xmlns:xhtml="http://www.w3.org/1999/xhtml" id="F-43462r2_fix"/>
      <check system="http://oval.mitre.org/XMLSchema/oval-definitions-5">
        <check-content-ref name="oval:mil.disa.fso.redhat.rhel6:def:1105" href="U_RedHat_6_V1R6_STIG_SCAP_1-1_Benchmark-oval.xml"/>
      </check>
    </Rule>
  </Group>
  <Group id="V-38516">
    <title xmlns:xhtml="http://www.w3.org/1999/xhtml" xml:lang="en">SRG-OS-000096</title>
    <description xmlns:xhtml="http://www.w3.org/1999/xhtml" xml:lang="en">&lt;GroupDescription&gt;&lt;/GroupDescription&gt;</description>
    <Rule id="SV-50317r2_rule" selected="true" weight="10.000000" severity="low">
      <version>RHEL-06-000126</version>
      <title xmlns:xhtml="http://www.w3.org/1999/xhtml" xml:lang="en">The Reliable Datagram Sockets (RDS) protocol must be disabled unless required.</title>
      <description xmlns:xhtml="http://www.w3.org/1999/xhtml" xml:lang="en">&lt;VulnDiscussion&gt;Disabling RDS protects the system against exploitation of any flaws in its implementation.&lt;/VulnDiscussion&gt;&lt;FalsePositives&gt;&lt;/FalsePositives&gt;&lt;FalseNegatives&gt;&lt;/FalseNegatives&gt;&lt;Documentable&gt;false&lt;/Documentable&gt;&lt;Mitigations&gt;&lt;/Mitigations&gt;&lt;SeverityOverrideGuidance&gt;&lt;/SeverityOverrideGuidance&gt;&lt;PotentialImpacts&gt;&lt;/PotentialImpacts&gt;&lt;ThirdPartyTools&gt;&lt;/ThirdPartyTools&gt;&lt;MitigationControl&gt;&lt;/MitigationControl&gt;&lt;Responsibility&gt;&lt;/Responsibility&gt;&lt;IAControls&gt;&lt;/IAControls&gt;</description>
      <reference xmlns:dc="http://purl.org/dc/elements/1.1/">
        <dc:title>DPMS Target Red Hat 6</dc:title>
        <dc:subject>Red Hat 6</dc:subject>
        <dc:publisher>DISA FSO</dc:publisher>
        <dc:type>DPMS Target</dc:type>
        <dc:identifier>2367</dc:identifier>
      </reference>
      <ident system="http://cce.mitre.org">CCE-26239-4</ident>
      <ident system="http://iase.disa.mil/cci">CCI-000382</ident>
      <fixtext xmlns:xhtml="http://www.w3.org/1999/xhtml" xml:lang="en" override="false" fixref="F-43463r2_fix">The Reliable Datagram Sockets (RDS) protocol is a transport layer protocol designed to provide reliable high- bandwidth, low-latency communications between nodes in a cluster. To configure the system to prevent the "rds" kernel module from being loaded, add the following line to a file in the directory "/etc/modprobe.d": 

install rds /bin/false</fixtext>
      <fix xmlns:xhtml="http://www.w3.org/1999/xhtml" id="F-43463r2_fix"/>
      <check system="http://oval.mitre.org/XMLSchema/oval-definitions-5">
        <check-content-ref name="oval:mil.disa.fso.redhat.rhel6:def:244" href="U_RedHat_6_V1R6_STIG_SCAP_1-1_Benchmark-oval.xml"/>
      </check>
    </Rule>
  </Group>
  <Group id="V-38517">
    <title xmlns:xhtml="http://www.w3.org/1999/xhtml" xml:lang="en">SRG-OS-000096</title>
    <description xmlns:xhtml="http://www.w3.org/1999/xhtml" xml:lang="en">&lt;GroupDescription&gt;&lt;/GroupDescription&gt;</description>
    <Rule id="SV-50318r2_rule" selected="true" weight="10.000000" severity="medium">
      <version>RHEL-06-000127</version>
      <title xmlns:xhtml="http://www.w3.org/1999/xhtml" xml:lang="en">The Transparent Inter-Process Communication (TIPC) protocol must be disabled unless required.</title>
      <description xmlns:xhtml="http://www.w3.org/1999/xhtml" xml:lang="en">&lt;VulnDiscussion&gt;Disabling TIPC protects the system against exploitation of any flaws in its implementation.&lt;/VulnDiscussion&gt;&lt;FalsePositives&gt;&lt;/FalsePositives&gt;&lt;FalseNegatives&gt;&lt;/FalseNegatives&gt;&lt;Documentable&gt;false&lt;/Documentable&gt;&lt;Mitigations&gt;&lt;/Mitigations&gt;&lt;SeverityOverrideGuidance&gt;&lt;/SeverityOverrideGuidance&gt;&lt;PotentialImpacts&gt;&lt;/PotentialImpacts&gt;&lt;ThirdPartyTools&gt;&lt;/ThirdPartyTools&gt;&lt;MitigationControl&gt;&lt;/MitigationControl&gt;&lt;Responsibility&gt;&lt;/Responsibility&gt;&lt;IAControls&gt;&lt;/IAControls&gt;</description>
      <reference xmlns:dc="http://purl.org/dc/elements/1.1/">
        <dc:title>DPMS Target Red Hat 6</dc:title>
        <dc:subject>Red Hat 6</dc:subject>
        <dc:publisher>DISA FSO</dc:publisher>
        <dc:type>DPMS Target</dc:type>
        <dc:identifier>2367</dc:identifier>
      </reference>
      <ident system="http://cce.mitre.org">CCE-26696-5</ident>
      <ident system="http://iase.disa.mil/cci">CCI-000382</ident>
      <fixtext xmlns:xhtml="http://www.w3.org/1999/xhtml" xml:lang="en" override="false" fixref="F-43464r2_fix">The Transparent Inter-Process Communication (TIPC) protocol is designed to provide communications between nodes in a cluster. To configure the system to prevent the "tipc" kernel module from being loaded, add the following line to a file in the directory "/etc/modprobe.d": 

install tipc /bin/false</fixtext>
      <fix xmlns:xhtml="http://www.w3.org/1999/xhtml" id="F-43464r2_fix"/>
      <check system="http://oval.mitre.org/XMLSchema/oval-definitions-5">
        <check-content-ref name="oval:mil.disa.fso.redhat.rhel6:def:1167" href="U_RedHat_6_V1R6_STIG_SCAP_1-1_Benchmark-oval.xml"/>
      </check>
    </Rule>
  </Group>
  <Group id="V-38518">
    <title xmlns:xhtml="http://www.w3.org/1999/xhtml" xml:lang="en">SRG-OS-000206</title>
    <description xmlns:xhtml="http://www.w3.org/1999/xhtml" xml:lang="en">&lt;GroupDescription&gt;&lt;/GroupDescription&gt;</description>
    <Rule id="SV-50319r2_rule" selected="true" weight="10.000000" severity="medium">
      <version>RHEL-06-000133</version>
      <title xmlns:xhtml="http://www.w3.org/1999/xhtml" xml:lang="en">All rsyslog-generated log files must be owned by root.</title>
      <description xmlns:xhtml="http://www.w3.org/1999/xhtml" xml:lang="en">&lt;VulnDiscussion&gt;The log files generated by rsyslog contain valuable information regarding system configuration, user authentication, and other such information. Log files should be protected from unauthorized access.&lt;/VulnDiscussion&gt;&lt;FalsePositives&gt;&lt;/FalsePositives&gt;&lt;FalseNegatives&gt;&lt;/FalseNegatives&gt;&lt;Documentable&gt;false&lt;/Documentable&gt;&lt;Mitigations&gt;&lt;/Mitigations&gt;&lt;SeverityOverrideGuidance&gt;&lt;/SeverityOverrideGuidance&gt;&lt;PotentialImpacts&gt;&lt;/PotentialImpacts&gt;&lt;ThirdPartyTools&gt;&lt;/ThirdPartyTools&gt;&lt;MitigationControl&gt;&lt;/MitigationControl&gt;&lt;Responsibility&gt;&lt;/Responsibility&gt;&lt;IAControls&gt;&lt;/IAControls&gt;</description>
      <reference xmlns:dc="http://purl.org/dc/elements/1.1/">
        <dc:title>DPMS Target Red Hat 6</dc:title>
        <dc:subject>Red Hat 6</dc:subject>
        <dc:publisher>DISA FSO</dc:publisher>
        <dc:type>DPMS Target</dc:type>
        <dc:identifier>2367</dc:identifier>
      </reference>
      <ident system="http://cce.mitre.org">CCE-26812-8</ident>
      <ident system="http://iase.disa.mil/cci">CCI-001314</ident>
      <fixtext xmlns:xhtml="http://www.w3.org/1999/xhtml" xml:lang="en" override="false" fixref="F-43465r1_fix">The owner of all log files written by "rsyslog" should be root. These log files are determined by the second part of each Rule line in "/etc/rsyslog.conf" typically all appear in "/var/log". For each log file [LOGFILE] referenced in "/etc/rsyslog.conf", run the following command to inspect the file's owner:

$ ls -l [LOGFILE]

If the owner is not "root", run the following command to correct this:

# chown root [LOGFILE]</fixtext>
      <fix xmlns:xhtml="http://www.w3.org/1999/xhtml" id="F-43465r1_fix"/>
      <check system="http://oval.mitre.org/XMLSchema/oval-definitions-5">
        <check-content-ref name="oval:mil.disa.fso.redhat.rhel6:def:964" href="U_RedHat_6_V1R6_STIG_SCAP_1-1_Benchmark-oval.xml"/>
      </check>
    </Rule>
  </Group>
  <Group id="V-38520">
    <title xmlns:xhtml="http://www.w3.org/1999/xhtml" xml:lang="en">SRG-OS-000215</title>
    <description xmlns:xhtml="http://www.w3.org/1999/xhtml" xml:lang="en">&lt;GroupDescription&gt;&lt;/GroupDescription&gt;</description>
    <Rule id="SV-50321r1_rule" selected="true" weight="10.000000" severity="medium">
      <version>RHEL-06-000136</version>
      <title xmlns:xhtml="http://www.w3.org/1999/xhtml" xml:lang="en">The operating system must back up audit records on an organization defined frequency onto a different system or media than the system being audited.</title>
      <description xmlns:xhtml="http://www.w3.org/1999/xhtml" xml:lang="en">&lt;VulnDiscussion&gt;A log server (loghost) receives syslog messages from one or more systems. This data can be used as an additional log source in the event a system is compromised and its local logs are suspect. Forwarding log messages to a remote loghost also provides system administrators with a centralized place to view the status of multiple hosts within the enterprise.&lt;/VulnDiscussion&gt;&lt;FalsePositives&gt;&lt;/FalsePositives&gt;&lt;FalseNegatives&gt;&lt;/FalseNegatives&gt;&lt;Documentable&gt;false&lt;/Documentable&gt;&lt;Mitigations&gt;&lt;/Mitigations&gt;&lt;SeverityOverrideGuidance&gt;&lt;/SeverityOverrideGuidance&gt;&lt;PotentialImpacts&gt;&lt;/PotentialImpacts&gt;&lt;ThirdPartyTools&gt;&lt;/ThirdPartyTools&gt;&lt;MitigationControl&gt;&lt;/MitigationControl&gt;&lt;Responsibility&gt;&lt;/Responsibility&gt;&lt;IAControls&gt;&lt;/IAControls&gt;</description>
      <reference xmlns:dc="http://purl.org/dc/elements/1.1/">
        <dc:title>DPMS Target Red Hat 6</dc:title>
        <dc:subject>Red Hat 6</dc:subject>
        <dc:publisher>DISA FSO</dc:publisher>
        <dc:type>DPMS Target</dc:type>
        <dc:identifier>2367</dc:identifier>
      </reference>
      <ident system="http://cce.mitre.org">CCE-26801-1</ident>
      <ident system="http://iase.disa.mil/cci">CCI-001348</ident>
      <fixtext xmlns:xhtml="http://www.w3.org/1999/xhtml" xml:lang="en" override="false" fixref="F-43468r1_fix">To configure rsyslog to send logs to a remote log server, open "/etc/rsyslog.conf" and read and understand the last section of the file, which describes the multiple directives necessary to activate remote logging. Along with these other directives, the system can be configured to forward its logs to a particular log server by adding or correcting one of the following lines, substituting "[loghost.example.com]" appropriately. The choice of protocol depends on the environment of the system; although TCP and RELP provide more reliable message delivery, they may not be supported in all environments. 
To use UDP for log message delivery: 

*.* @[loghost.example.com]


To use TCP for log message delivery: 

*.* @@[loghost.example.com]


To use RELP for log message delivery: 

*.* :omrelp:[loghost.example.com]</fixtext>
      <fix xmlns:xhtml="http://www.w3.org/1999/xhtml" id="F-43468r1_fix"/>
      <check system="http://oval.mitre.org/XMLSchema/oval-definitions-5">
        <check-content-ref name="oval:mil.disa.fso.redhat.rhel6:def:874" href="U_RedHat_6_V1R6_STIG_SCAP_1-1_Benchmark-oval.xml"/>
      </check>
    </Rule>
  </Group>
  <Group id="V-38521">
    <title xmlns:xhtml="http://www.w3.org/1999/xhtml" xml:lang="en">SRG-OS-000043</title>
    <description xmlns:xhtml="http://www.w3.org/1999/xhtml" xml:lang="en">&lt;GroupDescription&gt;&lt;/GroupDescription&gt;</description>
    <Rule id="SV-50322r1_rule" selected="true" weight="10.000000" severity="medium">
      <version>RHEL-06-000137</version>
      <title xmlns:xhtml="http://www.w3.org/1999/xhtml" xml:lang="en">The operating system must support the requirement to centrally manage the content of audit records generated by organization defined information system components.</title>
      <description xmlns:xhtml="http://www.w3.org/1999/xhtml" xml:lang="en">&lt;VulnDiscussion&gt;A log server (loghost) receives syslog messages from one or more systems. This data can be used as an additional log source in the event a system is compromised and its local logs are suspect. Forwarding log messages to a remote loghost also provides system administrators with a centralized place to view the status of multiple hosts within the enterprise.&lt;/VulnDiscussion&gt;&lt;FalsePositives&gt;&lt;/FalsePositives&gt;&lt;FalseNegatives&gt;&lt;/FalseNegatives&gt;&lt;Documentable&gt;false&lt;/Documentable&gt;&lt;Mitigations&gt;&lt;/Mitigations&gt;&lt;SeverityOverrideGuidance&gt;&lt;/SeverityOverrideGuidance&gt;&lt;PotentialImpacts&gt;&lt;/PotentialImpacts&gt;&lt;ThirdPartyTools&gt;&lt;/ThirdPartyTools&gt;&lt;MitigationControl&gt;&lt;/MitigationControl&gt;&lt;Responsibility&gt;&lt;/Responsibility&gt;&lt;IAControls&gt;&lt;/IAControls&gt;</description>
      <reference xmlns:dc="http://purl.org/dc/elements/1.1/">
        <dc:title>DPMS Target Red Hat 6</dc:title>
        <dc:subject>Red Hat 6</dc:subject>
        <dc:publisher>DISA FSO</dc:publisher>
        <dc:type>DPMS Target</dc:type>
        <dc:identifier>2367</dc:identifier>
      </reference>
      <ident system="http://cce.mitre.org">CCE-26801-1</ident>
      <ident system="http://iase.disa.mil/cci">CCI-000169</ident>
      <fixtext xmlns:xhtml="http://www.w3.org/1999/xhtml" xml:lang="en" override="false" fixref="F-43656r1_fix">To configure rsyslog to send logs to a remote log server, open "/etc/rsyslog.conf" and read and understand the last section of the file, which describes the multiple directives necessary to activate remote logging. Along with these other directives, the system can be configured to forward its logs to a particular log server by adding or correcting one of the following lines, substituting "[loghost.example.com]" appropriately. The choice of protocol depends on the environment of the system; although TCP and RELP provide more reliable message delivery, they may not be supported in all environments. 
To use UDP for log message delivery: 

*.* @[loghost.example.com]


To use TCP for log message delivery: 

*.* @@[loghost.example.com]


To use RELP for log message delivery: 

*.* :omrelp:[loghost.example.com]</fixtext>
      <fix xmlns:xhtml="http://www.w3.org/1999/xhtml" id="F-43656r1_fix"/>
      <check system="http://oval.mitre.org/XMLSchema/oval-definitions-5">
        <check-content-ref name="oval:mil.disa.fso.redhat.rhel6:def:874" href="U_RedHat_6_V1R6_STIG_SCAP_1-1_Benchmark-oval.xml"/>
      </check>
    </Rule>
  </Group>
  <Group id="V-38522">
    <title xmlns:xhtml="http://www.w3.org/1999/xhtml" xml:lang="en">SRG-OS-000062</title>
    <description xmlns:xhtml="http://www.w3.org/1999/xhtml" xml:lang="en">&lt;GroupDescription&gt;&lt;/GroupDescription&gt;</description>
    <Rule id="SV-50323r2_rule" selected="true" weight="10.000000" severity="low">
      <version>RHEL-06-000167</version>
      <title xmlns:xhtml="http://www.w3.org/1999/xhtml" xml:lang="en">The audit system must be configured to audit all attempts to alter system time through settimeofday.</title>
      <description xmlns:xhtml="http://www.w3.org/1999/xhtml" xml:lang="en">&lt;VulnDiscussion&gt;Arbitrary changes to the system time can be used to obfuscate nefarious activities in log files, as well as to confuse network services that are highly dependent upon an accurate system time (such as sshd). All changes to the system time should be audited.&lt;/VulnDiscussion&gt;&lt;FalsePositives&gt;&lt;/FalsePositives&gt;&lt;FalseNegatives&gt;&lt;/FalseNegatives&gt;&lt;Documentable&gt;false&lt;/Documentable&gt;&lt;Mitigations&gt;&lt;/Mitigations&gt;&lt;SeverityOverrideGuidance&gt;&lt;/SeverityOverrideGuidance&gt;&lt;PotentialImpacts&gt;&lt;/PotentialImpacts&gt;&lt;ThirdPartyTools&gt;&lt;/ThirdPartyTools&gt;&lt;MitigationControl&gt;&lt;/MitigationControl&gt;&lt;Responsibility&gt;&lt;/Responsibility&gt;&lt;IAControls&gt;&lt;/IAControls&gt;</description>
      <reference xmlns:dc="http://purl.org/dc/elements/1.1/">
        <dc:title>DPMS Target Red Hat 6</dc:title>
        <dc:subject>Red Hat 6</dc:subject>
        <dc:publisher>DISA FSO</dc:publisher>
        <dc:type>DPMS Target</dc:type>
        <dc:identifier>2367</dc:identifier>
      </reference>
      <ident system="http://cce.mitre.org">CCE-27203-9</ident>
      <ident system="http://iase.disa.mil/cci">CCI-000169</ident>
      <fixtext xmlns:xhtml="http://www.w3.org/1999/xhtml" xml:lang="en" override="false" fixref="F-43470r2_fix">On a 32-bit system, add the following to "/etc/audit/audit.rules": 

# audit_time_rules
-a always,exit -F arch=b32 -S settimeofday -k audit_time_rules

On a 64-bit system, add the following to "/etc/audit/audit.rules": 

# audit_time_rules
-a always,exit -F arch=b64 -S settimeofday -k audit_time_rules

The -k option allows for the specification of a key in string form that can be used for better reporting capability through ausearch and aureport. Multiple system calls can be defined on the same line to save space if desired, but is not required. See an example of multiple combined syscalls: 

-a always,exit -F arch=b64 -S adjtimex -S settimeofday -S clock_settime -k audit_time_rules</fixtext>
      <fix xmlns:xhtml="http://www.w3.org/1999/xhtml" id="F-43470r2_fix"/>
      <check system="http://oval.mitre.org/XMLSchema/oval-definitions-5">
        <check-content-ref name="oval:mil.disa.fso.redhat.rhel6:def:310" href="U_RedHat_6_V1R6_STIG_SCAP_1-1_Benchmark-oval.xml"/>
      </check>
    </Rule>
  </Group>
  <Group id="V-38523">
    <title xmlns:xhtml="http://www.w3.org/1999/xhtml" xml:lang="en">SRG-OS-999999</title>
    <description xmlns:xhtml="http://www.w3.org/1999/xhtml" xml:lang="en">&lt;GroupDescription&gt;&lt;/GroupDescription&gt;</description>
    <Rule id="SV-50324r2_rule" selected="true" weight="10.000000" severity="medium">
      <version>RHEL-06-000083</version>
      <title xmlns:xhtml="http://www.w3.org/1999/xhtml" xml:lang="en">The system must not accept IPv4 source-routed packets on any interface.</title>
      <description xmlns:xhtml="http://www.w3.org/1999/xhtml" xml:lang="en">&lt;VulnDiscussion&gt;Accepting source-routed packets in the IPv4 protocol has few legitimate uses. It should be disabled unless it is absolutely required.&lt;/VulnDiscussion&gt;&lt;FalsePositives&gt;&lt;/FalsePositives&gt;&lt;FalseNegatives&gt;&lt;/FalseNegatives&gt;&lt;Documentable&gt;false&lt;/Documentable&gt;&lt;Mitigations&gt;&lt;/Mitigations&gt;&lt;SeverityOverrideGuidance&gt;&lt;/SeverityOverrideGuidance&gt;&lt;PotentialImpacts&gt;&lt;/PotentialImpacts&gt;&lt;ThirdPartyTools&gt;&lt;/ThirdPartyTools&gt;&lt;MitigationControl&gt;&lt;/MitigationControl&gt;&lt;Responsibility&gt;&lt;/Responsibility&gt;&lt;IAControls&gt;&lt;/IAControls&gt;</description>
      <reference xmlns:dc="http://purl.org/dc/elements/1.1/">
        <dc:title>DPMS Target Red Hat 6</dc:title>
        <dc:subject>Red Hat 6</dc:subject>
        <dc:publisher>DISA FSO</dc:publisher>
        <dc:type>DPMS Target</dc:type>
        <dc:identifier>2367</dc:identifier>
      </reference>
      <ident system="http://cce.mitre.org">CCE-27037-1</ident>
      <ident system="http://iase.disa.mil/cci">CCI-000366</ident>
      <fixtext xmlns:xhtml="http://www.w3.org/1999/xhtml" xml:lang="en" override="false" fixref="F-43471r1_fix">To set the runtime status of the "net.ipv4.conf.all.accept_source_route" kernel parameter, run the following command: 

# sysctl -w net.ipv4.conf.all.accept_source_route=0

If this is not the system's default value, add the following line to "/etc/sysctl.conf": 

net.ipv4.conf.all.accept_source_route = 0</fixtext>
      <fix xmlns:xhtml="http://www.w3.org/1999/xhtml" id="F-43471r1_fix"/>
      <check system="http://oval.mitre.org/XMLSchema/oval-definitions-5">
        <check-content-ref name="oval:mil.disa.fso.redhat.rhel6:def:1155" href="U_RedHat_6_V1R6_STIG_SCAP_1-1_Benchmark-oval.xml"/>
      </check>
    </Rule>
  </Group>
  <Group id="V-38524">
    <title xmlns:xhtml="http://www.w3.org/1999/xhtml" xml:lang="en">SRG-OS-999999</title>
    <description xmlns:xhtml="http://www.w3.org/1999/xhtml" xml:lang="en">&lt;GroupDescription&gt;&lt;/GroupDescription&gt;</description>
    <Rule id="SV-50325r1_rule" selected="true" weight="10.000000" severity="medium">
      <version>RHEL-06-000084</version>
      <title xmlns:xhtml="http://www.w3.org/1999/xhtml" xml:lang="en">The system must not accept ICMPv4 redirect packets on any interface.</title>
      <description xmlns:xhtml="http://www.w3.org/1999/xhtml" xml:lang="en">&lt;VulnDiscussion&gt;Accepting ICMP redirects has few legitimate uses. It should be disabled unless it is absolutely required.&lt;/VulnDiscussion&gt;&lt;FalsePositives&gt;&lt;/FalsePositives&gt;&lt;FalseNegatives&gt;&lt;/FalseNegatives&gt;&lt;Documentable&gt;false&lt;/Documentable&gt;&lt;Mitigations&gt;&lt;/Mitigations&gt;&lt;SeverityOverrideGuidance&gt;&lt;/SeverityOverrideGuidance&gt;&lt;PotentialImpacts&gt;&lt;/PotentialImpacts&gt;&lt;ThirdPartyTools&gt;&lt;/ThirdPartyTools&gt;&lt;MitigationControl&gt;&lt;/MitigationControl&gt;&lt;Responsibility&gt;&lt;/Responsibility&gt;&lt;IAControls&gt;&lt;/IAControls&gt;</description>
      <reference xmlns:dc="http://purl.org/dc/elements/1.1/">
        <dc:title>DPMS Target Red Hat 6</dc:title>
        <dc:subject>Red Hat 6</dc:subject>
        <dc:publisher>DISA FSO</dc:publisher>
        <dc:type>DPMS Target</dc:type>
        <dc:identifier>2367</dc:identifier>
      </reference>
      <ident system="http://cce.mitre.org">CCE-27027-2</ident>
      <ident system="http://iase.disa.mil/cci">CCI-000366</ident>
      <fixtext xmlns:xhtml="http://www.w3.org/1999/xhtml" xml:lang="en" override="false" fixref="F-43472r1_fix">To set the runtime status of the "net.ipv4.conf.all.accept_redirects" kernel parameter, run the following command: 

# sysctl -w net.ipv4.conf.all.accept_redirects=0

If this is not the system's default value, add the following line to "/etc/sysctl.conf": 

net.ipv4.conf.all.accept_redirects = 0</fixtext>
      <fix xmlns:xhtml="http://www.w3.org/1999/xhtml" id="F-43472r1_fix"/>
      <check system="http://oval.mitre.org/XMLSchema/oval-definitions-5">
        <check-content-ref name="oval:mil.disa.fso.redhat.rhel6:def:556" href="U_RedHat_6_V1R6_STIG_SCAP_1-1_Benchmark-oval.xml"/>
      </check>
    </Rule>
  </Group>
  <Group id="V-38525">
    <title xmlns:xhtml="http://www.w3.org/1999/xhtml" xml:lang="en">SRG-OS-000062</title>
    <description xmlns:xhtml="http://www.w3.org/1999/xhtml" xml:lang="en">&lt;GroupDescription&gt;&lt;/GroupDescription&gt;</description>
    <Rule id="SV-50326r3_rule" selected="true" weight="10.000000" severity="low">
      <version>RHEL-06-000169</version>
      <title xmlns:xhtml="http://www.w3.org/1999/xhtml" xml:lang="en">The audit system must be configured to audit all attempts to alter system time through stime.</title>
      <description xmlns:xhtml="http://www.w3.org/1999/xhtml" xml:lang="en">&lt;VulnDiscussion&gt;Arbitrary changes to the system time can be used to obfuscate nefarious activities in log files, as well as to confuse network services that are highly dependent upon an accurate system time (such as sshd). All changes to the system time should be audited.&lt;/VulnDiscussion&gt;&lt;FalsePositives&gt;&lt;/FalsePositives&gt;&lt;FalseNegatives&gt;&lt;/FalseNegatives&gt;&lt;Documentable&gt;false&lt;/Documentable&gt;&lt;Mitigations&gt;&lt;/Mitigations&gt;&lt;SeverityOverrideGuidance&gt;&lt;/SeverityOverrideGuidance&gt;&lt;PotentialImpacts&gt;&lt;/PotentialImpacts&gt;&lt;ThirdPartyTools&gt;&lt;/ThirdPartyTools&gt;&lt;MitigationControl&gt;&lt;/MitigationControl&gt;&lt;Responsibility&gt;&lt;/Responsibility&gt;&lt;IAControls&gt;&lt;/IAControls&gt;</description>
      <reference xmlns:dc="http://purl.org/dc/elements/1.1/">
        <dc:title>DPMS Target Red Hat 6</dc:title>
        <dc:subject>Red Hat 6</dc:subject>
        <dc:publisher>DISA FSO</dc:publisher>
        <dc:type>DPMS Target</dc:type>
        <dc:identifier>2367</dc:identifier>
      </reference>
      <ident system="http://cce.mitre.org">CCE-27169-2</ident>
      <ident system="http://iase.disa.mil/cci">CCI-000169</ident>
      <fixtext xmlns:xhtml="http://www.w3.org/1999/xhtml" xml:lang="en" override="false" fixref="F-43473r4_fix">On a 32-bit system, add the following to "/etc/audit/audit.rules": 

# audit_time_rules
-a always,exit -F arch=b32 -S stime -k audit_time_rules

On a 64-bit system, the "-S stime" is not necessary. The -k option allows for the specification of a key in string form that can be used for better reporting capability through ausearch and aureport. Multiple system calls can be defined on the same line to save space if desired, but is not required. See an example of multiple combined syscalls: 

-a always,exit -F arch=b64 -S adjtimex -S settimeofday -S clock_settime -k audit_time_rules</fixtext>
      <fix xmlns:xhtml="http://www.w3.org/1999/xhtml" id="F-43473r4_fix"/>
      <check system="http://oval.mitre.org/XMLSchema/oval-definitions-5">
        <check-content-ref name="oval:mil.disa.fso.redhat.rhel6:def:845" href="U_RedHat_6_V1R6_STIG_SCAP_1-1_Benchmark-oval.xml"/>
      </check>
    </Rule>
  </Group>
  <Group id="V-38526">
    <title xmlns:xhtml="http://www.w3.org/1999/xhtml" xml:lang="en">SRG-OS-999999</title>
    <description xmlns:xhtml="http://www.w3.org/1999/xhtml" xml:lang="en">&lt;GroupDescription&gt;&lt;/GroupDescription&gt;</description>
    <Rule id="SV-50327r1_rule" selected="true" weight="10.000000" severity="medium">
      <version>RHEL-06-000086</version>
      <title xmlns:xhtml="http://www.w3.org/1999/xhtml" xml:lang="en">The system must not accept ICMPv4 secure redirect packets on any interface.</title>
      <description xmlns:xhtml="http://www.w3.org/1999/xhtml" xml:lang="en">&lt;VulnDiscussion&gt;Accepting "secure" ICMP redirects (from those gateways listed as default gateways) has few legitimate uses. It should be disabled unless it is absolutely required.&lt;/VulnDiscussion&gt;&lt;FalsePositives&gt;&lt;/FalsePositives&gt;&lt;FalseNegatives&gt;&lt;/FalseNegatives&gt;&lt;Documentable&gt;false&lt;/Documentable&gt;&lt;Mitigations&gt;&lt;/Mitigations&gt;&lt;SeverityOverrideGuidance&gt;&lt;/SeverityOverrideGuidance&gt;&lt;PotentialImpacts&gt;&lt;/PotentialImpacts&gt;&lt;ThirdPartyTools&gt;&lt;/ThirdPartyTools&gt;&lt;MitigationControl&gt;&lt;/MitigationControl&gt;&lt;Responsibility&gt;&lt;/Responsibility&gt;&lt;IAControls&gt;&lt;/IAControls&gt;</description>
      <reference xmlns:dc="http://purl.org/dc/elements/1.1/">
        <dc:title>DPMS Target Red Hat 6</dc:title>
        <dc:subject>Red Hat 6</dc:subject>
        <dc:publisher>DISA FSO</dc:publisher>
        <dc:type>DPMS Target</dc:type>
        <dc:identifier>2367</dc:identifier>
      </reference>
      <ident system="http://cce.mitre.org">CCE-26854-0</ident>
      <ident system="http://iase.disa.mil/cci">CCI-000366</ident>
      <fixtext xmlns:xhtml="http://www.w3.org/1999/xhtml" xml:lang="en" override="false" fixref="F-43474r1_fix">To set the runtime status of the "net.ipv4.conf.all.secure_redirects" kernel parameter, run the following command: 

# sysctl -w net.ipv4.conf.all.secure_redirects=0

If this is not the system's default value, add the following line to "/etc/sysctl.conf": 

net.ipv4.conf.all.secure_redirects = 0</fixtext>
      <fix xmlns:xhtml="http://www.w3.org/1999/xhtml" id="F-43474r1_fix"/>
      <check system="http://oval.mitre.org/XMLSchema/oval-definitions-5">
        <check-content-ref name="oval:mil.disa.fso.redhat.rhel6:def:490" href="U_RedHat_6_V1R6_STIG_SCAP_1-1_Benchmark-oval.xml"/>
      </check>
    </Rule>
  </Group>
  <Group id="V-38527">
    <title xmlns:xhtml="http://www.w3.org/1999/xhtml" xml:lang="en">SRG-OS-000062</title>
    <description xmlns:xhtml="http://www.w3.org/1999/xhtml" xml:lang="en">&lt;GroupDescription&gt;&lt;/GroupDescription&gt;</description>
    <Rule id="SV-50328r2_rule" selected="true" weight="10.000000" severity="low">
      <version>RHEL-06-000171</version>
      <title xmlns:xhtml="http://www.w3.org/1999/xhtml" xml:lang="en">The audit system must be configured to audit all attempts to alter system time through clock_settime.</title>
      <description xmlns:xhtml="http://www.w3.org/1999/xhtml" xml:lang="en">&lt;VulnDiscussion&gt;Arbitrary changes to the system time can be used to obfuscate nefarious activities in log files, as well as to confuse network services that are highly dependent upon an accurate system time (such as sshd). All changes to the system time should be audited.&lt;/VulnDiscussion&gt;&lt;FalsePositives&gt;&lt;/FalsePositives&gt;&lt;FalseNegatives&gt;&lt;/FalseNegatives&gt;&lt;Documentable&gt;false&lt;/Documentable&gt;&lt;Mitigations&gt;&lt;/Mitigations&gt;&lt;SeverityOverrideGuidance&gt;&lt;/SeverityOverrideGuidance&gt;&lt;PotentialImpacts&gt;&lt;/PotentialImpacts&gt;&lt;ThirdPartyTools&gt;&lt;/ThirdPartyTools&gt;&lt;MitigationControl&gt;&lt;/MitigationControl&gt;&lt;Responsibility&gt;&lt;/Responsibility&gt;&lt;IAControls&gt;&lt;/IAControls&gt;</description>
      <reference xmlns:dc="http://purl.org/dc/elements/1.1/">
        <dc:title>DPMS Target Red Hat 6</dc:title>
        <dc:subject>Red Hat 6</dc:subject>
        <dc:publisher>DISA FSO</dc:publisher>
        <dc:type>DPMS Target</dc:type>
        <dc:identifier>2367</dc:identifier>
      </reference>
      <ident system="http://cce.mitre.org">CCE-27170-0</ident>
      <ident system="http://iase.disa.mil/cci">CCI-000169</ident>
      <fixtext xmlns:xhtml="http://www.w3.org/1999/xhtml" xml:lang="en" override="false" fixref="F-43475r2_fix">On a 32-bit system, add the following to "/etc/audit/audit.rules": 

# audit_time_rules
-a always,exit -F arch=b32 -S clock_settime -k audit_time_rules

On a 64-bit system, add the following to "/etc/audit/audit.rules": 

# audit_time_rules
-a always,exit -F arch=b64 -S clock_settime -k audit_time_rules

The -k option allows for the specification of a key in string form that can be used for better reporting capability through ausearch and aureport. Multiple system calls can be defined on the same line to save space if desired, but is not required. See an example of multiple combined syscalls: 

-a always,exit -F arch=b64 -S adjtimex -S settimeofday -S clock_settime -k audit_time_rules</fixtext>
      <fix xmlns:xhtml="http://www.w3.org/1999/xhtml" id="F-43475r2_fix"/>
      <check system="http://oval.mitre.org/XMLSchema/oval-definitions-5">
        <check-content-ref name="oval:mil.disa.fso.redhat.rhel6:def:125" href="U_RedHat_6_V1R6_STIG_SCAP_1-1_Benchmark-oval.xml"/>
      </check>
    </Rule>
  </Group>
  <Group id="V-38528">
    <title xmlns:xhtml="http://www.w3.org/1999/xhtml" xml:lang="en">SRG-OS-999999</title>
    <description xmlns:xhtml="http://www.w3.org/1999/xhtml" xml:lang="en">&lt;GroupDescription&gt;&lt;/GroupDescription&gt;</description>
    <Rule id="SV-50329r1_rule" selected="true" weight="10.000000" severity="low">
      <version>RHEL-06-000088</version>
      <title xmlns:xhtml="http://www.w3.org/1999/xhtml" xml:lang="en">The system must log Martian packets.</title>
      <description xmlns:xhtml="http://www.w3.org/1999/xhtml" xml:lang="en">&lt;VulnDiscussion&gt;The presence of "martian" packets (which have impossible addresses) as well as spoofed packets, source-routed packets, and redirects could be a sign of nefarious network activity. Logging these packets enables this activity to be detected.&lt;/VulnDiscussion&gt;&lt;FalsePositives&gt;&lt;/FalsePositives&gt;&lt;FalseNegatives&gt;&lt;/FalseNegatives&gt;&lt;Documentable&gt;false&lt;/Documentable&gt;&lt;Mitigations&gt;&lt;/Mitigations&gt;&lt;SeverityOverrideGuidance&gt;&lt;/SeverityOverrideGuidance&gt;&lt;PotentialImpacts&gt;&lt;/PotentialImpacts&gt;&lt;ThirdPartyTools&gt;&lt;/ThirdPartyTools&gt;&lt;MitigationControl&gt;&lt;/MitigationControl&gt;&lt;Responsibility&gt;&lt;/Responsibility&gt;&lt;IAControls&gt;&lt;/IAControls&gt;</description>
      <reference xmlns:dc="http://purl.org/dc/elements/1.1/">
        <dc:title>DPMS Target Red Hat 6</dc:title>
        <dc:subject>Red Hat 6</dc:subject>
        <dc:publisher>DISA FSO</dc:publisher>
        <dc:type>DPMS Target</dc:type>
        <dc:identifier>2367</dc:identifier>
      </reference>
      <ident system="http://cce.mitre.org">CCE-27066-0</ident>
      <ident system="http://iase.disa.mil/cci">CCI-000366</ident>
      <fixtext xmlns:xhtml="http://www.w3.org/1999/xhtml" xml:lang="en" override="false" fixref="F-43476r1_fix">To set the runtime status of the "net.ipv4.conf.all.log_martians" kernel parameter, run the following command: 

# sysctl -w net.ipv4.conf.all.log_martians=1

If this is not the system's default value, add the following line to "/etc/sysctl.conf": 

net.ipv4.conf.all.log_martians = 1</fixtext>
      <fix xmlns:xhtml="http://www.w3.org/1999/xhtml" id="F-43476r1_fix"/>
      <check system="http://oval.mitre.org/XMLSchema/oval-definitions-5">
        <check-content-ref name="oval:mil.disa.fso.redhat.rhel6:def:702" href="U_RedHat_6_V1R6_STIG_SCAP_1-1_Benchmark-oval.xml"/>
      </check>
    </Rule>
  </Group>
  <Group id="V-38529">
    <title xmlns:xhtml="http://www.w3.org/1999/xhtml" xml:lang="en">SRG-OS-999999</title>
    <description xmlns:xhtml="http://www.w3.org/1999/xhtml" xml:lang="en">&lt;GroupDescription&gt;&lt;/GroupDescription&gt;</description>
    <Rule id="SV-50330r1_rule" selected="true" weight="10.000000" severity="medium">
      <version>RHEL-06-000089</version>
      <title xmlns:xhtml="http://www.w3.org/1999/xhtml" xml:lang="en">The system must not accept IPv4 source-routed packets by default.</title>
      <description xmlns:xhtml="http://www.w3.org/1999/xhtml" xml:lang="en">&lt;VulnDiscussion&gt;Accepting source-routed packets in the IPv4 protocol has few legitimate uses. It should be disabled unless it is absolutely required.&lt;/VulnDiscussion&gt;&lt;FalsePositives&gt;&lt;/FalsePositives&gt;&lt;FalseNegatives&gt;&lt;/FalseNegatives&gt;&lt;Documentable&gt;false&lt;/Documentable&gt;&lt;Mitigations&gt;&lt;/Mitigations&gt;&lt;SeverityOverrideGuidance&gt;&lt;/SeverityOverrideGuidance&gt;&lt;PotentialImpacts&gt;&lt;/PotentialImpacts&gt;&lt;ThirdPartyTools&gt;&lt;/ThirdPartyTools&gt;&lt;MitigationControl&gt;&lt;/MitigationControl&gt;&lt;Responsibility&gt;&lt;/Responsibility&gt;&lt;IAControls&gt;&lt;/IAControls&gt;</description>
      <reference xmlns:dc="http://purl.org/dc/elements/1.1/">
        <dc:title>DPMS Target Red Hat 6</dc:title>
        <dc:subject>Red Hat 6</dc:subject>
        <dc:publisher>DISA FSO</dc:publisher>
        <dc:type>DPMS Target</dc:type>
        <dc:identifier>2367</dc:identifier>
      </reference>
      <ident system="http://cce.mitre.org">CCE-26983-7</ident>
      <ident system="http://iase.disa.mil/cci">CCI-000366</ident>
      <fixtext xmlns:xhtml="http://www.w3.org/1999/xhtml" xml:lang="en" override="false" fixref="F-43478r1_fix">To set the runtime status of the "net.ipv4.conf.default.accept_source_route" kernel parameter, run the following command: 

# sysctl -w net.ipv4.conf.default.accept_source_route=0

If this is not the system's default value, add the following line to "/etc/sysctl.conf": 

net.ipv4.conf.default.accept_source_route = 0</fixtext>
      <fix xmlns:xhtml="http://www.w3.org/1999/xhtml" id="F-43478r1_fix"/>
      <check system="http://oval.mitre.org/XMLSchema/oval-definitions-5">
        <check-content-ref name="oval:mil.disa.fso.redhat.rhel6:def:649" href="U_RedHat_6_V1R6_STIG_SCAP_1-1_Benchmark-oval.xml"/>
      </check>
    </Rule>
  </Group>
  <Group id="V-38530">
    <title xmlns:xhtml="http://www.w3.org/1999/xhtml" xml:lang="en">SRG-OS-000062</title>
    <description xmlns:xhtml="http://www.w3.org/1999/xhtml" xml:lang="en">&lt;GroupDescription&gt;&lt;/GroupDescription&gt;</description>
    <Rule id="SV-50331r1_rule" selected="true" weight="10.000000" severity="low">
      <version>RHEL-06-000173</version>
      <title xmlns:xhtml="http://www.w3.org/1999/xhtml" xml:lang="en">The audit system must be configured to audit all attempts to alter system time through /etc/localtime.</title>
      <description xmlns:xhtml="http://www.w3.org/1999/xhtml" xml:lang="en">&lt;VulnDiscussion&gt;Arbitrary changes to the system time can be used to obfuscate nefarious activities in log files, as well as to confuse network services that are highly dependent upon an accurate system time (such as sshd). All changes to the system time should be audited.&lt;/VulnDiscussion&gt;&lt;FalsePositives&gt;&lt;/FalsePositives&gt;&lt;FalseNegatives&gt;&lt;/FalseNegatives&gt;&lt;Documentable&gt;false&lt;/Documentable&gt;&lt;Mitigations&gt;&lt;/Mitigations&gt;&lt;SeverityOverrideGuidance&gt;&lt;/SeverityOverrideGuidance&gt;&lt;PotentialImpacts&gt;&lt;/PotentialImpacts&gt;&lt;ThirdPartyTools&gt;&lt;/ThirdPartyTools&gt;&lt;MitigationControl&gt;&lt;/MitigationControl&gt;&lt;Responsibility&gt;&lt;/Responsibility&gt;&lt;IAControls&gt;&lt;/IAControls&gt;</description>
      <reference xmlns:dc="http://purl.org/dc/elements/1.1/">
        <dc:title>DPMS Target Red Hat 6</dc:title>
        <dc:subject>Red Hat 6</dc:subject>
        <dc:publisher>DISA FSO</dc:publisher>
        <dc:type>DPMS Target</dc:type>
        <dc:identifier>2367</dc:identifier>
      </reference>
      <ident system="http://cce.mitre.org">CCE-27172-6</ident>
      <ident system="http://iase.disa.mil/cci">CCI-000169</ident>
      <fixtext xmlns:xhtml="http://www.w3.org/1999/xhtml" xml:lang="en" override="false" fixref="F-43477r1_fix">Add the following to "/etc/audit/audit.rules": 

-w /etc/localtime -p wa -k audit_time_rules

The -k option allows for the specification of a key in string form that can be used for better reporting capability through ausearch and aureport and should always be used.</fixtext>
      <fix xmlns:xhtml="http://www.w3.org/1999/xhtml" id="F-43477r1_fix"/>
      <check system="http://oval.mitre.org/XMLSchema/oval-definitions-5">
        <check-content-ref name="oval:mil.disa.fso.redhat.rhel6:def:1061" href="U_RedHat_6_V1R6_STIG_SCAP_1-1_Benchmark-oval.xml"/>
      </check>
    </Rule>
  </Group>
  <Group id="V-38531">
    <title xmlns:xhtml="http://www.w3.org/1999/xhtml" xml:lang="en">SRG-OS-000004</title>
    <description xmlns:xhtml="http://www.w3.org/1999/xhtml" xml:lang="en">&lt;GroupDescription&gt;&lt;/GroupDescription&gt;</description>
    <Rule id="SV-50332r1_rule" selected="true" weight="10.000000" severity="low">
      <version>RHEL-06-000174</version>
      <title xmlns:xhtml="http://www.w3.org/1999/xhtml" xml:lang="en">The operating system must automatically audit account creation.</title>
      <description xmlns:xhtml="http://www.w3.org/1999/xhtml" xml:lang="en">&lt;VulnDiscussion&gt;In addition to auditing new user and group accounts, these watches will alert the system administrator(s) to any modifications. Any unexpected users, groups, or modifications should be investigated for legitimacy.&lt;/VulnDiscussion&gt;&lt;FalsePositives&gt;&lt;/FalsePositives&gt;&lt;FalseNegatives&gt;&lt;/FalseNegatives&gt;&lt;Documentable&gt;false&lt;/Documentable&gt;&lt;Mitigations&gt;&lt;/Mitigations&gt;&lt;SeverityOverrideGuidance&gt;&lt;/SeverityOverrideGuidance&gt;&lt;PotentialImpacts&gt;&lt;/PotentialImpacts&gt;&lt;ThirdPartyTools&gt;&lt;/ThirdPartyTools&gt;&lt;MitigationControl&gt;&lt;/MitigationControl&gt;&lt;Responsibility&gt;&lt;/Responsibility&gt;&lt;IAControls&gt;&lt;/IAControls&gt;</description>
      <reference xmlns:dc="http://purl.org/dc/elements/1.1/">
        <dc:title>DPMS Target Red Hat 6</dc:title>
        <dc:subject>Red Hat 6</dc:subject>
        <dc:publisher>DISA FSO</dc:publisher>
        <dc:type>DPMS Target</dc:type>
        <dc:identifier>2367</dc:identifier>
      </reference>
      <ident system="http://cce.mitre.org">CCE-26664-3</ident>
      <ident system="http://iase.disa.mil/cci">CCI-000018</ident>
      <fixtext xmlns:xhtml="http://www.w3.org/1999/xhtml" xml:lang="en" override="false" fixref="F-43480r1_fix">Add the following to "/etc/audit/audit.rules", in order to capture events that modify account changes: 

# audit_account_changes
-w /etc/group -p wa -k audit_account_changes
-w /etc/passwd -p wa -k audit_account_changes
-w /etc/gshadow -p wa -k audit_account_changes
-w /etc/shadow -p wa -k audit_account_changes
-w /etc/security/opasswd -p wa -k audit_account_changes</fixtext>
      <fix xmlns:xhtml="http://www.w3.org/1999/xhtml" id="F-43480r1_fix"/>
      <check system="http://oval.mitre.org/XMLSchema/oval-definitions-5">
        <check-content-ref name="oval:mil.disa.fso.redhat.rhel6:def:292" href="U_RedHat_6_V1R6_STIG_SCAP_1-1_Benchmark-oval.xml"/>
      </check>
    </Rule>
  </Group>
  <Group id="V-38532">
    <title xmlns:xhtml="http://www.w3.org/1999/xhtml" xml:lang="en">SRG-OS-999999</title>
    <description xmlns:xhtml="http://www.w3.org/1999/xhtml" xml:lang="en">&lt;GroupDescription&gt;&lt;/GroupDescription&gt;</description>
    <Rule id="SV-50333r1_rule" selected="true" weight="10.000000" severity="medium">
      <version>RHEL-06-000090</version>
      <title xmlns:xhtml="http://www.w3.org/1999/xhtml" xml:lang="en">The system must not accept ICMPv4 secure redirect packets by default.</title>
      <description xmlns:xhtml="http://www.w3.org/1999/xhtml" xml:lang="en">&lt;VulnDiscussion&gt;Accepting "secure" ICMP redirects (from those gateways listed as default gateways) has few legitimate uses. It should be disabled unless it is absolutely required.&lt;/VulnDiscussion&gt;&lt;FalsePositives&gt;&lt;/FalsePositives&gt;&lt;FalseNegatives&gt;&lt;/FalseNegatives&gt;&lt;Documentable&gt;false&lt;/Documentable&gt;&lt;Mitigations&gt;&lt;/Mitigations&gt;&lt;SeverityOverrideGuidance&gt;&lt;/SeverityOverrideGuidance&gt;&lt;PotentialImpacts&gt;&lt;/PotentialImpacts&gt;&lt;ThirdPartyTools&gt;&lt;/ThirdPartyTools&gt;&lt;MitigationControl&gt;&lt;/MitigationControl&gt;&lt;Responsibility&gt;&lt;/Responsibility&gt;&lt;IAControls&gt;&lt;/IAControls&gt;</description>
      <reference xmlns:dc="http://purl.org/dc/elements/1.1/">
        <dc:title>DPMS Target Red Hat 6</dc:title>
        <dc:subject>Red Hat 6</dc:subject>
        <dc:publisher>DISA FSO</dc:publisher>
        <dc:type>DPMS Target</dc:type>
        <dc:identifier>2367</dc:identifier>
      </reference>
      <ident system="http://cce.mitre.org">CCE-26831-8</ident>
      <ident system="http://iase.disa.mil/cci">CCI-000366</ident>
      <fixtext xmlns:xhtml="http://www.w3.org/1999/xhtml" xml:lang="en" override="false" fixref="F-43479r1_fix">To set the runtime status of the "net.ipv4.conf.default.secure_redirects" kernel parameter, run the following command: 

# sysctl -w net.ipv4.conf.default.secure_redirects=0

If this is not the system's default value, add the following line to "/etc/sysctl.conf": 

net.ipv4.conf.default.secure_redirects = 0</fixtext>
      <fix xmlns:xhtml="http://www.w3.org/1999/xhtml" id="F-43479r1_fix"/>
      <check system="http://oval.mitre.org/XMLSchema/oval-definitions-5">
        <check-content-ref name="oval:mil.disa.fso.redhat.rhel6:def:472" href="U_RedHat_6_V1R6_STIG_SCAP_1-1_Benchmark-oval.xml"/>
      </check>
    </Rule>
  </Group>
  <Group id="V-38533">
    <title xmlns:xhtml="http://www.w3.org/1999/xhtml" xml:lang="en">SRG-OS-999999</title>
    <description xmlns:xhtml="http://www.w3.org/1999/xhtml" xml:lang="en">&lt;GroupDescription&gt;&lt;/GroupDescription&gt;</description>
    <Rule id="SV-50334r2_rule" selected="true" weight="10.000000" severity="low">
      <version>RHEL-06-000091</version>
      <title xmlns:xhtml="http://www.w3.org/1999/xhtml" xml:lang="en">The system must ignore ICMPv4 redirect messages by default.</title>
      <description xmlns:xhtml="http://www.w3.org/1999/xhtml" xml:lang="en">&lt;VulnDiscussion&gt;This feature of the IPv4 protocol has few legitimate uses. It should be disabled unless it is absolutely required.&lt;/VulnDiscussion&gt;&lt;FalsePositives&gt;&lt;/FalsePositives&gt;&lt;FalseNegatives&gt;&lt;/FalseNegatives&gt;&lt;Documentable&gt;false&lt;/Documentable&gt;&lt;Mitigations&gt;&lt;/Mitigations&gt;&lt;SeverityOverrideGuidance&gt;&lt;/SeverityOverrideGuidance&gt;&lt;PotentialImpacts&gt;&lt;/PotentialImpacts&gt;&lt;ThirdPartyTools&gt;&lt;/ThirdPartyTools&gt;&lt;MitigationControl&gt;&lt;/MitigationControl&gt;&lt;Responsibility&gt;&lt;/Responsibility&gt;&lt;IAControls&gt;&lt;/IAControls&gt;</description>
      <reference xmlns:dc="http://purl.org/dc/elements/1.1/">
        <dc:title>DPMS Target Red Hat 6</dc:title>
        <dc:subject>Red Hat 6</dc:subject>
        <dc:publisher>DISA FSO</dc:publisher>
        <dc:type>DPMS Target</dc:type>
        <dc:identifier>2367</dc:identifier>
      </reference>
      <ident system="http://cce.mitre.org">CCE-27015-7</ident>
      <ident system="http://iase.disa.mil/cci">CCI-000366</ident>
      <fixtext xmlns:xhtml="http://www.w3.org/1999/xhtml" xml:lang="en" override="false" fixref="F-43481r1_fix">To set the runtime status of the "net.ipv4.conf.default.accept_redirects" kernel parameter, run the following command: 

# sysctl -w net.ipv4.conf.default.accept_redirects=0

If this is not the system's default value, add the following line to "/etc/sysctl.conf": 

net.ipv4.conf.default.accept_redirects = 0</fixtext>
      <fix xmlns:xhtml="http://www.w3.org/1999/xhtml" id="F-43481r1_fix"/>
      <check system="http://oval.mitre.org/XMLSchema/oval-definitions-5">
        <check-content-ref name="oval:mil.disa.fso.redhat.rhel6:def:1153" href="U_RedHat_6_V1R6_STIG_SCAP_1-1_Benchmark-oval.xml"/>
      </check>
    </Rule>
  </Group>
  <Group id="V-38534">
    <title xmlns:xhtml="http://www.w3.org/1999/xhtml" xml:lang="en">SRG-OS-000239</title>
    <description xmlns:xhtml="http://www.w3.org/1999/xhtml" xml:lang="en">&lt;GroupDescription&gt;&lt;/GroupDescription&gt;</description>
    <Rule id="SV-50335r1_rule" selected="true" weight="10.000000" severity="low">
      <version>RHEL-06-000175</version>
      <title xmlns:xhtml="http://www.w3.org/1999/xhtml" xml:lang="en">The operating system must automatically audit account modification.</title>
      <description xmlns:xhtml="http://www.w3.org/1999/xhtml" xml:lang="en">&lt;VulnDiscussion&gt;In addition to auditing new user and group accounts, these watches will alert the system administrator(s) to any modifications. Any unexpected users, groups, or modifications should be investigated for legitimacy.&lt;/VulnDiscussion&gt;&lt;FalsePositives&gt;&lt;/FalsePositives&gt;&lt;FalseNegatives&gt;&lt;/FalseNegatives&gt;&lt;Documentable&gt;false&lt;/Documentable&gt;&lt;Mitigations&gt;&lt;/Mitigations&gt;&lt;SeverityOverrideGuidance&gt;&lt;/SeverityOverrideGuidance&gt;&lt;PotentialImpacts&gt;&lt;/PotentialImpacts&gt;&lt;ThirdPartyTools&gt;&lt;/ThirdPartyTools&gt;&lt;MitigationControl&gt;&lt;/MitigationControl&gt;&lt;Responsibility&gt;&lt;/Responsibility&gt;&lt;IAControls&gt;&lt;/IAControls&gt;</description>
      <reference xmlns:dc="http://purl.org/dc/elements/1.1/">
        <dc:title>DPMS Target Red Hat 6</dc:title>
        <dc:subject>Red Hat 6</dc:subject>
        <dc:publisher>DISA FSO</dc:publisher>
        <dc:type>DPMS Target</dc:type>
        <dc:identifier>2367</dc:identifier>
      </reference>
      <ident system="http://cce.mitre.org">CCE-26664-3</ident>
      <ident system="http://iase.disa.mil/cci">CCI-001403</ident>
      <fixtext xmlns:xhtml="http://www.w3.org/1999/xhtml" xml:lang="en" override="false" fixref="F-43482r1_fix">Add the following to "/etc/audit/audit.rules", in order to capture events that modify account changes: 

# audit_account_changes
-w /etc/group -p wa -k audit_account_changes
-w /etc/passwd -p wa -k audit_account_changes
-w /etc/gshadow -p wa -k audit_account_changes
-w /etc/shadow -p wa -k audit_account_changes
-w /etc/security/opasswd -p wa -k audit_account_changes</fixtext>
      <fix xmlns:xhtml="http://www.w3.org/1999/xhtml" id="F-43482r1_fix"/>
      <check system="http://oval.mitre.org/XMLSchema/oval-definitions-5">
        <check-content-ref name="oval:mil.disa.fso.redhat.rhel6:def:292" href="U_RedHat_6_V1R6_STIG_SCAP_1-1_Benchmark-oval.xml"/>
      </check>
    </Rule>
  </Group>
  <Group id="V-38535">
    <title xmlns:xhtml="http://www.w3.org/1999/xhtml" xml:lang="en">SRG-OS-999999</title>
    <description xmlns:xhtml="http://www.w3.org/1999/xhtml" xml:lang="en">&lt;GroupDescription&gt;&lt;/GroupDescription&gt;</description>
    <Rule id="SV-50336r2_rule" selected="true" weight="10.000000" severity="low">
      <version>RHEL-06-000092</version>
      <title xmlns:xhtml="http://www.w3.org/1999/xhtml" xml:lang="en">The system must not respond to ICMPv4 sent to a broadcast address.</title>
      <description xmlns:xhtml="http://www.w3.org/1999/xhtml" xml:lang="en">&lt;VulnDiscussion&gt;Ignoring ICMP echo requests (pings) sent to broadcast or multicast addresses makes the system slightly more difficult to enumerate on the network.&lt;/VulnDiscussion&gt;&lt;FalsePositives&gt;&lt;/FalsePositives&gt;&lt;FalseNegatives&gt;&lt;/FalseNegatives&gt;&lt;Documentable&gt;false&lt;/Documentable&gt;&lt;Mitigations&gt;&lt;/Mitigations&gt;&lt;SeverityOverrideGuidance&gt;&lt;/SeverityOverrideGuidance&gt;&lt;PotentialImpacts&gt;&lt;/PotentialImpacts&gt;&lt;ThirdPartyTools&gt;&lt;/ThirdPartyTools&gt;&lt;MitigationControl&gt;&lt;/MitigationControl&gt;&lt;Responsibility&gt;&lt;/Responsibility&gt;&lt;IAControls&gt;&lt;/IAControls&gt;</description>
      <reference xmlns:dc="http://purl.org/dc/elements/1.1/">
        <dc:title>DPMS Target Red Hat 6</dc:title>
        <dc:subject>Red Hat 6</dc:subject>
        <dc:publisher>DISA FSO</dc:publisher>
        <dc:type>DPMS Target</dc:type>
        <dc:identifier>2367</dc:identifier>
      </reference>
      <ident system="http://cce.mitre.org">CCE-26883-9</ident>
      <ident system="http://iase.disa.mil/cci">CCI-000366</ident>
      <fixtext xmlns:xhtml="http://www.w3.org/1999/xhtml" xml:lang="en" override="false" fixref="F-43483r1_fix">To set the runtime status of the "net.ipv4.icmp_echo_ignore_broadcasts" kernel parameter, run the following command: 

# sysctl -w net.ipv4.icmp_echo_ignore_broadcasts=1

If this is not the system's default value, add the following line to "/etc/sysctl.conf": 

net.ipv4.icmp_echo_ignore_broadcasts = 1</fixtext>
      <fix xmlns:xhtml="http://www.w3.org/1999/xhtml" id="F-43483r1_fix"/>
      <check system="http://oval.mitre.org/XMLSchema/oval-definitions-5">
        <check-content-ref name="oval:mil.disa.fso.redhat.rhel6:def:272" href="U_RedHat_6_V1R6_STIG_SCAP_1-1_Benchmark-oval.xml"/>
      </check>
    </Rule>
  </Group>
  <Group id="V-38536">
    <title xmlns:xhtml="http://www.w3.org/1999/xhtml" xml:lang="en">SRG-OS-000240</title>
    <description xmlns:xhtml="http://www.w3.org/1999/xhtml" xml:lang="en">&lt;GroupDescription&gt;&lt;/GroupDescription&gt;</description>
    <Rule id="SV-50337r1_rule" selected="true" weight="10.000000" severity="low">
      <version>RHEL-06-000176</version>
      <title xmlns:xhtml="http://www.w3.org/1999/xhtml" xml:lang="en">The operating system must automatically audit account disabling actions.</title>
      <description xmlns:xhtml="http://www.w3.org/1999/xhtml" xml:lang="en">&lt;VulnDiscussion&gt;In addition to auditing new user and group accounts, these watches will alert the system administrator(s) to any modifications. Any unexpected users, groups, or modifications should be investigated for legitimacy.&lt;/VulnDiscussion&gt;&lt;FalsePositives&gt;&lt;/FalsePositives&gt;&lt;FalseNegatives&gt;&lt;/FalseNegatives&gt;&lt;Documentable&gt;false&lt;/Documentable&gt;&lt;Mitigations&gt;&lt;/Mitigations&gt;&lt;SeverityOverrideGuidance&gt;&lt;/SeverityOverrideGuidance&gt;&lt;PotentialImpacts&gt;&lt;/PotentialImpacts&gt;&lt;ThirdPartyTools&gt;&lt;/ThirdPartyTools&gt;&lt;MitigationControl&gt;&lt;/MitigationControl&gt;&lt;Responsibility&gt;&lt;/Responsibility&gt;&lt;IAControls&gt;&lt;/IAControls&gt;</description>
      <reference xmlns:dc="http://purl.org/dc/elements/1.1/">
        <dc:title>DPMS Target Red Hat 6</dc:title>
        <dc:subject>Red Hat 6</dc:subject>
        <dc:publisher>DISA FSO</dc:publisher>
        <dc:type>DPMS Target</dc:type>
        <dc:identifier>2367</dc:identifier>
      </reference>
      <ident system="http://cce.mitre.org">CCE-26664-3</ident>
      <ident system="http://iase.disa.mil/cci">CCI-001404</ident>
      <fixtext xmlns:xhtml="http://www.w3.org/1999/xhtml" xml:lang="en" override="false" fixref="F-43484r1_fix">Add the following to "/etc/audit/audit.rules", in order to capture events that modify account changes: 

# audit_account_changes
-w /etc/group -p wa -k audit_account_changes
-w /etc/passwd -p wa -k audit_account_changes
-w /etc/gshadow -p wa -k audit_account_changes
-w /etc/shadow -p wa -k audit_account_changes
-w /etc/security/opasswd -p wa -k audit_account_changes</fixtext>
      <fix xmlns:xhtml="http://www.w3.org/1999/xhtml" id="F-43484r1_fix"/>
      <check system="http://oval.mitre.org/XMLSchema/oval-definitions-5">
        <check-content-ref name="oval:mil.disa.fso.redhat.rhel6:def:292" href="U_RedHat_6_V1R6_STIG_SCAP_1-1_Benchmark-oval.xml"/>
      </check>
    </Rule>
  </Group>
  <Group id="V-38537">
    <title xmlns:xhtml="http://www.w3.org/1999/xhtml" xml:lang="en">SRG-OS-999999</title>
    <description xmlns:xhtml="http://www.w3.org/1999/xhtml" xml:lang="en">&lt;GroupDescription&gt;&lt;/GroupDescription&gt;</description>
    <Rule id="SV-50338r2_rule" selected="true" weight="10.000000" severity="low">
      <version>RHEL-06-000093</version>
      <title xmlns:xhtml="http://www.w3.org/1999/xhtml" xml:lang="en">The system must ignore ICMPv4 bogus error responses.</title>
      <description xmlns:xhtml="http://www.w3.org/1999/xhtml" xml:lang="en">&lt;VulnDiscussion&gt;Ignoring bogus ICMP error responses reduces log size, although some activity would not be logged.&lt;/VulnDiscussion&gt;&lt;FalsePositives&gt;&lt;/FalsePositives&gt;&lt;FalseNegatives&gt;&lt;/FalseNegatives&gt;&lt;Documentable&gt;false&lt;/Documentable&gt;&lt;Mitigations&gt;&lt;/Mitigations&gt;&lt;SeverityOverrideGuidance&gt;&lt;/SeverityOverrideGuidance&gt;&lt;PotentialImpacts&gt;&lt;/PotentialImpacts&gt;&lt;ThirdPartyTools&gt;&lt;/ThirdPartyTools&gt;&lt;MitigationControl&gt;&lt;/MitigationControl&gt;&lt;Responsibility&gt;&lt;/Responsibility&gt;&lt;IAControls&gt;&lt;/IAControls&gt;</description>
      <reference xmlns:dc="http://purl.org/dc/elements/1.1/">
        <dc:title>DPMS Target Red Hat 6</dc:title>
        <dc:subject>Red Hat 6</dc:subject>
        <dc:publisher>DISA FSO</dc:publisher>
        <dc:type>DPMS Target</dc:type>
        <dc:identifier>2367</dc:identifier>
      </reference>
      <ident system="http://cce.mitre.org">CCE-26993-6</ident>
      <ident system="http://iase.disa.mil/cci">CCI-000366</ident>
      <fixtext xmlns:xhtml="http://www.w3.org/1999/xhtml" xml:lang="en" override="false" fixref="F-43485r1_fix">To set the runtime status of the "net.ipv4.icmp_ignore_bogus_error_responses" kernel parameter, run the following command: 

# sysctl -w net.ipv4.icmp_ignore_bogus_error_responses=1

If this is not the system's default value, add the following line to "/etc/sysctl.conf": 

net.ipv4.icmp_ignore_bogus_error_responses = 1</fixtext>
      <fix xmlns:xhtml="http://www.w3.org/1999/xhtml" id="F-43485r1_fix"/>
      <check system="http://oval.mitre.org/XMLSchema/oval-definitions-5">
        <check-content-ref name="oval:mil.disa.fso.redhat.rhel6:def:857" href="U_RedHat_6_V1R6_STIG_SCAP_1-1_Benchmark-oval.xml"/>
      </check>
    </Rule>
  </Group>
  <Group id="V-38538">
    <title xmlns:xhtml="http://www.w3.org/1999/xhtml" xml:lang="en">SRG-OS-000241</title>
    <description xmlns:xhtml="http://www.w3.org/1999/xhtml" xml:lang="en">&lt;GroupDescription&gt;&lt;/GroupDescription&gt;</description>
    <Rule id="SV-50339r1_rule" selected="true" weight="10.000000" severity="low">
      <version>RHEL-06-000177</version>
      <title xmlns:xhtml="http://www.w3.org/1999/xhtml" xml:lang="en">The operating system must automatically audit account termination.</title>
      <description xmlns:xhtml="http://www.w3.org/1999/xhtml" xml:lang="en">&lt;VulnDiscussion&gt;In addition to auditing new user and group accounts, these watches will alert the system administrator(s) to any modifications. Any unexpected users, groups, or modifications should be investigated for legitimacy.&lt;/VulnDiscussion&gt;&lt;FalsePositives&gt;&lt;/FalsePositives&gt;&lt;FalseNegatives&gt;&lt;/FalseNegatives&gt;&lt;Documentable&gt;false&lt;/Documentable&gt;&lt;Mitigations&gt;&lt;/Mitigations&gt;&lt;SeverityOverrideGuidance&gt;&lt;/SeverityOverrideGuidance&gt;&lt;PotentialImpacts&gt;&lt;/PotentialImpacts&gt;&lt;ThirdPartyTools&gt;&lt;/ThirdPartyTools&gt;&lt;MitigationControl&gt;&lt;/MitigationControl&gt;&lt;Responsibility&gt;&lt;/Responsibility&gt;&lt;IAControls&gt;&lt;/IAControls&gt;</description>
      <reference xmlns:dc="http://purl.org/dc/elements/1.1/">
        <dc:title>DPMS Target Red Hat 6</dc:title>
        <dc:subject>Red Hat 6</dc:subject>
        <dc:publisher>DISA FSO</dc:publisher>
        <dc:type>DPMS Target</dc:type>
        <dc:identifier>2367</dc:identifier>
      </reference>
      <ident system="http://cce.mitre.org">CCE-26664-3</ident>
      <ident system="http://iase.disa.mil/cci">CCI-001405</ident>
      <fixtext xmlns:xhtml="http://www.w3.org/1999/xhtml" xml:lang="en" override="false" fixref="F-43486r1_fix">Add the following to "/etc/audit/audit.rules", in order to capture events that modify account changes: 

# audit_account_changes
-w /etc/group -p wa -k audit_account_changes
-w /etc/passwd -p wa -k audit_account_changes
-w /etc/gshadow -p wa -k audit_account_changes
-w /etc/shadow -p wa -k audit_account_changes
-w /etc/security/opasswd -p wa -k audit_account_changes</fixtext>
      <fix xmlns:xhtml="http://www.w3.org/1999/xhtml" id="F-43486r1_fix"/>
      <check system="http://oval.mitre.org/XMLSchema/oval-definitions-5">
        <check-content-ref name="oval:mil.disa.fso.redhat.rhel6:def:292" href="U_RedHat_6_V1R6_STIG_SCAP_1-1_Benchmark-oval.xml"/>
      </check>
    </Rule>
  </Group>
  <Group id="V-38539">
    <title xmlns:xhtml="http://www.w3.org/1999/xhtml" xml:lang="en">SRG-OS-000142</title>
    <description xmlns:xhtml="http://www.w3.org/1999/xhtml" xml:lang="en">&lt;GroupDescription&gt;&lt;/GroupDescription&gt;</description>
    <Rule id="SV-50340r1_rule" selected="true" weight="10.000000" severity="medium">
      <version>RHEL-06-000095</version>
      <title xmlns:xhtml="http://www.w3.org/1999/xhtml" xml:lang="en">The system must be configured to use TCP syncookies.</title>
      <description xmlns:xhtml="http://www.w3.org/1999/xhtml" xml:lang="en">&lt;VulnDiscussion&gt;A TCP SYN flood attack can cause a denial of service by filling a system's TCP connection table with connections in the SYN_RCVD state. Syncookies can be used to track a connection when a subsequent ACK is received, verifying the initiator is attempting a valid connection and is not a flood source. This feature is activated when a flood condition is detected, and enables the system to continue servicing valid connection requests.&lt;/VulnDiscussion&gt;&lt;FalsePositives&gt;&lt;/FalsePositives&gt;&lt;FalseNegatives&gt;&lt;/FalseNegatives&gt;&lt;Documentable&gt;false&lt;/Documentable&gt;&lt;Mitigations&gt;&lt;/Mitigations&gt;&lt;SeverityOverrideGuidance&gt;&lt;/SeverityOverrideGuidance&gt;&lt;PotentialImpacts&gt;&lt;/PotentialImpacts&gt;&lt;ThirdPartyTools&gt;&lt;/ThirdPartyTools&gt;&lt;MitigationControl&gt;&lt;/MitigationControl&gt;&lt;Responsibility&gt;&lt;/Responsibility&gt;&lt;IAControls&gt;&lt;/IAControls&gt;</description>
      <reference xmlns:dc="http://purl.org/dc/elements/1.1/">
        <dc:title>DPMS Target Red Hat 6</dc:title>
        <dc:subject>Red Hat 6</dc:subject>
        <dc:publisher>DISA FSO</dc:publisher>
        <dc:type>DPMS Target</dc:type>
        <dc:identifier>2367</dc:identifier>
      </reference>
      <ident system="http://cce.mitre.org">CCE-27053-8</ident>
      <ident system="http://iase.disa.mil/cci">CCI-001095</ident>
      <fixtext xmlns:xhtml="http://www.w3.org/1999/xhtml" xml:lang="en" override="false" fixref="F-43487r1_fix">To set the runtime status of the "net.ipv4.tcp_syncookies" kernel parameter, run the following command: 

# sysctl -w net.ipv4.tcp_syncookies=1

If this is not the system's default value, add the following line to "/etc/sysctl.conf": 

net.ipv4.tcp_syncookies = 1</fixtext>
      <fix xmlns:xhtml="http://www.w3.org/1999/xhtml" id="F-43487r1_fix"/>
      <check system="http://oval.mitre.org/XMLSchema/oval-definitions-5">
        <check-content-ref name="oval:mil.disa.fso.redhat.rhel6:def:527" href="U_RedHat_6_V1R6_STIG_SCAP_1-1_Benchmark-oval.xml"/>
      </check>
    </Rule>
  </Group>
  <Group id="V-38541">
    <title xmlns:xhtml="http://www.w3.org/1999/xhtml" xml:lang="en">SRG-OS-999999</title>
    <description xmlns:xhtml="http://www.w3.org/1999/xhtml" xml:lang="en">&lt;GroupDescription&gt;&lt;/GroupDescription&gt;</description>
    <Rule id="SV-50342r1_rule" selected="true" weight="10.000000" severity="low">
      <version>RHEL-06-000183</version>
      <title xmlns:xhtml="http://www.w3.org/1999/xhtml" xml:lang="en">The audit system must be configured to audit modifications to the systems Mandatory Access Control (MAC) configuration (SELinux).</title>
      <description xmlns:xhtml="http://www.w3.org/1999/xhtml" xml:lang="en">&lt;VulnDiscussion&gt;The system's mandatory access policy (SELinux) should not be arbitrarily changed by anything other than administrator action. All changes to MAC policy should be audited.&lt;/VulnDiscussion&gt;&lt;FalsePositives&gt;&lt;/FalsePositives&gt;&lt;FalseNegatives&gt;&lt;/FalseNegatives&gt;&lt;Documentable&gt;false&lt;/Documentable&gt;&lt;Mitigations&gt;&lt;/Mitigations&gt;&lt;SeverityOverrideGuidance&gt;&lt;/SeverityOverrideGuidance&gt;&lt;PotentialImpacts&gt;&lt;/PotentialImpacts&gt;&lt;ThirdPartyTools&gt;&lt;/ThirdPartyTools&gt;&lt;MitigationControl&gt;&lt;/MitigationControl&gt;&lt;Responsibility&gt;&lt;/Responsibility&gt;&lt;IAControls&gt;&lt;/IAControls&gt;</description>
      <reference xmlns:dc="http://purl.org/dc/elements/1.1/">
        <dc:title>DPMS Target Red Hat 6</dc:title>
        <dc:subject>Red Hat 6</dc:subject>
        <dc:publisher>DISA FSO</dc:publisher>
        <dc:type>DPMS Target</dc:type>
        <dc:identifier>2367</dc:identifier>
      </reference>
      <ident system="http://cce.mitre.org">CCE-26657-7</ident>
      <ident system="http://iase.disa.mil/cci">CCI-000366</ident>
      <fixtext xmlns:xhtml="http://www.w3.org/1999/xhtml" xml:lang="en" override="false" fixref="F-43489r1_fix">Add the following to "/etc/audit/audit.rules": 

-w /etc/selinux/ -p wa -k MAC-policy</fixtext>
      <fix xmlns:xhtml="http://www.w3.org/1999/xhtml" id="F-43489r1_fix"/>
      <check system="http://oval.mitre.org/XMLSchema/oval-definitions-5">
        <check-content-ref name="oval:mil.disa.fso.redhat.rhel6:def:619" href="U_RedHat_6_V1R6_STIG_SCAP_1-1_Benchmark-oval.xml"/>
      </check>
    </Rule>
  </Group>
  <Group id="V-38542">
    <title xmlns:xhtml="http://www.w3.org/1999/xhtml" xml:lang="en">SRG-OS-999999</title>
    <description xmlns:xhtml="http://www.w3.org/1999/xhtml" xml:lang="en">&lt;GroupDescription&gt;&lt;/GroupDescription&gt;</description>
    <Rule id="SV-50343r1_rule" selected="true" weight="10.000000" severity="medium">
      <version>RHEL-06-000096</version>
      <title xmlns:xhtml="http://www.w3.org/1999/xhtml" xml:lang="en">The system must use a reverse-path filter for IPv4 network traffic when possible on all interfaces.</title>
      <description xmlns:xhtml="http://www.w3.org/1999/xhtml" xml:lang="en">&lt;VulnDiscussion&gt;Enabling reverse path filtering drops packets with source addresses that should not have been able to be received on the interface they were received on. It should not be used on systems which are routers for complicated networks, but is helpful for end hosts and routers serving small networks.&lt;/VulnDiscussion&gt;&lt;FalsePositives&gt;&lt;/FalsePositives&gt;&lt;FalseNegatives&gt;&lt;/FalseNegatives&gt;&lt;Documentable&gt;false&lt;/Documentable&gt;&lt;Mitigations&gt;&lt;/Mitigations&gt;&lt;SeverityOverrideGuidance&gt;&lt;/SeverityOverrideGuidance&gt;&lt;PotentialImpacts&gt;&lt;/PotentialImpacts&gt;&lt;ThirdPartyTools&gt;&lt;/ThirdPartyTools&gt;&lt;MitigationControl&gt;&lt;/MitigationControl&gt;&lt;Responsibility&gt;&lt;/Responsibility&gt;&lt;IAControls&gt;&lt;/IAControls&gt;</description>
      <reference xmlns:dc="http://purl.org/dc/elements/1.1/">
        <dc:title>DPMS Target Red Hat 6</dc:title>
        <dc:subject>Red Hat 6</dc:subject>
        <dc:publisher>DISA FSO</dc:publisher>
        <dc:type>DPMS Target</dc:type>
        <dc:identifier>2367</dc:identifier>
      </reference>
      <ident system="http://cce.mitre.org">CCE-26979-5</ident>
      <ident system="http://iase.disa.mil/cci">CCI-000366</ident>
      <fixtext xmlns:xhtml="http://www.w3.org/1999/xhtml" xml:lang="en" override="false" fixref="F-43490r1_fix">To set the runtime status of the "net.ipv4.conf.all.rp_filter" kernel parameter, run the following command: 

# sysctl -w net.ipv4.conf.all.rp_filter=1

If this is not the system's default value, add the following line to "/etc/sysctl.conf": 

net.ipv4.conf.all.rp_filter = 1</fixtext>
      <fix xmlns:xhtml="http://www.w3.org/1999/xhtml" id="F-43490r1_fix"/>
      <check system="http://oval.mitre.org/XMLSchema/oval-definitions-5">
        <check-content-ref name="oval:mil.disa.fso.redhat.rhel6:def:879" href="U_RedHat_6_V1R6_STIG_SCAP_1-1_Benchmark-oval.xml"/>
      </check>
    </Rule>
  </Group>
  <Group id="V-38543">
    <title xmlns:xhtml="http://www.w3.org/1999/xhtml" xml:lang="en">SRG-OS-000064</title>
    <description xmlns:xhtml="http://www.w3.org/1999/xhtml" xml:lang="en">&lt;GroupDescription&gt;&lt;/GroupDescription&gt;</description>
    <Rule id="SV-50344r2_rule" selected="true" weight="10.000000" severity="low">
      <version>RHEL-06-000184</version>
      <title xmlns:xhtml="http://www.w3.org/1999/xhtml" xml:lang="en">The audit system must be configured to audit all discretionary access control permission modifications using chmod.</title>
      <description xmlns:xhtml="http://www.w3.org/1999/xhtml" xml:lang="en">&lt;VulnDiscussion&gt;The changing of file permissions could indicate that a user is attempting to gain access to information that would otherwise be disallowed. Auditing DAC modifications can facilitate the identification of patterns of abuse among both authorized and unauthorized users.&lt;/VulnDiscussion&gt;&lt;FalsePositives&gt;&lt;/FalsePositives&gt;&lt;FalseNegatives&gt;&lt;/FalseNegatives&gt;&lt;Documentable&gt;false&lt;/Documentable&gt;&lt;Mitigations&gt;&lt;/Mitigations&gt;&lt;SeverityOverrideGuidance&gt;&lt;/SeverityOverrideGuidance&gt;&lt;PotentialImpacts&gt;&lt;/PotentialImpacts&gt;&lt;ThirdPartyTools&gt;&lt;/ThirdPartyTools&gt;&lt;MitigationControl&gt;&lt;/MitigationControl&gt;&lt;Responsibility&gt;&lt;/Responsibility&gt;&lt;IAControls&gt;&lt;/IAControls&gt;</description>
      <reference xmlns:dc="http://purl.org/dc/elements/1.1/">
        <dc:title>DPMS Target Red Hat 6</dc:title>
        <dc:subject>Red Hat 6</dc:subject>
        <dc:publisher>DISA FSO</dc:publisher>
        <dc:type>DPMS Target</dc:type>
        <dc:identifier>2367</dc:identifier>
      </reference>
      <ident system="http://cce.mitre.org">CCE-26280-8</ident>
      <ident system="http://iase.disa.mil/cci">CCI-000172</ident>
      <fixtext xmlns:xhtml="http://www.w3.org/1999/xhtml" xml:lang="en" override="false" fixref="F-43491r2_fix">At a minimum, the audit system should collect file permission changes for all users and root. Add the following to "/etc/audit/audit.rules": 

-a always,exit -F arch=b32 -S chmod -F auid&gt;=500 -F auid!=4294967295 \
-k perm_mod
-a always,exit -F arch=b32 -S chmod -F auid=0 -k perm_mod

If the system is 64-bit, then also add the following: 

-a always,exit -F arch=b64 -S chmod -F auid&gt;=500 -F auid!=4294967295 \
-k perm_mod
-a always,exit -F arch=b64 -S chmod -F auid=0 -k perm_mod</fixtext>
      <fix xmlns:xhtml="http://www.w3.org/1999/xhtml" id="F-43491r2_fix"/>
      <check system="http://oval.mitre.org/XMLSchema/oval-definitions-5">
        <check-content-ref name="oval:mil.disa.fso.redhat.rhel6:def:854" href="U_RedHat_6_V1R6_STIG_SCAP_1-1_Benchmark-oval.xml"/>
      </check>
    </Rule>
  </Group>
  <Group id="V-38544">
    <title xmlns:xhtml="http://www.w3.org/1999/xhtml" xml:lang="en">SRG-OS-999999</title>
    <description xmlns:xhtml="http://www.w3.org/1999/xhtml" xml:lang="en">&lt;GroupDescription&gt;&lt;/GroupDescription&gt;</description>
    <Rule id="SV-50345r1_rule" selected="true" weight="10.000000" severity="medium">
      <version>RHEL-06-000097</version>
      <title xmlns:xhtml="http://www.w3.org/1999/xhtml" xml:lang="en">The system must use a reverse-path filter for IPv4 network traffic when possible by default.</title>
      <description xmlns:xhtml="http://www.w3.org/1999/xhtml" xml:lang="en">&lt;VulnDiscussion&gt;Enabling reverse path filtering drops packets with source addresses that should not have been able to be received on the interface they were received on. It should not be used on systems which are routers for complicated networks, but is helpful for end hosts and routers serving small networks.&lt;/VulnDiscussion&gt;&lt;FalsePositives&gt;&lt;/FalsePositives&gt;&lt;FalseNegatives&gt;&lt;/FalseNegatives&gt;&lt;Documentable&gt;false&lt;/Documentable&gt;&lt;Mitigations&gt;&lt;/Mitigations&gt;&lt;SeverityOverrideGuidance&gt;&lt;/SeverityOverrideGuidance&gt;&lt;PotentialImpacts&gt;&lt;/PotentialImpacts&gt;&lt;ThirdPartyTools&gt;&lt;/ThirdPartyTools&gt;&lt;MitigationControl&gt;&lt;/MitigationControl&gt;&lt;Responsibility&gt;&lt;/Responsibility&gt;&lt;IAControls&gt;&lt;/IAControls&gt;</description>
      <reference xmlns:dc="http://purl.org/dc/elements/1.1/">
        <dc:title>DPMS Target Red Hat 6</dc:title>
        <dc:subject>Red Hat 6</dc:subject>
        <dc:publisher>DISA FSO</dc:publisher>
        <dc:type>DPMS Target</dc:type>
        <dc:identifier>2367</dc:identifier>
      </reference>
      <ident system="http://cce.mitre.org">CCE-26915-9</ident>
      <ident system="http://iase.disa.mil/cci">CCI-000366</ident>
      <fixtext xmlns:xhtml="http://www.w3.org/1999/xhtml" xml:lang="en" override="false" fixref="F-43492r1_fix">To set the runtime status of the "net.ipv4.conf.default.rp_filter" kernel parameter, run the following command: 

# sysctl -w net.ipv4.conf.default.rp_filter=1

If this is not the system's default value, add the following line to "/etc/sysctl.conf": 

net.ipv4.conf.default.rp_filter = 1</fixtext>
      <fix xmlns:xhtml="http://www.w3.org/1999/xhtml" id="F-43492r1_fix"/>
      <check system="http://oval.mitre.org/XMLSchema/oval-definitions-5">
        <check-content-ref name="oval:mil.disa.fso.redhat.rhel6:def:540" href="U_RedHat_6_V1R6_STIG_SCAP_1-1_Benchmark-oval.xml"/>
      </check>
    </Rule>
  </Group>
  <Group id="V-38545">
    <title xmlns:xhtml="http://www.w3.org/1999/xhtml" xml:lang="en">SRG-OS-000064</title>
    <description xmlns:xhtml="http://www.w3.org/1999/xhtml" xml:lang="en">&lt;GroupDescription&gt;&lt;/GroupDescription&gt;</description>
    <Rule id="SV-50346r2_rule" selected="true" weight="10.000000" severity="low">
      <version>RHEL-06-000185</version>
      <title xmlns:xhtml="http://www.w3.org/1999/xhtml" xml:lang="en">The audit system must be configured to audit all discretionary access control permission modifications using chown.</title>
      <description xmlns:xhtml="http://www.w3.org/1999/xhtml" xml:lang="en">&lt;VulnDiscussion&gt;The changing of file permissions could indicate that a user is attempting to gain access to information that would otherwise be disallowed. Auditing DAC modifications can facilitate the identification of patterns of abuse among both authorized and unauthorized users.&lt;/VulnDiscussion&gt;&lt;FalsePositives&gt;&lt;/FalsePositives&gt;&lt;FalseNegatives&gt;&lt;/FalseNegatives&gt;&lt;Documentable&gt;false&lt;/Documentable&gt;&lt;Mitigations&gt;&lt;/Mitigations&gt;&lt;SeverityOverrideGuidance&gt;&lt;/SeverityOverrideGuidance&gt;&lt;PotentialImpacts&gt;&lt;/PotentialImpacts&gt;&lt;ThirdPartyTools&gt;&lt;/ThirdPartyTools&gt;&lt;MitigationControl&gt;&lt;/MitigationControl&gt;&lt;Responsibility&gt;&lt;/Responsibility&gt;&lt;IAControls&gt;&lt;/IAControls&gt;</description>
      <reference xmlns:dc="http://purl.org/dc/elements/1.1/">
        <dc:title>DPMS Target Red Hat 6</dc:title>
        <dc:subject>Red Hat 6</dc:subject>
        <dc:publisher>DISA FSO</dc:publisher>
        <dc:type>DPMS Target</dc:type>
        <dc:identifier>2367</dc:identifier>
      </reference>
      <ident system="http://cce.mitre.org">CCE-27173-4</ident>
      <ident system="http://iase.disa.mil/cci">CCI-000172</ident>
      <fixtext xmlns:xhtml="http://www.w3.org/1999/xhtml" xml:lang="en" override="false" fixref="F-43493r2_fix">At a minimum, the audit system should collect file permission changes for all users and root. Add the following to "/etc/audit/audit.rules": 

-a always,exit -F arch=b32 -S chown -F auid&gt;=500 -F auid!=4294967295 \
-k perm_mod
-a always,exit -F arch=b32 -S chown -F auid=0 -k perm_mod

If the system is 64-bit, then also add the following: 

-a always,exit -F arch=b64 -S chown -F auid&gt;=500 -F auid!=4294967295 \
-k perm_mod
-a always,exit -F arch=b64 -S chown -F auid=0 -k perm_mod</fixtext>
      <fix xmlns:xhtml="http://www.w3.org/1999/xhtml" id="F-43493r2_fix"/>
      <check system="http://oval.mitre.org/XMLSchema/oval-definitions-5">
        <check-content-ref name="oval:mil.disa.fso.redhat.rhel6:def:276" href="U_RedHat_6_V1R6_STIG_SCAP_1-1_Benchmark-oval.xml"/>
      </check>
    </Rule>
  </Group>
  <Group id="V-38546">
    <title xmlns:xhtml="http://www.w3.org/1999/xhtml" xml:lang="en">SRG-OS-999999</title>
    <description xmlns:xhtml="http://www.w3.org/1999/xhtml" xml:lang="en">&lt;GroupDescription&gt;&lt;/GroupDescription&gt;</description>
    <Rule id="SV-50347r2_rule" selected="true" weight="10.000000" severity="medium">
      <version>RHEL-06-000098</version>
      <title xmlns:xhtml="http://www.w3.org/1999/xhtml" xml:lang="en">The IPv6 protocol handler must not be bound to the network stack unless needed.</title>
      <description xmlns:xhtml="http://www.w3.org/1999/xhtml" xml:lang="en">&lt;VulnDiscussion&gt;Any unnecessary network stacks - including IPv6 - should be disabled, to reduce the vulnerability to exploitation.&lt;/VulnDiscussion&gt;&lt;FalsePositives&gt;&lt;/FalsePositives&gt;&lt;FalseNegatives&gt;&lt;/FalseNegatives&gt;&lt;Documentable&gt;false&lt;/Documentable&gt;&lt;Mitigations&gt;&lt;/Mitigations&gt;&lt;SeverityOverrideGuidance&gt;&lt;/SeverityOverrideGuidance&gt;&lt;PotentialImpacts&gt;&lt;/PotentialImpacts&gt;&lt;ThirdPartyTools&gt;&lt;/ThirdPartyTools&gt;&lt;MitigationControl&gt;&lt;/MitigationControl&gt;&lt;Responsibility&gt;&lt;/Responsibility&gt;&lt;IAControls&gt;&lt;/IAControls&gt;</description>
      <reference xmlns:dc="http://purl.org/dc/elements/1.1/">
        <dc:title>DPMS Target Red Hat 6</dc:title>
        <dc:subject>Red Hat 6</dc:subject>
        <dc:publisher>DISA FSO</dc:publisher>
        <dc:type>DPMS Target</dc:type>
        <dc:identifier>2367</dc:identifier>
      </reference>
      <ident system="http://cce.mitre.org">CCE-27153-6</ident>
      <ident system="http://iase.disa.mil/cci">CCI-000366</ident>
      <fixtext xmlns:xhtml="http://www.w3.org/1999/xhtml" xml:lang="en" override="false" fixref="F-43494r2_fix">To prevent the IPv6 kernel module ("ipv6") from binding to the IPv6 networking stack, add the following line to "/etc/modprobe.d/disabled.conf" (or another file in "/etc/modprobe.d"): 

options ipv6 disable=1

This permits the IPv6 module to be loaded (and thus satisfy other modules that depend on it), while disabling support for the IPv6 protocol.</fixtext>
      <fix xmlns:xhtml="http://www.w3.org/1999/xhtml" id="F-43494r2_fix"/>
      <check system="http://oval.mitre.org/XMLSchema/oval-definitions-5">
        <check-content-ref name="oval:mil.disa.fso.redhat.rhel6:def:197" href="U_RedHat_6_V1R6_STIG_SCAP_1-1_Benchmark-oval.xml"/>
      </check>
    </Rule>
  </Group>
  <Group id="V-38547">
    <title xmlns:xhtml="http://www.w3.org/1999/xhtml" xml:lang="en">SRG-OS-000064</title>
    <description xmlns:xhtml="http://www.w3.org/1999/xhtml" xml:lang="en">&lt;GroupDescription&gt;&lt;/GroupDescription&gt;</description>
    <Rule id="SV-50348r2_rule" selected="true" weight="10.000000" severity="low">
      <version>RHEL-06-000186</version>
      <title xmlns:xhtml="http://www.w3.org/1999/xhtml" xml:lang="en">The audit system must be configured to audit all discretionary access control permission modifications using fchmod.</title>
      <description xmlns:xhtml="http://www.w3.org/1999/xhtml" xml:lang="en">&lt;VulnDiscussion&gt;The changing of file permissions could indicate that a user is attempting to gain access to information that would otherwise be disallowed. Auditing DAC modifications can facilitate the identification of patterns of abuse among both authorized and unauthorized users.&lt;/VulnDiscussion&gt;&lt;FalsePositives&gt;&lt;/FalsePositives&gt;&lt;FalseNegatives&gt;&lt;/FalseNegatives&gt;&lt;Documentable&gt;false&lt;/Documentable&gt;&lt;Mitigations&gt;&lt;/Mitigations&gt;&lt;SeverityOverrideGuidance&gt;&lt;/SeverityOverrideGuidance&gt;&lt;PotentialImpacts&gt;&lt;/PotentialImpacts&gt;&lt;ThirdPartyTools&gt;&lt;/ThirdPartyTools&gt;&lt;MitigationControl&gt;&lt;/MitigationControl&gt;&lt;Responsibility&gt;&lt;/Responsibility&gt;&lt;IAControls&gt;&lt;/IAControls&gt;</description>
      <reference xmlns:dc="http://purl.org/dc/elements/1.1/">
        <dc:title>DPMS Target Red Hat 6</dc:title>
        <dc:subject>Red Hat 6</dc:subject>
        <dc:publisher>DISA FSO</dc:publisher>
        <dc:type>DPMS Target</dc:type>
        <dc:identifier>2367</dc:identifier>
      </reference>
      <ident system="http://cce.mitre.org">CCE-27174-2</ident>
      <ident system="http://iase.disa.mil/cci">CCI-000172</ident>
      <fixtext xmlns:xhtml="http://www.w3.org/1999/xhtml" xml:lang="en" override="false" fixref="F-43495r2_fix">At a minimum, the audit system should collect file permission changes for all users and root. Add the following to "/etc/audit/audit.rules": 

-a always,exit -F arch=b32 -S fchmod -F auid&gt;=500 -F auid!=4294967295 \
-k perm_mod
-a always,exit -F arch=b32 -S fchmod -F auid=0 -k perm_mod

If the system is 64-bit, then also add the following: 

-a always,exit -F arch=b64 -S fchmod -F auid&gt;=500 -F auid!=4294967295 \
-k perm_mod
-a always,exit -F arch=b64 -S fchmod -F auid=0 -k perm_mod</fixtext>
      <fix xmlns:xhtml="http://www.w3.org/1999/xhtml" id="F-43495r2_fix"/>
      <check system="http://oval.mitre.org/XMLSchema/oval-definitions-5">
        <check-content-ref name="oval:mil.disa.fso.redhat.rhel6:def:494" href="U_RedHat_6_V1R6_STIG_SCAP_1-1_Benchmark-oval.xml"/>
      </check>
    </Rule>
  </Group>
  <Group id="V-38548">
    <title xmlns:xhtml="http://www.w3.org/1999/xhtml" xml:lang="en">SRG-OS-999999</title>
    <description xmlns:xhtml="http://www.w3.org/1999/xhtml" xml:lang="en">&lt;GroupDescription&gt;&lt;/GroupDescription&gt;</description>
    <Rule id="SV-50349r2_rule" selected="true" weight="10.000000" severity="medium">
      <version>RHEL-06-000099</version>
      <title xmlns:xhtml="http://www.w3.org/1999/xhtml" xml:lang="en">The system must ignore ICMPv6 redirects by default.</title>
      <description xmlns:xhtml="http://www.w3.org/1999/xhtml" xml:lang="en">&lt;VulnDiscussion&gt;An illicit ICMP redirect message could result in a man-in-the-middle attack.&lt;/VulnDiscussion&gt;&lt;FalsePositives&gt;&lt;/FalsePositives&gt;&lt;FalseNegatives&gt;&lt;/FalseNegatives&gt;&lt;Documentable&gt;false&lt;/Documentable&gt;&lt;Mitigations&gt;&lt;/Mitigations&gt;&lt;SeverityOverrideGuidance&gt;&lt;/SeverityOverrideGuidance&gt;&lt;PotentialImpacts&gt;&lt;/PotentialImpacts&gt;&lt;ThirdPartyTools&gt;&lt;/ThirdPartyTools&gt;&lt;MitigationControl&gt;&lt;/MitigationControl&gt;&lt;Responsibility&gt;&lt;/Responsibility&gt;&lt;IAControls&gt;&lt;/IAControls&gt;</description>
      <reference xmlns:dc="http://purl.org/dc/elements/1.1/">
        <dc:title>DPMS Target Red Hat 6</dc:title>
        <dc:subject>Red Hat 6</dc:subject>
        <dc:publisher>DISA FSO</dc:publisher>
        <dc:type>DPMS Target</dc:type>
        <dc:identifier>2367</dc:identifier>
      </reference>
      <ident system="http://cce.mitre.org">CCE-27166-8</ident>
      <ident system="http://iase.disa.mil/cci">CCI-000366</ident>
      <fixtext xmlns:xhtml="http://www.w3.org/1999/xhtml" xml:lang="en" override="false" fixref="F-43496r1_fix">To set the runtime status of the "net.ipv6.conf.default.accept_redirects" kernel parameter, run the following command: 

# sysctl -w net.ipv6.conf.default.accept_redirects=0

If this is not the system's default value, add the following line to "/etc/sysctl.conf": 

net.ipv6.conf.default.accept_redirects = 0</fixtext>
      <fix xmlns:xhtml="http://www.w3.org/1999/xhtml" id="F-43496r1_fix"/>
      <check system="http://oval.mitre.org/XMLSchema/oval-definitions-5">
        <check-content-ref name="oval:mil.disa.fso.redhat.rhel6:def:1019" href="U_RedHat_6_V1R6_STIG_SCAP_1-1_Benchmark-oval.xml"/>
      </check>
    </Rule>
  </Group>
  <Group id="V-38550">
    <title xmlns:xhtml="http://www.w3.org/1999/xhtml" xml:lang="en">SRG-OS-000064</title>
    <description xmlns:xhtml="http://www.w3.org/1999/xhtml" xml:lang="en">&lt;GroupDescription&gt;&lt;/GroupDescription&gt;</description>
    <Rule id="SV-50351r2_rule" selected="true" weight="10.000000" severity="low">
      <version>RHEL-06-000187</version>
      <title xmlns:xhtml="http://www.w3.org/1999/xhtml" xml:lang="en">The audit system must be configured to audit all discretionary access control permission modifications using fchmodat.</title>
      <description xmlns:xhtml="http://www.w3.org/1999/xhtml" xml:lang="en">&lt;VulnDiscussion&gt;The changing of file permissions could indicate that a user is attempting to gain access to information that would otherwise be disallowed. Auditing DAC modifications can facilitate the identification of patterns of abuse among both authorized and unauthorized users.&lt;/VulnDiscussion&gt;&lt;FalsePositives&gt;&lt;/FalsePositives&gt;&lt;FalseNegatives&gt;&lt;/FalseNegatives&gt;&lt;Documentable&gt;false&lt;/Documentable&gt;&lt;Mitigations&gt;&lt;/Mitigations&gt;&lt;SeverityOverrideGuidance&gt;&lt;/SeverityOverrideGuidance&gt;&lt;PotentialImpacts&gt;&lt;/PotentialImpacts&gt;&lt;ThirdPartyTools&gt;&lt;/ThirdPartyTools&gt;&lt;MitigationControl&gt;&lt;/MitigationControl&gt;&lt;Responsibility&gt;&lt;/Responsibility&gt;&lt;IAControls&gt;&lt;/IAControls&gt;</description>
      <reference xmlns:dc="http://purl.org/dc/elements/1.1/">
        <dc:title>DPMS Target Red Hat 6</dc:title>
        <dc:subject>Red Hat 6</dc:subject>
        <dc:publisher>DISA FSO</dc:publisher>
        <dc:type>DPMS Target</dc:type>
        <dc:identifier>2367</dc:identifier>
      </reference>
      <ident system="http://cce.mitre.org">CCE-27175-9</ident>
      <ident system="http://iase.disa.mil/cci">CCI-000172</ident>
      <fixtext xmlns:xhtml="http://www.w3.org/1999/xhtml" xml:lang="en" override="false" fixref="F-43498r2_fix">At a minimum, the audit system should collect file permission changes for all users and root. Add the following to "/etc/audit/audit.rules": 

-a always,exit -F arch=b32 -S fchmodat -F auid&gt;=500 -F auid!=4294967295 \
-k perm_mod
-a always,exit -F arch=b32 -S fchmodat -F auid=0 -k perm_mod

If the system is 64-bit, then also add the following: 

-a always,exit -F arch=b64 -S fchmodat -F auid&gt;=500 -F auid!=4294967295 \
-k perm_mod
-a always,exit -F arch=b64 -S fchmodat -F auid=0 -k perm_mod</fixtext>
      <fix xmlns:xhtml="http://www.w3.org/1999/xhtml" id="F-43498r2_fix"/>
      <check system="http://oval.mitre.org/XMLSchema/oval-definitions-5">
        <check-content-ref name="oval:mil.disa.fso.redhat.rhel6:def:904" href="U_RedHat_6_V1R6_STIG_SCAP_1-1_Benchmark-oval.xml"/>
      </check>
    </Rule>
  </Group>
  <Group id="V-38552">
    <title xmlns:xhtml="http://www.w3.org/1999/xhtml" xml:lang="en">SRG-OS-000064</title>
    <description xmlns:xhtml="http://www.w3.org/1999/xhtml" xml:lang="en">&lt;GroupDescription&gt;&lt;/GroupDescription&gt;</description>
    <Rule id="SV-50353r2_rule" selected="true" weight="10.000000" severity="low">
      <version>RHEL-06-000188</version>
      <title xmlns:xhtml="http://www.w3.org/1999/xhtml" xml:lang="en">The audit system must be configured to audit all discretionary access control permission modifications using fchown.</title>
      <description xmlns:xhtml="http://www.w3.org/1999/xhtml" xml:lang="en">&lt;VulnDiscussion&gt;The changing of file permissions could indicate that a user is attempting to gain access to information that would otherwise be disallowed. Auditing DAC modifications can facilitate the identification of patterns of abuse among both authorized and unauthorized users.&lt;/VulnDiscussion&gt;&lt;FalsePositives&gt;&lt;/FalsePositives&gt;&lt;FalseNegatives&gt;&lt;/FalseNegatives&gt;&lt;Documentable&gt;false&lt;/Documentable&gt;&lt;Mitigations&gt;&lt;/Mitigations&gt;&lt;SeverityOverrideGuidance&gt;&lt;/SeverityOverrideGuidance&gt;&lt;PotentialImpacts&gt;&lt;/PotentialImpacts&gt;&lt;ThirdPartyTools&gt;&lt;/ThirdPartyTools&gt;&lt;MitigationControl&gt;&lt;/MitigationControl&gt;&lt;Responsibility&gt;&lt;/Responsibility&gt;&lt;IAControls&gt;&lt;/IAControls&gt;</description>
      <reference xmlns:dc="http://purl.org/dc/elements/1.1/">
        <dc:title>DPMS Target Red Hat 6</dc:title>
        <dc:subject>Red Hat 6</dc:subject>
        <dc:publisher>DISA FSO</dc:publisher>
        <dc:type>DPMS Target</dc:type>
        <dc:identifier>2367</dc:identifier>
      </reference>
      <ident system="http://cce.mitre.org">CCE-27177-5</ident>
      <ident system="http://iase.disa.mil/cci">CCI-000172</ident>
      <fixtext xmlns:xhtml="http://www.w3.org/1999/xhtml" xml:lang="en" override="false" fixref="F-43500r2_fix">At a minimum, the audit system should collect file permission changes for all users and root. Add the following to "/etc/audit/audit.rules": 

-a always,exit -F arch=b32 -S fchown -F auid&gt;=500 -F auid!=4294967295 \
-k perm_mod
-a always,exit -F arch=b32 -S fchown -F auid=0 -k perm_mod

If the system is 64-bit, then also add the following: 

-a always,exit -F arch=b64 -S fchown -F auid&gt;=500 -F auid!=4294967295 \
-k perm_mod
-a always,exit -F arch=b64 -S fchown -F auid=0 -k perm_mod</fixtext>
      <fix xmlns:xhtml="http://www.w3.org/1999/xhtml" id="F-43500r2_fix"/>
      <check system="http://oval.mitre.org/XMLSchema/oval-definitions-5">
        <check-content-ref name="oval:mil.disa.fso.redhat.rhel6:def:450" href="U_RedHat_6_V1R6_STIG_SCAP_1-1_Benchmark-oval.xml"/>
      </check>
    </Rule>
  </Group>
  <Group id="V-38554">
    <title xmlns:xhtml="http://www.w3.org/1999/xhtml" xml:lang="en">SRG-OS-000064</title>
    <description xmlns:xhtml="http://www.w3.org/1999/xhtml" xml:lang="en">&lt;GroupDescription&gt;&lt;/GroupDescription&gt;</description>
    <Rule id="SV-50355r2_rule" selected="true" weight="10.000000" severity="low">
      <version>RHEL-06-000189</version>
      <title xmlns:xhtml="http://www.w3.org/1999/xhtml" xml:lang="en">The audit system must be configured to audit all discretionary access control permission modifications using fchownat.</title>
      <description xmlns:xhtml="http://www.w3.org/1999/xhtml" xml:lang="en">&lt;VulnDiscussion&gt;The changing of file permissions could indicate that a user is attempting to gain access to information that would otherwise be disallowed. Auditing DAC modifications can facilitate the identification of patterns of abuse among both authorized and unauthorized users.&lt;/VulnDiscussion&gt;&lt;FalsePositives&gt;&lt;/FalsePositives&gt;&lt;FalseNegatives&gt;&lt;/FalseNegatives&gt;&lt;Documentable&gt;false&lt;/Documentable&gt;&lt;Mitigations&gt;&lt;/Mitigations&gt;&lt;SeverityOverrideGuidance&gt;&lt;/SeverityOverrideGuidance&gt;&lt;PotentialImpacts&gt;&lt;/PotentialImpacts&gt;&lt;ThirdPartyTools&gt;&lt;/ThirdPartyTools&gt;&lt;MitigationControl&gt;&lt;/MitigationControl&gt;&lt;Responsibility&gt;&lt;/Responsibility&gt;&lt;IAControls&gt;&lt;/IAControls&gt;</description>
      <reference xmlns:dc="http://purl.org/dc/elements/1.1/">
        <dc:title>DPMS Target Red Hat 6</dc:title>
        <dc:subject>Red Hat 6</dc:subject>
        <dc:publisher>DISA FSO</dc:publisher>
        <dc:type>DPMS Target</dc:type>
        <dc:identifier>2367</dc:identifier>
      </reference>
      <ident system="http://cce.mitre.org">CCE-27178-3</ident>
      <ident system="http://iase.disa.mil/cci">CCI-000172</ident>
      <fixtext xmlns:xhtml="http://www.w3.org/1999/xhtml" xml:lang="en" override="false" fixref="F-43502r2_fix">At a minimum, the audit system should collect file permission changes for all users and root. Add the following to "/etc/audit/audit.rules": 

-a always,exit -F arch=b32 -S fchownat -F auid&gt;=500 -F auid!=4294967295 \
-k perm_mod
-a always,exit -F arch=b32 -S fchownat -F auid=0 -k perm_mod

If the system is 64-bit, then also add the following: 

-a always,exit -F arch=b64 -S fchownat -F auid&gt;=500 -F auid!=4294967295 \
-k perm_mod
-a always,exit -F arch=b64 -S fchownat -F auid=0 -k perm_mod</fixtext>
      <fix xmlns:xhtml="http://www.w3.org/1999/xhtml" id="F-43502r2_fix"/>
      <check system="http://oval.mitre.org/XMLSchema/oval-definitions-5">
        <check-content-ref name="oval:mil.disa.fso.redhat.rhel6:def:748" href="U_RedHat_6_V1R6_STIG_SCAP_1-1_Benchmark-oval.xml"/>
      </check>
    </Rule>
  </Group>
  <Group id="V-38555">
    <title xmlns:xhtml="http://www.w3.org/1999/xhtml" xml:lang="en">SRG-OS-000152</title>
    <description xmlns:xhtml="http://www.w3.org/1999/xhtml" xml:lang="en">&lt;GroupDescription&gt;&lt;/GroupDescription&gt;</description>
    <Rule id="SV-50356r2_rule" selected="true" weight="10.000000" severity="medium">
      <version>RHEL-06-000113</version>
      <title xmlns:xhtml="http://www.w3.org/1999/xhtml" xml:lang="en">The system must employ a local IPv4 firewall.</title>
      <description xmlns:xhtml="http://www.w3.org/1999/xhtml" xml:lang="en">&lt;VulnDiscussion&gt;The "iptables" service provides the system's host-based firewalling capability for IPv4 and ICMP.&lt;/VulnDiscussion&gt;&lt;FalsePositives&gt;&lt;/FalsePositives&gt;&lt;FalseNegatives&gt;&lt;/FalseNegatives&gt;&lt;Documentable&gt;false&lt;/Documentable&gt;&lt;Mitigations&gt;&lt;/Mitigations&gt;&lt;SeverityOverrideGuidance&gt;&lt;/SeverityOverrideGuidance&gt;&lt;PotentialImpacts&gt;&lt;/PotentialImpacts&gt;&lt;ThirdPartyTools&gt;&lt;/ThirdPartyTools&gt;&lt;MitigationControl&gt;&lt;/MitigationControl&gt;&lt;Responsibility&gt;&lt;/Responsibility&gt;&lt;IAControls&gt;&lt;/IAControls&gt;</description>
      <reference xmlns:dc="http://purl.org/dc/elements/1.1/">
        <dc:title>DPMS Target Red Hat 6</dc:title>
        <dc:subject>Red Hat 6</dc:subject>
        <dc:publisher>DISA FSO</dc:publisher>
        <dc:type>DPMS Target</dc:type>
        <dc:identifier>2367</dc:identifier>
      </reference>
      <ident system="http://cce.mitre.org">CCE-27018-1</ident>
      <ident system="http://iase.disa.mil/cci">CCI-001118</ident>
      <fixtext xmlns:xhtml="http://www.w3.org/1999/xhtml" xml:lang="en" override="false" fixref="F-43503r2_fix">The "iptables" service can be enabled with the following commands: 

# chkconfig iptables on
# service iptables start</fixtext>
      <fix xmlns:xhtml="http://www.w3.org/1999/xhtml" id="F-43503r2_fix"/>
      <check system="http://oval.mitre.org/XMLSchema/oval-definitions-5">
        <check-content-ref name="oval:mil.disa.fso.redhat.rhel6:def:828" href="U_RedHat_6_V1R6_STIG_SCAP_1-1_Benchmark-oval.xml"/>
      </check>
    </Rule>
  </Group>
  <Group id="V-38556">
    <title xmlns:xhtml="http://www.w3.org/1999/xhtml" xml:lang="en">SRG-OS-000064</title>
    <description xmlns:xhtml="http://www.w3.org/1999/xhtml" xml:lang="en">&lt;GroupDescription&gt;&lt;/GroupDescription&gt;</description>
    <Rule id="SV-50357r2_rule" selected="true" weight="10.000000" severity="low">
      <version>RHEL-06-000190</version>
      <title xmlns:xhtml="http://www.w3.org/1999/xhtml" xml:lang="en">The audit system must be configured to audit all discretionary access control permission modifications using fremovexattr.</title>
      <description xmlns:xhtml="http://www.w3.org/1999/xhtml" xml:lang="en">&lt;VulnDiscussion&gt;The changing of file permissions could indicate that a user is attempting to gain access to information that would otherwise be disallowed. Auditing DAC modifications can facilitate the identification of patterns of abuse among both authorized and unauthorized users.&lt;/VulnDiscussion&gt;&lt;FalsePositives&gt;&lt;/FalsePositives&gt;&lt;FalseNegatives&gt;&lt;/FalseNegatives&gt;&lt;Documentable&gt;false&lt;/Documentable&gt;&lt;Mitigations&gt;&lt;/Mitigations&gt;&lt;SeverityOverrideGuidance&gt;&lt;/SeverityOverrideGuidance&gt;&lt;PotentialImpacts&gt;&lt;/PotentialImpacts&gt;&lt;ThirdPartyTools&gt;&lt;/ThirdPartyTools&gt;&lt;MitigationControl&gt;&lt;/MitigationControl&gt;&lt;Responsibility&gt;&lt;/Responsibility&gt;&lt;IAControls&gt;&lt;/IAControls&gt;</description>
      <reference xmlns:dc="http://purl.org/dc/elements/1.1/">
        <dc:title>DPMS Target Red Hat 6</dc:title>
        <dc:subject>Red Hat 6</dc:subject>
        <dc:publisher>DISA FSO</dc:publisher>
        <dc:type>DPMS Target</dc:type>
        <dc:identifier>2367</dc:identifier>
      </reference>
      <ident system="http://cce.mitre.org">CCE-27179-1</ident>
      <ident system="http://iase.disa.mil/cci">CCI-000172</ident>
      <fixtext xmlns:xhtml="http://www.w3.org/1999/xhtml" xml:lang="en" override="false" fixref="F-43504r2_fix">At a minimum, the audit system should collect file permission changes for all users and root. Add the following to "/etc/audit/audit.rules": 

-a always,exit -F arch=b32 -S fremovexattr -F auid&gt;=500 -F auid!=4294967295 \
-k perm_mod
-a always,exit -F arch=b32 -S fremovexattr -F auid=0 -k perm_mod

If the system is 64-bit, then also add the following: 

-a always,exit -F arch=b64 -S fremovexattr -F auid&gt;=500 -F auid!=4294967295 \
-k perm_mod
-a always,exit -F arch=b64 -S fremovexattr -F auid=0 -k perm_mod</fixtext>
      <fix xmlns:xhtml="http://www.w3.org/1999/xhtml" id="F-43504r2_fix"/>
      <check system="http://oval.mitre.org/XMLSchema/oval-definitions-5">
        <check-content-ref name="oval:mil.disa.fso.redhat.rhel6:def:714" href="U_RedHat_6_V1R6_STIG_SCAP_1-1_Benchmark-oval.xml"/>
      </check>
    </Rule>
  </Group>
  <Group id="V-38557">
    <title xmlns:xhtml="http://www.w3.org/1999/xhtml" xml:lang="en">SRG-OS-000064</title>
    <description xmlns:xhtml="http://www.w3.org/1999/xhtml" xml:lang="en">&lt;GroupDescription&gt;&lt;/GroupDescription&gt;</description>
    <Rule id="SV-50358r2_rule" selected="true" weight="10.000000" severity="low">
      <version>RHEL-06-000191</version>
      <title xmlns:xhtml="http://www.w3.org/1999/xhtml" xml:lang="en">The audit system must be configured to audit all discretionary access control permission modifications using fsetxattr.</title>
      <description xmlns:xhtml="http://www.w3.org/1999/xhtml" xml:lang="en">&lt;VulnDiscussion&gt;The changing of file permissions could indicate that a user is attempting to gain access to information that would otherwise be disallowed. Auditing DAC modifications can facilitate the identification of patterns of abuse among both authorized and unauthorized users.&lt;/VulnDiscussion&gt;&lt;FalsePositives&gt;&lt;/FalsePositives&gt;&lt;FalseNegatives&gt;&lt;/FalseNegatives&gt;&lt;Documentable&gt;false&lt;/Documentable&gt;&lt;Mitigations&gt;&lt;/Mitigations&gt;&lt;SeverityOverrideGuidance&gt;&lt;/SeverityOverrideGuidance&gt;&lt;PotentialImpacts&gt;&lt;/PotentialImpacts&gt;&lt;ThirdPartyTools&gt;&lt;/ThirdPartyTools&gt;&lt;MitigationControl&gt;&lt;/MitigationControl&gt;&lt;Responsibility&gt;&lt;/Responsibility&gt;&lt;IAControls&gt;&lt;/IAControls&gt;</description>
      <reference xmlns:dc="http://purl.org/dc/elements/1.1/">
        <dc:title>DPMS Target Red Hat 6</dc:title>
        <dc:subject>Red Hat 6</dc:subject>
        <dc:publisher>DISA FSO</dc:publisher>
        <dc:type>DPMS Target</dc:type>
        <dc:identifier>2367</dc:identifier>
      </reference>
      <ident system="http://cce.mitre.org">CCE-27180-9</ident>
      <ident system="http://iase.disa.mil/cci">CCI-000172</ident>
      <fixtext xmlns:xhtml="http://www.w3.org/1999/xhtml" xml:lang="en" override="false" fixref="F-43505r2_fix">At a minimum, the audit system should collect file permission changes for all users and root. Add the following to "/etc/audit/audit.rules": 

-a always,exit -F arch=b32 -S fsetxattr -F auid&gt;=500 -F auid!=4294967295 \
-k perm_mod
-a always,exit -F arch=b32 -S fsetxattr -F auid=0 -k perm_mod

If the system is 64-bit, then also add the following: 

-a always,exit -F arch=b64 -S fsetxattr -F auid&gt;=500 -F auid!=4294967295 \
-k perm_mod
-a always,exit -F arch=b64 -S fsetxattr -F auid=0 -k perm_mod</fixtext>
      <fix xmlns:xhtml="http://www.w3.org/1999/xhtml" id="F-43505r2_fix"/>
      <check system="http://oval.mitre.org/XMLSchema/oval-definitions-5">
        <check-content-ref name="oval:mil.disa.fso.redhat.rhel6:def:751" href="U_RedHat_6_V1R6_STIG_SCAP_1-1_Benchmark-oval.xml"/>
      </check>
    </Rule>
  </Group>
  <Group id="V-38558">
    <title xmlns:xhtml="http://www.w3.org/1999/xhtml" xml:lang="en">SRG-OS-000064</title>
    <description xmlns:xhtml="http://www.w3.org/1999/xhtml" xml:lang="en">&lt;GroupDescription&gt;&lt;/GroupDescription&gt;</description>
    <Rule id="SV-50359r2_rule" selected="true" weight="10.000000" severity="low">
      <version>RHEL-06-000192</version>
      <title xmlns:xhtml="http://www.w3.org/1999/xhtml" xml:lang="en">The audit system must be configured to audit all discretionary access control permission modifications using lchown.</title>
      <description xmlns:xhtml="http://www.w3.org/1999/xhtml" xml:lang="en">&lt;VulnDiscussion&gt;The changing of file permissions could indicate that a user is attempting to gain access to information that would otherwise be disallowed. Auditing DAC modifications can facilitate the identification of patterns of abuse among both authorized and unauthorized users.&lt;/VulnDiscussion&gt;&lt;FalsePositives&gt;&lt;/FalsePositives&gt;&lt;FalseNegatives&gt;&lt;/FalseNegatives&gt;&lt;Documentable&gt;false&lt;/Documentable&gt;&lt;Mitigations&gt;&lt;/Mitigations&gt;&lt;SeverityOverrideGuidance&gt;&lt;/SeverityOverrideGuidance&gt;&lt;PotentialImpacts&gt;&lt;/PotentialImpacts&gt;&lt;ThirdPartyTools&gt;&lt;/ThirdPartyTools&gt;&lt;MitigationControl&gt;&lt;/MitigationControl&gt;&lt;Responsibility&gt;&lt;/Responsibility&gt;&lt;IAControls&gt;&lt;/IAControls&gt;</description>
      <reference xmlns:dc="http://purl.org/dc/elements/1.1/">
        <dc:title>DPMS Target Red Hat 6</dc:title>
        <dc:subject>Red Hat 6</dc:subject>
        <dc:publisher>DISA FSO</dc:publisher>
        <dc:type>DPMS Target</dc:type>
        <dc:identifier>2367</dc:identifier>
      </reference>
      <ident system="http://cce.mitre.org">CCE-27181-7</ident>
      <ident system="http://iase.disa.mil/cci">CCI-000172</ident>
      <fixtext xmlns:xhtml="http://www.w3.org/1999/xhtml" xml:lang="en" override="false" fixref="F-43506r2_fix">At a minimum, the audit system should collect file permission changes for all users and root. Add the following to "/etc/audit/audit.rules": 

-a always,exit -F arch=b32 -S lchown -F auid&gt;=500 -F auid!=4294967295 \
-k perm_mod
-a always,exit -F arch=b32 -S lchown -F auid=0 -k perm_mod

If the system is 64-bit, then also add the following: 

-a always,exit -F arch=b64 -S lchown -F auid&gt;=500 -F auid!=4294967295 \
-k perm_mod
-a always,exit -F arch=b64 -S lchown -F auid=0 -k perm_mod</fixtext>
      <fix xmlns:xhtml="http://www.w3.org/1999/xhtml" id="F-43506r2_fix"/>
      <check system="http://oval.mitre.org/XMLSchema/oval-definitions-5">
        <check-content-ref name="oval:mil.disa.fso.redhat.rhel6:def:205" href="U_RedHat_6_V1R6_STIG_SCAP_1-1_Benchmark-oval.xml"/>
      </check>
    </Rule>
  </Group>
  <Group id="V-38559">
    <title xmlns:xhtml="http://www.w3.org/1999/xhtml" xml:lang="en">SRG-OS-000064</title>
    <description xmlns:xhtml="http://www.w3.org/1999/xhtml" xml:lang="en">&lt;GroupDescription&gt;&lt;/GroupDescription&gt;</description>
    <Rule id="SV-50360r2_rule" selected="true" weight="10.000000" severity="low">
      <version>RHEL-06-000193</version>
      <title xmlns:xhtml="http://www.w3.org/1999/xhtml" xml:lang="en">The audit system must be configured to audit all discretionary access control permission modifications using lremovexattr.</title>
      <description xmlns:xhtml="http://www.w3.org/1999/xhtml" xml:lang="en">&lt;VulnDiscussion&gt;The changing of file permissions could indicate that a user is attempting to gain access to information that would otherwise be disallowed. Auditing DAC modifications can facilitate the identification of patterns of abuse among both authorized and unauthorized users.&lt;/VulnDiscussion&gt;&lt;FalsePositives&gt;&lt;/FalsePositives&gt;&lt;FalseNegatives&gt;&lt;/FalseNegatives&gt;&lt;Documentable&gt;false&lt;/Documentable&gt;&lt;Mitigations&gt;&lt;/Mitigations&gt;&lt;SeverityOverrideGuidance&gt;&lt;/SeverityOverrideGuidance&gt;&lt;PotentialImpacts&gt;&lt;/PotentialImpacts&gt;&lt;ThirdPartyTools&gt;&lt;/ThirdPartyTools&gt;&lt;MitigationControl&gt;&lt;/MitigationControl&gt;&lt;Responsibility&gt;&lt;/Responsibility&gt;&lt;IAControls&gt;&lt;/IAControls&gt;</description>
      <reference xmlns:dc="http://purl.org/dc/elements/1.1/">
        <dc:title>DPMS Target Red Hat 6</dc:title>
        <dc:subject>Red Hat 6</dc:subject>
        <dc:publisher>DISA FSO</dc:publisher>
        <dc:type>DPMS Target</dc:type>
        <dc:identifier>2367</dc:identifier>
      </reference>
      <ident system="http://cce.mitre.org">CCE-27182-5</ident>
      <ident system="http://iase.disa.mil/cci">CCI-000172</ident>
      <fixtext xmlns:xhtml="http://www.w3.org/1999/xhtml" xml:lang="en" override="false" fixref="F-43507r2_fix">At a minimum, the audit system should collect file permission changes for all users and root. Add the following to "/etc/audit/audit.rules": 

-a always,exit -F arch=b32 -S lremovexattr -F auid&gt;=500 -F auid!=4294967295 \
-k perm_mod
-a always,exit -F arch=b32 -S lremovexattr -F auid=0 -k perm_mod

If the system is 64-bit, then also add the following: 

-a always,exit -F arch=b64 -S lremovexattr -F auid&gt;=500 -F auid!=4294967295 \
-k perm_mod
-a always,exit -F arch=b64 -S lremovexattr -F auid=0 -k perm_mod</fixtext>
      <fix xmlns:xhtml="http://www.w3.org/1999/xhtml" id="F-43507r2_fix"/>
      <check system="http://oval.mitre.org/XMLSchema/oval-definitions-5">
        <check-content-ref name="oval:mil.disa.fso.redhat.rhel6:def:322" href="U_RedHat_6_V1R6_STIG_SCAP_1-1_Benchmark-oval.xml"/>
      </check>
    </Rule>
  </Group>
  <Group id="V-38561">
    <title xmlns:xhtml="http://www.w3.org/1999/xhtml" xml:lang="en">SRG-OS-000064</title>
    <description xmlns:xhtml="http://www.w3.org/1999/xhtml" xml:lang="en">&lt;GroupDescription&gt;&lt;/GroupDescription&gt;</description>
    <Rule id="SV-50362r2_rule" selected="true" weight="10.000000" severity="low">
      <version>RHEL-06-000194</version>
      <title xmlns:xhtml="http://www.w3.org/1999/xhtml" xml:lang="en">The audit system must be configured to audit all discretionary access control permission modifications using lsetxattr.</title>
      <description xmlns:xhtml="http://www.w3.org/1999/xhtml" xml:lang="en">&lt;VulnDiscussion&gt;The changing of file permissions could indicate that a user is attempting to gain access to information that would otherwise be disallowed. Auditing DAC modifications can facilitate the identification of patterns of abuse among both authorized and unauthorized users.&lt;/VulnDiscussion&gt;&lt;FalsePositives&gt;&lt;/FalsePositives&gt;&lt;FalseNegatives&gt;&lt;/FalseNegatives&gt;&lt;Documentable&gt;false&lt;/Documentable&gt;&lt;Mitigations&gt;&lt;/Mitigations&gt;&lt;SeverityOverrideGuidance&gt;&lt;/SeverityOverrideGuidance&gt;&lt;PotentialImpacts&gt;&lt;/PotentialImpacts&gt;&lt;ThirdPartyTools&gt;&lt;/ThirdPartyTools&gt;&lt;MitigationControl&gt;&lt;/MitigationControl&gt;&lt;Responsibility&gt;&lt;/Responsibility&gt;&lt;IAControls&gt;&lt;/IAControls&gt;</description>
      <reference xmlns:dc="http://purl.org/dc/elements/1.1/">
        <dc:title>DPMS Target Red Hat 6</dc:title>
        <dc:subject>Red Hat 6</dc:subject>
        <dc:publisher>DISA FSO</dc:publisher>
        <dc:type>DPMS Target</dc:type>
        <dc:identifier>2367</dc:identifier>
      </reference>
      <ident system="http://cce.mitre.org">CCE-27183-3</ident>
      <ident system="http://iase.disa.mil/cci">CCI-000172</ident>
      <fixtext xmlns:xhtml="http://www.w3.org/1999/xhtml" xml:lang="en" override="false" fixref="F-43509r2_fix">At a minimum, the audit system should collect file permission changes for all users and root. Add the following to "/etc/audit/audit.rules": 

-a always,exit -F arch=b32 -S lsetxattr -F auid&gt;=500 -F auid!=4294967295 \
-k perm_mod
-a always,exit -F arch=b32 -S lsetxattr -F auid=0 -k perm_mod

If the system is 64-bit, then also add the following: 

-a always,exit -F arch=b64 -S lsetxattr -F auid&gt;=500 -F auid!=4294967295 \
-k perm_mod
-a always,exit -F arch=b64 -S lsetxattr -F auid=0 -k perm_mod</fixtext>
      <fix xmlns:xhtml="http://www.w3.org/1999/xhtml" id="F-43509r2_fix"/>
      <check system="http://oval.mitre.org/XMLSchema/oval-definitions-5">
        <check-content-ref name="oval:mil.disa.fso.redhat.rhel6:def:434" href="U_RedHat_6_V1R6_STIG_SCAP_1-1_Benchmark-oval.xml"/>
      </check>
    </Rule>
  </Group>
  <Group id="V-38563">
    <title xmlns:xhtml="http://www.w3.org/1999/xhtml" xml:lang="en">SRG-OS-000064</title>
    <description xmlns:xhtml="http://www.w3.org/1999/xhtml" xml:lang="en">&lt;GroupDescription&gt;&lt;/GroupDescription&gt;</description>
    <Rule id="SV-50364r2_rule" selected="true" weight="10.000000" severity="low">
      <version>RHEL-06-000195</version>
      <title xmlns:xhtml="http://www.w3.org/1999/xhtml" xml:lang="en">The audit system must be configured to audit all discretionary access control permission modifications using removexattr.</title>
      <description xmlns:xhtml="http://www.w3.org/1999/xhtml" xml:lang="en">&lt;VulnDiscussion&gt;The changing of file permissions could indicate that a user is attempting to gain access to information that would otherwise be disallowed. Auditing DAC modifications can facilitate the identification of patterns of abuse among both authorized and unauthorized users.&lt;/VulnDiscussion&gt;&lt;FalsePositives&gt;&lt;/FalsePositives&gt;&lt;FalseNegatives&gt;&lt;/FalseNegatives&gt;&lt;Documentable&gt;false&lt;/Documentable&gt;&lt;Mitigations&gt;&lt;/Mitigations&gt;&lt;SeverityOverrideGuidance&gt;&lt;/SeverityOverrideGuidance&gt;&lt;PotentialImpacts&gt;&lt;/PotentialImpacts&gt;&lt;ThirdPartyTools&gt;&lt;/ThirdPartyTools&gt;&lt;MitigationControl&gt;&lt;/MitigationControl&gt;&lt;Responsibility&gt;&lt;/Responsibility&gt;&lt;IAControls&gt;&lt;/IAControls&gt;</description>
      <reference xmlns:dc="http://purl.org/dc/elements/1.1/">
        <dc:title>DPMS Target Red Hat 6</dc:title>
        <dc:subject>Red Hat 6</dc:subject>
        <dc:publisher>DISA FSO</dc:publisher>
        <dc:type>DPMS Target</dc:type>
        <dc:identifier>2367</dc:identifier>
      </reference>
      <ident system="http://cce.mitre.org">CCE-27184-1</ident>
      <ident system="http://iase.disa.mil/cci">CCI-000172</ident>
      <fixtext xmlns:xhtml="http://www.w3.org/1999/xhtml" xml:lang="en" override="false" fixref="F-43511r2_fix">At a minimum, the audit system should collect file permission changes for all users and root. Add the following to "/etc/audit/audit.rules": 

-a always,exit -F arch=b32 -S removexattr -F auid&gt;=500 -F auid!=4294967295 \
-k perm_mod
-a always,exit -F arch=b32 -S removexattr -F auid=0 -k perm_mod

If the system is 64-bit, then also add the following: 

-a always,exit -F arch=b64 -S removexattr -F auid&gt;=500 -F auid!=4294967295 \
-k perm_mod
-a always,exit -F arch=b64 -S removexattr -F auid=0 -k perm_mod</fixtext>
      <fix xmlns:xhtml="http://www.w3.org/1999/xhtml" id="F-43511r2_fix"/>
      <check system="http://oval.mitre.org/XMLSchema/oval-definitions-5">
        <check-content-ref name="oval:mil.disa.fso.redhat.rhel6:def:1170" href="U_RedHat_6_V1R6_STIG_SCAP_1-1_Benchmark-oval.xml"/>
      </check>
    </Rule>
  </Group>
  <Group id="V-38565">
    <title xmlns:xhtml="http://www.w3.org/1999/xhtml" xml:lang="en">SRG-OS-000064</title>
    <description xmlns:xhtml="http://www.w3.org/1999/xhtml" xml:lang="en">&lt;GroupDescription&gt;&lt;/GroupDescription&gt;</description>
    <Rule id="SV-50366r2_rule" selected="true" weight="10.000000" severity="low">
      <version>RHEL-06-000196</version>
      <title xmlns:xhtml="http://www.w3.org/1999/xhtml" xml:lang="en">The audit system must be configured to audit all discretionary access control permission modifications using setxattr.</title>
      <description xmlns:xhtml="http://www.w3.org/1999/xhtml" xml:lang="en">&lt;VulnDiscussion&gt;The changing of file permissions could indicate that a user is attempting to gain access to information that would otherwise be disallowed. Auditing DAC modifications can facilitate the identification of patterns of abuse among both authorized and unauthorized users.&lt;/VulnDiscussion&gt;&lt;FalsePositives&gt;&lt;/FalsePositives&gt;&lt;FalseNegatives&gt;&lt;/FalseNegatives&gt;&lt;Documentable&gt;false&lt;/Documentable&gt;&lt;Mitigations&gt;&lt;/Mitigations&gt;&lt;SeverityOverrideGuidance&gt;&lt;/SeverityOverrideGuidance&gt;&lt;PotentialImpacts&gt;&lt;/PotentialImpacts&gt;&lt;ThirdPartyTools&gt;&lt;/ThirdPartyTools&gt;&lt;MitigationControl&gt;&lt;/MitigationControl&gt;&lt;Responsibility&gt;&lt;/Responsibility&gt;&lt;IAControls&gt;&lt;/IAControls&gt;</description>
      <reference xmlns:dc="http://purl.org/dc/elements/1.1/">
        <dc:title>DPMS Target Red Hat 6</dc:title>
        <dc:subject>Red Hat 6</dc:subject>
        <dc:publisher>DISA FSO</dc:publisher>
        <dc:type>DPMS Target</dc:type>
        <dc:identifier>2367</dc:identifier>
      </reference>
      <ident system="http://cce.mitre.org">CCE-27185-8</ident>
      <ident system="http://iase.disa.mil/cci">CCI-000172</ident>
      <fixtext xmlns:xhtml="http://www.w3.org/1999/xhtml" xml:lang="en" override="false" fixref="F-43513r2_fix">At a minimum, the audit system should collect file permission changes for all users and root. Add the following to "/etc/audit/audit.rules": 

-a always,exit -F arch=b32 -S setxattr -F auid&gt;=500 -F auid!=4294967295 \
-k perm_mod
-a always,exit -F arch=b32 -S setxattr -F auid=0 -k perm_mod

If the system is 64-bit, then also add the following: 

-a always,exit -F arch=b64 -S setxattr -F auid&gt;=500 -F auid!=4294967295 \
-k perm_mod
-a always,exit -F arch=b64 -S setxattr -F auid=0 -k perm_mod</fixtext>
      <fix xmlns:xhtml="http://www.w3.org/1999/xhtml" id="F-43513r2_fix"/>
      <check system="http://oval.mitre.org/XMLSchema/oval-definitions-5">
        <check-content-ref name="oval:mil.disa.fso.redhat.rhel6:def:305" href="U_RedHat_6_V1R6_STIG_SCAP_1-1_Benchmark-oval.xml"/>
      </check>
    </Rule>
  </Group>
  <Group id="V-38568">
    <title xmlns:xhtml="http://www.w3.org/1999/xhtml" xml:lang="en">SRG-OS-000064</title>
    <description xmlns:xhtml="http://www.w3.org/1999/xhtml" xml:lang="en">&lt;GroupDescription&gt;&lt;/GroupDescription&gt;</description>
    <Rule id="SV-50369r2_rule" selected="true" weight="10.000000" severity="low">
      <version>RHEL-06-000199</version>
      <title xmlns:xhtml="http://www.w3.org/1999/xhtml" xml:lang="en">The audit system must be configured to audit successful file system mounts.</title>
      <description xmlns:xhtml="http://www.w3.org/1999/xhtml" xml:lang="en">&lt;VulnDiscussion&gt;The unauthorized exportation of data to external media could result in an information leak where classified information, Privacy Act information, and intellectual property could be lost. An audit trail should be created each time a filesystem is mounted to help identify and guard against information loss.&lt;/VulnDiscussion&gt;&lt;FalsePositives&gt;&lt;/FalsePositives&gt;&lt;FalseNegatives&gt;&lt;/FalseNegatives&gt;&lt;Documentable&gt;false&lt;/Documentable&gt;&lt;Mitigations&gt;&lt;/Mitigations&gt;&lt;SeverityOverrideGuidance&gt;&lt;/SeverityOverrideGuidance&gt;&lt;PotentialImpacts&gt;&lt;/PotentialImpacts&gt;&lt;ThirdPartyTools&gt;&lt;/ThirdPartyTools&gt;&lt;MitigationControl&gt;&lt;/MitigationControl&gt;&lt;Responsibility&gt;&lt;/Responsibility&gt;&lt;IAControls&gt;&lt;/IAControls&gt;</description>
      <reference xmlns:dc="http://purl.org/dc/elements/1.1/">
        <dc:title>DPMS Target Red Hat 6</dc:title>
        <dc:subject>Red Hat 6</dc:subject>
        <dc:publisher>DISA FSO</dc:publisher>
        <dc:type>DPMS Target</dc:type>
        <dc:identifier>2367</dc:identifier>
      </reference>
      <ident system="http://cce.mitre.org">CCE-26573-6</ident>
      <ident system="http://iase.disa.mil/cci">CCI-000172</ident>
      <fixtext xmlns:xhtml="http://www.w3.org/1999/xhtml" xml:lang="en" override="false" fixref="F-43516r2_fix">At a minimum, the audit system should collect media exportation events for all users and root. Add the following to "/etc/audit/audit.rules", setting ARCH to either b32 or b64 as appropriate for your system: 

-a always,exit -F arch=ARCH -S mount -F auid&gt;=500 -F auid!=4294967295 -k export
-a always,exit -F arch=ARCH -S mount -F auid=0 -k export</fixtext>
      <fix xmlns:xhtml="http://www.w3.org/1999/xhtml" id="F-43516r2_fix"/>
      <check system="http://oval.mitre.org/XMLSchema/oval-definitions-5">
        <check-content-ref name="oval:mil.disa.fso.redhat.rhel6:def:268" href="U_RedHat_6_V1R6_STIG_SCAP_1-1_Benchmark-oval.xml"/>
      </check>
    </Rule>
  </Group>
  <Group id="V-38569">
    <title xmlns:xhtml="http://www.w3.org/1999/xhtml" xml:lang="en">SRG-OS-000069</title>
    <description xmlns:xhtml="http://www.w3.org/1999/xhtml" xml:lang="en">&lt;GroupDescription&gt;&lt;/GroupDescription&gt;</description>
    <Rule id="SV-50370r1_rule" selected="true" weight="10.000000" severity="low">
      <version>RHEL-06-000057</version>
      <title xmlns:xhtml="http://www.w3.org/1999/xhtml" xml:lang="en">The system must require passwords to contain at least one uppercase alphabetic character.</title>
      <description xmlns:xhtml="http://www.w3.org/1999/xhtml" xml:lang="en">&lt;VulnDiscussion&gt;Requiring a minimum number of uppercase characters makes password guessing attacks more difficult by ensuring a larger search space.&lt;/VulnDiscussion&gt;&lt;FalsePositives&gt;&lt;/FalsePositives&gt;&lt;FalseNegatives&gt;&lt;/FalseNegatives&gt;&lt;Documentable&gt;false&lt;/Documentable&gt;&lt;Mitigations&gt;&lt;/Mitigations&gt;&lt;SeverityOverrideGuidance&gt;&lt;/SeverityOverrideGuidance&gt;&lt;PotentialImpacts&gt;&lt;/PotentialImpacts&gt;&lt;ThirdPartyTools&gt;&lt;/ThirdPartyTools&gt;&lt;MitigationControl&gt;&lt;/MitigationControl&gt;&lt;Responsibility&gt;&lt;/Responsibility&gt;&lt;IAControls&gt;&lt;/IAControls&gt;</description>
      <reference xmlns:dc="http://purl.org/dc/elements/1.1/">
        <dc:title>DPMS Target Red Hat 6</dc:title>
        <dc:subject>Red Hat 6</dc:subject>
        <dc:publisher>DISA FSO</dc:publisher>
        <dc:type>DPMS Target</dc:type>
        <dc:identifier>2367</dc:identifier>
      </reference>
      <ident system="http://cce.mitre.org">CCE-26601-5</ident>
      <ident system="http://iase.disa.mil/cci">CCI-000192</ident>
      <fixtext xmlns:xhtml="http://www.w3.org/1999/xhtml" xml:lang="en" override="false" fixref="F-43517r1_fix">The pam_cracklib module's "ucredit=" parameter controls requirements for usage of uppercase letters in a password. When set to a negative number, any password will be required to contain that many uppercase characters. When set to a positive number, pam_cracklib will grant +1 additional length credit for each uppercase character. Add "ucredit=-1" after pam_cracklib.so to require use of an uppercase character in passwords.</fixtext>
      <fix xmlns:xhtml="http://www.w3.org/1999/xhtml" id="F-43517r1_fix"/>
      <check system="http://oval.mitre.org/XMLSchema/oval-definitions-5">
        <check-export export-name="oval:mil.disa.fso.redhat.rhel6:var:2142" value-id="var_password_pam_cracklib_ucredit"/>
        <check-content-ref name="oval:mil.disa.fso.redhat.rhel6:def:1141" href="U_RedHat_6_V1R6_STIG_SCAP_1-1_Benchmark-oval.xml"/>
      </check>
    </Rule>
  </Group>
  <Group id="V-38570">
    <title xmlns:xhtml="http://www.w3.org/1999/xhtml" xml:lang="en">SRG-OS-000266</title>
    <description xmlns:xhtml="http://www.w3.org/1999/xhtml" xml:lang="en">&lt;GroupDescription&gt;&lt;/GroupDescription&gt;</description>
    <Rule id="SV-50371r1_rule" selected="true" weight="10.000000" severity="low">
      <version>RHEL-06-000058</version>
      <title xmlns:xhtml="http://www.w3.org/1999/xhtml" xml:lang="en">The system must require passwords to contain at least one special character.</title>
      <description xmlns:xhtml="http://www.w3.org/1999/xhtml" xml:lang="en">&lt;VulnDiscussion&gt;Requiring a minimum number of special characters makes password guessing attacks more difficult by ensuring a larger search space.&lt;/VulnDiscussion&gt;&lt;FalsePositives&gt;&lt;/FalsePositives&gt;&lt;FalseNegatives&gt;&lt;/FalseNegatives&gt;&lt;Documentable&gt;false&lt;/Documentable&gt;&lt;Mitigations&gt;&lt;/Mitigations&gt;&lt;SeverityOverrideGuidance&gt;&lt;/SeverityOverrideGuidance&gt;&lt;PotentialImpacts&gt;&lt;/PotentialImpacts&gt;&lt;ThirdPartyTools&gt;&lt;/ThirdPartyTools&gt;&lt;MitigationControl&gt;&lt;/MitigationControl&gt;&lt;Responsibility&gt;&lt;/Responsibility&gt;&lt;IAControls&gt;&lt;/IAControls&gt;</description>
      <reference xmlns:dc="http://purl.org/dc/elements/1.1/">
        <dc:title>DPMS Target Red Hat 6</dc:title>
        <dc:subject>Red Hat 6</dc:subject>
        <dc:publisher>DISA FSO</dc:publisher>
        <dc:type>DPMS Target</dc:type>
        <dc:identifier>2367</dc:identifier>
      </reference>
      <ident system="http://cce.mitre.org">CCE-26409-3</ident>
      <ident system="http://iase.disa.mil/cci">CCI-001619</ident>
      <fixtext xmlns:xhtml="http://www.w3.org/1999/xhtml" xml:lang="en" override="false" fixref="F-43518r1_fix">The pam_cracklib module's "ocredit=" parameter controls requirements for usage of special (or ``other'') characters in a password. When set to a negative number, any password will be required to contain that many special characters. When set to a positive number, pam_cracklib will grant +1 additional length credit for each special character. Add "ocredit=-1" after pam_cracklib.so to require use of a special character in passwords.</fixtext>
      <fix xmlns:xhtml="http://www.w3.org/1999/xhtml" id="F-43518r1_fix"/>
      <check system="http://oval.mitre.org/XMLSchema/oval-definitions-5">
        <check-export export-name="oval:mil.disa.fso.redhat.rhel6:var:2119" value-id="var_password_pam_cracklib_ocredit"/>
        <check-content-ref name="oval:mil.disa.fso.redhat.rhel6:def:474" href="U_RedHat_6_V1R6_STIG_SCAP_1-1_Benchmark-oval.xml"/>
      </check>
    </Rule>
  </Group>
  <Group id="V-38571">
    <title xmlns:xhtml="http://www.w3.org/1999/xhtml" xml:lang="en">SRG-OS-000070</title>
    <description xmlns:xhtml="http://www.w3.org/1999/xhtml" xml:lang="en">&lt;GroupDescription&gt;&lt;/GroupDescription&gt;</description>
    <Rule id="SV-50372r1_rule" selected="true" weight="10.000000" severity="low">
      <version>RHEL-06-000059</version>
      <title xmlns:xhtml="http://www.w3.org/1999/xhtml" xml:lang="en">The system must require passwords to contain at least one lowercase alphabetic character.</title>
      <description xmlns:xhtml="http://www.w3.org/1999/xhtml" xml:lang="en">&lt;VulnDiscussion&gt;Requiring a minimum number of lowercase characters makes password guessing attacks more difficult by ensuring a larger search space.&lt;/VulnDiscussion&gt;&lt;FalsePositives&gt;&lt;/FalsePositives&gt;&lt;FalseNegatives&gt;&lt;/FalseNegatives&gt;&lt;Documentable&gt;false&lt;/Documentable&gt;&lt;Mitigations&gt;&lt;/Mitigations&gt;&lt;SeverityOverrideGuidance&gt;&lt;/SeverityOverrideGuidance&gt;&lt;PotentialImpacts&gt;&lt;/PotentialImpacts&gt;&lt;ThirdPartyTools&gt;&lt;/ThirdPartyTools&gt;&lt;MitigationControl&gt;&lt;/MitigationControl&gt;&lt;Responsibility&gt;&lt;/Responsibility&gt;&lt;IAControls&gt;&lt;/IAControls&gt;</description>
      <reference xmlns:dc="http://purl.org/dc/elements/1.1/">
        <dc:title>DPMS Target Red Hat 6</dc:title>
        <dc:subject>Red Hat 6</dc:subject>
        <dc:publisher>DISA FSO</dc:publisher>
        <dc:type>DPMS Target</dc:type>
        <dc:identifier>2367</dc:identifier>
      </reference>
      <ident system="http://cce.mitre.org">CCE-26631-2</ident>
      <ident system="http://iase.disa.mil/cci">CCI-000193</ident>
      <fixtext xmlns:xhtml="http://www.w3.org/1999/xhtml" xml:lang="en" override="false" fixref="F-43519r1_fix">The pam_cracklib module's "lcredit=" parameter controls requirements for usage of lowercase letters in a password. When set to a negative number, any password will be required to contain that many lowercase characters. When set to a positive number, pam_cracklib will grant +1 additional length credit for each lowercase character. Add "lcredit=-1" after pam_cracklib.so to require use of a lowercase character in passwords.</fixtext>
      <fix xmlns:xhtml="http://www.w3.org/1999/xhtml" id="F-43519r1_fix"/>
      <check system="http://oval.mitre.org/XMLSchema/oval-definitions-5">
        <check-export export-name="oval:mil.disa.fso.redhat.rhel6:var:2138" value-id="var_password_pam_cracklib_lcredit"/>
        <check-content-ref name="oval:mil.disa.fso.redhat.rhel6:def:1032" href="U_RedHat_6_V1R6_STIG_SCAP_1-1_Benchmark-oval.xml"/>
      </check>
    </Rule>
  </Group>
  <Group id="V-38572">
    <title xmlns:xhtml="http://www.w3.org/1999/xhtml" xml:lang="en">SRG-OS-000072</title>
    <description xmlns:xhtml="http://www.w3.org/1999/xhtml" xml:lang="en">&lt;GroupDescription&gt;&lt;/GroupDescription&gt;</description>
    <Rule id="SV-50373r1_rule" selected="true" weight="10.000000" severity="low">
      <version>RHEL-06-000060</version>
      <title xmlns:xhtml="http://www.w3.org/1999/xhtml" xml:lang="en">The system must require at least four characters be changed between the old and new passwords during a password change.</title>
      <description xmlns:xhtml="http://www.w3.org/1999/xhtml" xml:lang="en">&lt;VulnDiscussion&gt;Requiring a minimum number of different characters during password changes ensures that newly changed passwords should not resemble previously compromised ones. Note that passwords which are changed on compromised systems will still be compromised, however.&lt;/VulnDiscussion&gt;&lt;FalsePositives&gt;&lt;/FalsePositives&gt;&lt;FalseNegatives&gt;&lt;/FalseNegatives&gt;&lt;Documentable&gt;false&lt;/Documentable&gt;&lt;Mitigations&gt;&lt;/Mitigations&gt;&lt;SeverityOverrideGuidance&gt;&lt;/SeverityOverrideGuidance&gt;&lt;PotentialImpacts&gt;&lt;/PotentialImpacts&gt;&lt;ThirdPartyTools&gt;&lt;/ThirdPartyTools&gt;&lt;MitigationControl&gt;&lt;/MitigationControl&gt;&lt;Responsibility&gt;&lt;/Responsibility&gt;&lt;IAControls&gt;&lt;/IAControls&gt;</description>
      <reference xmlns:dc="http://purl.org/dc/elements/1.1/">
        <dc:title>DPMS Target Red Hat 6</dc:title>
        <dc:subject>Red Hat 6</dc:subject>
        <dc:publisher>DISA FSO</dc:publisher>
        <dc:type>DPMS Target</dc:type>
        <dc:identifier>2367</dc:identifier>
      </reference>
      <ident system="http://cce.mitre.org">CCE-26615-5</ident>
      <ident system="http://iase.disa.mil/cci">CCI-000195</ident>
      <fixtext xmlns:xhtml="http://www.w3.org/1999/xhtml" xml:lang="en" override="false" fixref="F-43520r1_fix">The pam_cracklib module's "difok" parameter controls requirements for usage of different characters during a password change. Add "difok=[NUM]" after pam_cracklib.so to require differing characters when changing passwords, substituting [NUM] appropriately. The DoD requirement is 4.</fixtext>
      <fix xmlns:xhtml="http://www.w3.org/1999/xhtml" id="F-43520r1_fix"/>
      <check system="http://oval.mitre.org/XMLSchema/oval-definitions-5">
        <check-export export-name="oval:mil.disa.fso.redhat.rhel6:var:2120" value-id="var_password_pam_cracklib_difok"/>
        <check-content-ref name="oval:mil.disa.fso.redhat.rhel6:def:523" href="U_RedHat_6_V1R6_STIG_SCAP_1-1_Benchmark-oval.xml"/>
      </check>
    </Rule>
  </Group>
  <Group id="V-38573">
    <title xmlns:xhtml="http://www.w3.org/1999/xhtml" xml:lang="en">SRG-OS-000021</title>
    <description xmlns:xhtml="http://www.w3.org/1999/xhtml" xml:lang="en">&lt;GroupDescription&gt;&lt;/GroupDescription&gt;</description>
    <Rule id="SV-50374r3_rule" selected="true" weight="10.000000" severity="medium">
      <version>RHEL-06-000061</version>
      <title xmlns:xhtml="http://www.w3.org/1999/xhtml" xml:lang="en">The system must disable accounts after three consecutive unsuccessful logon attempts.</title>
      <description xmlns:xhtml="http://www.w3.org/1999/xhtml" xml:lang="en">&lt;VulnDiscussion&gt;Locking out user accounts after a number of incorrect attempts prevents direct password guessing attacks.&lt;/VulnDiscussion&gt;&lt;FalsePositives&gt;&lt;/FalsePositives&gt;&lt;FalseNegatives&gt;&lt;/FalseNegatives&gt;&lt;Documentable&gt;false&lt;/Documentable&gt;&lt;Mitigations&gt;&lt;/Mitigations&gt;&lt;SeverityOverrideGuidance&gt;&lt;/SeverityOverrideGuidance&gt;&lt;PotentialImpacts&gt;&lt;/PotentialImpacts&gt;&lt;ThirdPartyTools&gt;&lt;/ThirdPartyTools&gt;&lt;MitigationControl&gt;&lt;/MitigationControl&gt;&lt;Responsibility&gt;&lt;/Responsibility&gt;&lt;IAControls&gt;&lt;/IAControls&gt;</description>
      <reference xmlns:dc="http://purl.org/dc/elements/1.1/">
        <dc:title>DPMS Target Red Hat 6</dc:title>
        <dc:subject>Red Hat 6</dc:subject>
        <dc:publisher>DISA FSO</dc:publisher>
        <dc:type>DPMS Target</dc:type>
        <dc:identifier>2367</dc:identifier>
      </reference>
      <ident system="http://cce.mitre.org">CCE-26844-1</ident>
      <ident system="http://iase.disa.mil/cci">CCI-000044</ident>
      <fixtext xmlns:xhtml="http://www.w3.org/1999/xhtml" xml:lang="en" override="false" fixref="F-43521r5_fix">To configure the system to lock out accounts after a number of incorrect logon attempts using "pam_faillock.so": 

Add the following lines immediately below the "pam_unix.so" statement in the AUTH section of "/etc/pam.d/system-auth" and "/etc/pam.d/password-auth": 

auth [default=die] pam_faillock.so authfail deny=3 unlock_time=604800 fail_interval=900

auth required pam_faillock.so authsucc deny=3 unlock_time=604800 fail_interval=900

Note that any updates made to "/etc/pam.d/system-auth" and "/etc/pam.d/password-auth" may be overwritten by the "authconfig" program.  The "authconfig" program should not be used.</fixtext>
      <fix xmlns:xhtml="http://www.w3.org/1999/xhtml" id="F-43521r5_fix"/>
      <check system="http://oval.mitre.org/XMLSchema/oval-definitions-5">
        <check-export export-name="oval:mil.disa.fso.redhat.rhel6:var:2131" value-id="var_accounts_passwords_pam_faillock_deny"/>
        <check-content-ref name="oval:mil.disa.fso.redhat.rhel6:def:719" href="U_RedHat_6_V1R6_STIG_SCAP_1-1_Benchmark-oval.xml"/>
      </check>
    </Rule>
  </Group>
  <Group id="V-38574">
    <title xmlns:xhtml="http://www.w3.org/1999/xhtml" xml:lang="en">SRG-OS-000120</title>
    <description xmlns:xhtml="http://www.w3.org/1999/xhtml" xml:lang="en">&lt;GroupDescription&gt;&lt;/GroupDescription&gt;</description>
    <Rule id="SV-50375r1_rule" selected="true" weight="10.000000" severity="medium">
      <version>RHEL-06-000062</version>
      <title xmlns:xhtml="http://www.w3.org/1999/xhtml" xml:lang="en">The system must use a FIPS 140-2 approved cryptographic hashing algorithm for generating account password hashes (system-auth).</title>
      <description xmlns:xhtml="http://www.w3.org/1999/xhtml" xml:lang="en">&lt;VulnDiscussion&gt;Using a stronger hashing algorithm makes password cracking attacks more difficult.&lt;/VulnDiscussion&gt;&lt;FalsePositives&gt;&lt;/FalsePositives&gt;&lt;FalseNegatives&gt;&lt;/FalseNegatives&gt;&lt;Documentable&gt;false&lt;/Documentable&gt;&lt;Mitigations&gt;&lt;/Mitigations&gt;&lt;SeverityOverrideGuidance&gt;&lt;/SeverityOverrideGuidance&gt;&lt;PotentialImpacts&gt;&lt;/PotentialImpacts&gt;&lt;ThirdPartyTools&gt;&lt;/ThirdPartyTools&gt;&lt;MitigationControl&gt;&lt;/MitigationControl&gt;&lt;Responsibility&gt;&lt;/Responsibility&gt;&lt;IAControls&gt;&lt;/IAControls&gt;</description>
      <reference xmlns:dc="http://purl.org/dc/elements/1.1/">
        <dc:title>DPMS Target Red Hat 6</dc:title>
        <dc:subject>Red Hat 6</dc:subject>
        <dc:publisher>DISA FSO</dc:publisher>
        <dc:type>DPMS Target</dc:type>
        <dc:identifier>2367</dc:identifier>
      </reference>
      <ident system="http://cce.mitre.org">CCE-26303-8</ident>
      <ident system="http://iase.disa.mil/cci">CCI-000803</ident>
      <fixtext xmlns:xhtml="http://www.w3.org/1999/xhtml" xml:lang="en" override="false" fixref="F-43522r1_fix">In "/etc/pam.d/system-auth", the "password" section of the file controls which PAM modules execute during a password change. Set the "pam_unix.so" module in the "password" section to include the argument "sha512", as shown below: 

password sufficient pam_unix.so sha512 [other arguments...]

This will help ensure when local users change their passwords, hashes for the new passwords will be generated using the SHA-512 algorithm. This is the default.

Note that any updates made to "/etc/pam.d/system-auth" will be overwritten by the "authconfig" program.  The "authconfig" program should not be used.</fixtext>
      <fix xmlns:xhtml="http://www.w3.org/1999/xhtml" id="F-43522r1_fix"/>
      <check system="http://oval.mitre.org/XMLSchema/oval-definitions-5">
        <check-content-ref name="oval:mil.disa.fso.redhat.rhel6:def:488" href="U_RedHat_6_V1R6_STIG_SCAP_1-1_Benchmark-oval.xml"/>
      </check>
    </Rule>
  </Group>
  <Group id="V-38575">
    <title xmlns:xhtml="http://www.w3.org/1999/xhtml" xml:lang="en">SRG-OS-000064</title>
    <description xmlns:xhtml="http://www.w3.org/1999/xhtml" xml:lang="en">&lt;GroupDescription&gt;&lt;/GroupDescription&gt;</description>
    <Rule id="SV-50376r4_rule" selected="true" weight="10.000000" severity="low">
      <version>RHEL-06-000200</version>
      <title xmlns:xhtml="http://www.w3.org/1999/xhtml" xml:lang="en">The audit system must be configured to audit user deletions of files and programs.</title>
      <description xmlns:xhtml="http://www.w3.org/1999/xhtml" xml:lang="en">&lt;VulnDiscussion&gt;Auditing file deletions will create an audit trail for files that are removed from the system. The audit trail could aid in system troubleshooting, as well as detecting malicious processes that attempt to delete log files to conceal their presence.&lt;/VulnDiscussion&gt;&lt;FalsePositives&gt;&lt;/FalsePositives&gt;&lt;FalseNegatives&gt;&lt;/FalseNegatives&gt;&lt;Documentable&gt;false&lt;/Documentable&gt;&lt;Mitigations&gt;&lt;/Mitigations&gt;&lt;SeverityOverrideGuidance&gt;&lt;/SeverityOverrideGuidance&gt;&lt;PotentialImpacts&gt;&lt;/PotentialImpacts&gt;&lt;ThirdPartyTools&gt;&lt;/ThirdPartyTools&gt;&lt;MitigationControl&gt;&lt;/MitigationControl&gt;&lt;Responsibility&gt;&lt;/Responsibility&gt;&lt;IAControls&gt;&lt;/IAControls&gt;</description>
      <reference xmlns:dc="http://purl.org/dc/elements/1.1/">
        <dc:title>DPMS Target Red Hat 6</dc:title>
        <dc:subject>Red Hat 6</dc:subject>
        <dc:publisher>DISA FSO</dc:publisher>
        <dc:type>DPMS Target</dc:type>
        <dc:identifier>2367</dc:identifier>
      </reference>
      <ident system="http://cce.mitre.org">CCE-26651-0</ident>
      <ident system="http://iase.disa.mil/cci">CCI-000172</ident>
      <fixtext xmlns:xhtml="http://www.w3.org/1999/xhtml" xml:lang="en" override="false" fixref="F-43523r4_fix">At a minimum, the audit system should collect file deletion events for all users and root. Add the following (or equivalent) to "/etc/audit/audit.rules", setting ARCH to either b32 or b64 as appropriate for your system: 

-a always,exit -F arch=ARCH -S rmdir -S unlink -S unlinkat -S rename -S renameat -F auid&gt;=500 -F auid!=4294967295 -k delete
-a always,exit -F arch=ARCH -S rmdir -S unlink -S unlinkat -S rename -S renameat -F auid=0 -k delete</fixtext>
      <fix xmlns:xhtml="http://www.w3.org/1999/xhtml" id="F-43523r4_fix"/>
      <check system="http://oval.mitre.org/XMLSchema/oval-definitions-5">
        <check-content-ref name="oval:mil.disa.fso.redhat.rhel6:def:1147" href="U_RedHat_6_V1R6_STIG_SCAP_1-1_Benchmark-oval.xml"/>
      </check>
    </Rule>
  </Group>
  <Group id="V-38576">
    <title xmlns:xhtml="http://www.w3.org/1999/xhtml" xml:lang="en">SRG-OS-000120</title>
    <description xmlns:xhtml="http://www.w3.org/1999/xhtml" xml:lang="en">&lt;GroupDescription&gt;&lt;/GroupDescription&gt;</description>
    <Rule id="SV-50377r1_rule" selected="true" weight="10.000000" severity="medium">
      <version>RHEL-06-000063</version>
      <title xmlns:xhtml="http://www.w3.org/1999/xhtml" xml:lang="en">The system must use a FIPS 140-2 approved cryptographic hashing algorithm for generating account password hashes (login.defs).</title>
      <description xmlns:xhtml="http://www.w3.org/1999/xhtml" xml:lang="en">&lt;VulnDiscussion&gt;Using a stronger hashing algorithm makes password cracking attacks more difficult.&lt;/VulnDiscussion&gt;&lt;FalsePositives&gt;&lt;/FalsePositives&gt;&lt;FalseNegatives&gt;&lt;/FalseNegatives&gt;&lt;Documentable&gt;false&lt;/Documentable&gt;&lt;Mitigations&gt;&lt;/Mitigations&gt;&lt;SeverityOverrideGuidance&gt;&lt;/SeverityOverrideGuidance&gt;&lt;PotentialImpacts&gt;&lt;/PotentialImpacts&gt;&lt;ThirdPartyTools&gt;&lt;/ThirdPartyTools&gt;&lt;MitigationControl&gt;&lt;/MitigationControl&gt;&lt;Responsibility&gt;&lt;/Responsibility&gt;&lt;IAControls&gt;&lt;/IAControls&gt;</description>
      <reference xmlns:dc="http://purl.org/dc/elements/1.1/">
        <dc:title>DPMS Target Red Hat 6</dc:title>
        <dc:subject>Red Hat 6</dc:subject>
        <dc:publisher>DISA FSO</dc:publisher>
        <dc:type>DPMS Target</dc:type>
        <dc:identifier>2367</dc:identifier>
      </reference>
      <ident system="http://cce.mitre.org">CCE-27228-6</ident>
      <ident system="http://iase.disa.mil/cci">CCI-000803</ident>
      <fixtext xmlns:xhtml="http://www.w3.org/1999/xhtml" xml:lang="en" override="false" fixref="F-43524r1_fix">In "/etc/login.defs", add or correct the following line to ensure the system will use SHA-512 as the hashing algorithm: 

ENCRYPT_METHOD SHA512</fixtext>
      <fix xmlns:xhtml="http://www.w3.org/1999/xhtml" id="F-43524r1_fix"/>
      <check system="http://oval.mitre.org/XMLSchema/oval-definitions-5">
        <check-content-ref name="oval:mil.disa.fso.redhat.rhel6:def:1088" href="U_RedHat_6_V1R6_STIG_SCAP_1-1_Benchmark-oval.xml"/>
      </check>
    </Rule>
  </Group>
  <Group id="V-38577">
    <title xmlns:xhtml="http://www.w3.org/1999/xhtml" xml:lang="en">SRG-OS-000120</title>
    <description xmlns:xhtml="http://www.w3.org/1999/xhtml" xml:lang="en">&lt;GroupDescription&gt;&lt;/GroupDescription&gt;</description>
    <Rule id="SV-50378r1_rule" selected="true" weight="10.000000" severity="medium">
      <version>RHEL-06-000064</version>
      <title xmlns:xhtml="http://www.w3.org/1999/xhtml" xml:lang="en">The system must use a FIPS 140-2 approved cryptographic hashing algorithm for generating account password hashes (libuser.conf).</title>
      <description xmlns:xhtml="http://www.w3.org/1999/xhtml" xml:lang="en">&lt;VulnDiscussion&gt;Using a stronger hashing algorithm makes password cracking attacks more difficult.&lt;/VulnDiscussion&gt;&lt;FalsePositives&gt;&lt;/FalsePositives&gt;&lt;FalseNegatives&gt;&lt;/FalseNegatives&gt;&lt;Documentable&gt;false&lt;/Documentable&gt;&lt;Mitigations&gt;&lt;/Mitigations&gt;&lt;SeverityOverrideGuidance&gt;&lt;/SeverityOverrideGuidance&gt;&lt;PotentialImpacts&gt;&lt;/PotentialImpacts&gt;&lt;ThirdPartyTools&gt;&lt;/ThirdPartyTools&gt;&lt;MitigationControl&gt;&lt;/MitigationControl&gt;&lt;Responsibility&gt;&lt;/Responsibility&gt;&lt;IAControls&gt;&lt;/IAControls&gt;</description>
      <reference xmlns:dc="http://purl.org/dc/elements/1.1/">
        <dc:title>DPMS Target Red Hat 6</dc:title>
        <dc:subject>Red Hat 6</dc:subject>
        <dc:publisher>DISA FSO</dc:publisher>
        <dc:type>DPMS Target</dc:type>
        <dc:identifier>2367</dc:identifier>
      </reference>
      <ident system="http://cce.mitre.org">CCE-27229-4</ident>
      <ident system="http://iase.disa.mil/cci">CCI-000803</ident>
      <fixtext xmlns:xhtml="http://www.w3.org/1999/xhtml" xml:lang="en" override="false" fixref="F-43525r1_fix">In "/etc/libuser.conf", add or correct the following line in its "[defaults]" section to ensure the system will use the SHA-512 algorithm for password hashing: 

crypt_style = sha512</fixtext>
      <fix xmlns:xhtml="http://www.w3.org/1999/xhtml" id="F-43525r1_fix"/>
      <check system="http://oval.mitre.org/XMLSchema/oval-definitions-5">
        <check-content-ref name="oval:mil.disa.fso.redhat.rhel6:def:1003" href="U_RedHat_6_V1R6_STIG_SCAP_1-1_Benchmark-oval.xml"/>
      </check>
    </Rule>
  </Group>
  <Group id="V-38578">
    <title xmlns:xhtml="http://www.w3.org/1999/xhtml" xml:lang="en">SRG-OS-000064</title>
    <description xmlns:xhtml="http://www.w3.org/1999/xhtml" xml:lang="en">&lt;GroupDescription&gt;&lt;/GroupDescription&gt;</description>
    <Rule id="SV-50379r1_rule" selected="true" weight="10.000000" severity="low">
      <version>RHEL-06-000201</version>
      <title xmlns:xhtml="http://www.w3.org/1999/xhtml" xml:lang="en">The audit system must be configured to audit changes to the /etc/sudoers file.</title>
      <description xmlns:xhtml="http://www.w3.org/1999/xhtml" xml:lang="en">&lt;VulnDiscussion&gt;The actions taken by system administrators should be audited to keep a record of what was executed on the system, as well as, for accountability purposes.&lt;/VulnDiscussion&gt;&lt;FalsePositives&gt;&lt;/FalsePositives&gt;&lt;FalseNegatives&gt;&lt;/FalseNegatives&gt;&lt;Documentable&gt;false&lt;/Documentable&gt;&lt;Mitigations&gt;&lt;/Mitigations&gt;&lt;SeverityOverrideGuidance&gt;&lt;/SeverityOverrideGuidance&gt;&lt;PotentialImpacts&gt;&lt;/PotentialImpacts&gt;&lt;ThirdPartyTools&gt;&lt;/ThirdPartyTools&gt;&lt;MitigationControl&gt;&lt;/MitigationControl&gt;&lt;Responsibility&gt;&lt;/Responsibility&gt;&lt;IAControls&gt;&lt;/IAControls&gt;</description>
      <reference xmlns:dc="http://purl.org/dc/elements/1.1/">
        <dc:title>DPMS Target Red Hat 6</dc:title>
        <dc:subject>Red Hat 6</dc:subject>
        <dc:publisher>DISA FSO</dc:publisher>
        <dc:type>DPMS Target</dc:type>
        <dc:identifier>2367</dc:identifier>
      </reference>
      <ident system="http://cce.mitre.org">CCE-26662-7</ident>
      <ident system="http://iase.disa.mil/cci">CCI-000172</ident>
      <fixtext xmlns:xhtml="http://www.w3.org/1999/xhtml" xml:lang="en" override="false" fixref="F-43526r1_fix">At a minimum, the audit system should collect administrator actions for all users and root. Add the following to "/etc/audit/audit.rules": 

-w /etc/sudoers -p wa -k actions</fixtext>
      <fix xmlns:xhtml="http://www.w3.org/1999/xhtml" id="F-43526r1_fix"/>
      <check system="http://oval.mitre.org/XMLSchema/oval-definitions-5">
        <check-content-ref name="oval:mil.disa.fso.redhat.rhel6:def:863" href="U_RedHat_6_V1R6_STIG_SCAP_1-1_Benchmark-oval.xml"/>
      </check>
    </Rule>
  </Group>
  <Group id="V-38579">
    <title xmlns:xhtml="http://www.w3.org/1999/xhtml" xml:lang="en">SRG-OS-999999</title>
    <description xmlns:xhtml="http://www.w3.org/1999/xhtml" xml:lang="en">&lt;GroupDescription&gt;&lt;/GroupDescription&gt;</description>
    <Rule id="SV-50380r1_rule" selected="true" weight="10.000000" severity="medium">
      <version>RHEL-06-000065</version>
      <title xmlns:xhtml="http://www.w3.org/1999/xhtml" xml:lang="en">The system boot loader configuration file(s) must be owned by root.</title>
      <description xmlns:xhtml="http://www.w3.org/1999/xhtml" xml:lang="en">&lt;VulnDiscussion&gt;Only root should be able to modify important boot parameters.&lt;/VulnDiscussion&gt;&lt;FalsePositives&gt;&lt;/FalsePositives&gt;&lt;FalseNegatives&gt;&lt;/FalseNegatives&gt;&lt;Documentable&gt;false&lt;/Documentable&gt;&lt;Mitigations&gt;&lt;/Mitigations&gt;&lt;SeverityOverrideGuidance&gt;&lt;/SeverityOverrideGuidance&gt;&lt;PotentialImpacts&gt;&lt;/PotentialImpacts&gt;&lt;ThirdPartyTools&gt;&lt;/ThirdPartyTools&gt;&lt;MitigationControl&gt;&lt;/MitigationControl&gt;&lt;Responsibility&gt;&lt;/Responsibility&gt;&lt;IAControls&gt;&lt;/IAControls&gt;</description>
      <reference xmlns:dc="http://purl.org/dc/elements/1.1/">
        <dc:title>DPMS Target Red Hat 6</dc:title>
        <dc:subject>Red Hat 6</dc:subject>
        <dc:publisher>DISA FSO</dc:publisher>
        <dc:type>DPMS Target</dc:type>
        <dc:identifier>2367</dc:identifier>
      </reference>
      <ident system="http://cce.mitre.org">CCE-26995-1</ident>
      <ident system="http://iase.disa.mil/cci">CCI-000366</ident>
      <fixtext xmlns:xhtml="http://www.w3.org/1999/xhtml" xml:lang="en" override="false" fixref="F-43527r1_fix">The file "/etc/grub.conf" should be owned by the "root" user to prevent destruction or modification of the file. To properly set the owner of "/etc/grub.conf", run the command: 

# chown root /etc/grub.conf</fixtext>
      <fix xmlns:xhtml="http://www.w3.org/1999/xhtml" id="F-43527r1_fix"/>
      <check system="http://oval.mitre.org/XMLSchema/oval-definitions-5">
        <check-content-ref name="oval:mil.disa.fso.redhat.rhel6:def:907" href="U_RedHat_6_V1R6_STIG_SCAP_1-1_Benchmark-oval.xml"/>
      </check>
    </Rule>
  </Group>
  <Group id="V-38580">
    <title xmlns:xhtml="http://www.w3.org/1999/xhtml" xml:lang="en">SRG-OS-000064</title>
    <description xmlns:xhtml="http://www.w3.org/1999/xhtml" xml:lang="en">&lt;GroupDescription&gt;&lt;/GroupDescription&gt;</description>
    <Rule id="SV-50381r1_rule" selected="true" weight="10.000000" severity="medium">
      <version>RHEL-06-000202</version>
      <title xmlns:xhtml="http://www.w3.org/1999/xhtml" xml:lang="en">The audit system must be configured to audit the loading and unloading of dynamic kernel modules.</title>
      <description xmlns:xhtml="http://www.w3.org/1999/xhtml" xml:lang="en">&lt;VulnDiscussion&gt;The addition/removal of kernel modules can be used to alter the behavior of the kernel and potentially introduce malicious code into kernel space. It is important to have an audit trail of modules that have been introduced into the kernel.&lt;/VulnDiscussion&gt;&lt;FalsePositives&gt;&lt;/FalsePositives&gt;&lt;FalseNegatives&gt;&lt;/FalseNegatives&gt;&lt;Documentable&gt;false&lt;/Documentable&gt;&lt;Mitigations&gt;&lt;/Mitigations&gt;&lt;SeverityOverrideGuidance&gt;&lt;/SeverityOverrideGuidance&gt;&lt;PotentialImpacts&gt;&lt;/PotentialImpacts&gt;&lt;ThirdPartyTools&gt;&lt;/ThirdPartyTools&gt;&lt;MitigationControl&gt;&lt;/MitigationControl&gt;&lt;Responsibility&gt;&lt;/Responsibility&gt;&lt;IAControls&gt;&lt;/IAControls&gt;</description>
      <reference xmlns:dc="http://purl.org/dc/elements/1.1/">
        <dc:title>DPMS Target Red Hat 6</dc:title>
        <dc:subject>Red Hat 6</dc:subject>
        <dc:publisher>DISA FSO</dc:publisher>
        <dc:type>DPMS Target</dc:type>
        <dc:identifier>2367</dc:identifier>
      </reference>
      <ident system="http://cce.mitre.org">CCE-26611-4</ident>
      <ident system="http://iase.disa.mil/cci">CCI-000172</ident>
      <fixtext xmlns:xhtml="http://www.w3.org/1999/xhtml" xml:lang="en" override="false" fixref="F-43528r2_fix">Add the following to "/etc/audit/audit.rules" in order to capture kernel module loading and unloading events, setting ARCH to either b32 or b64 as appropriate for your system: 

-w /sbin/insmod -p x -k modules
-w /sbin/rmmod -p x -k modules
-w /sbin/modprobe -p x -k modules
-a always,exit -F arch=[ARCH] -S init_module -S delete_module -k modules</fixtext>
      <fix xmlns:xhtml="http://www.w3.org/1999/xhtml" id="F-43528r2_fix"/>
      <check system="http://oval.mitre.org/XMLSchema/oval-definitions-5">
        <check-content-ref name="oval:mil.disa.fso.redhat.rhel6:def:461" href="U_RedHat_6_V1R6_STIG_SCAP_1-1_Benchmark-oval.xml"/>
      </check>
    </Rule>
  </Group>
  <Group id="V-38581">
    <title xmlns:xhtml="http://www.w3.org/1999/xhtml" xml:lang="en">SRG-OS-999999</title>
    <description xmlns:xhtml="http://www.w3.org/1999/xhtml" xml:lang="en">&lt;GroupDescription&gt;&lt;/GroupDescription&gt;</description>
    <Rule id="SV-50382r1_rule" selected="true" weight="10.000000" severity="medium">
      <version>RHEL-06-000066</version>
      <title xmlns:xhtml="http://www.w3.org/1999/xhtml" xml:lang="en">The system boot loader configuration file(s) must be group-owned by root.</title>
      <description xmlns:xhtml="http://www.w3.org/1999/xhtml" xml:lang="en">&lt;VulnDiscussion&gt;The "root" group is a highly-privileged group. Furthermore, the group-owner of this file should not have any access privileges anyway.&lt;/VulnDiscussion&gt;&lt;FalsePositives&gt;&lt;/FalsePositives&gt;&lt;FalseNegatives&gt;&lt;/FalseNegatives&gt;&lt;Documentable&gt;false&lt;/Documentable&gt;&lt;Mitigations&gt;&lt;/Mitigations&gt;&lt;SeverityOverrideGuidance&gt;&lt;/SeverityOverrideGuidance&gt;&lt;PotentialImpacts&gt;&lt;/PotentialImpacts&gt;&lt;ThirdPartyTools&gt;&lt;/ThirdPartyTools&gt;&lt;MitigationControl&gt;&lt;/MitigationControl&gt;&lt;Responsibility&gt;&lt;/Responsibility&gt;&lt;IAControls&gt;&lt;/IAControls&gt;</description>
      <reference xmlns:dc="http://purl.org/dc/elements/1.1/">
        <dc:title>DPMS Target Red Hat 6</dc:title>
        <dc:subject>Red Hat 6</dc:subject>
        <dc:publisher>DISA FSO</dc:publisher>
        <dc:type>DPMS Target</dc:type>
        <dc:identifier>2367</dc:identifier>
      </reference>
      <ident system="http://cce.mitre.org">CCE-27022-3</ident>
      <ident system="http://iase.disa.mil/cci">CCI-000366</ident>
      <fixtext xmlns:xhtml="http://www.w3.org/1999/xhtml" xml:lang="en" override="false" fixref="F-43529r1_fix">The file "/etc/grub.conf" should be group-owned by the "root" group to prevent destruction or modification of the file. To properly set the group owner of "/etc/grub.conf", run the command: 

# chgrp root /etc/grub.conf</fixtext>
      <fix xmlns:xhtml="http://www.w3.org/1999/xhtml" id="F-43529r1_fix"/>
      <check system="http://oval.mitre.org/XMLSchema/oval-definitions-5">
        <check-content-ref name="oval:mil.disa.fso.redhat.rhel6:def:869" href="U_RedHat_6_V1R6_STIG_SCAP_1-1_Benchmark-oval.xml"/>
      </check>
    </Rule>
  </Group>
  <Group id="V-38582">
    <title xmlns:xhtml="http://www.w3.org/1999/xhtml" xml:lang="en">SRG-OS-000096</title>
    <description xmlns:xhtml="http://www.w3.org/1999/xhtml" xml:lang="en">&lt;GroupDescription&gt;&lt;/GroupDescription&gt;</description>
    <Rule id="SV-50383r2_rule" selected="true" weight="10.000000" severity="medium">
      <version>RHEL-06-000203</version>
      <title xmlns:xhtml="http://www.w3.org/1999/xhtml" xml:lang="en">The xinetd service must be disabled if no network services utilizing it are enabled.</title>
      <description xmlns:xhtml="http://www.w3.org/1999/xhtml" xml:lang="en">&lt;VulnDiscussion&gt;The xinetd service provides a dedicated listener service for some programs, which is no longer necessary for commonly-used network services. Disabling it ensures that these uncommon services are not running, and also prevents attacks against xinetd itself.&lt;/VulnDiscussion&gt;&lt;FalsePositives&gt;&lt;/FalsePositives&gt;&lt;FalseNegatives&gt;&lt;/FalseNegatives&gt;&lt;Documentable&gt;false&lt;/Documentable&gt;&lt;Mitigations&gt;&lt;/Mitigations&gt;&lt;SeverityOverrideGuidance&gt;&lt;/SeverityOverrideGuidance&gt;&lt;PotentialImpacts&gt;&lt;/PotentialImpacts&gt;&lt;ThirdPartyTools&gt;&lt;/ThirdPartyTools&gt;&lt;MitigationControl&gt;&lt;/MitigationControl&gt;&lt;Responsibility&gt;&lt;/Responsibility&gt;&lt;IAControls&gt;&lt;/IAControls&gt;</description>
      <reference xmlns:dc="http://purl.org/dc/elements/1.1/">
        <dc:title>DPMS Target Red Hat 6</dc:title>
        <dc:subject>Red Hat 6</dc:subject>
        <dc:publisher>DISA FSO</dc:publisher>
        <dc:type>DPMS Target</dc:type>
        <dc:identifier>2367</dc:identifier>
      </reference>
      <ident system="http://cce.mitre.org">CCE-27046-2</ident>
      <ident system="http://iase.disa.mil/cci">CCI-000382</ident>
      <fixtext xmlns:xhtml="http://www.w3.org/1999/xhtml" xml:lang="en" override="false" fixref="F-43530r2_fix">The "xinetd" service can be disabled with the following commands: 

# chkconfig xinetd off
# service xinetd stop</fixtext>
      <fix xmlns:xhtml="http://www.w3.org/1999/xhtml" id="F-43530r2_fix"/>
      <check system="http://oval.mitre.org/XMLSchema/oval-definitions-5">
        <check-content-ref name="oval:mil.disa.fso.redhat.rhel6:def:142" href="U_RedHat_6_V1R6_STIG_SCAP_1-1_Benchmark-oval.xml"/>
      </check>
    </Rule>
  </Group>
  <Group id="V-38583">
    <title xmlns:xhtml="http://www.w3.org/1999/xhtml" xml:lang="en">SRG-OS-999999</title>
    <description xmlns:xhtml="http://www.w3.org/1999/xhtml" xml:lang="en">&lt;GroupDescription&gt;&lt;/GroupDescription&gt;</description>
    <Rule id="SV-50384r2_rule" selected="true" weight="10.000000" severity="medium">
      <version>RHEL-06-000067</version>
      <title xmlns:xhtml="http://www.w3.org/1999/xhtml" xml:lang="en">The system boot loader configuration file(s) must have mode 0600 or less permissive.</title>
      <description xmlns:xhtml="http://www.w3.org/1999/xhtml" xml:lang="en">&lt;VulnDiscussion&gt;Proper permissions ensure that only the root user can modify important boot parameters.&lt;/VulnDiscussion&gt;&lt;FalsePositives&gt;&lt;/FalsePositives&gt;&lt;FalseNegatives&gt;&lt;/FalseNegatives&gt;&lt;Documentable&gt;false&lt;/Documentable&gt;&lt;Mitigations&gt;&lt;/Mitigations&gt;&lt;SeverityOverrideGuidance&gt;&lt;/SeverityOverrideGuidance&gt;&lt;PotentialImpacts&gt;&lt;/PotentialImpacts&gt;&lt;ThirdPartyTools&gt;&lt;/ThirdPartyTools&gt;&lt;MitigationControl&gt;&lt;/MitigationControl&gt;&lt;Responsibility&gt;&lt;/Responsibility&gt;&lt;IAControls&gt;&lt;/IAControls&gt;</description>
      <reference xmlns:dc="http://purl.org/dc/elements/1.1/">
        <dc:title>DPMS Target Red Hat 6</dc:title>
        <dc:subject>Red Hat 6</dc:subject>
        <dc:publisher>DISA FSO</dc:publisher>
        <dc:type>DPMS Target</dc:type>
        <dc:identifier>2367</dc:identifier>
      </reference>
      <ident system="http://cce.mitre.org">CCE-26949-8</ident>
      <ident system="http://iase.disa.mil/cci">CCI-000366</ident>
      <fixtext xmlns:xhtml="http://www.w3.org/1999/xhtml" xml:lang="en" override="false" fixref="F-43531r2_fix">File permissions for "/boot/grub/grub.conf" should be set to 600, which is the default. To properly set the permissions of "/boot/grub/grub.conf", run the command:

# chmod 600 /boot/grub/grub.conf

Boot partitions based on VFAT, NTFS, or other non-standard configurations may require alternative measures.</fixtext>
      <fix xmlns:xhtml="http://www.w3.org/1999/xhtml" id="F-43531r2_fix"/>
      <check system="http://oval.mitre.org/XMLSchema/oval-definitions-5">
        <check-content-ref name="oval:mil.disa.fso.redhat.rhel6:def:508" href="U_RedHat_6_V1R6_STIG_SCAP_1-1_Benchmark-oval.xml"/>
      </check>
    </Rule>
  </Group>
  <Group id="V-38584">
    <title xmlns:xhtml="http://www.w3.org/1999/xhtml" xml:lang="en">SRG-OS-000096</title>
    <description xmlns:xhtml="http://www.w3.org/1999/xhtml" xml:lang="en">&lt;GroupDescription&gt;&lt;/GroupDescription&gt;</description>
    <Rule id="SV-50385r1_rule" selected="true" weight="10.000000" severity="low">
      <version>RHEL-06-000204</version>
      <title xmlns:xhtml="http://www.w3.org/1999/xhtml" xml:lang="en">The xinetd service must be uninstalled if no network services utilizing it are enabled.</title>
      <description xmlns:xhtml="http://www.w3.org/1999/xhtml" xml:lang="en">&lt;VulnDiscussion&gt;Removing the "xinetd" package decreases the risk of the xinetd service's accidental (or intentional) activation.&lt;/VulnDiscussion&gt;&lt;FalsePositives&gt;&lt;/FalsePositives&gt;&lt;FalseNegatives&gt;&lt;/FalseNegatives&gt;&lt;Documentable&gt;false&lt;/Documentable&gt;&lt;Mitigations&gt;&lt;/Mitigations&gt;&lt;SeverityOverrideGuidance&gt;&lt;/SeverityOverrideGuidance&gt;&lt;PotentialImpacts&gt;&lt;/PotentialImpacts&gt;&lt;ThirdPartyTools&gt;&lt;/ThirdPartyTools&gt;&lt;MitigationControl&gt;&lt;/MitigationControl&gt;&lt;Responsibility&gt;&lt;/Responsibility&gt;&lt;IAControls&gt;&lt;/IAControls&gt;</description>
      <reference xmlns:dc="http://purl.org/dc/elements/1.1/">
        <dc:title>DPMS Target Red Hat 6</dc:title>
        <dc:subject>Red Hat 6</dc:subject>
        <dc:publisher>DISA FSO</dc:publisher>
        <dc:type>DPMS Target</dc:type>
        <dc:identifier>2367</dc:identifier>
      </reference>
      <ident system="http://cce.mitre.org">CCE-27005-8</ident>
      <ident system="http://iase.disa.mil/cci">CCI-000382</ident>
      <fixtext xmlns:xhtml="http://www.w3.org/1999/xhtml" xml:lang="en" override="false" fixref="F-43532r1_fix">The "xinetd" package can be uninstalled with the following command: 

# yum erase xinetd</fixtext>
      <fix xmlns:xhtml="http://www.w3.org/1999/xhtml" id="F-43532r1_fix"/>
      <check system="http://oval.mitre.org/XMLSchema/oval-definitions-5">
        <check-content-ref name="oval:mil.disa.fso.redhat.rhel6:def:143" href="U_RedHat_6_V1R6_STIG_SCAP_1-1_Benchmark-oval.xml"/>
      </check>
    </Rule>
  </Group>
  <Group id="V-38585">
    <title xmlns:xhtml="http://www.w3.org/1999/xhtml" xml:lang="en">SRG-OS-000080</title>
    <description xmlns:xhtml="http://www.w3.org/1999/xhtml" xml:lang="en">&lt;GroupDescription&gt;&lt;/GroupDescription&gt;</description>
    <Rule id="SV-50386r1_rule" selected="true" weight="10.000000" severity="medium">
      <version>RHEL-06-000068</version>
      <title xmlns:xhtml="http://www.w3.org/1999/xhtml" xml:lang="en">The system boot loader must require authentication.</title>
      <description xmlns:xhtml="http://www.w3.org/1999/xhtml" xml:lang="en">&lt;VulnDiscussion&gt;Password protection on the boot loader configuration ensures users with physical access cannot trivially alter important bootloader settings. These include which kernel to use, and whether to enter single-user mode.&lt;/VulnDiscussion&gt;&lt;FalsePositives&gt;&lt;/FalsePositives&gt;&lt;FalseNegatives&gt;&lt;/FalseNegatives&gt;&lt;Documentable&gt;false&lt;/Documentable&gt;&lt;Mitigations&gt;&lt;/Mitigations&gt;&lt;SeverityOverrideGuidance&gt;&lt;/SeverityOverrideGuidance&gt;&lt;PotentialImpacts&gt;&lt;/PotentialImpacts&gt;&lt;ThirdPartyTools&gt;&lt;/ThirdPartyTools&gt;&lt;MitigationControl&gt;&lt;/MitigationControl&gt;&lt;Responsibility&gt;&lt;/Responsibility&gt;&lt;IAControls&gt;&lt;/IAControls&gt;</description>
      <reference xmlns:dc="http://purl.org/dc/elements/1.1/">
        <dc:title>DPMS Target Red Hat 6</dc:title>
        <dc:subject>Red Hat 6</dc:subject>
        <dc:publisher>DISA FSO</dc:publisher>
        <dc:type>DPMS Target</dc:type>
        <dc:identifier>2367</dc:identifier>
      </reference>
      <ident system="http://cce.mitre.org">CCE-26911-8</ident>
      <ident system="http://iase.disa.mil/cci">CCI-000213</ident>
      <fixtext xmlns:xhtml="http://www.w3.org/1999/xhtml" xml:lang="en" override="false" fixref="F-43533r1_fix">The grub boot loader should have password protection enabled to protect boot-time settings. To do so, select a password and then generate a hash from it by running the following command: 

# grub-crypt --sha-512

When prompted to enter a password, insert the following line into "/etc/grub.conf" immediately after the header comments. (Use the output from "grub-crypt" as the value of [password-hash]): 

password --encrypted [password-hash]</fixtext>
      <fix xmlns:xhtml="http://www.w3.org/1999/xhtml" id="F-43533r1_fix"/>
      <check system="http://oval.mitre.org/XMLSchema/oval-definitions-5">
        <check-content-ref name="oval:mil.disa.fso.redhat.rhel6:def:1078" href="U_RedHat_6_V1R6_STIG_SCAP_1-1_Benchmark-oval.xml"/>
      </check>
    </Rule>
  </Group>
  <Group id="V-38586">
    <title xmlns:xhtml="http://www.w3.org/1999/xhtml" xml:lang="en">SRG-OS-000080</title>
    <description xmlns:xhtml="http://www.w3.org/1999/xhtml" xml:lang="en">&lt;GroupDescription&gt;&lt;/GroupDescription&gt;</description>
    <Rule id="SV-50387r1_rule" selected="true" weight="10.000000" severity="medium">
      <version>RHEL-06-000069</version>
      <title xmlns:xhtml="http://www.w3.org/1999/xhtml" xml:lang="en">The system must require authentication upon booting into single-user and maintenance modes.</title>
      <description xmlns:xhtml="http://www.w3.org/1999/xhtml" xml:lang="en">&lt;VulnDiscussion&gt;This prevents attackers with physical access from trivially bypassing security on the machine and gaining root access. Such accesses are further prevented by configuring the bootloader password.&lt;/VulnDiscussion&gt;&lt;FalsePositives&gt;&lt;/FalsePositives&gt;&lt;FalseNegatives&gt;&lt;/FalseNegatives&gt;&lt;Documentable&gt;false&lt;/Documentable&gt;&lt;Mitigations&gt;&lt;/Mitigations&gt;&lt;SeverityOverrideGuidance&gt;&lt;/SeverityOverrideGuidance&gt;&lt;PotentialImpacts&gt;&lt;/PotentialImpacts&gt;&lt;ThirdPartyTools&gt;&lt;/ThirdPartyTools&gt;&lt;MitigationControl&gt;&lt;/MitigationControl&gt;&lt;Responsibility&gt;&lt;/Responsibility&gt;&lt;IAControls&gt;&lt;/IAControls&gt;</description>
      <reference xmlns:dc="http://purl.org/dc/elements/1.1/">
        <dc:title>DPMS Target Red Hat 6</dc:title>
        <dc:subject>Red Hat 6</dc:subject>
        <dc:publisher>DISA FSO</dc:publisher>
        <dc:type>DPMS Target</dc:type>
        <dc:identifier>2367</dc:identifier>
      </reference>
      <ident system="http://cce.mitre.org">CCE-27040-5</ident>
      <ident system="http://iase.disa.mil/cci">CCI-000213</ident>
      <fixtext xmlns:xhtml="http://www.w3.org/1999/xhtml" xml:lang="en" override="false" fixref="F-43534r1_fix">Single-user mode is intended as a system recovery method, providing a single user root access to the system by providing a boot option at startup. By default, no authentication is performed if single-user mode is selected. 

To require entry of the root password even if the system is started in single-user mode, add or correct the following line in the file "/etc/sysconfig/init": 

SINGLE=/sbin/sulogin</fixtext>
      <fix xmlns:xhtml="http://www.w3.org/1999/xhtml" id="F-43534r1_fix"/>
      <check system="http://oval.mitre.org/XMLSchema/oval-definitions-5">
        <check-content-ref name="oval:mil.disa.fso.redhat.rhel6:def:3000" href="U_RedHat_6_V1R6_STIG_SCAP_1-1_Benchmark-oval.xml"/>
      </check>
    </Rule>
  </Group>
  <Group id="V-38587">
    <title xmlns:xhtml="http://www.w3.org/1999/xhtml" xml:lang="en">SRG-OS-000095</title>
    <description xmlns:xhtml="http://www.w3.org/1999/xhtml" xml:lang="en">&lt;GroupDescription&gt;&lt;/GroupDescription&gt;</description>
    <Rule id="SV-50388r1_rule" selected="true" weight="10.000000" severity="high">
      <version>RHEL-06-000206</version>
      <title xmlns:xhtml="http://www.w3.org/1999/xhtml" xml:lang="en">The telnet-server package must not be installed.</title>
      <description xmlns:xhtml="http://www.w3.org/1999/xhtml" xml:lang="en">&lt;VulnDiscussion&gt;Removing the "telnet-server" package decreases the risk of the unencrypted telnet service's accidental (or intentional) activation.

Mitigation:  If the telnet-server package is configured to only allow encrypted sessions, such as with Kerberos or the use of encrypted network tunnels, the risk of exposing sensitive information is mitigated.&lt;/VulnDiscussion&gt;&lt;FalsePositives&gt;&lt;/FalsePositives&gt;&lt;FalseNegatives&gt;&lt;/FalseNegatives&gt;&lt;Documentable&gt;false&lt;/Documentable&gt;&lt;Mitigations&gt;&lt;/Mitigations&gt;&lt;SeverityOverrideGuidance&gt;&lt;/SeverityOverrideGuidance&gt;&lt;PotentialImpacts&gt;&lt;/PotentialImpacts&gt;&lt;ThirdPartyTools&gt;&lt;/ThirdPartyTools&gt;&lt;MitigationControl&gt;&lt;/MitigationControl&gt;&lt;Responsibility&gt;&lt;/Responsibility&gt;&lt;IAControls&gt;&lt;/IAControls&gt;</description>
      <reference xmlns:dc="http://purl.org/dc/elements/1.1/">
        <dc:title>DPMS Target Red Hat 6</dc:title>
        <dc:subject>Red Hat 6</dc:subject>
        <dc:publisher>DISA FSO</dc:publisher>
        <dc:type>DPMS Target</dc:type>
        <dc:identifier>2367</dc:identifier>
      </reference>
      <ident system="http://cce.mitre.org">CCE-27073-6</ident>
      <ident system="http://iase.disa.mil/cci">CCI-000381</ident>
      <fixtext xmlns:xhtml="http://www.w3.org/1999/xhtml" xml:lang="en" override="false" fixref="F-43535r1_fix">The "telnet-server" package can be uninstalled with the following command: 

# yum erase telnet-server</fixtext>
      <fix xmlns:xhtml="http://www.w3.org/1999/xhtml" id="F-43535r1_fix"/>
      <check system="http://oval.mitre.org/XMLSchema/oval-definitions-5">
        <check-content-ref name="oval:mil.disa.fso.redhat.rhel6:def:604" href="U_RedHat_6_V1R6_STIG_SCAP_1-1_Benchmark-oval.xml"/>
      </check>
    </Rule>
  </Group>
  <Group id="V-38588">
    <title xmlns:xhtml="http://www.w3.org/1999/xhtml" xml:lang="en">SRG-OS-000080</title>
    <description xmlns:xhtml="http://www.w3.org/1999/xhtml" xml:lang="en">&lt;GroupDescription&gt;&lt;/GroupDescription&gt;</description>
    <Rule id="SV-50389r1_rule" selected="true" weight="10.000000" severity="medium">
      <version>RHEL-06-000070</version>
      <title xmlns:xhtml="http://www.w3.org/1999/xhtml" xml:lang="en">The system must not permit interactive boot.</title>
      <description xmlns:xhtml="http://www.w3.org/1999/xhtml" xml:lang="en">&lt;VulnDiscussion&gt;Using interactive boot, the console user could disable auditing, firewalls, or other services, weakening system security.&lt;/VulnDiscussion&gt;&lt;FalsePositives&gt;&lt;/FalsePositives&gt;&lt;FalseNegatives&gt;&lt;/FalseNegatives&gt;&lt;Documentable&gt;false&lt;/Documentable&gt;&lt;Mitigations&gt;&lt;/Mitigations&gt;&lt;SeverityOverrideGuidance&gt;&lt;/SeverityOverrideGuidance&gt;&lt;PotentialImpacts&gt;&lt;/PotentialImpacts&gt;&lt;ThirdPartyTools&gt;&lt;/ThirdPartyTools&gt;&lt;MitigationControl&gt;&lt;/MitigationControl&gt;&lt;Responsibility&gt;&lt;/Responsibility&gt;&lt;IAControls&gt;&lt;/IAControls&gt;</description>
      <reference xmlns:dc="http://purl.org/dc/elements/1.1/">
        <dc:title>DPMS Target Red Hat 6</dc:title>
        <dc:subject>Red Hat 6</dc:subject>
        <dc:publisher>DISA FSO</dc:publisher>
        <dc:type>DPMS Target</dc:type>
        <dc:identifier>2367</dc:identifier>
      </reference>
      <ident system="http://cce.mitre.org">CCE-27043-9</ident>
      <ident system="http://iase.disa.mil/cci">CCI-000213</ident>
      <fixtext xmlns:xhtml="http://www.w3.org/1999/xhtml" xml:lang="en" override="false" fixref="F-43536r1_fix">To disable the ability for users to perform interactive startups, edit the file "/etc/sysconfig/init". Add or correct the line: 

PROMPT=no

The "PROMPT" option allows the console user to perform an interactive system startup, in which it is possible to select the set of services which are started on boot.</fixtext>
      <fix xmlns:xhtml="http://www.w3.org/1999/xhtml" id="F-43536r1_fix"/>
      <check system="http://oval.mitre.org/XMLSchema/oval-definitions-5">
        <check-content-ref name="oval:mil.disa.fso.redhat.rhel6:def:3105" href="U_RedHat_6_V1R6_STIG_SCAP_1-1_Benchmark-oval.xml"/>
      </check>
    </Rule>
  </Group>
  <Group id="V-38589">
    <title xmlns:xhtml="http://www.w3.org/1999/xhtml" xml:lang="en">SRG-OS-000129</title>
    <description xmlns:xhtml="http://www.w3.org/1999/xhtml" xml:lang="en">&lt;GroupDescription&gt;&lt;/GroupDescription&gt;</description>
    <Rule id="SV-50390r2_rule" selected="true" weight="10.000000" severity="high">
      <version>RHEL-06-000211</version>
      <title xmlns:xhtml="http://www.w3.org/1999/xhtml" xml:lang="en">The telnet daemon must not be running.</title>
      <description xmlns:xhtml="http://www.w3.org/1999/xhtml" xml:lang="en">&lt;VulnDiscussion&gt;The telnet protocol uses unencrypted network communication, which means that data from the login session, including passwords and all other information transmitted during the session, can be stolen by eavesdroppers on the network. The telnet protocol is also subject to man-in-the-middle attacks.

Mitigation:  If an enabled telnet daemon is configured to only allow encrypted sessions, such as with Kerberos or the use of encrypted network tunnels, the risk of exposing sensitive information is mitigated.&lt;/VulnDiscussion&gt;&lt;FalsePositives&gt;&lt;/FalsePositives&gt;&lt;FalseNegatives&gt;&lt;/FalseNegatives&gt;&lt;Documentable&gt;false&lt;/Documentable&gt;&lt;Mitigations&gt;&lt;/Mitigations&gt;&lt;SeverityOverrideGuidance&gt;&lt;/SeverityOverrideGuidance&gt;&lt;PotentialImpacts&gt;&lt;/PotentialImpacts&gt;&lt;ThirdPartyTools&gt;&lt;/ThirdPartyTools&gt;&lt;MitigationControl&gt;&lt;/MitigationControl&gt;&lt;Responsibility&gt;&lt;/Responsibility&gt;&lt;IAControls&gt;&lt;/IAControls&gt;</description>
      <reference xmlns:dc="http://purl.org/dc/elements/1.1/">
        <dc:title>DPMS Target Red Hat 6</dc:title>
        <dc:subject>Red Hat 6</dc:subject>
        <dc:publisher>DISA FSO</dc:publisher>
        <dc:type>DPMS Target</dc:type>
        <dc:identifier>2367</dc:identifier>
      </reference>
      <ident system="http://cce.mitre.org">CCE-26836-7</ident>
      <ident system="http://iase.disa.mil/cci">CCI-000888</ident>
      <fixtext xmlns:xhtml="http://www.w3.org/1999/xhtml" xml:lang="en" override="false" fixref="F-43537r1_fix">The "telnet" service can be disabled with the following command: 

# chkconfig telnet off</fixtext>
      <fix xmlns:xhtml="http://www.w3.org/1999/xhtml" id="F-43537r1_fix"/>
      <check system="http://oval.mitre.org/XMLSchema/oval-definitions-5">
        <check-content-ref name="oval:mil.disa.fso.redhat.rhel6:def:470" href="U_RedHat_6_V1R6_STIG_SCAP_1-1_Benchmark-oval.xml"/>
      </check>
    </Rule>
  </Group>
  <Group id="V-38590">
    <title xmlns:xhtml="http://www.w3.org/1999/xhtml" xml:lang="en">SRG-OS-000030</title>
    <description xmlns:xhtml="http://www.w3.org/1999/xhtml" xml:lang="en">&lt;GroupDescription&gt;&lt;/GroupDescription&gt;</description>
    <Rule id="SV-50391r1_rule" selected="true" weight="10.000000" severity="low">
      <version>RHEL-06-000071</version>
      <title xmlns:xhtml="http://www.w3.org/1999/xhtml" xml:lang="en">The system must allow locking of the console screen in text mode.</title>
      <description xmlns:xhtml="http://www.w3.org/1999/xhtml" xml:lang="en">&lt;VulnDiscussion&gt;Installing "screen" ensures a console locking capability is available for users who may need to suspend console logins.&lt;/VulnDiscussion&gt;&lt;FalsePositives&gt;&lt;/FalsePositives&gt;&lt;FalseNegatives&gt;&lt;/FalseNegatives&gt;&lt;Documentable&gt;false&lt;/Documentable&gt;&lt;Mitigations&gt;&lt;/Mitigations&gt;&lt;SeverityOverrideGuidance&gt;&lt;/SeverityOverrideGuidance&gt;&lt;PotentialImpacts&gt;&lt;/PotentialImpacts&gt;&lt;ThirdPartyTools&gt;&lt;/ThirdPartyTools&gt;&lt;MitigationControl&gt;&lt;/MitigationControl&gt;&lt;Responsibility&gt;&lt;/Responsibility&gt;&lt;IAControls&gt;&lt;/IAControls&gt;</description>
      <reference xmlns:dc="http://purl.org/dc/elements/1.1/">
        <dc:title>DPMS Target Red Hat 6</dc:title>
        <dc:subject>Red Hat 6</dc:subject>
        <dc:publisher>DISA FSO</dc:publisher>
        <dc:type>DPMS Target</dc:type>
        <dc:identifier>2367</dc:identifier>
      </reference>
      <ident system="http://cce.mitre.org">CCE-26940-7</ident>
      <ident system="http://iase.disa.mil/cci">CCI-000058</ident>
      <fixtext xmlns:xhtml="http://www.w3.org/1999/xhtml" xml:lang="en" override="false" fixref="F-43538r1_fix">To enable console screen locking when in text mode, install the "screen" package: 

# yum install screen

Instruct users to begin new terminal sessions with the following command: 

$ screen

The console can now be locked with the following key combination: 

ctrl+a x</fixtext>
      <fix xmlns:xhtml="http://www.w3.org/1999/xhtml" id="F-43538r1_fix"/>
      <check system="http://oval.mitre.org/XMLSchema/oval-definitions-5">
        <check-content-ref name="oval:mil.disa.fso.redhat.rhel6:def:153" href="U_RedHat_6_V1R6_STIG_SCAP_1-1_Benchmark-oval.xml"/>
      </check>
    </Rule>
  </Group>
  <Group id="V-38591">
    <title xmlns:xhtml="http://www.w3.org/1999/xhtml" xml:lang="en">SRG-OS-000095</title>
    <description xmlns:xhtml="http://www.w3.org/1999/xhtml" xml:lang="en">&lt;GroupDescription&gt;&lt;/GroupDescription&gt;</description>
    <Rule id="SV-50392r1_rule" selected="true" weight="10.000000" severity="high">
      <version>RHEL-06-000213</version>
      <title xmlns:xhtml="http://www.w3.org/1999/xhtml" xml:lang="en">The rsh-server package must not be installed.</title>
      <description xmlns:xhtml="http://www.w3.org/1999/xhtml" xml:lang="en">&lt;VulnDiscussion&gt;The "rsh-server" package provides several obsolete and insecure network services. Removing it decreases the risk of those services' accidental (or intentional) activation.&lt;/VulnDiscussion&gt;&lt;FalsePositives&gt;&lt;/FalsePositives&gt;&lt;FalseNegatives&gt;&lt;/FalseNegatives&gt;&lt;Documentable&gt;false&lt;/Documentable&gt;&lt;Mitigations&gt;&lt;/Mitigations&gt;&lt;SeverityOverrideGuidance&gt;&lt;/SeverityOverrideGuidance&gt;&lt;PotentialImpacts&gt;&lt;/PotentialImpacts&gt;&lt;ThirdPartyTools&gt;&lt;/ThirdPartyTools&gt;&lt;MitigationControl&gt;&lt;/MitigationControl&gt;&lt;Responsibility&gt;&lt;/Responsibility&gt;&lt;IAControls&gt;&lt;/IAControls&gt;</description>
      <reference xmlns:dc="http://purl.org/dc/elements/1.1/">
        <dc:title>DPMS Target Red Hat 6</dc:title>
        <dc:subject>Red Hat 6</dc:subject>
        <dc:publisher>DISA FSO</dc:publisher>
        <dc:type>DPMS Target</dc:type>
        <dc:identifier>2367</dc:identifier>
      </reference>
      <ident system="http://cce.mitre.org">CCE-27062-9</ident>
      <ident system="http://iase.disa.mil/cci">CCI-000381</ident>
      <fixtext xmlns:xhtml="http://www.w3.org/1999/xhtml" xml:lang="en" override="false" fixref="F-43539r1_fix">The "rsh-server" package can be uninstalled with the following command: 

# yum erase rsh-server</fixtext>
      <fix xmlns:xhtml="http://www.w3.org/1999/xhtml" id="F-43539r1_fix"/>
      <check system="http://oval.mitre.org/XMLSchema/oval-definitions-5">
        <check-content-ref name="oval:mil.disa.fso.redhat.rhel6:def:221" href="U_RedHat_6_V1R6_STIG_SCAP_1-1_Benchmark-oval.xml"/>
      </check>
    </Rule>
  </Group>
  <Group id="V-38592">
    <title xmlns:xhtml="http://www.w3.org/1999/xhtml" xml:lang="en">SRG-OS-000022</title>
    <description xmlns:xhtml="http://www.w3.org/1999/xhtml" xml:lang="en">&lt;GroupDescription&gt;&lt;/GroupDescription&gt;</description>
    <Rule id="SV-50393r3_rule" selected="true" weight="10.000000" severity="medium">
      <version>RHEL-06-000356</version>
      <title xmlns:xhtml="http://www.w3.org/1999/xhtml" xml:lang="en">The system must require administrator action to unlock an account locked by excessive failed login attempts.</title>
      <description xmlns:xhtml="http://www.w3.org/1999/xhtml" xml:lang="en">&lt;VulnDiscussion&gt;Locking out user accounts after a number of incorrect attempts prevents direct password guessing attacks. Ensuring that an administrator is involved in unlocking locked accounts draws appropriate attention to such situations.&lt;/VulnDiscussion&gt;&lt;FalsePositives&gt;&lt;/FalsePositives&gt;&lt;FalseNegatives&gt;&lt;/FalseNegatives&gt;&lt;Documentable&gt;false&lt;/Documentable&gt;&lt;Mitigations&gt;&lt;/Mitigations&gt;&lt;SeverityOverrideGuidance&gt;&lt;/SeverityOverrideGuidance&gt;&lt;PotentialImpacts&gt;&lt;/PotentialImpacts&gt;&lt;ThirdPartyTools&gt;&lt;/ThirdPartyTools&gt;&lt;MitigationControl&gt;&lt;/MitigationControl&gt;&lt;Responsibility&gt;&lt;/Responsibility&gt;&lt;IAControls&gt;&lt;/IAControls&gt;</description>
      <reference xmlns:dc="http://purl.org/dc/elements/1.1/">
        <dc:title>DPMS Target Red Hat 6</dc:title>
        <dc:subject>Red Hat 6</dc:subject>
        <dc:publisher>DISA FSO</dc:publisher>
        <dc:type>DPMS Target</dc:type>
        <dc:identifier>2367</dc:identifier>
      </reference>
      <ident system="http://cce.mitre.org">CCE-27110-6</ident>
      <ident system="http://iase.disa.mil/cci">CCI-000047</ident>
      <fixtext xmlns:xhtml="http://www.w3.org/1999/xhtml" xml:lang="en" override="false" fixref="F-43541r4_fix">To configure the system to lock out accounts after a number of incorrect logon attempts and require an administrator to unlock the account using "pam_faillock.so": 

Add the following lines immediately below the "pam_unix.so" statement in the AUTH section of
"/etc/pam.d/system-auth" and "/etc/pam.d/password-auth": 

auth [default=die] pam_faillock.so authfail deny=3 unlock_time=604800 fail_interval=900

auth required pam_faillock.so authsucc deny=3 unlock_time=604800  fail_interval=900

Note that any updates made to "/etc/pam.d/system-auth" and "/etc/pam.d/password-auth" may be overwritten by the "authconfig" program.  The "authconfig" program should not be used.</fixtext>
      <fix xmlns:xhtml="http://www.w3.org/1999/xhtml" id="F-43541r4_fix"/>
      <check system="http://oval.mitre.org/XMLSchema/oval-definitions-5">
        <check-export export-name="oval:mil.disa.fso.redhat.rhel6:var:3264" value-id="var_accounts_passwords_pam_faillock_unlock_time"/>
        <check-content-ref name="oval:mil.disa.fso.redhat.rhel6:def:2992" href="U_RedHat_6_V1R6_STIG_SCAP_1-1_Benchmark-oval.xml"/>
      </check>
    </Rule>
  </Group>
  <Group id="V-38594">
    <title xmlns:xhtml="http://www.w3.org/1999/xhtml" xml:lang="en">SRG-OS-000033</title>
    <description xmlns:xhtml="http://www.w3.org/1999/xhtml" xml:lang="en">&lt;GroupDescription&gt;&lt;/GroupDescription&gt;</description>
    <Rule id="SV-50395r2_rule" selected="true" weight="10.000000" severity="high">
      <version>RHEL-06-000214</version>
      <title xmlns:xhtml="http://www.w3.org/1999/xhtml" xml:lang="en">The rshd service must not be running.</title>
      <description xmlns:xhtml="http://www.w3.org/1999/xhtml" xml:lang="en">&lt;VulnDiscussion&gt;The rsh service uses unencrypted network communications, which means that data from the login session, including passwords and all other information transmitted during the session, can be stolen by eavesdroppers on the network.&lt;/VulnDiscussion&gt;&lt;FalsePositives&gt;&lt;/FalsePositives&gt;&lt;FalseNegatives&gt;&lt;/FalseNegatives&gt;&lt;Documentable&gt;false&lt;/Documentable&gt;&lt;Mitigations&gt;&lt;/Mitigations&gt;&lt;SeverityOverrideGuidance&gt;&lt;/SeverityOverrideGuidance&gt;&lt;PotentialImpacts&gt;&lt;/PotentialImpacts&gt;&lt;ThirdPartyTools&gt;&lt;/ThirdPartyTools&gt;&lt;MitigationControl&gt;&lt;/MitigationControl&gt;&lt;Responsibility&gt;&lt;/Responsibility&gt;&lt;IAControls&gt;&lt;/IAControls&gt;</description>
      <reference xmlns:dc="http://purl.org/dc/elements/1.1/">
        <dc:title>DPMS Target Red Hat 6</dc:title>
        <dc:subject>Red Hat 6</dc:subject>
        <dc:publisher>DISA FSO</dc:publisher>
        <dc:type>DPMS Target</dc:type>
        <dc:identifier>2367</dc:identifier>
      </reference>
      <ident system="http://cce.mitre.org">CCE-26994-4</ident>
      <ident system="http://iase.disa.mil/cci">CCI-000068</ident>
      <fixtext xmlns:xhtml="http://www.w3.org/1999/xhtml" xml:lang="en" override="false" fixref="F-43542r3_fix">The "rsh" service, which is available with the "rsh-server" package and runs as a service through xinetd, should be disabled. The "rsh" service can be disabled with the following command: 

# chkconfig rsh off</fixtext>
      <fix xmlns:xhtml="http://www.w3.org/1999/xhtml" id="F-43542r3_fix"/>
      <check system="http://oval.mitre.org/XMLSchema/oval-definitions-5">
        <check-content-ref name="oval:mil.disa.fso.redhat.rhel6:def:220" href="U_RedHat_6_V1R6_STIG_SCAP_1-1_Benchmark-oval.xml"/>
      </check>
    </Rule>
  </Group>
  <Group id="V-38598">
    <title xmlns:xhtml="http://www.w3.org/1999/xhtml" xml:lang="en">SRG-OS-000033</title>
    <description xmlns:xhtml="http://www.w3.org/1999/xhtml" xml:lang="en">&lt;GroupDescription&gt;&lt;/GroupDescription&gt;</description>
    <Rule id="SV-50399r2_rule" selected="true" weight="10.000000" severity="high">
      <version>RHEL-06-000216</version>
      <title xmlns:xhtml="http://www.w3.org/1999/xhtml" xml:lang="en">The rexecd service must not be running.</title>
      <description xmlns:xhtml="http://www.w3.org/1999/xhtml" xml:lang="en">&lt;VulnDiscussion&gt;The rexec service uses unencrypted network communications, which means that data from the login session, including passwords and all other information transmitted during the session, can be stolen by eavesdroppers on the network.&lt;/VulnDiscussion&gt;&lt;FalsePositives&gt;&lt;/FalsePositives&gt;&lt;FalseNegatives&gt;&lt;/FalseNegatives&gt;&lt;Documentable&gt;false&lt;/Documentable&gt;&lt;Mitigations&gt;&lt;/Mitigations&gt;&lt;SeverityOverrideGuidance&gt;&lt;/SeverityOverrideGuidance&gt;&lt;PotentialImpacts&gt;&lt;/PotentialImpacts&gt;&lt;ThirdPartyTools&gt;&lt;/ThirdPartyTools&gt;&lt;MitigationControl&gt;&lt;/MitigationControl&gt;&lt;Responsibility&gt;&lt;/Responsibility&gt;&lt;IAControls&gt;&lt;/IAControls&gt;</description>
      <reference xmlns:dc="http://purl.org/dc/elements/1.1/">
        <dc:title>DPMS Target Red Hat 6</dc:title>
        <dc:subject>Red Hat 6</dc:subject>
        <dc:publisher>DISA FSO</dc:publisher>
        <dc:type>DPMS Target</dc:type>
        <dc:identifier>2367</dc:identifier>
      </reference>
      <ident system="http://cce.mitre.org">CCE-27208-8</ident>
      <ident system="http://iase.disa.mil/cci">CCI-000068</ident>
      <fixtext xmlns:xhtml="http://www.w3.org/1999/xhtml" xml:lang="en" override="false" fixref="F-43546r3_fix">The "rexec" service, which is available with the "rsh-server" package and runs as a service through xinetd, should be disabled. The "rexec" service can be disabled with the following command: 

# chkconfig rexec off</fixtext>
      <fix xmlns:xhtml="http://www.w3.org/1999/xhtml" id="F-43546r3_fix"/>
      <check system="http://oval.mitre.org/XMLSchema/oval-definitions-5">
        <check-content-ref name="oval:mil.disa.fso.redhat.rhel6:def:826" href="U_RedHat_6_V1R6_STIG_SCAP_1-1_Benchmark-oval.xml"/>
      </check>
    </Rule>
  </Group>
  <Group id="V-38600">
    <title xmlns:xhtml="http://www.w3.org/1999/xhtml" xml:lang="en">SRG-OS-999999</title>
    <description xmlns:xhtml="http://www.w3.org/1999/xhtml" xml:lang="en">&lt;GroupDescription&gt;&lt;/GroupDescription&gt;</description>
    <Rule id="SV-50401r1_rule" selected="true" weight="10.000000" severity="medium">
      <version>RHEL-06-000080</version>
      <title xmlns:xhtml="http://www.w3.org/1999/xhtml" xml:lang="en">The system must not send ICMPv4 redirects by default.</title>
      <description xmlns:xhtml="http://www.w3.org/1999/xhtml" xml:lang="en">&lt;VulnDiscussion&gt;Sending ICMP redirects permits the system to instruct other systems to update their routing information. The ability to send ICMP redirects is only appropriate for routers.&lt;/VulnDiscussion&gt;&lt;FalsePositives&gt;&lt;/FalsePositives&gt;&lt;FalseNegatives&gt;&lt;/FalseNegatives&gt;&lt;Documentable&gt;false&lt;/Documentable&gt;&lt;Mitigations&gt;&lt;/Mitigations&gt;&lt;SeverityOverrideGuidance&gt;&lt;/SeverityOverrideGuidance&gt;&lt;PotentialImpacts&gt;&lt;/PotentialImpacts&gt;&lt;ThirdPartyTools&gt;&lt;/ThirdPartyTools&gt;&lt;MitigationControl&gt;&lt;/MitigationControl&gt;&lt;Responsibility&gt;&lt;/Responsibility&gt;&lt;IAControls&gt;&lt;/IAControls&gt;</description>
      <reference xmlns:dc="http://purl.org/dc/elements/1.1/">
        <dc:title>DPMS Target Red Hat 6</dc:title>
        <dc:subject>Red Hat 6</dc:subject>
        <dc:publisher>DISA FSO</dc:publisher>
        <dc:type>DPMS Target</dc:type>
        <dc:identifier>2367</dc:identifier>
      </reference>
      <ident system="http://cce.mitre.org">CCE-27001-7</ident>
      <ident system="http://iase.disa.mil/cci">CCI-000366</ident>
      <fixtext xmlns:xhtml="http://www.w3.org/1999/xhtml" xml:lang="en" override="false" fixref="F-43547r1_fix">To set the runtime status of the "net.ipv4.conf.default.send_redirects" kernel parameter, run the following command: 

# sysctl -w net.ipv4.conf.default.send_redirects=0

If this is not the system's default value, add the following line to "/etc/sysctl.conf": 

net.ipv4.conf.default.send_redirects = 0</fixtext>
      <fix xmlns:xhtml="http://www.w3.org/1999/xhtml" id="F-43547r1_fix"/>
      <check system="http://oval.mitre.org/XMLSchema/oval-definitions-5">
        <check-content-ref name="oval:mil.disa.fso.redhat.rhel6:def:606" href="U_RedHat_6_V1R6_STIG_SCAP_1-1_Benchmark-oval.xml"/>
      </check>
    </Rule>
  </Group>
  <Group id="V-38601">
    <title xmlns:xhtml="http://www.w3.org/1999/xhtml" xml:lang="en">SRG-OS-999999</title>
    <description xmlns:xhtml="http://www.w3.org/1999/xhtml" xml:lang="en">&lt;GroupDescription&gt;&lt;/GroupDescription&gt;</description>
    <Rule id="SV-50402r1_rule" selected="true" weight="10.000000" severity="medium">
      <version>RHEL-06-000081</version>
      <title xmlns:xhtml="http://www.w3.org/1999/xhtml" xml:lang="en">The system must not send ICMPv4 redirects from any interface.</title>
      <description xmlns:xhtml="http://www.w3.org/1999/xhtml" xml:lang="en">&lt;VulnDiscussion&gt;Sending ICMP redirects permits the system to instruct other systems to update their routing information. The ability to send ICMP redirects is only appropriate for routers.&lt;/VulnDiscussion&gt;&lt;FalsePositives&gt;&lt;/FalsePositives&gt;&lt;FalseNegatives&gt;&lt;/FalseNegatives&gt;&lt;Documentable&gt;false&lt;/Documentable&gt;&lt;Mitigations&gt;&lt;/Mitigations&gt;&lt;SeverityOverrideGuidance&gt;&lt;/SeverityOverrideGuidance&gt;&lt;PotentialImpacts&gt;&lt;/PotentialImpacts&gt;&lt;ThirdPartyTools&gt;&lt;/ThirdPartyTools&gt;&lt;MitigationControl&gt;&lt;/MitigationControl&gt;&lt;Responsibility&gt;&lt;/Responsibility&gt;&lt;IAControls&gt;&lt;/IAControls&gt;</description>
      <reference xmlns:dc="http://purl.org/dc/elements/1.1/">
        <dc:title>DPMS Target Red Hat 6</dc:title>
        <dc:subject>Red Hat 6</dc:subject>
        <dc:publisher>DISA FSO</dc:publisher>
        <dc:type>DPMS Target</dc:type>
        <dc:identifier>2367</dc:identifier>
      </reference>
      <ident system="http://cce.mitre.org">CCE-27004-1</ident>
      <ident system="http://iase.disa.mil/cci">CCI-000366</ident>
      <fixtext xmlns:xhtml="http://www.w3.org/1999/xhtml" xml:lang="en" override="false" fixref="F-43548r1_fix">To set the runtime status of the "net.ipv4.conf.all.send_redirects" kernel parameter, run the following command: 

# sysctl -w net.ipv4.conf.all.send_redirects=0

If this is not the system's default value, add the following line to "/etc/sysctl.conf": 

net.ipv4.conf.all.send_redirects = 0</fixtext>
      <fix xmlns:xhtml="http://www.w3.org/1999/xhtml" id="F-43548r1_fix"/>
      <check system="http://oval.mitre.org/XMLSchema/oval-definitions-5">
        <check-content-ref name="oval:mil.disa.fso.redhat.rhel6:def:1109" href="U_RedHat_6_V1R6_STIG_SCAP_1-1_Benchmark-oval.xml"/>
      </check>
    </Rule>
  </Group>
  <Group id="V-38602">
    <title xmlns:xhtml="http://www.w3.org/1999/xhtml" xml:lang="en">SRG-OS-000248</title>
    <description xmlns:xhtml="http://www.w3.org/1999/xhtml" xml:lang="en">&lt;GroupDescription&gt;&lt;/GroupDescription&gt;</description>
    <Rule id="SV-50403r2_rule" selected="true" weight="10.000000" severity="high">
      <version>RHEL-06-000218</version>
      <title xmlns:xhtml="http://www.w3.org/1999/xhtml" xml:lang="en">The rlogind service must not be running.</title>
      <description xmlns:xhtml="http://www.w3.org/1999/xhtml" xml:lang="en">&lt;VulnDiscussion&gt;The rlogin service uses unencrypted network communications, which means that data from the login session, including passwords and all other information transmitted during the session, can be stolen by eavesdroppers on the network.&lt;/VulnDiscussion&gt;&lt;FalsePositives&gt;&lt;/FalsePositives&gt;&lt;FalseNegatives&gt;&lt;/FalseNegatives&gt;&lt;Documentable&gt;false&lt;/Documentable&gt;&lt;Mitigations&gt;&lt;/Mitigations&gt;&lt;SeverityOverrideGuidance&gt;&lt;/SeverityOverrideGuidance&gt;&lt;PotentialImpacts&gt;&lt;/PotentialImpacts&gt;&lt;ThirdPartyTools&gt;&lt;/ThirdPartyTools&gt;&lt;MitigationControl&gt;&lt;/MitigationControl&gt;&lt;Responsibility&gt;&lt;/Responsibility&gt;&lt;IAControls&gt;&lt;/IAControls&gt;</description>
      <reference xmlns:dc="http://purl.org/dc/elements/1.1/">
        <dc:title>DPMS Target Red Hat 6</dc:title>
        <dc:subject>Red Hat 6</dc:subject>
        <dc:publisher>DISA FSO</dc:publisher>
        <dc:type>DPMS Target</dc:type>
        <dc:identifier>2367</dc:identifier>
      </reference>
      <ident system="http://cce.mitre.org">CCE-26865-6</ident>
      <ident system="http://iase.disa.mil/cci">CCI-001436</ident>
      <fixtext xmlns:xhtml="http://www.w3.org/1999/xhtml" xml:lang="en" override="false" fixref="F-43549r3_fix">The "rlogin" service, which is available with the "rsh-server" package and runs as a service through xinetd, should be disabled. The "rlogin" service can be disabled with the following command: 

# chkconfig rlogin off</fixtext>
      <fix xmlns:xhtml="http://www.w3.org/1999/xhtml" id="F-43549r3_fix"/>
      <check system="http://oval.mitre.org/XMLSchema/oval-definitions-5">
        <check-content-ref name="oval:mil.disa.fso.redhat.rhel6:def:1179" href="U_RedHat_6_V1R6_STIG_SCAP_1-1_Benchmark-oval.xml"/>
      </check>
    </Rule>
  </Group>
  <Group id="V-38603">
    <title xmlns:xhtml="http://www.w3.org/1999/xhtml" xml:lang="en">SRG-OS-000095</title>
    <description xmlns:xhtml="http://www.w3.org/1999/xhtml" xml:lang="en">&lt;GroupDescription&gt;&lt;/GroupDescription&gt;</description>
    <Rule id="SV-50404r1_rule" selected="true" weight="10.000000" severity="medium">
      <version>RHEL-06-000220</version>
      <title xmlns:xhtml="http://www.w3.org/1999/xhtml" xml:lang="en">The ypserv package must not be installed.</title>
      <description xmlns:xhtml="http://www.w3.org/1999/xhtml" xml:lang="en">&lt;VulnDiscussion&gt;Removing the "ypserv" package decreases the risk of the accidental (or intentional) activation of NIS or NIS+ services.&lt;/VulnDiscussion&gt;&lt;FalsePositives&gt;&lt;/FalsePositives&gt;&lt;FalseNegatives&gt;&lt;/FalseNegatives&gt;&lt;Documentable&gt;false&lt;/Documentable&gt;&lt;Mitigations&gt;&lt;/Mitigations&gt;&lt;SeverityOverrideGuidance&gt;&lt;/SeverityOverrideGuidance&gt;&lt;PotentialImpacts&gt;&lt;/PotentialImpacts&gt;&lt;ThirdPartyTools&gt;&lt;/ThirdPartyTools&gt;&lt;MitigationControl&gt;&lt;/MitigationControl&gt;&lt;Responsibility&gt;&lt;/Responsibility&gt;&lt;IAControls&gt;&lt;/IAControls&gt;</description>
      <reference xmlns:dc="http://purl.org/dc/elements/1.1/">
        <dc:title>DPMS Target Red Hat 6</dc:title>
        <dc:subject>Red Hat 6</dc:subject>
        <dc:publisher>DISA FSO</dc:publisher>
        <dc:type>DPMS Target</dc:type>
        <dc:identifier>2367</dc:identifier>
      </reference>
      <ident system="http://cce.mitre.org">CCE-27079-3</ident>
      <ident system="http://iase.disa.mil/cci">CCI-000381</ident>
      <fixtext xmlns:xhtml="http://www.w3.org/1999/xhtml" xml:lang="en" override="false" fixref="F-43551r1_fix">The "ypserv" package can be uninstalled with the following command: 

# yum erase ypserv</fixtext>
      <fix xmlns:xhtml="http://www.w3.org/1999/xhtml" id="F-43551r1_fix"/>
      <check system="http://oval.mitre.org/XMLSchema/oval-definitions-5">
        <check-content-ref name="oval:mil.disa.fso.redhat.rhel6:def:468" href="U_RedHat_6_V1R6_STIG_SCAP_1-1_Benchmark-oval.xml"/>
      </check>
    </Rule>
  </Group>
  <Group id="V-38604">
    <title xmlns:xhtml="http://www.w3.org/1999/xhtml" xml:lang="en">SRG-OS-000096</title>
    <description xmlns:xhtml="http://www.w3.org/1999/xhtml" xml:lang="en">&lt;GroupDescription&gt;&lt;/GroupDescription&gt;</description>
    <Rule id="SV-50405r2_rule" selected="true" weight="10.000000" severity="medium">
      <version>RHEL-06-000221</version>
      <title xmlns:xhtml="http://www.w3.org/1999/xhtml" xml:lang="en">The ypbind service must not be running.</title>
      <description xmlns:xhtml="http://www.w3.org/1999/xhtml" xml:lang="en">&lt;VulnDiscussion&gt;Disabling the "ypbind" service ensures the system is not acting as a client in a NIS or NIS+ domain.&lt;/VulnDiscussion&gt;&lt;FalsePositives&gt;&lt;/FalsePositives&gt;&lt;FalseNegatives&gt;&lt;/FalseNegatives&gt;&lt;Documentable&gt;false&lt;/Documentable&gt;&lt;Mitigations&gt;&lt;/Mitigations&gt;&lt;SeverityOverrideGuidance&gt;&lt;/SeverityOverrideGuidance&gt;&lt;PotentialImpacts&gt;&lt;/PotentialImpacts&gt;&lt;ThirdPartyTools&gt;&lt;/ThirdPartyTools&gt;&lt;MitigationControl&gt;&lt;/MitigationControl&gt;&lt;Responsibility&gt;&lt;/Responsibility&gt;&lt;IAControls&gt;&lt;/IAControls&gt;</description>
      <reference xmlns:dc="http://purl.org/dc/elements/1.1/">
        <dc:title>DPMS Target Red Hat 6</dc:title>
        <dc:subject>Red Hat 6</dc:subject>
        <dc:publisher>DISA FSO</dc:publisher>
        <dc:type>DPMS Target</dc:type>
        <dc:identifier>2367</dc:identifier>
      </reference>
      <ident system="http://cce.mitre.org">CCE-26894-6</ident>
      <ident system="http://iase.disa.mil/cci">CCI-000382</ident>
      <fixtext xmlns:xhtml="http://www.w3.org/1999/xhtml" xml:lang="en" override="false" fixref="F-43552r2_fix">The "ypbind" service, which allows the system to act as a client in a NIS or NIS+ domain, should be disabled. The "ypbind" service can be disabled with the following commands: 

# chkconfig ypbind off
# service ypbind stop</fixtext>
      <fix xmlns:xhtml="http://www.w3.org/1999/xhtml" id="F-43552r2_fix"/>
      <check system="http://oval.mitre.org/XMLSchema/oval-definitions-5">
        <check-content-ref name="oval:mil.disa.fso.redhat.rhel6:def:631" href="U_RedHat_6_V1R6_STIG_SCAP_1-1_Benchmark-oval.xml"/>
      </check>
    </Rule>
  </Group>
  <Group id="V-38605">
    <title xmlns:xhtml="http://www.w3.org/1999/xhtml" xml:lang="en">SRG-OS-999999</title>
    <description xmlns:xhtml="http://www.w3.org/1999/xhtml" xml:lang="en">&lt;GroupDescription&gt;&lt;/GroupDescription&gt;</description>
    <Rule id="SV-50406r2_rule" selected="true" weight="10.000000" severity="medium">
      <version>RHEL-06-000224</version>
      <title xmlns:xhtml="http://www.w3.org/1999/xhtml" xml:lang="en">The cron service must be running.</title>
      <description xmlns:xhtml="http://www.w3.org/1999/xhtml" xml:lang="en">&lt;VulnDiscussion&gt;Due to its usage for maintenance and security-supporting tasks, enabling the cron daemon is essential.&lt;/VulnDiscussion&gt;&lt;FalsePositives&gt;&lt;/FalsePositives&gt;&lt;FalseNegatives&gt;&lt;/FalseNegatives&gt;&lt;Documentable&gt;false&lt;/Documentable&gt;&lt;Mitigations&gt;&lt;/Mitigations&gt;&lt;SeverityOverrideGuidance&gt;&lt;/SeverityOverrideGuidance&gt;&lt;PotentialImpacts&gt;&lt;/PotentialImpacts&gt;&lt;ThirdPartyTools&gt;&lt;/ThirdPartyTools&gt;&lt;MitigationControl&gt;&lt;/MitigationControl&gt;&lt;Responsibility&gt;&lt;/Responsibility&gt;&lt;IAControls&gt;&lt;/IAControls&gt;</description>
      <reference xmlns:dc="http://purl.org/dc/elements/1.1/">
        <dc:title>DPMS Target Red Hat 6</dc:title>
        <dc:subject>Red Hat 6</dc:subject>
        <dc:publisher>DISA FSO</dc:publisher>
        <dc:type>DPMS Target</dc:type>
        <dc:identifier>2367</dc:identifier>
      </reference>
      <ident system="http://cce.mitre.org">CCE-27070-2</ident>
      <ident system="http://iase.disa.mil/cci">CCI-000366</ident>
      <fixtext xmlns:xhtml="http://www.w3.org/1999/xhtml" xml:lang="en" override="false" fixref="F-43553r2_fix">The "crond" service is used to execute commands at preconfigured times. It is required by almost all systems to perform necessary maintenance tasks, such as notifying root of system activity. The "crond" service can be enabled with the following commands: 

# chkconfig crond on
# service crond start</fixtext>
      <fix xmlns:xhtml="http://www.w3.org/1999/xhtml" id="F-43553r2_fix"/>
      <check system="http://oval.mitre.org/XMLSchema/oval-definitions-5">
        <check-content-ref name="oval:mil.disa.fso.redhat.rhel6:def:818" href="U_RedHat_6_V1R6_STIG_SCAP_1-1_Benchmark-oval.xml"/>
      </check>
    </Rule>
  </Group>
  <Group id="V-38606">
    <title xmlns:xhtml="http://www.w3.org/1999/xhtml" xml:lang="en">SRG-OS-000095</title>
    <description xmlns:xhtml="http://www.w3.org/1999/xhtml" xml:lang="en">&lt;GroupDescription&gt;&lt;/GroupDescription&gt;</description>
    <Rule id="SV-50407r1_rule" selected="true" weight="10.000000" severity="medium">
      <version>RHEL-06-000222</version>
      <title xmlns:xhtml="http://www.w3.org/1999/xhtml" xml:lang="en">The tftp-server package must not be installed.</title>
      <description xmlns:xhtml="http://www.w3.org/1999/xhtml" xml:lang="en">&lt;VulnDiscussion&gt;Removing the "tftp-server" package decreases the risk of the accidental (or intentional) activation of tftp services.&lt;/VulnDiscussion&gt;&lt;FalsePositives&gt;&lt;/FalsePositives&gt;&lt;FalseNegatives&gt;&lt;/FalseNegatives&gt;&lt;Documentable&gt;false&lt;/Documentable&gt;&lt;Mitigations&gt;&lt;/Mitigations&gt;&lt;SeverityOverrideGuidance&gt;&lt;/SeverityOverrideGuidance&gt;&lt;PotentialImpacts&gt;&lt;/PotentialImpacts&gt;&lt;ThirdPartyTools&gt;&lt;/ThirdPartyTools&gt;&lt;MitigationControl&gt;&lt;/MitigationControl&gt;&lt;Responsibility&gt;&lt;/Responsibility&gt;&lt;IAControls&gt;&lt;/IAControls&gt;</description>
      <reference xmlns:dc="http://purl.org/dc/elements/1.1/">
        <dc:title>DPMS Target Red Hat 6</dc:title>
        <dc:subject>Red Hat 6</dc:subject>
        <dc:publisher>DISA FSO</dc:publisher>
        <dc:type>DPMS Target</dc:type>
        <dc:identifier>2367</dc:identifier>
      </reference>
      <ident system="http://cce.mitre.org">CCE-26946-4</ident>
      <ident system="http://iase.disa.mil/cci">CCI-000381</ident>
      <fixtext xmlns:xhtml="http://www.w3.org/1999/xhtml" xml:lang="en" override="false" fixref="F-43554r1_fix">The "tftp-server" package can be removed with the following command: 

# yum erase tftp-server</fixtext>
      <fix xmlns:xhtml="http://www.w3.org/1999/xhtml" id="F-43554r1_fix"/>
      <check system="http://oval.mitre.org/XMLSchema/oval-definitions-5">
        <check-content-ref name="oval:mil.disa.fso.redhat.rhel6:def:661" href="U_RedHat_6_V1R6_STIG_SCAP_1-1_Benchmark-oval.xml"/>
      </check>
    </Rule>
  </Group>
  <Group id="V-38607">
    <title xmlns:xhtml="http://www.w3.org/1999/xhtml" xml:lang="en">SRG-OS-000112</title>
    <description xmlns:xhtml="http://www.w3.org/1999/xhtml" xml:lang="en">&lt;GroupDescription&gt;&lt;/GroupDescription&gt;</description>
    <Rule id="SV-50408r1_rule" selected="true" weight="10.000000" severity="high">
      <version>RHEL-06-000227</version>
      <title xmlns:xhtml="http://www.w3.org/1999/xhtml" xml:lang="en">The SSH daemon must be configured to use only the SSHv2 protocol.</title>
      <description xmlns:xhtml="http://www.w3.org/1999/xhtml" xml:lang="en">&lt;VulnDiscussion&gt;SSH protocol version 1 suffers from design flaws that result in security vulnerabilities and should not be used.&lt;/VulnDiscussion&gt;&lt;FalsePositives&gt;&lt;/FalsePositives&gt;&lt;FalseNegatives&gt;&lt;/FalseNegatives&gt;&lt;Documentable&gt;false&lt;/Documentable&gt;&lt;Mitigations&gt;&lt;/Mitigations&gt;&lt;SeverityOverrideGuidance&gt;&lt;/SeverityOverrideGuidance&gt;&lt;PotentialImpacts&gt;&lt;/PotentialImpacts&gt;&lt;ThirdPartyTools&gt;&lt;/ThirdPartyTools&gt;&lt;MitigationControl&gt;&lt;/MitigationControl&gt;&lt;Responsibility&gt;&lt;/Responsibility&gt;&lt;IAControls&gt;&lt;/IAControls&gt;</description>
      <reference xmlns:dc="http://purl.org/dc/elements/1.1/">
        <dc:title>DPMS Target Red Hat 6</dc:title>
        <dc:subject>Red Hat 6</dc:subject>
        <dc:publisher>DISA FSO</dc:publisher>
        <dc:type>DPMS Target</dc:type>
        <dc:identifier>2367</dc:identifier>
      </reference>
      <ident system="http://cce.mitre.org">CCE-27072-8</ident>
      <ident system="http://iase.disa.mil/cci">CCI-000774</ident>
      <fixtext xmlns:xhtml="http://www.w3.org/1999/xhtml" xml:lang="en" override="false" fixref="F-43555r1_fix">Only SSH protocol version 2 connections should be permitted. The default setting in "/etc/ssh/sshd_config" is correct, and can be verified by ensuring that the following line appears: 

Protocol 2</fixtext>
      <fix xmlns:xhtml="http://www.w3.org/1999/xhtml" id="F-43555r1_fix"/>
      <check system="http://oval.mitre.org/XMLSchema/oval-definitions-5">
        <check-content-ref name="oval:mil.disa.fso.redhat.rhel6:def:210" href="U_RedHat_6_V1R6_STIG_SCAP_1-1_Benchmark-oval.xml"/>
      </check>
    </Rule>
  </Group>
  <Group id="V-38608">
    <title xmlns:xhtml="http://www.w3.org/1999/xhtml" xml:lang="en">SRG-OS-000163</title>
    <description xmlns:xhtml="http://www.w3.org/1999/xhtml" xml:lang="en">&lt;GroupDescription&gt;&lt;/GroupDescription&gt;</description>
    <Rule id="SV-50409r1_rule" selected="true" weight="10.000000" severity="low">
      <version>RHEL-06-000230</version>
      <title xmlns:xhtml="http://www.w3.org/1999/xhtml" xml:lang="en">The SSH daemon must set a timeout interval on idle sessions.</title>
      <description xmlns:xhtml="http://www.w3.org/1999/xhtml" xml:lang="en">&lt;VulnDiscussion&gt;Causing idle users to be automatically logged out guards against compromises one system leading trivially to compromises on another.&lt;/VulnDiscussion&gt;&lt;FalsePositives&gt;&lt;/FalsePositives&gt;&lt;FalseNegatives&gt;&lt;/FalseNegatives&gt;&lt;Documentable&gt;false&lt;/Documentable&gt;&lt;Mitigations&gt;&lt;/Mitigations&gt;&lt;SeverityOverrideGuidance&gt;&lt;/SeverityOverrideGuidance&gt;&lt;PotentialImpacts&gt;&lt;/PotentialImpacts&gt;&lt;ThirdPartyTools&gt;&lt;/ThirdPartyTools&gt;&lt;MitigationControl&gt;&lt;/MitigationControl&gt;&lt;Responsibility&gt;&lt;/Responsibility&gt;&lt;IAControls&gt;&lt;/IAControls&gt;</description>
      <reference xmlns:dc="http://purl.org/dc/elements/1.1/">
        <dc:title>DPMS Target Red Hat 6</dc:title>
        <dc:subject>Red Hat 6</dc:subject>
        <dc:publisher>DISA FSO</dc:publisher>
        <dc:type>DPMS Target</dc:type>
        <dc:identifier>2367</dc:identifier>
      </reference>
      <ident system="http://cce.mitre.org">CCE-26919-1</ident>
      <ident system="http://iase.disa.mil/cci">CCI-001133</ident>
      <fixtext xmlns:xhtml="http://www.w3.org/1999/xhtml" xml:lang="en" override="false" fixref="F-43556r1_fix">SSH allows administrators to set an idle timeout interval. After this interval has passed, the idle user will be automatically logged out. 

To set an idle timeout interval, edit the following line in "/etc/ssh/sshd_config" as follows: 

ClientAliveInterval [interval]

The timeout [interval] is given in seconds. To have a timeout of 15 minutes, set [interval] to 900. 

If a shorter timeout has already been set for the login shell, that value will preempt any SSH setting made here. Keep in mind that some processes may stop SSH from correctly detecting that the user is idle.</fixtext>
      <fix xmlns:xhtml="http://www.w3.org/1999/xhtml" id="F-43556r1_fix"/>
      <check system="http://oval.mitre.org/XMLSchema/oval-definitions-5">
        <check-export export-name="oval:mil.disa.fso.redhat.rhel6:var:2113" value-id="sshd_idle_timeout_value"/>
        <check-content-ref name="oval:mil.disa.fso.redhat.rhel6:def:3037" href="U_RedHat_6_V1R6_STIG_SCAP_1-1_Benchmark-oval.xml"/>
      </check>
    </Rule>
  </Group>
  <Group id="V-38610">
    <title xmlns:xhtml="http://www.w3.org/1999/xhtml" xml:lang="en">SRG-OS-000126</title>
    <description xmlns:xhtml="http://www.w3.org/1999/xhtml" xml:lang="en">&lt;GroupDescription&gt;&lt;/GroupDescription&gt;</description>
    <Rule id="SV-50411r1_rule" selected="true" weight="10.000000" severity="low">
      <version>RHEL-06-000231</version>
      <title xmlns:xhtml="http://www.w3.org/1999/xhtml" xml:lang="en">The SSH daemon must set a timeout count on idle sessions.</title>
      <description xmlns:xhtml="http://www.w3.org/1999/xhtml" xml:lang="en">&lt;VulnDiscussion&gt;This ensures a user login will be terminated as soon as the "ClientAliveCountMax" is reached.&lt;/VulnDiscussion&gt;&lt;FalsePositives&gt;&lt;/FalsePositives&gt;&lt;FalseNegatives&gt;&lt;/FalseNegatives&gt;&lt;Documentable&gt;false&lt;/Documentable&gt;&lt;Mitigations&gt;&lt;/Mitigations&gt;&lt;SeverityOverrideGuidance&gt;&lt;/SeverityOverrideGuidance&gt;&lt;PotentialImpacts&gt;&lt;/PotentialImpacts&gt;&lt;ThirdPartyTools&gt;&lt;/ThirdPartyTools&gt;&lt;MitigationControl&gt;&lt;/MitigationControl&gt;&lt;Responsibility&gt;&lt;/Responsibility&gt;&lt;IAControls&gt;&lt;/IAControls&gt;</description>
      <reference xmlns:dc="http://purl.org/dc/elements/1.1/">
        <dc:title>DPMS Target Red Hat 6</dc:title>
        <dc:subject>Red Hat 6</dc:subject>
        <dc:publisher>DISA FSO</dc:publisher>
        <dc:type>DPMS Target</dc:type>
        <dc:identifier>2367</dc:identifier>
      </reference>
      <ident system="http://cce.mitre.org">CCE-26282-4</ident>
      <ident system="http://iase.disa.mil/cci">CCI-000879</ident>
      <fixtext xmlns:xhtml="http://www.w3.org/1999/xhtml" xml:lang="en" override="false" fixref="F-43558r1_fix">To ensure the SSH idle timeout occurs precisely when the "ClientAliveCountMax" is set, edit "/etc/ssh/sshd_config" as follows: 

ClientAliveCountMax 0</fixtext>
      <fix xmlns:xhtml="http://www.w3.org/1999/xhtml" id="F-43558r1_fix"/>
      <check system="http://oval.mitre.org/XMLSchema/oval-definitions-5">
        <check-content-ref name="oval:mil.disa.fso.redhat.rhel6:def:3014" href="U_RedHat_6_V1R6_STIG_SCAP_1-1_Benchmark-oval.xml"/>
      </check>
    </Rule>
  </Group>
  <Group id="V-38611">
    <title xmlns:xhtml="http://www.w3.org/1999/xhtml" xml:lang="en">SRG-OS-000106</title>
    <description xmlns:xhtml="http://www.w3.org/1999/xhtml" xml:lang="en">&lt;GroupDescription&gt;&lt;/GroupDescription&gt;</description>
    <Rule id="SV-50412r1_rule" selected="true" weight="10.000000" severity="medium">
      <version>RHEL-06-000234</version>
      <title xmlns:xhtml="http://www.w3.org/1999/xhtml" xml:lang="en">The SSH daemon must ignore .rhosts files.</title>
      <description xmlns:xhtml="http://www.w3.org/1999/xhtml" xml:lang="en">&lt;VulnDiscussion&gt;SSH trust relationships mean a compromise on one host can allow an attacker to move trivially to other hosts.&lt;/VulnDiscussion&gt;&lt;FalsePositives&gt;&lt;/FalsePositives&gt;&lt;FalseNegatives&gt;&lt;/FalseNegatives&gt;&lt;Documentable&gt;false&lt;/Documentable&gt;&lt;Mitigations&gt;&lt;/Mitigations&gt;&lt;SeverityOverrideGuidance&gt;&lt;/SeverityOverrideGuidance&gt;&lt;PotentialImpacts&gt;&lt;/PotentialImpacts&gt;&lt;ThirdPartyTools&gt;&lt;/ThirdPartyTools&gt;&lt;MitigationControl&gt;&lt;/MitigationControl&gt;&lt;Responsibility&gt;&lt;/Responsibility&gt;&lt;IAControls&gt;&lt;/IAControls&gt;</description>
      <reference xmlns:dc="http://purl.org/dc/elements/1.1/">
        <dc:title>DPMS Target Red Hat 6</dc:title>
        <dc:subject>Red Hat 6</dc:subject>
        <dc:publisher>DISA FSO</dc:publisher>
        <dc:type>DPMS Target</dc:type>
        <dc:identifier>2367</dc:identifier>
      </reference>
      <ident system="http://cce.mitre.org">CCE-27124-7</ident>
      <ident system="http://iase.disa.mil/cci">CCI-000766</ident>
      <fixtext xmlns:xhtml="http://www.w3.org/1999/xhtml" xml:lang="en" override="false" fixref="F-43559r1_fix">SSH can emulate the behavior of the obsolete rsh command in allowing users to enable insecure access to their accounts via ".rhosts" files. 

To ensure this behavior is disabled, add or correct the following line in "/etc/ssh/sshd_config": 

IgnoreRhosts yes</fixtext>
      <fix xmlns:xhtml="http://www.w3.org/1999/xhtml" id="F-43559r1_fix"/>
      <check system="http://oval.mitre.org/XMLSchema/oval-definitions-5">
        <check-content-ref name="oval:mil.disa.fso.redhat.rhel6:def:3052" href="U_RedHat_6_V1R6_STIG_SCAP_1-1_Benchmark-oval.xml"/>
      </check>
    </Rule>
  </Group>
  <Group id="V-38612">
    <title xmlns:xhtml="http://www.w3.org/1999/xhtml" xml:lang="en">SRG-OS-000106</title>
    <description xmlns:xhtml="http://www.w3.org/1999/xhtml" xml:lang="en">&lt;GroupDescription&gt;&lt;/GroupDescription&gt;</description>
    <Rule id="SV-50413r1_rule" selected="true" weight="10.000000" severity="medium">
      <version>RHEL-06-000236</version>
      <title xmlns:xhtml="http://www.w3.org/1999/xhtml" xml:lang="en">The SSH daemon must not allow host-based authentication.</title>
      <description xmlns:xhtml="http://www.w3.org/1999/xhtml" xml:lang="en">&lt;VulnDiscussion&gt;SSH trust relationships mean a compromise on one host can allow an attacker to move trivially to other hosts.&lt;/VulnDiscussion&gt;&lt;FalsePositives&gt;&lt;/FalsePositives&gt;&lt;FalseNegatives&gt;&lt;/FalseNegatives&gt;&lt;Documentable&gt;false&lt;/Documentable&gt;&lt;Mitigations&gt;&lt;/Mitigations&gt;&lt;SeverityOverrideGuidance&gt;&lt;/SeverityOverrideGuidance&gt;&lt;PotentialImpacts&gt;&lt;/PotentialImpacts&gt;&lt;ThirdPartyTools&gt;&lt;/ThirdPartyTools&gt;&lt;MitigationControl&gt;&lt;/MitigationControl&gt;&lt;Responsibility&gt;&lt;/Responsibility&gt;&lt;IAControls&gt;&lt;/IAControls&gt;</description>
      <reference xmlns:dc="http://purl.org/dc/elements/1.1/">
        <dc:title>DPMS Target Red Hat 6</dc:title>
        <dc:subject>Red Hat 6</dc:subject>
        <dc:publisher>DISA FSO</dc:publisher>
        <dc:type>DPMS Target</dc:type>
        <dc:identifier>2367</dc:identifier>
      </reference>
      <ident system="http://cce.mitre.org">CCE-27091-8</ident>
      <ident system="http://iase.disa.mil/cci">CCI-000766</ident>
      <fixtext xmlns:xhtml="http://www.w3.org/1999/xhtml" xml:lang="en" override="false" fixref="F-43560r1_fix">SSH's cryptographic host-based authentication is more secure than ".rhosts" authentication, since hosts are cryptographically authenticated. However, it is not recommended that hosts unilaterally trust one another, even within an organization. 

To disable host-based authentication, add or correct the following line in "/etc/ssh/sshd_config": 

HostbasedAuthentication no</fixtext>
      <fix xmlns:xhtml="http://www.w3.org/1999/xhtml" id="F-43560r1_fix"/>
      <check system="http://oval.mitre.org/XMLSchema/oval-definitions-5">
        <check-content-ref name="oval:mil.disa.fso.redhat.rhel6:def:3020" href="U_RedHat_6_V1R6_STIG_SCAP_1-1_Benchmark-oval.xml"/>
      </check>
    </Rule>
  </Group>
  <Group id="V-38613">
    <title xmlns:xhtml="http://www.w3.org/1999/xhtml" xml:lang="en">SRG-OS-000109</title>
    <description xmlns:xhtml="http://www.w3.org/1999/xhtml" xml:lang="en">&lt;GroupDescription&gt;&lt;/GroupDescription&gt;</description>
    <Rule id="SV-50414r1_rule" selected="true" weight="10.000000" severity="medium">
      <version>RHEL-06-000237</version>
      <title xmlns:xhtml="http://www.w3.org/1999/xhtml" xml:lang="en">The system must not permit root logins using remote access programs such as ssh.</title>
      <description xmlns:xhtml="http://www.w3.org/1999/xhtml" xml:lang="en">&lt;VulnDiscussion&gt;Permitting direct root login reduces auditable information about who ran privileged commands on the system and also allows direct attack attempts on root's password.&lt;/VulnDiscussion&gt;&lt;FalsePositives&gt;&lt;/FalsePositives&gt;&lt;FalseNegatives&gt;&lt;/FalseNegatives&gt;&lt;Documentable&gt;false&lt;/Documentable&gt;&lt;Mitigations&gt;&lt;/Mitigations&gt;&lt;SeverityOverrideGuidance&gt;&lt;/SeverityOverrideGuidance&gt;&lt;PotentialImpacts&gt;&lt;/PotentialImpacts&gt;&lt;ThirdPartyTools&gt;&lt;/ThirdPartyTools&gt;&lt;MitigationControl&gt;&lt;/MitigationControl&gt;&lt;Responsibility&gt;&lt;/Responsibility&gt;&lt;IAControls&gt;&lt;/IAControls&gt;</description>
      <reference xmlns:dc="http://purl.org/dc/elements/1.1/">
        <dc:title>DPMS Target Red Hat 6</dc:title>
        <dc:subject>Red Hat 6</dc:subject>
        <dc:publisher>DISA FSO</dc:publisher>
        <dc:type>DPMS Target</dc:type>
        <dc:identifier>2367</dc:identifier>
      </reference>
      <ident system="http://cce.mitre.org">CCE-27100-7</ident>
      <ident system="http://iase.disa.mil/cci">CCI-000770</ident>
      <fixtext xmlns:xhtml="http://www.w3.org/1999/xhtml" xml:lang="en" override="false" fixref="F-43561r1_fix">The root user should never be allowed to log in to a system directly over a network. To disable root login via SSH, add or correct the following line in "/etc/ssh/sshd_config": 

PermitRootLogin no</fixtext>
      <fix xmlns:xhtml="http://www.w3.org/1999/xhtml" id="F-43561r1_fix"/>
      <check system="http://oval.mitre.org/XMLSchema/oval-definitions-5">
        <check-content-ref name="oval:mil.disa.fso.redhat.rhel6:def:3074" href="U_RedHat_6_V1R6_STIG_SCAP_1-1_Benchmark-oval.xml"/>
      </check>
    </Rule>
  </Group>
  <Group id="V-38614">
    <title xmlns:xhtml="http://www.w3.org/1999/xhtml" xml:lang="en">SRG-OS-000106</title>
    <description xmlns:xhtml="http://www.w3.org/1999/xhtml" xml:lang="en">&lt;GroupDescription&gt;&lt;/GroupDescription&gt;</description>
    <Rule id="SV-50415r1_rule" selected="true" weight="10.000000" severity="high">
      <version>RHEL-06-000239</version>
      <title xmlns:xhtml="http://www.w3.org/1999/xhtml" xml:lang="en">The SSH daemon must not allow authentication using an empty password.</title>
      <description xmlns:xhtml="http://www.w3.org/1999/xhtml" xml:lang="en">&lt;VulnDiscussion&gt;Configuring this setting for the SSH daemon provides additional assurance that remote login via SSH will require a password, even in the event of misconfiguration elsewhere.&lt;/VulnDiscussion&gt;&lt;FalsePositives&gt;&lt;/FalsePositives&gt;&lt;FalseNegatives&gt;&lt;/FalseNegatives&gt;&lt;Documentable&gt;false&lt;/Documentable&gt;&lt;Mitigations&gt;&lt;/Mitigations&gt;&lt;SeverityOverrideGuidance&gt;&lt;/SeverityOverrideGuidance&gt;&lt;PotentialImpacts&gt;&lt;/PotentialImpacts&gt;&lt;ThirdPartyTools&gt;&lt;/ThirdPartyTools&gt;&lt;MitigationControl&gt;&lt;/MitigationControl&gt;&lt;Responsibility&gt;&lt;/Responsibility&gt;&lt;IAControls&gt;&lt;/IAControls&gt;</description>
      <reference xmlns:dc="http://purl.org/dc/elements/1.1/">
        <dc:title>DPMS Target Red Hat 6</dc:title>
        <dc:subject>Red Hat 6</dc:subject>
        <dc:publisher>DISA FSO</dc:publisher>
        <dc:type>DPMS Target</dc:type>
        <dc:identifier>2367</dc:identifier>
      </reference>
      <ident system="http://cce.mitre.org">CCE-26887-0</ident>
      <ident system="http://iase.disa.mil/cci">CCI-000766</ident>
      <fixtext xmlns:xhtml="http://www.w3.org/1999/xhtml" xml:lang="en" override="false" fixref="F-43562r1_fix">To explicitly disallow remote login from accounts with empty passwords, add or correct the following line in "/etc/ssh/sshd_config": 

PermitEmptyPasswords no

Any accounts with empty passwords should be disabled immediately, and PAM configuration should prevent users from being able to assign themselves empty passwords.</fixtext>
      <fix xmlns:xhtml="http://www.w3.org/1999/xhtml" id="F-43562r1_fix"/>
      <check system="http://oval.mitre.org/XMLSchema/oval-definitions-5">
        <check-content-ref name="oval:mil.disa.fso.redhat.rhel6:def:3109" href="U_RedHat_6_V1R6_STIG_SCAP_1-1_Benchmark-oval.xml"/>
      </check>
    </Rule>
  </Group>
  <Group id="V-38615">
    <title xmlns:xhtml="http://www.w3.org/1999/xhtml" xml:lang="en">SRG-OS-000023</title>
    <description xmlns:xhtml="http://www.w3.org/1999/xhtml" xml:lang="en">&lt;GroupDescription&gt;&lt;/GroupDescription&gt;</description>
    <Rule id="SV-50416r1_rule" selected="true" weight="10.000000" severity="medium">
      <version>RHEL-06-000240</version>
      <title xmlns:xhtml="http://www.w3.org/1999/xhtml" xml:lang="en">The SSH daemon must be configured with the Department of Defense (DoD) login banner.</title>
      <description xmlns:xhtml="http://www.w3.org/1999/xhtml" xml:lang="en">&lt;VulnDiscussion&gt;The warning message reinforces policy awareness during the logon process and facilitates possible legal action against attackers. Alternatively, systems whose ownership should not be obvious should ensure usage of a banner that does not provide easy attribution.&lt;/VulnDiscussion&gt;&lt;FalsePositives&gt;&lt;/FalsePositives&gt;&lt;FalseNegatives&gt;&lt;/FalseNegatives&gt;&lt;Documentable&gt;false&lt;/Documentable&gt;&lt;Mitigations&gt;&lt;/Mitigations&gt;&lt;SeverityOverrideGuidance&gt;&lt;/SeverityOverrideGuidance&gt;&lt;PotentialImpacts&gt;&lt;/PotentialImpacts&gt;&lt;ThirdPartyTools&gt;&lt;/ThirdPartyTools&gt;&lt;MitigationControl&gt;&lt;/MitigationControl&gt;&lt;Responsibility&gt;&lt;/Responsibility&gt;&lt;IAControls&gt;&lt;/IAControls&gt;</description>
      <reference xmlns:dc="http://purl.org/dc/elements/1.1/">
        <dc:title>DPMS Target Red Hat 6</dc:title>
        <dc:subject>Red Hat 6</dc:subject>
        <dc:publisher>DISA FSO</dc:publisher>
        <dc:type>DPMS Target</dc:type>
        <dc:identifier>2367</dc:identifier>
      </reference>
      <ident system="http://cce.mitre.org">CCE-27112-2</ident>
      <ident system="http://iase.disa.mil/cci">CCI-000048</ident>
      <fixtext xmlns:xhtml="http://www.w3.org/1999/xhtml" xml:lang="en" override="false" fixref="F-43563r1_fix">To enable the warning banner and ensure it is consistent across the system, add or correct the following line in "/etc/ssh/sshd_config": 

Banner /etc/issue

Another section contains information on how to create an appropriate system-wide warning banner.</fixtext>
      <fix xmlns:xhtml="http://www.w3.org/1999/xhtml" id="F-43563r1_fix"/>
      <check system="http://oval.mitre.org/XMLSchema/oval-definitions-5">
        <check-content-ref name="oval:mil.disa.fso.redhat.rhel6:def:3082" href="U_RedHat_6_V1R6_STIG_SCAP_1-1_Benchmark-oval.xml"/>
      </check>
    </Rule>
  </Group>
  <Group id="V-38616">
    <title xmlns:xhtml="http://www.w3.org/1999/xhtml" xml:lang="en">SRG-OS-000242</title>
    <description xmlns:xhtml="http://www.w3.org/1999/xhtml" xml:lang="en">&lt;GroupDescription&gt;&lt;/GroupDescription&gt;</description>
    <Rule id="SV-50417r1_rule" selected="true" weight="10.000000" severity="low">
      <version>RHEL-06-000241</version>
      <title xmlns:xhtml="http://www.w3.org/1999/xhtml" xml:lang="en">The SSH daemon must not permit user environment settings.</title>
      <description xmlns:xhtml="http://www.w3.org/1999/xhtml" xml:lang="en">&lt;VulnDiscussion&gt;SSH environment options potentially allow users to bypass access restriction in some configurations.&lt;/VulnDiscussion&gt;&lt;FalsePositives&gt;&lt;/FalsePositives&gt;&lt;FalseNegatives&gt;&lt;/FalseNegatives&gt;&lt;Documentable&gt;false&lt;/Documentable&gt;&lt;Mitigations&gt;&lt;/Mitigations&gt;&lt;SeverityOverrideGuidance&gt;&lt;/SeverityOverrideGuidance&gt;&lt;PotentialImpacts&gt;&lt;/PotentialImpacts&gt;&lt;ThirdPartyTools&gt;&lt;/ThirdPartyTools&gt;&lt;MitigationControl&gt;&lt;/MitigationControl&gt;&lt;Responsibility&gt;&lt;/Responsibility&gt;&lt;IAControls&gt;&lt;/IAControls&gt;</description>
      <reference xmlns:dc="http://purl.org/dc/elements/1.1/">
        <dc:title>DPMS Target Red Hat 6</dc:title>
        <dc:subject>Red Hat 6</dc:subject>
        <dc:publisher>DISA FSO</dc:publisher>
        <dc:type>DPMS Target</dc:type>
        <dc:identifier>2367</dc:identifier>
      </reference>
      <ident system="http://cce.mitre.org">CCE-27201-3</ident>
      <ident system="http://iase.disa.mil/cci">CCI-001414</ident>
      <fixtext xmlns:xhtml="http://www.w3.org/1999/xhtml" xml:lang="en" override="false" fixref="F-43565r1_fix">To ensure users are not able to present environment options to the SSH daemon, add or correct the following line in "/etc/ssh/sshd_config": 

PermitUserEnvironment no</fixtext>
      <fix xmlns:xhtml="http://www.w3.org/1999/xhtml" id="F-43565r1_fix"/>
      <check system="http://oval.mitre.org/XMLSchema/oval-definitions-5">
        <check-content-ref name="oval:mil.disa.fso.redhat.rhel6:def:3103" href="U_RedHat_6_V1R6_STIG_SCAP_1-1_Benchmark-oval.xml"/>
      </check>
    </Rule>
  </Group>
  <Group id="V-38618">
    <title xmlns:xhtml="http://www.w3.org/1999/xhtml" xml:lang="en">SRG-OS-999999</title>
    <description xmlns:xhtml="http://www.w3.org/1999/xhtml" xml:lang="en">&lt;GroupDescription&gt;&lt;/GroupDescription&gt;</description>
    <Rule id="SV-50419r2_rule" selected="true" weight="10.000000" severity="low">
      <version>RHEL-06-000246</version>
      <title xmlns:xhtml="http://www.w3.org/1999/xhtml" xml:lang="en">The avahi service must be disabled.</title>
      <description xmlns:xhtml="http://www.w3.org/1999/xhtml" xml:lang="en">&lt;VulnDiscussion&gt;Because the Avahi daemon service keeps an open network port, it is subject to network attacks. Its functionality is convenient but is only appropriate if the local network can be trusted.&lt;/VulnDiscussion&gt;&lt;FalsePositives&gt;&lt;/FalsePositives&gt;&lt;FalseNegatives&gt;&lt;/FalseNegatives&gt;&lt;Documentable&gt;false&lt;/Documentable&gt;&lt;Mitigations&gt;&lt;/Mitigations&gt;&lt;SeverityOverrideGuidance&gt;&lt;/SeverityOverrideGuidance&gt;&lt;PotentialImpacts&gt;&lt;/PotentialImpacts&gt;&lt;ThirdPartyTools&gt;&lt;/ThirdPartyTools&gt;&lt;MitigationControl&gt;&lt;/MitigationControl&gt;&lt;Responsibility&gt;&lt;/Responsibility&gt;&lt;IAControls&gt;&lt;/IAControls&gt;</description>
      <reference xmlns:dc="http://purl.org/dc/elements/1.1/">
        <dc:title>DPMS Target Red Hat 6</dc:title>
        <dc:subject>Red Hat 6</dc:subject>
        <dc:publisher>DISA FSO</dc:publisher>
        <dc:type>DPMS Target</dc:type>
        <dc:identifier>2367</dc:identifier>
      </reference>
      <ident system="http://cce.mitre.org">CCE-27087-6</ident>
      <ident system="http://iase.disa.mil/cci">CCI-000366</ident>
      <fixtext xmlns:xhtml="http://www.w3.org/1999/xhtml" xml:lang="en" override="false" fixref="F-43567r2_fix">The "avahi-daemon" service can be disabled with the following commands: 

# chkconfig avahi-daemon off
# service avahi-daemon stop</fixtext>
      <fix xmlns:xhtml="http://www.w3.org/1999/xhtml" id="F-43567r2_fix"/>
      <check system="http://oval.mitre.org/XMLSchema/oval-definitions-5">
        <check-content-ref name="oval:mil.disa.fso.redhat.rhel6:def:754" href="U_RedHat_6_V1R6_STIG_SCAP_1-1_Benchmark-oval.xml"/>
      </check>
    </Rule>
  </Group>
  <Group id="V-38620">
    <title xmlns:xhtml="http://www.w3.org/1999/xhtml" xml:lang="en">SRG-OS-000056</title>
    <description xmlns:xhtml="http://www.w3.org/1999/xhtml" xml:lang="en">&lt;GroupDescription&gt;&lt;/GroupDescription&gt;</description>
    <Rule id="SV-50421r1_rule" selected="true" weight="10.000000" severity="medium">
      <version>RHEL-06-000247</version>
      <title xmlns:xhtml="http://www.w3.org/1999/xhtml" xml:lang="en">The system clock must be synchronized continuously, or at least daily.</title>
      <description xmlns:xhtml="http://www.w3.org/1999/xhtml" xml:lang="en">&lt;VulnDiscussion&gt;Enabling the "ntpd" service ensures that the "ntpd" service will be running and that the system will synchronize its time to any servers specified. This is important whether the system is configured to be a client (and synchronize only its own clock) or it is also acting as an NTP server to other systems. Synchronizing time is essential for authentication services such as Kerberos, but it is also important for maintaining accurate logs and auditing possible security breaches.&lt;/VulnDiscussion&gt;&lt;FalsePositives&gt;&lt;/FalsePositives&gt;&lt;FalseNegatives&gt;&lt;/FalseNegatives&gt;&lt;Documentable&gt;false&lt;/Documentable&gt;&lt;Mitigations&gt;&lt;/Mitigations&gt;&lt;SeverityOverrideGuidance&gt;&lt;/SeverityOverrideGuidance&gt;&lt;PotentialImpacts&gt;&lt;/PotentialImpacts&gt;&lt;ThirdPartyTools&gt;&lt;/ThirdPartyTools&gt;&lt;MitigationControl&gt;&lt;/MitigationControl&gt;&lt;Responsibility&gt;&lt;/Responsibility&gt;&lt;IAControls&gt;&lt;/IAControls&gt;</description>
      <reference xmlns:dc="http://purl.org/dc/elements/1.1/">
        <dc:title>DPMS Target Red Hat 6</dc:title>
        <dc:subject>Red Hat 6</dc:subject>
        <dc:publisher>DISA FSO</dc:publisher>
        <dc:type>DPMS Target</dc:type>
        <dc:identifier>2367</dc:identifier>
      </reference>
      <ident system="http://cce.mitre.org">CCE-27093-4</ident>
      <ident system="http://iase.disa.mil/cci">CCI-000160</ident>
      <fixtext xmlns:xhtml="http://www.w3.org/1999/xhtml" xml:lang="en" override="false" fixref="F-43568r1_fix">The "ntpd" service can be enabled with the following command: 

# chkconfig ntpd on
# service ntpd start</fixtext>
      <fix xmlns:xhtml="http://www.w3.org/1999/xhtml" id="F-43568r1_fix"/>
      <check system="http://oval.mitre.org/XMLSchema/oval-definitions-5">
        <check-content-ref name="oval:mil.disa.fso.redhat.rhel6:def:174" href="U_RedHat_6_V1R6_STIG_SCAP_1-1_Benchmark-oval.xml"/>
      </check>
    </Rule>
  </Group>
  <Group id="V-38621">
    <title xmlns:xhtml="http://www.w3.org/1999/xhtml" xml:lang="en">SRG-OS-000056</title>
    <description xmlns:xhtml="http://www.w3.org/1999/xhtml" xml:lang="en">&lt;GroupDescription&gt;&lt;/GroupDescription&gt;</description>
    <Rule id="SV-50422r1_rule" selected="true" weight="10.000000" severity="medium">
      <version>RHEL-06-000248</version>
      <title xmlns:xhtml="http://www.w3.org/1999/xhtml" xml:lang="en">The system clock must be synchronized to an authoritative DoD time source.</title>
      <description xmlns:xhtml="http://www.w3.org/1999/xhtml" xml:lang="en">&lt;VulnDiscussion&gt;Synchronizing with an NTP server makes it possible to collate system logs from multiple sources or correlate computer events with real time events. Using a trusted NTP server provided by your organization is recommended.&lt;/VulnDiscussion&gt;&lt;FalsePositives&gt;&lt;/FalsePositives&gt;&lt;FalseNegatives&gt;&lt;/FalseNegatives&gt;&lt;Documentable&gt;false&lt;/Documentable&gt;&lt;Mitigations&gt;&lt;/Mitigations&gt;&lt;SeverityOverrideGuidance&gt;&lt;/SeverityOverrideGuidance&gt;&lt;PotentialImpacts&gt;&lt;/PotentialImpacts&gt;&lt;ThirdPartyTools&gt;&lt;/ThirdPartyTools&gt;&lt;MitigationControl&gt;&lt;/MitigationControl&gt;&lt;Responsibility&gt;&lt;/Responsibility&gt;&lt;IAControls&gt;&lt;/IAControls&gt;</description>
      <reference xmlns:dc="http://purl.org/dc/elements/1.1/">
        <dc:title>DPMS Target Red Hat 6</dc:title>
        <dc:subject>Red Hat 6</dc:subject>
        <dc:publisher>DISA FSO</dc:publisher>
        <dc:type>DPMS Target</dc:type>
        <dc:identifier>2367</dc:identifier>
      </reference>
      <ident system="http://cce.mitre.org">CCE-27098-3</ident>
      <ident system="http://iase.disa.mil/cci">CCI-000160</ident>
      <fixtext xmlns:xhtml="http://www.w3.org/1999/xhtml" xml:lang="en" override="false" fixref="F-43570r1_fix">To specify a remote NTP server for time synchronization, edit the file "/etc/ntp.conf". Add or correct the following lines, substituting the IP or hostname of a remote NTP server for ntpserver. 

server [ntpserver]

This instructs the NTP software to contact that remote server to obtain time data.</fixtext>
      <fix xmlns:xhtml="http://www.w3.org/1999/xhtml" id="F-43570r1_fix"/>
      <check system="http://oval.mitre.org/XMLSchema/oval-definitions-5">
        <check-content-ref name="oval:mil.disa.fso.redhat.rhel6:def:665" href="U_RedHat_6_V1R6_STIG_SCAP_1-1_Benchmark-oval.xml"/>
      </check>
    </Rule>
  </Group>
  <Group id="V-38622">
    <title xmlns:xhtml="http://www.w3.org/1999/xhtml" xml:lang="en">SRG-OS-000096</title>
    <description xmlns:xhtml="http://www.w3.org/1999/xhtml" xml:lang="en">&lt;GroupDescription&gt;&lt;/GroupDescription&gt;</description>
    <Rule id="SV-50423r2_rule" selected="true" weight="10.000000" severity="medium">
      <version>RHEL-06-000249</version>
      <title xmlns:xhtml="http://www.w3.org/1999/xhtml" xml:lang="en">Mail relaying must be restricted.</title>
      <description xmlns:xhtml="http://www.w3.org/1999/xhtml" xml:lang="en">&lt;VulnDiscussion&gt;This ensures "postfix" accepts mail messages (such as cron job reports) from the local system only, and not from the network, which protects it from network attack.&lt;/VulnDiscussion&gt;&lt;FalsePositives&gt;&lt;/FalsePositives&gt;&lt;FalseNegatives&gt;&lt;/FalseNegatives&gt;&lt;Documentable&gt;false&lt;/Documentable&gt;&lt;Mitigations&gt;&lt;/Mitigations&gt;&lt;SeverityOverrideGuidance&gt;&lt;/SeverityOverrideGuidance&gt;&lt;PotentialImpacts&gt;&lt;/PotentialImpacts&gt;&lt;ThirdPartyTools&gt;&lt;/ThirdPartyTools&gt;&lt;MitigationControl&gt;&lt;/MitigationControl&gt;&lt;Responsibility&gt;&lt;/Responsibility&gt;&lt;IAControls&gt;&lt;/IAControls&gt;</description>
      <reference xmlns:dc="http://purl.org/dc/elements/1.1/">
        <dc:title>DPMS Target Red Hat 6</dc:title>
        <dc:subject>Red Hat 6</dc:subject>
        <dc:publisher>DISA FSO</dc:publisher>
        <dc:type>DPMS Target</dc:type>
        <dc:identifier>2367</dc:identifier>
      </reference>
      <ident system="http://cce.mitre.org">CCE-26780-7</ident>
      <ident system="http://iase.disa.mil/cci">CCI-000382</ident>
      <fixtext xmlns:xhtml="http://www.w3.org/1999/xhtml" xml:lang="en" override="false" fixref="F-43572r1_fix">Edit the file "/etc/postfix/main.cf" to ensure that only the following "inet_interfaces" line appears: 

inet_interfaces = localhost</fixtext>
      <fix xmlns:xhtml="http://www.w3.org/1999/xhtml" id="F-43572r1_fix"/>
      <check system="http://oval.mitre.org/XMLSchema/oval-definitions-5">
        <check-content-ref name="oval:mil.disa.fso.redhat.rhel6:def:121" href="U_RedHat_6_V1R6_STIG_SCAP_1-1_Benchmark-oval.xml"/>
      </check>
    </Rule>
  </Group>
  <Group id="V-38627">
    <title xmlns:xhtml="http://www.w3.org/1999/xhtml" xml:lang="en">SRG-OS-999999</title>
    <description xmlns:xhtml="http://www.w3.org/1999/xhtml" xml:lang="en">&lt;GroupDescription&gt;&lt;/GroupDescription&gt;</description>
    <Rule id="SV-50428r1_rule" selected="true" weight="10.000000" severity="low">
      <version>RHEL-06-000256</version>
      <title xmlns:xhtml="http://www.w3.org/1999/xhtml" xml:lang="en">The openldap-servers package must not be installed unless required.</title>
      <description xmlns:xhtml="http://www.w3.org/1999/xhtml" xml:lang="en">&lt;VulnDiscussion&gt;Unnecessary packages should not be installed to decrease the attack surface of the system.&lt;/VulnDiscussion&gt;&lt;FalsePositives&gt;&lt;/FalsePositives&gt;&lt;FalseNegatives&gt;&lt;/FalseNegatives&gt;&lt;Documentable&gt;false&lt;/Documentable&gt;&lt;Mitigations&gt;&lt;/Mitigations&gt;&lt;SeverityOverrideGuidance&gt;&lt;/SeverityOverrideGuidance&gt;&lt;PotentialImpacts&gt;&lt;/PotentialImpacts&gt;&lt;ThirdPartyTools&gt;&lt;/ThirdPartyTools&gt;&lt;MitigationControl&gt;&lt;/MitigationControl&gt;&lt;Responsibility&gt;&lt;/Responsibility&gt;&lt;IAControls&gt;&lt;/IAControls&gt;</description>
      <reference xmlns:dc="http://purl.org/dc/elements/1.1/">
        <dc:title>DPMS Target Red Hat 6</dc:title>
        <dc:subject>Red Hat 6</dc:subject>
        <dc:publisher>DISA FSO</dc:publisher>
        <dc:type>DPMS Target</dc:type>
        <dc:identifier>2367</dc:identifier>
      </reference>
      <ident system="http://cce.mitre.org">CCE-26858-1</ident>
      <ident system="http://iase.disa.mil/cci">CCI-000366</ident>
      <fixtext xmlns:xhtml="http://www.w3.org/1999/xhtml" xml:lang="en" override="false" fixref="F-43577r1_fix">The "openldap-servers" package should be removed if not in use. Is this machine the OpenLDAP server? If not, remove the package. 

# yum erase openldap-servers

The openldap-servers RPM is not installed by default on RHEL6 machines. It is needed only by the OpenLDAP server, not by the clients which use LDAP for authentication. If the system is not intended for use as an LDAP Server it should be removed.</fixtext>
      <fix xmlns:xhtml="http://www.w3.org/1999/xhtml" id="F-43577r1_fix"/>
      <check system="http://oval.mitre.org/XMLSchema/oval-definitions-5">
        <check-content-ref name="oval:mil.disa.fso.redhat.rhel6:def:852" href="U_RedHat_6_V1R6_STIG_SCAP_1-1_Benchmark-oval.xml"/>
      </check>
    </Rule>
  </Group>
  <Group id="V-38629">
    <title xmlns:xhtml="http://www.w3.org/1999/xhtml" xml:lang="en">SRG-OS-000029</title>
    <description xmlns:xhtml="http://www.w3.org/1999/xhtml" xml:lang="en">&lt;GroupDescription&gt;&lt;/GroupDescription&gt;</description>
    <Rule id="SV-50430r3_rule" selected="true" weight="10.000000" severity="medium">
      <version>RHEL-06-000257</version>
      <title xmlns:xhtml="http://www.w3.org/1999/xhtml" xml:lang="en">The graphical desktop environment must set the idle timeout to no more than 15 minutes.</title>
      <description xmlns:xhtml="http://www.w3.org/1999/xhtml" xml:lang="en">&lt;VulnDiscussion&gt;Setting the idle delay controls when the screensaver will start, and can be combined with screen locking to prevent access from passersby.&lt;/VulnDiscussion&gt;&lt;FalsePositives&gt;&lt;/FalsePositives&gt;&lt;FalseNegatives&gt;&lt;/FalseNegatives&gt;&lt;Documentable&gt;false&lt;/Documentable&gt;&lt;Mitigations&gt;&lt;/Mitigations&gt;&lt;SeverityOverrideGuidance&gt;&lt;/SeverityOverrideGuidance&gt;&lt;PotentialImpacts&gt;&lt;/PotentialImpacts&gt;&lt;ThirdPartyTools&gt;&lt;/ThirdPartyTools&gt;&lt;MitigationControl&gt;&lt;/MitigationControl&gt;&lt;Responsibility&gt;&lt;/Responsibility&gt;&lt;IAControls&gt;&lt;/IAControls&gt;</description>
      <reference xmlns:dc="http://purl.org/dc/elements/1.1/">
        <dc:title>DPMS Target Red Hat 6</dc:title>
        <dc:subject>Red Hat 6</dc:subject>
        <dc:publisher>DISA FSO</dc:publisher>
        <dc:type>DPMS Target</dc:type>
        <dc:identifier>2367</dc:identifier>
      </reference>
      <ident system="http://cce.mitre.org">CCE-26828-4</ident>
      <ident system="http://iase.disa.mil/cci">CCI-000057</ident>
      <fixtext xmlns:xhtml="http://www.w3.org/1999/xhtml" xml:lang="en" override="false" fixref="F-43578r1_fix">Run the following command to set the idle time-out value for inactivity in the GNOME desktop to 15 minutes: 

# gconftool-2 \
--direct \
--config-source xml:readwrite:/etc/gconf/gconf.xml.mandatory \
--type int \
--set /apps/gnome-screensaver/idle_delay 15</fixtext>
      <fix xmlns:xhtml="http://www.w3.org/1999/xhtml" id="F-43578r1_fix"/>
      <check system="http://oval.mitre.org/XMLSchema/oval-definitions-5">
        <check-export export-name="oval:mil.disa.fso.redhat.rhel6:var:2125" value-id="inactivity_timeout_value"/>
        <check-content-ref name="oval:mil.disa.fso.redhat.rhel6:def:598" href="U_RedHat_6_V1R6_STIG_SCAP_1-1_Benchmark-oval.xml"/>
      </check>
    </Rule>
  </Group>
  <Group id="V-38630">
    <title xmlns:xhtml="http://www.w3.org/1999/xhtml" xml:lang="en">SRG-OS-000029</title>
    <description xmlns:xhtml="http://www.w3.org/1999/xhtml" xml:lang="en">&lt;GroupDescription&gt;&lt;/GroupDescription&gt;</description>
    <Rule id="SV-50431r3_rule" selected="true" weight="10.000000" severity="medium">
      <version>RHEL-06-000258</version>
      <title xmlns:xhtml="http://www.w3.org/1999/xhtml" xml:lang="en">The graphical desktop environment must automatically lock after 15 minutes of inactivity and the system must require user reauthentication to unlock the environment.</title>
      <description xmlns:xhtml="http://www.w3.org/1999/xhtml" xml:lang="en">&lt;VulnDiscussion&gt;Enabling idle activation of the screen saver ensures the screensaver will be activated after the idle delay. Applications requiring continuous, real-time screen display (such as network management products) require the login session does not have administrator rights and the display station is located in a controlled-access area.&lt;/VulnDiscussion&gt;&lt;FalsePositives&gt;&lt;/FalsePositives&gt;&lt;FalseNegatives&gt;&lt;/FalseNegatives&gt;&lt;Documentable&gt;false&lt;/Documentable&gt;&lt;Mitigations&gt;&lt;/Mitigations&gt;&lt;SeverityOverrideGuidance&gt;&lt;/SeverityOverrideGuidance&gt;&lt;PotentialImpacts&gt;&lt;/PotentialImpacts&gt;&lt;ThirdPartyTools&gt;&lt;/ThirdPartyTools&gt;&lt;MitigationControl&gt;&lt;/MitigationControl&gt;&lt;Responsibility&gt;&lt;/Responsibility&gt;&lt;IAControls&gt;&lt;/IAControls&gt;</description>
      <reference xmlns:dc="http://purl.org/dc/elements/1.1/">
        <dc:title>DPMS Target Red Hat 6</dc:title>
        <dc:subject>Red Hat 6</dc:subject>
        <dc:publisher>DISA FSO</dc:publisher>
        <dc:type>DPMS Target</dc:type>
        <dc:identifier>2367</dc:identifier>
      </reference>
      <ident system="http://cce.mitre.org">CCE-26600-7</ident>
      <ident system="http://iase.disa.mil/cci">CCI-000057</ident>
      <fixtext xmlns:xhtml="http://www.w3.org/1999/xhtml" xml:lang="en" override="false" fixref="F-43579r1_fix">Run the following command to activate the screensaver in the GNOME desktop after a period of inactivity: 

# gconftool-2 --direct \
--config-source xml:readwrite:/etc/gconf/gconf.xml.mandatory \
--type bool \
--set /apps/gnome-screensaver/idle_activation_enabled true</fixtext>
      <fix xmlns:xhtml="http://www.w3.org/1999/xhtml" id="F-43579r1_fix"/>
      <check system="http://oval.mitre.org/XMLSchema/oval-definitions-5">
        <check-content-ref name="oval:mil.disa.fso.redhat.rhel6:def:157" href="U_RedHat_6_V1R6_STIG_SCAP_1-1_Benchmark-oval.xml"/>
      </check>
    </Rule>
  </Group>
  <Group id="V-38633">
    <title xmlns:xhtml="http://www.w3.org/1999/xhtml" xml:lang="en">SRG-OS-999999</title>
    <description xmlns:xhtml="http://www.w3.org/1999/xhtml" xml:lang="en">&lt;GroupDescription&gt;&lt;/GroupDescription&gt;</description>
    <Rule id="SV-50434r1_rule" selected="true" weight="10.000000" severity="medium">
      <version>RHEL-06-000160</version>
      <title xmlns:xhtml="http://www.w3.org/1999/xhtml" xml:lang="en">The system must set a maximum audit log file size.</title>
      <description xmlns:xhtml="http://www.w3.org/1999/xhtml" xml:lang="en">&lt;VulnDiscussion&gt;The total storage for audit log files must be large enough to retain log information over the period required. This is a function of the maximum log file size and the number of logs retained.&lt;/VulnDiscussion&gt;&lt;FalsePositives&gt;&lt;/FalsePositives&gt;&lt;FalseNegatives&gt;&lt;/FalseNegatives&gt;&lt;Documentable&gt;false&lt;/Documentable&gt;&lt;Mitigations&gt;&lt;/Mitigations&gt;&lt;SeverityOverrideGuidance&gt;&lt;/SeverityOverrideGuidance&gt;&lt;PotentialImpacts&gt;&lt;/PotentialImpacts&gt;&lt;ThirdPartyTools&gt;&lt;/ThirdPartyTools&gt;&lt;MitigationControl&gt;&lt;/MitigationControl&gt;&lt;Responsibility&gt;&lt;/Responsibility&gt;&lt;IAControls&gt;&lt;/IAControls&gt;</description>
      <reference xmlns:dc="http://purl.org/dc/elements/1.1/">
        <dc:title>DPMS Target Red Hat 6</dc:title>
        <dc:subject>Red Hat 6</dc:subject>
        <dc:publisher>DISA FSO</dc:publisher>
        <dc:type>DPMS Target</dc:type>
        <dc:identifier>2367</dc:identifier>
      </reference>
      <ident system="http://cce.mitre.org">CCE-27550-3</ident>
      <ident system="http://iase.disa.mil/cci">CCI-000366</ident>
      <fixtext xmlns:xhtml="http://www.w3.org/1999/xhtml" xml:lang="en" override="false" fixref="F-43582r1_fix">Determine the amount of audit data (in megabytes) which should be retained in each log file. Edit the file "/etc/audit/auditd.conf". Add or modify the following line, substituting the correct value for [STOREMB]: 

max_log_file = [STOREMB]

Set the value to "6" (MB) or higher for general-purpose systems. Larger values, of course, support retention of even more audit data.</fixtext>
      <fix xmlns:xhtml="http://www.w3.org/1999/xhtml" id="F-43582r1_fix"/>
      <check system="http://oval.mitre.org/XMLSchema/oval-definitions-5">
        <check-export export-name="oval:mil.disa.fso.redhat.rhel6:var:2136" value-id="var_auditd_max_log_file"/>
        <check-content-ref name="oval:mil.disa.fso.redhat.rhel6:def:924" href="U_RedHat_6_V1R6_STIG_SCAP_1-1_Benchmark-oval.xml"/>
      </check>
    </Rule>
  </Group>
  <Group id="V-38634">
    <title xmlns:xhtml="http://www.w3.org/1999/xhtml" xml:lang="en">SRG-OS-999999</title>
    <description xmlns:xhtml="http://www.w3.org/1999/xhtml" xml:lang="en">&lt;GroupDescription&gt;&lt;/GroupDescription&gt;</description>
    <Rule id="SV-50435r1_rule" selected="true" weight="10.000000" severity="medium">
      <version>RHEL-06-000161</version>
      <title xmlns:xhtml="http://www.w3.org/1999/xhtml" xml:lang="en">The system must rotate audit log files that reach the maximum file size.</title>
      <description xmlns:xhtml="http://www.w3.org/1999/xhtml" xml:lang="en">&lt;VulnDiscussion&gt;Automatically rotating logs (by setting this to "rotate") minimizes the chances of the system unexpectedly running out of disk space by being overwhelmed with log data. However, for systems that must never discard log data, or which use external processes to transfer it and reclaim space, "keep_logs" can be employed.&lt;/VulnDiscussion&gt;&lt;FalsePositives&gt;&lt;/FalsePositives&gt;&lt;FalseNegatives&gt;&lt;/FalseNegatives&gt;&lt;Documentable&gt;false&lt;/Documentable&gt;&lt;Mitigations&gt;&lt;/Mitigations&gt;&lt;SeverityOverrideGuidance&gt;&lt;/SeverityOverrideGuidance&gt;&lt;PotentialImpacts&gt;&lt;/PotentialImpacts&gt;&lt;ThirdPartyTools&gt;&lt;/ThirdPartyTools&gt;&lt;MitigationControl&gt;&lt;/MitigationControl&gt;&lt;Responsibility&gt;&lt;/Responsibility&gt;&lt;IAControls&gt;&lt;/IAControls&gt;</description>
      <reference xmlns:dc="http://purl.org/dc/elements/1.1/">
        <dc:title>DPMS Target Red Hat 6</dc:title>
        <dc:subject>Red Hat 6</dc:subject>
        <dc:publisher>DISA FSO</dc:publisher>
        <dc:type>DPMS Target</dc:type>
        <dc:identifier>2367</dc:identifier>
      </reference>
      <ident system="http://cce.mitre.org">CCE-27237-7</ident>
      <ident system="http://iase.disa.mil/cci">CCI-000366</ident>
      <fixtext xmlns:xhtml="http://www.w3.org/1999/xhtml" xml:lang="en" override="false" fixref="F-43583r1_fix">The default action to take when the logs reach their maximum size is to rotate the log files, discarding the oldest one. To configure the action taken by "auditd", add or correct the line in "/etc/audit/auditd.conf": 

max_log_file_action = [ACTION]

Possible values for [ACTION] are described in the "auditd.conf" man page. These include: 

"ignore"
"syslog"
"suspend"
"rotate"
"keep_logs"


Set the "[ACTION]" to "rotate" to ensure log rotation occurs. This is the default. The setting is case-insensitive.</fixtext>
      <fix xmlns:xhtml="http://www.w3.org/1999/xhtml" id="F-43583r1_fix"/>
      <check system="http://oval.mitre.org/XMLSchema/oval-definitions-5">
        <check-export export-name="oval:mil.disa.fso.redhat.rhel6:var:2140" value-id="var_auditd_max_log_file_action"/>
        <check-content-ref name="oval:mil.disa.fso.redhat.rhel6:def:1093" href="U_RedHat_6_V1R6_STIG_SCAP_1-1_Benchmark-oval.xml"/>
      </check>
    </Rule>
  </Group>
  <Group id="V-38635">
    <title xmlns:xhtml="http://www.w3.org/1999/xhtml" xml:lang="en">SRG-OS-000062</title>
    <description xmlns:xhtml="http://www.w3.org/1999/xhtml" xml:lang="en">&lt;GroupDescription&gt;&lt;/GroupDescription&gt;</description>
    <Rule id="SV-50436r2_rule" selected="true" weight="10.000000" severity="low">
      <version>RHEL-06-000165</version>
      <title xmlns:xhtml="http://www.w3.org/1999/xhtml" xml:lang="en">The audit system must be configured to audit all attempts to alter system time through adjtimex.</title>
      <description xmlns:xhtml="http://www.w3.org/1999/xhtml" xml:lang="en">&lt;VulnDiscussion&gt;Arbitrary changes to the system time can be used to obfuscate nefarious activities in log files, as well as to confuse network services that are highly dependent upon an accurate system time (such as sshd). All changes to the system time should be audited.&lt;/VulnDiscussion&gt;&lt;FalsePositives&gt;&lt;/FalsePositives&gt;&lt;FalseNegatives&gt;&lt;/FalseNegatives&gt;&lt;Documentable&gt;false&lt;/Documentable&gt;&lt;Mitigations&gt;&lt;/Mitigations&gt;&lt;SeverityOverrideGuidance&gt;&lt;/SeverityOverrideGuidance&gt;&lt;PotentialImpacts&gt;&lt;/PotentialImpacts&gt;&lt;ThirdPartyTools&gt;&lt;/ThirdPartyTools&gt;&lt;MitigationControl&gt;&lt;/MitigationControl&gt;&lt;Responsibility&gt;&lt;/Responsibility&gt;&lt;IAControls&gt;&lt;/IAControls&gt;</description>
      <reference xmlns:dc="http://purl.org/dc/elements/1.1/">
        <dc:title>DPMS Target Red Hat 6</dc:title>
        <dc:subject>Red Hat 6</dc:subject>
        <dc:publisher>DISA FSO</dc:publisher>
        <dc:type>DPMS Target</dc:type>
        <dc:identifier>2367</dc:identifier>
      </reference>
      <ident system="http://cce.mitre.org">CCE-26242-8</ident>
      <ident system="http://iase.disa.mil/cci">CCI-000169</ident>
      <fixtext xmlns:xhtml="http://www.w3.org/1999/xhtml" xml:lang="en" override="false" fixref="F-43584r2_fix">On a 32-bit system, add the following to "/etc/audit/audit.rules": 

# audit_time_rules
-a always,exit -F arch=b32 -S adjtimex -k audit_time_rules

On a 64-bit system, add the following to "/etc/audit/audit.rules": 

# audit_time_rules
-a always,exit -F arch=b64 -S adjtimex -k audit_time_rules

The -k option allows for the specification of a key in string form that can be used for better reporting capability through ausearch and aureport. Multiple system calls can be defined on the same line to save space if desired, but is not required. See an example of multiple combined syscalls: 

-a always,exit -F arch=b64 -S adjtimex -S settimeofday -S clock_settime -k audit_time_rules</fixtext>
      <fix xmlns:xhtml="http://www.w3.org/1999/xhtml" id="F-43584r2_fix"/>
      <check system="http://oval.mitre.org/XMLSchema/oval-definitions-5">
        <check-content-ref name="oval:mil.disa.fso.redhat.rhel6:def:542" href="U_RedHat_6_V1R6_STIG_SCAP_1-1_Benchmark-oval.xml"/>
      </check>
    </Rule>
  </Group>
  <Group id="V-38636">
    <title xmlns:xhtml="http://www.w3.org/1999/xhtml" xml:lang="en">SRG-OS-999999</title>
    <description xmlns:xhtml="http://www.w3.org/1999/xhtml" xml:lang="en">&lt;GroupDescription&gt;&lt;/GroupDescription&gt;</description>
    <Rule id="SV-50437r1_rule" selected="true" weight="10.000000" severity="medium">
      <version>RHEL-06-000159</version>
      <title xmlns:xhtml="http://www.w3.org/1999/xhtml" xml:lang="en">The system must retain enough rotated audit logs to cover the required log retention period.</title>
      <description xmlns:xhtml="http://www.w3.org/1999/xhtml" xml:lang="en">&lt;VulnDiscussion&gt;The total storage for audit log files must be large enough to retain log information over the period required. This is a function of the maximum log file size and the number of logs retained.&lt;/VulnDiscussion&gt;&lt;FalsePositives&gt;&lt;/FalsePositives&gt;&lt;FalseNegatives&gt;&lt;/FalseNegatives&gt;&lt;Documentable&gt;false&lt;/Documentable&gt;&lt;Mitigations&gt;&lt;/Mitigations&gt;&lt;SeverityOverrideGuidance&gt;&lt;/SeverityOverrideGuidance&gt;&lt;PotentialImpacts&gt;&lt;/PotentialImpacts&gt;&lt;ThirdPartyTools&gt;&lt;/ThirdPartyTools&gt;&lt;MitigationControl&gt;&lt;/MitigationControl&gt;&lt;Responsibility&gt;&lt;/Responsibility&gt;&lt;IAControls&gt;&lt;/IAControls&gt;</description>
      <reference xmlns:dc="http://purl.org/dc/elements/1.1/">
        <dc:title>DPMS Target Red Hat 6</dc:title>
        <dc:subject>Red Hat 6</dc:subject>
        <dc:publisher>DISA FSO</dc:publisher>
        <dc:type>DPMS Target</dc:type>
        <dc:identifier>2367</dc:identifier>
      </reference>
      <ident system="http://cce.mitre.org">CCE-27522-2</ident>
      <ident system="http://iase.disa.mil/cci">CCI-000366</ident>
      <fixtext xmlns:xhtml="http://www.w3.org/1999/xhtml" xml:lang="en" override="false" fixref="F-43585r1_fix">Determine how many log files "auditd" should retain when it rotates logs. Edit the file "/etc/audit/auditd.conf". Add or modify the following line, substituting [NUMLOGS] with the correct value: 

num_logs = [NUMLOGS]

Set the value to 5 for general-purpose systems. Note that values less than 2 result in no log rotation.</fixtext>
      <fix xmlns:xhtml="http://www.w3.org/1999/xhtml" id="F-43585r1_fix"/>
      <check system="http://oval.mitre.org/XMLSchema/oval-definitions-5">
        <check-export export-name="oval:mil.disa.fso.redhat.rhel6:var:2139" value-id="var_auditd_num_logs"/>
        <check-content-ref name="oval:mil.disa.fso.redhat.rhel6:def:1059" href="U_RedHat_6_V1R6_STIG_SCAP_1-1_Benchmark-oval.xml"/>
      </check>
    </Rule>
  </Group>
  <Group id="V-38638">
    <title xmlns:xhtml="http://www.w3.org/1999/xhtml" xml:lang="en">SRG-OS-000029</title>
    <description xmlns:xhtml="http://www.w3.org/1999/xhtml" xml:lang="en">&lt;GroupDescription&gt;&lt;/GroupDescription&gt;</description>
    <Rule id="SV-50439r3_rule" selected="true" weight="10.000000" severity="medium">
      <version>RHEL-06-000259</version>
      <title xmlns:xhtml="http://www.w3.org/1999/xhtml" xml:lang="en">The graphical desktop environment must have automatic lock enabled.</title>
      <description xmlns:xhtml="http://www.w3.org/1999/xhtml" xml:lang="en">&lt;VulnDiscussion&gt;Enabling the activation of the screen lock after an idle period ensures password entry will be required in order to access the system, preventing access by passersby.&lt;/VulnDiscussion&gt;&lt;FalsePositives&gt;&lt;/FalsePositives&gt;&lt;FalseNegatives&gt;&lt;/FalseNegatives&gt;&lt;Documentable&gt;false&lt;/Documentable&gt;&lt;Mitigations&gt;&lt;/Mitigations&gt;&lt;SeverityOverrideGuidance&gt;&lt;/SeverityOverrideGuidance&gt;&lt;PotentialImpacts&gt;&lt;/PotentialImpacts&gt;&lt;ThirdPartyTools&gt;&lt;/ThirdPartyTools&gt;&lt;MitigationControl&gt;&lt;/MitigationControl&gt;&lt;Responsibility&gt;&lt;/Responsibility&gt;&lt;IAControls&gt;&lt;/IAControls&gt;</description>
      <reference xmlns:dc="http://purl.org/dc/elements/1.1/">
        <dc:title>DPMS Target Red Hat 6</dc:title>
        <dc:subject>Red Hat 6</dc:subject>
        <dc:publisher>DISA FSO</dc:publisher>
        <dc:type>DPMS Target</dc:type>
        <dc:identifier>2367</dc:identifier>
      </reference>
      <ident system="http://cce.mitre.org">CCE-26235-2</ident>
      <ident system="http://iase.disa.mil/cci">CCI-000057</ident>
      <fixtext xmlns:xhtml="http://www.w3.org/1999/xhtml" xml:lang="en" override="false" fixref="F-43587r1_fix">Run the following command to activate locking of the screensaver in the GNOME desktop when it is activated: 

# gconftool-2 --direct \
--config-source xml:readwrite:/etc/gconf/gconf.xml.mandatory \
--type bool \
--set /apps/gnome-screensaver/lock_enabled true</fixtext>
      <fix xmlns:xhtml="http://www.w3.org/1999/xhtml" id="F-43587r1_fix"/>
      <check system="http://oval.mitre.org/XMLSchema/oval-definitions-5">
        <check-content-ref name="oval:mil.disa.fso.redhat.rhel6:def:669" href="U_RedHat_6_V1R6_STIG_SCAP_1-1_Benchmark-oval.xml"/>
      </check>
    </Rule>
  </Group>
  <Group id="V-38639">
    <title xmlns:xhtml="http://www.w3.org/1999/xhtml" xml:lang="en">SRG-OS-000031</title>
    <description xmlns:xhtml="http://www.w3.org/1999/xhtml" xml:lang="en">&lt;GroupDescription&gt;&lt;/GroupDescription&gt;</description>
    <Rule id="SV-50440r3_rule" selected="true" weight="10.000000" severity="low">
      <version>RHEL-06-000260</version>
      <title xmlns:xhtml="http://www.w3.org/1999/xhtml" xml:lang="en">The system must display a publicly-viewable pattern during a graphical desktop environment session lock.</title>
      <description xmlns:xhtml="http://www.w3.org/1999/xhtml" xml:lang="en">&lt;VulnDiscussion&gt;Setting the screensaver mode to blank-only conceals the contents of the display from passersby.&lt;/VulnDiscussion&gt;&lt;FalsePositives&gt;&lt;/FalsePositives&gt;&lt;FalseNegatives&gt;&lt;/FalseNegatives&gt;&lt;Documentable&gt;false&lt;/Documentable&gt;&lt;Mitigations&gt;&lt;/Mitigations&gt;&lt;SeverityOverrideGuidance&gt;&lt;/SeverityOverrideGuidance&gt;&lt;PotentialImpacts&gt;&lt;/PotentialImpacts&gt;&lt;ThirdPartyTools&gt;&lt;/ThirdPartyTools&gt;&lt;MitigationControl&gt;&lt;/MitigationControl&gt;&lt;Responsibility&gt;&lt;/Responsibility&gt;&lt;IAControls&gt;&lt;/IAControls&gt;</description>
      <reference xmlns:dc="http://purl.org/dc/elements/1.1/">
        <dc:title>DPMS Target Red Hat 6</dc:title>
        <dc:subject>Red Hat 6</dc:subject>
        <dc:publisher>DISA FSO</dc:publisher>
        <dc:type>DPMS Target</dc:type>
        <dc:identifier>2367</dc:identifier>
      </reference>
      <ident system="http://cce.mitre.org">CCE-26638-7</ident>
      <ident system="http://iase.disa.mil/cci">CCI-000060</ident>
      <fixtext xmlns:xhtml="http://www.w3.org/1999/xhtml" xml:lang="en" override="false" fixref="F-43588r2_fix">Run the following command to set the screensaver mode in the GNOME desktop to a blank screen: 

# gconftool-2 \
--direct \
--config-source xml:readwrite:/etc/gconf/gconf.xml.mandatory \
--type string \
--set /apps/gnome-screensaver/mode blank-only</fixtext>
      <fix xmlns:xhtml="http://www.w3.org/1999/xhtml" id="F-43588r2_fix"/>
      <check system="http://oval.mitre.org/XMLSchema/oval-definitions-5">
        <check-content-ref name="oval:mil.disa.fso.redhat.rhel6:def:477" href="U_RedHat_6_V1R6_STIG_SCAP_1-1_Benchmark-oval.xml"/>
      </check>
    </Rule>
  </Group>
  <Group id="V-38640">
    <title xmlns:xhtml="http://www.w3.org/1999/xhtml" xml:lang="en">SRG-OS-000096</title>
    <description xmlns:xhtml="http://www.w3.org/1999/xhtml" xml:lang="en">&lt;GroupDescription&gt;&lt;/GroupDescription&gt;</description>
    <Rule id="SV-50441r2_rule" selected="true" weight="10.000000" severity="low">
      <version>RHEL-06-000261</version>
      <title xmlns:xhtml="http://www.w3.org/1999/xhtml" xml:lang="en">The Automatic Bug Reporting Tool (abrtd) service must not be running.</title>
      <description xmlns:xhtml="http://www.w3.org/1999/xhtml" xml:lang="en">&lt;VulnDiscussion&gt;Mishandling crash data could expose sensitive information about vulnerabilities in software executing on the local machine, as well as sensitive information from within a process's address space or registers.&lt;/VulnDiscussion&gt;&lt;FalsePositives&gt;&lt;/FalsePositives&gt;&lt;FalseNegatives&gt;&lt;/FalseNegatives&gt;&lt;Documentable&gt;false&lt;/Documentable&gt;&lt;Mitigations&gt;&lt;/Mitigations&gt;&lt;SeverityOverrideGuidance&gt;&lt;/SeverityOverrideGuidance&gt;&lt;PotentialImpacts&gt;&lt;/PotentialImpacts&gt;&lt;ThirdPartyTools&gt;&lt;/ThirdPartyTools&gt;&lt;MitigationControl&gt;&lt;/MitigationControl&gt;&lt;Responsibility&gt;&lt;/Responsibility&gt;&lt;IAControls&gt;&lt;/IAControls&gt;</description>
      <reference xmlns:dc="http://purl.org/dc/elements/1.1/">
        <dc:title>DPMS Target Red Hat 6</dc:title>
        <dc:subject>Red Hat 6</dc:subject>
        <dc:publisher>DISA FSO</dc:publisher>
        <dc:type>DPMS Target</dc:type>
        <dc:identifier>2367</dc:identifier>
      </reference>
      <ident system="http://cce.mitre.org">CCE-27247-6</ident>
      <ident system="http://iase.disa.mil/cci">CCI-000382</ident>
      <fixtext xmlns:xhtml="http://www.w3.org/1999/xhtml" xml:lang="en" override="false" fixref="F-43589r2_fix">The Automatic Bug Reporting Tool ("abrtd") daemon collects and reports crash data when an application crash is detected. Using a variety of plugins, abrtd can email crash reports to system administrators, log crash reports to files, or forward crash reports to a centralized issue tracking system such as RHTSupport. The "abrtd" service can be disabled with the following commands: 

# chkconfig abrtd off
# service abrtd stop</fixtext>
      <fix xmlns:xhtml="http://www.w3.org/1999/xhtml" id="F-43589r2_fix"/>
      <check system="http://oval.mitre.org/XMLSchema/oval-definitions-5">
        <check-content-ref name="oval:mil.disa.fso.redhat.rhel6:def:283" href="U_RedHat_6_V1R6_STIG_SCAP_1-1_Benchmark-oval.xml"/>
      </check>
    </Rule>
  </Group>
  <Group id="V-38641">
    <title xmlns:xhtml="http://www.w3.org/1999/xhtml" xml:lang="en">SRG-OS-000096</title>
    <description xmlns:xhtml="http://www.w3.org/1999/xhtml" xml:lang="en">&lt;GroupDescription&gt;&lt;/GroupDescription&gt;</description>
    <Rule id="SV-50442r2_rule" selected="true" weight="10.000000" severity="low">
      <version>RHEL-06-000262</version>
      <title xmlns:xhtml="http://www.w3.org/1999/xhtml" xml:lang="en">The atd service must be disabled.</title>
      <description xmlns:xhtml="http://www.w3.org/1999/xhtml" xml:lang="en">&lt;VulnDiscussion&gt;The "atd" service could be used by an unsophisticated insider to carry out activities outside of a normal login session, which could complicate accountability. Furthermore, the need to schedule tasks with "at" or "batch" is not common.&lt;/VulnDiscussion&gt;&lt;FalsePositives&gt;&lt;/FalsePositives&gt;&lt;FalseNegatives&gt;&lt;/FalseNegatives&gt;&lt;Documentable&gt;false&lt;/Documentable&gt;&lt;Mitigations&gt;&lt;/Mitigations&gt;&lt;SeverityOverrideGuidance&gt;&lt;/SeverityOverrideGuidance&gt;&lt;PotentialImpacts&gt;&lt;/PotentialImpacts&gt;&lt;ThirdPartyTools&gt;&lt;/ThirdPartyTools&gt;&lt;MitigationControl&gt;&lt;/MitigationControl&gt;&lt;Responsibility&gt;&lt;/Responsibility&gt;&lt;IAControls&gt;&lt;/IAControls&gt;</description>
      <reference xmlns:dc="http://purl.org/dc/elements/1.1/">
        <dc:title>DPMS Target Red Hat 6</dc:title>
        <dc:subject>Red Hat 6</dc:subject>
        <dc:publisher>DISA FSO</dc:publisher>
        <dc:type>DPMS Target</dc:type>
        <dc:identifier>2367</dc:identifier>
      </reference>
      <ident system="http://cce.mitre.org">CCE-27249-2</ident>
      <ident system="http://iase.disa.mil/cci">CCI-000382</ident>
      <fixtext xmlns:xhtml="http://www.w3.org/1999/xhtml" xml:lang="en" override="false" fixref="F-43590r2_fix">The "at" and "batch" commands can be used to schedule tasks that are meant to be executed only once. This allows delayed execution in a manner similar to cron, except that it is not recurring. The daemon "atd" keeps track of tasks scheduled via "at" and "batch", and executes them at the specified time. The "atd" service can be disabled with the following commands: 

# chkconfig atd off
# service atd stop</fixtext>
      <fix xmlns:xhtml="http://www.w3.org/1999/xhtml" id="F-43590r2_fix"/>
      <check system="http://oval.mitre.org/XMLSchema/oval-definitions-5">
        <check-content-ref name="oval:mil.disa.fso.redhat.rhel6:def:327" href="U_RedHat_6_V1R6_STIG_SCAP_1-1_Benchmark-oval.xml"/>
      </check>
    </Rule>
  </Group>
  <Group id="V-38642">
    <title xmlns:xhtml="http://www.w3.org/1999/xhtml" xml:lang="en">SRG-OS-999999</title>
    <description xmlns:xhtml="http://www.w3.org/1999/xhtml" xml:lang="en">&lt;GroupDescription&gt;&lt;/GroupDescription&gt;</description>
    <Rule id="SV-50443r1_rule" selected="true" weight="10.000000" severity="low">
      <version>RHEL-06-000346</version>
      <title xmlns:xhtml="http://www.w3.org/1999/xhtml" xml:lang="en">The system default umask for daemons must be 027 or 022.</title>
      <description xmlns:xhtml="http://www.w3.org/1999/xhtml" xml:lang="en">&lt;VulnDiscussion&gt;The umask influences the permissions assigned to files created by a process at run time. An unnecessarily permissive umask could result in files being created with insecure permissions.&lt;/VulnDiscussion&gt;&lt;FalsePositives&gt;&lt;/FalsePositives&gt;&lt;FalseNegatives&gt;&lt;/FalseNegatives&gt;&lt;Documentable&gt;false&lt;/Documentable&gt;&lt;Mitigations&gt;&lt;/Mitigations&gt;&lt;SeverityOverrideGuidance&gt;&lt;/SeverityOverrideGuidance&gt;&lt;PotentialImpacts&gt;&lt;/PotentialImpacts&gt;&lt;ThirdPartyTools&gt;&lt;/ThirdPartyTools&gt;&lt;MitigationControl&gt;&lt;/MitigationControl&gt;&lt;Responsibility&gt;&lt;/Responsibility&gt;&lt;IAControls&gt;&lt;/IAControls&gt;</description>
      <reference xmlns:dc="http://purl.org/dc/elements/1.1/">
        <dc:title>DPMS Target Red Hat 6</dc:title>
        <dc:subject>Red Hat 6</dc:subject>
        <dc:publisher>DISA FSO</dc:publisher>
        <dc:type>DPMS Target</dc:type>
        <dc:identifier>2367</dc:identifier>
      </reference>
      <ident system="http://cce.mitre.org">CCE-27031-4</ident>
      <ident system="http://iase.disa.mil/cci">CCI-000366</ident>
      <fixtext xmlns:xhtml="http://www.w3.org/1999/xhtml" xml:lang="en" override="false" fixref="F-43592r1_fix">The file "/etc/init.d/functions" includes initialization parameters for most or all daemons started at boot time. The default umask of 022 prevents creation of group- or world-writable files. To set the default umask for daemons, edit the following line, inserting 022 or 027 for [UMASK] appropriately: 

umask [UMASK]

Setting the umask to too restrictive a setting can cause serious errors at runtime. Many daemons on the system already individually restrict themselves to a umask of 077 in their own init scripts.</fixtext>
      <fix xmlns:xhtml="http://www.w3.org/1999/xhtml" id="F-43592r1_fix"/>
      <check system="http://oval.mitre.org/XMLSchema/oval-definitions-5">
        <check-export export-name="oval:mil.disa.fso.redhat.rhel6:var:2143" value-id="var_umask_for_daemons"/>
        <check-content-ref name="oval:mil.disa.fso.redhat.rhel6:def:1165" href="U_RedHat_6_V1R6_STIG_SCAP_1-1_Benchmark-oval.xml"/>
      </check>
    </Rule>
  </Group>
  <Group id="V-38644">
    <title xmlns:xhtml="http://www.w3.org/1999/xhtml" xml:lang="en">SRG-OS-000096</title>
    <description xmlns:xhtml="http://www.w3.org/1999/xhtml" xml:lang="en">&lt;GroupDescription&gt;&lt;/GroupDescription&gt;</description>
    <Rule id="SV-50445r2_rule" selected="true" weight="10.000000" severity="low">
      <version>RHEL-06-000265</version>
      <title xmlns:xhtml="http://www.w3.org/1999/xhtml" xml:lang="en">The ntpdate service must not be running.</title>
      <description xmlns:xhtml="http://www.w3.org/1999/xhtml" xml:lang="en">&lt;VulnDiscussion&gt;The "ntpdate" service may only be suitable for systems which are rebooted frequently enough that clock drift does not cause problems between reboots. In any event, the functionality of the ntpdate service is now available in the ntpd program and should be considered deprecated.&lt;/VulnDiscussion&gt;&lt;FalsePositives&gt;&lt;/FalsePositives&gt;&lt;FalseNegatives&gt;&lt;/FalseNegatives&gt;&lt;Documentable&gt;false&lt;/Documentable&gt;&lt;Mitigations&gt;&lt;/Mitigations&gt;&lt;SeverityOverrideGuidance&gt;&lt;/SeverityOverrideGuidance&gt;&lt;PotentialImpacts&gt;&lt;/PotentialImpacts&gt;&lt;ThirdPartyTools&gt;&lt;/ThirdPartyTools&gt;&lt;MitigationControl&gt;&lt;/MitigationControl&gt;&lt;Responsibility&gt;&lt;/Responsibility&gt;&lt;IAControls&gt;&lt;/IAControls&gt;</description>
      <reference xmlns:dc="http://purl.org/dc/elements/1.1/">
        <dc:title>DPMS Target Red Hat 6</dc:title>
        <dc:subject>Red Hat 6</dc:subject>
        <dc:publisher>DISA FSO</dc:publisher>
        <dc:type>DPMS Target</dc:type>
        <dc:identifier>2367</dc:identifier>
      </reference>
      <ident system="http://cce.mitre.org">CCE-27256-7</ident>
      <ident system="http://iase.disa.mil/cci">CCI-000382</ident>
      <fixtext xmlns:xhtml="http://www.w3.org/1999/xhtml" xml:lang="en" override="false" fixref="F-43593r2_fix">The ntpdate service sets the local hardware clock by polling NTP servers when the system boots. It synchronizes to the NTP servers listed in "/etc/ntp/step-tickers" or "/etc/ntp.conf" and then sets the local hardware clock to the newly synchronized system time. The "ntpdate" service can be disabled with the following commands: 

# chkconfig ntpdate off
# service ntpdate stop</fixtext>
      <fix xmlns:xhtml="http://www.w3.org/1999/xhtml" id="F-43593r2_fix"/>
      <check system="http://oval.mitre.org/XMLSchema/oval-definitions-5">
        <check-content-ref name="oval:mil.disa.fso.redhat.rhel6:def:132" href="U_RedHat_6_V1R6_STIG_SCAP_1-1_Benchmark-oval.xml"/>
      </check>
    </Rule>
  </Group>
  <Group id="V-38645">
    <title xmlns:xhtml="http://www.w3.org/1999/xhtml" xml:lang="en">SRG-OS-999999</title>
    <description xmlns:xhtml="http://www.w3.org/1999/xhtml" xml:lang="en">&lt;GroupDescription&gt;&lt;/GroupDescription&gt;</description>
    <Rule id="SV-50446r1_rule" selected="true" weight="10.000000" severity="low">
      <version>RHEL-06-000345</version>
      <title xmlns:xhtml="http://www.w3.org/1999/xhtml" xml:lang="en">The system default umask in /etc/login.defs must be 077.</title>
      <description xmlns:xhtml="http://www.w3.org/1999/xhtml" xml:lang="en">&lt;VulnDiscussion&gt;The umask value influences the permissions assigned to files when they are created. A misconfigured umask value could result in files with excessive permissions that can be read and/or written to by unauthorized users.&lt;/VulnDiscussion&gt;&lt;FalsePositives&gt;&lt;/FalsePositives&gt;&lt;FalseNegatives&gt;&lt;/FalseNegatives&gt;&lt;Documentable&gt;false&lt;/Documentable&gt;&lt;Mitigations&gt;&lt;/Mitigations&gt;&lt;SeverityOverrideGuidance&gt;&lt;/SeverityOverrideGuidance&gt;&lt;PotentialImpacts&gt;&lt;/PotentialImpacts&gt;&lt;ThirdPartyTools&gt;&lt;/ThirdPartyTools&gt;&lt;MitigationControl&gt;&lt;/MitigationControl&gt;&lt;Responsibility&gt;&lt;/Responsibility&gt;&lt;IAControls&gt;&lt;/IAControls&gt;</description>
      <reference xmlns:dc="http://purl.org/dc/elements/1.1/">
        <dc:title>DPMS Target Red Hat 6</dc:title>
        <dc:subject>Red Hat 6</dc:subject>
        <dc:publisher>DISA FSO</dc:publisher>
        <dc:type>DPMS Target</dc:type>
        <dc:identifier>2367</dc:identifier>
      </reference>
      <ident system="http://cce.mitre.org">CCE-26371-5</ident>
      <ident system="http://iase.disa.mil/cci">CCI-000366</ident>
      <fixtext xmlns:xhtml="http://www.w3.org/1999/xhtml" xml:lang="en" override="false" fixref="F-43594r1_fix">To ensure the default umask controlled by "/etc/login.defs" is set properly, add or correct the "umask" setting in "/etc/login.defs" to read as follows: 

UMASK 077</fixtext>
      <fix xmlns:xhtml="http://www.w3.org/1999/xhtml" id="F-43594r1_fix"/>
      <check system="http://oval.mitre.org/XMLSchema/oval-definitions-5">
        <check-export export-name="oval:mil.disa.fso.redhat.rhel6:var:3265" value-id="var_accounts_user_umask"/>
        <check-content-ref name="oval:mil.disa.fso.redhat.rhel6:def:396" href="U_RedHat_6_V1R6_STIG_SCAP_1-1_Benchmark-oval.xml"/>
      </check>
    </Rule>
  </Group>
  <Group id="V-38646">
    <title xmlns:xhtml="http://www.w3.org/1999/xhtml" xml:lang="en">SRG-OS-000096</title>
    <description xmlns:xhtml="http://www.w3.org/1999/xhtml" xml:lang="en">&lt;GroupDescription&gt;&lt;/GroupDescription&gt;</description>
    <Rule id="SV-50447r2_rule" selected="true" weight="10.000000" severity="low">
      <version>RHEL-06-000266</version>
      <title xmlns:xhtml="http://www.w3.org/1999/xhtml" xml:lang="en">The oddjobd service must not be running.</title>
      <description xmlns:xhtml="http://www.w3.org/1999/xhtml" xml:lang="en">&lt;VulnDiscussion&gt;The "oddjobd" service may provide necessary functionality in some environments but it can be disabled if it is not needed. Execution of tasks by privileged programs, on behalf of unprivileged ones, has traditionally been a source of privilege escalation security issues.&lt;/VulnDiscussion&gt;&lt;FalsePositives&gt;&lt;/FalsePositives&gt;&lt;FalseNegatives&gt;&lt;/FalseNegatives&gt;&lt;Documentable&gt;false&lt;/Documentable&gt;&lt;Mitigations&gt;&lt;/Mitigations&gt;&lt;SeverityOverrideGuidance&gt;&lt;/SeverityOverrideGuidance&gt;&lt;PotentialImpacts&gt;&lt;/PotentialImpacts&gt;&lt;ThirdPartyTools&gt;&lt;/ThirdPartyTools&gt;&lt;MitigationControl&gt;&lt;/MitigationControl&gt;&lt;Responsibility&gt;&lt;/Responsibility&gt;&lt;IAControls&gt;&lt;/IAControls&gt;</description>
      <reference xmlns:dc="http://purl.org/dc/elements/1.1/">
        <dc:title>DPMS Target Red Hat 6</dc:title>
        <dc:subject>Red Hat 6</dc:subject>
        <dc:publisher>DISA FSO</dc:publisher>
        <dc:type>DPMS Target</dc:type>
        <dc:identifier>2367</dc:identifier>
      </reference>
      <ident system="http://cce.mitre.org">CCE-27257-5</ident>
      <ident system="http://iase.disa.mil/cci">CCI-000382</ident>
      <fixtext xmlns:xhtml="http://www.w3.org/1999/xhtml" xml:lang="en" override="false" fixref="F-43595r2_fix">The "oddjobd" service exists to provide an interface and access control mechanism through which specified privileged tasks can run tasks for unprivileged client applications. Communication with "oddjobd" is through the system message bus. The "oddjobd" service can be disabled with the following commands: 

# chkconfig oddjobd off
# service oddjobd stop</fixtext>
      <fix xmlns:xhtml="http://www.w3.org/1999/xhtml" id="F-43595r2_fix"/>
      <check system="http://oval.mitre.org/XMLSchema/oval-definitions-5">
        <check-content-ref name="oval:mil.disa.fso.redhat.rhel6:def:380" href="U_RedHat_6_V1R6_STIG_SCAP_1-1_Benchmark-oval.xml"/>
      </check>
    </Rule>
  </Group>
  <Group id="V-38647">
    <title xmlns:xhtml="http://www.w3.org/1999/xhtml" xml:lang="en">SRG-OS-999999</title>
    <description xmlns:xhtml="http://www.w3.org/1999/xhtml" xml:lang="en">&lt;GroupDescription&gt;&lt;/GroupDescription&gt;</description>
    <Rule id="SV-50448r1_rule" selected="true" weight="10.000000" severity="low">
      <version>RHEL-06-000344</version>
      <title xmlns:xhtml="http://www.w3.org/1999/xhtml" xml:lang="en">The system default umask in /etc/profile must be 077.</title>
      <description xmlns:xhtml="http://www.w3.org/1999/xhtml" xml:lang="en">&lt;VulnDiscussion&gt;The umask value influences the permissions assigned to files when they are created. A misconfigured umask value could result in files with excessive permissions that can be read and/or written to by unauthorized users.&lt;/VulnDiscussion&gt;&lt;FalsePositives&gt;&lt;/FalsePositives&gt;&lt;FalseNegatives&gt;&lt;/FalseNegatives&gt;&lt;Documentable&gt;false&lt;/Documentable&gt;&lt;Mitigations&gt;&lt;/Mitigations&gt;&lt;SeverityOverrideGuidance&gt;&lt;/SeverityOverrideGuidance&gt;&lt;PotentialImpacts&gt;&lt;/PotentialImpacts&gt;&lt;ThirdPartyTools&gt;&lt;/ThirdPartyTools&gt;&lt;MitigationControl&gt;&lt;/MitigationControl&gt;&lt;Responsibility&gt;&lt;/Responsibility&gt;&lt;IAControls&gt;&lt;/IAControls&gt;</description>
      <reference xmlns:dc="http://purl.org/dc/elements/1.1/">
        <dc:title>DPMS Target Red Hat 6</dc:title>
        <dc:subject>Red Hat 6</dc:subject>
        <dc:publisher>DISA FSO</dc:publisher>
        <dc:type>DPMS Target</dc:type>
        <dc:identifier>2367</dc:identifier>
      </reference>
      <ident system="http://cce.mitre.org">CCE-26669-2</ident>
      <ident system="http://iase.disa.mil/cci">CCI-000366</ident>
      <fixtext xmlns:xhtml="http://www.w3.org/1999/xhtml" xml:lang="en" override="false" fixref="F-43596r1_fix">To ensure the default umask controlled by "/etc/profile" is set properly, add or correct the "umask" setting in "/etc/profile" to read as follows: 

umask 077</fixtext>
      <fix xmlns:xhtml="http://www.w3.org/1999/xhtml" id="F-43596r1_fix"/>
      <check system="http://oval.mitre.org/XMLSchema/oval-definitions-5">
        <check-export export-name="oval:mil.disa.fso.redhat.rhel6:var:3265" value-id="var_accounts_user_umask"/>
        <check-content-ref name="oval:mil.disa.fso.redhat.rhel6:def:558" href="U_RedHat_6_V1R6_STIG_SCAP_1-1_Benchmark-oval.xml"/>
      </check>
    </Rule>
  </Group>
  <Group id="V-38648">
    <title xmlns:xhtml="http://www.w3.org/1999/xhtml" xml:lang="en">SRG-OS-000096</title>
    <description xmlns:xhtml="http://www.w3.org/1999/xhtml" xml:lang="en">&lt;GroupDescription&gt;&lt;/GroupDescription&gt;</description>
    <Rule id="SV-50449r2_rule" selected="true" weight="10.000000" severity="low">
      <version>RHEL-06-000267</version>
      <title xmlns:xhtml="http://www.w3.org/1999/xhtml" xml:lang="en">The qpidd service must not be running.</title>
      <description xmlns:xhtml="http://www.w3.org/1999/xhtml" xml:lang="en">&lt;VulnDiscussion&gt;The qpidd service is automatically installed when the "base" package selection is selected during installation. The qpidd service listens for network connections which increases the attack surface of the system. If the system is not intended to receive AMQP traffic then the "qpidd" service is not needed and should be disabled or removed.&lt;/VulnDiscussion&gt;&lt;FalsePositives&gt;&lt;/FalsePositives&gt;&lt;FalseNegatives&gt;&lt;/FalseNegatives&gt;&lt;Documentable&gt;false&lt;/Documentable&gt;&lt;Mitigations&gt;&lt;/Mitigations&gt;&lt;SeverityOverrideGuidance&gt;&lt;/SeverityOverrideGuidance&gt;&lt;PotentialImpacts&gt;&lt;/PotentialImpacts&gt;&lt;ThirdPartyTools&gt;&lt;/ThirdPartyTools&gt;&lt;MitigationControl&gt;&lt;/MitigationControl&gt;&lt;Responsibility&gt;&lt;/Responsibility&gt;&lt;IAControls&gt;&lt;/IAControls&gt;</description>
      <reference xmlns:dc="http://purl.org/dc/elements/1.1/">
        <dc:title>DPMS Target Red Hat 6</dc:title>
        <dc:subject>Red Hat 6</dc:subject>
        <dc:publisher>DISA FSO</dc:publisher>
        <dc:type>DPMS Target</dc:type>
        <dc:identifier>2367</dc:identifier>
      </reference>
      <ident system="http://cce.mitre.org">CCE-26928-2</ident>
      <ident system="http://iase.disa.mil/cci">CCI-000382</ident>
      <fixtext xmlns:xhtml="http://www.w3.org/1999/xhtml" xml:lang="en" override="false" fixref="F-43597r2_fix">The "qpidd" service provides high speed, secure, guaranteed delivery services. It is an implementation of the Advanced Message Queuing Protocol. By default the qpidd service will bind to port 5672 and listen for connection attempts. The "qpidd" service can be disabled with the following commands: 

# chkconfig qpidd off
# service qpidd stop</fixtext>
      <fix xmlns:xhtml="http://www.w3.org/1999/xhtml" id="F-43597r2_fix"/>
      <check system="http://oval.mitre.org/XMLSchema/oval-definitions-5">
        <check-content-ref name="oval:mil.disa.fso.redhat.rhel6:def:183" href="U_RedHat_6_V1R6_STIG_SCAP_1-1_Benchmark-oval.xml"/>
      </check>
    </Rule>
  </Group>
  <Group id="V-38649">
    <title xmlns:xhtml="http://www.w3.org/1999/xhtml" xml:lang="en">SRG-OS-999999</title>
    <description xmlns:xhtml="http://www.w3.org/1999/xhtml" xml:lang="en">&lt;GroupDescription&gt;&lt;/GroupDescription&gt;</description>
    <Rule id="SV-50450r1_rule" selected="true" weight="10.000000" severity="low">
      <version>RHEL-06-000343</version>
      <title xmlns:xhtml="http://www.w3.org/1999/xhtml" xml:lang="en">The system default umask for the csh shell must be 077.</title>
      <description xmlns:xhtml="http://www.w3.org/1999/xhtml" xml:lang="en">&lt;VulnDiscussion&gt;The umask value influences the permissions assigned to files when they are created. A misconfigured umask value could result in files with excessive permissions that can be read and/or written to by unauthorized users.&lt;/VulnDiscussion&gt;&lt;FalsePositives&gt;&lt;/FalsePositives&gt;&lt;FalseNegatives&gt;&lt;/FalseNegatives&gt;&lt;Documentable&gt;false&lt;/Documentable&gt;&lt;Mitigations&gt;&lt;/Mitigations&gt;&lt;SeverityOverrideGuidance&gt;&lt;/SeverityOverrideGuidance&gt;&lt;PotentialImpacts&gt;&lt;/PotentialImpacts&gt;&lt;ThirdPartyTools&gt;&lt;/ThirdPartyTools&gt;&lt;MitigationControl&gt;&lt;/MitigationControl&gt;&lt;Responsibility&gt;&lt;/Responsibility&gt;&lt;IAControls&gt;&lt;/IAControls&gt;</description>
      <reference xmlns:dc="http://purl.org/dc/elements/1.1/">
        <dc:title>DPMS Target Red Hat 6</dc:title>
        <dc:subject>Red Hat 6</dc:subject>
        <dc:publisher>DISA FSO</dc:publisher>
        <dc:type>DPMS Target</dc:type>
        <dc:identifier>2367</dc:identifier>
      </reference>
      <ident system="http://cce.mitre.org">CCE-27034-8</ident>
      <ident system="http://iase.disa.mil/cci">CCI-000366</ident>
      <fixtext xmlns:xhtml="http://www.w3.org/1999/xhtml" xml:lang="en" override="false" fixref="F-43598r1_fix">To ensure the default umask for users of the C shell is set properly, add or correct the "umask" setting in "/etc/csh.cshrc" to read as follows: 

umask 077</fixtext>
      <fix xmlns:xhtml="http://www.w3.org/1999/xhtml" id="F-43598r1_fix"/>
      <check system="http://oval.mitre.org/XMLSchema/oval-definitions-5">
        <check-export export-name="oval:mil.disa.fso.redhat.rhel6:var:3265" value-id="var_accounts_user_umask"/>
        <check-content-ref name="oval:mil.disa.fso.redhat.rhel6:def:663" href="U_RedHat_6_V1R6_STIG_SCAP_1-1_Benchmark-oval.xml"/>
      </check>
    </Rule>
  </Group>
  <Group id="V-38650">
    <title xmlns:xhtml="http://www.w3.org/1999/xhtml" xml:lang="en">SRG-OS-000096</title>
    <description xmlns:xhtml="http://www.w3.org/1999/xhtml" xml:lang="en">&lt;GroupDescription&gt;&lt;/GroupDescription&gt;</description>
    <Rule id="SV-50451r2_rule" selected="true" weight="10.000000" severity="low">
      <version>RHEL-06-000268</version>
      <title xmlns:xhtml="http://www.w3.org/1999/xhtml" xml:lang="en">The rdisc service must not be running.</title>
      <description xmlns:xhtml="http://www.w3.org/1999/xhtml" xml:lang="en">&lt;VulnDiscussion&gt;General-purpose systems typically have their network and routing information configured statically by a system administrator. Workstations or some special-purpose systems often use DHCP (instead of IRDP) to retrieve dynamic network configuration information.&lt;/VulnDiscussion&gt;&lt;FalsePositives&gt;&lt;/FalsePositives&gt;&lt;FalseNegatives&gt;&lt;/FalseNegatives&gt;&lt;Documentable&gt;false&lt;/Documentable&gt;&lt;Mitigations&gt;&lt;/Mitigations&gt;&lt;SeverityOverrideGuidance&gt;&lt;/SeverityOverrideGuidance&gt;&lt;PotentialImpacts&gt;&lt;/PotentialImpacts&gt;&lt;ThirdPartyTools&gt;&lt;/ThirdPartyTools&gt;&lt;MitigationControl&gt;&lt;/MitigationControl&gt;&lt;Responsibility&gt;&lt;/Responsibility&gt;&lt;IAControls&gt;&lt;/IAControls&gt;</description>
      <reference xmlns:dc="http://purl.org/dc/elements/1.1/">
        <dc:title>DPMS Target Red Hat 6</dc:title>
        <dc:subject>Red Hat 6</dc:subject>
        <dc:publisher>DISA FSO</dc:publisher>
        <dc:type>DPMS Target</dc:type>
        <dc:identifier>2367</dc:identifier>
      </reference>
      <ident system="http://cce.mitre.org">CCE-27261-7</ident>
      <ident system="http://iase.disa.mil/cci">CCI-000382</ident>
      <fixtext xmlns:xhtml="http://www.w3.org/1999/xhtml" xml:lang="en" override="false" fixref="F-43599r2_fix">The "rdisc" service implements the client side of the ICMP Internet Router Discovery Protocol (IRDP), which allows discovery of routers on the local subnet. If a router is discovered then the local routing table is updated with a corresponding default route. By default this daemon is disabled. The "rdisc" service can be disabled with the following commands: 

# chkconfig rdisc off
# service rdisc stop</fixtext>
      <fix xmlns:xhtml="http://www.w3.org/1999/xhtml" id="F-43599r2_fix"/>
      <check system="http://oval.mitre.org/XMLSchema/oval-definitions-5">
        <check-content-ref name="oval:mil.disa.fso.redhat.rhel6:def:1080" href="U_RedHat_6_V1R6_STIG_SCAP_1-1_Benchmark-oval.xml"/>
      </check>
    </Rule>
  </Group>
  <Group id="V-38651">
    <title xmlns:xhtml="http://www.w3.org/1999/xhtml" xml:lang="en">SRG-OS-999999</title>
    <description xmlns:xhtml="http://www.w3.org/1999/xhtml" xml:lang="en">&lt;GroupDescription&gt;&lt;/GroupDescription&gt;</description>
    <Rule id="SV-50452r1_rule" selected="true" weight="10.000000" severity="low">
      <version>RHEL-06-000342</version>
      <title xmlns:xhtml="http://www.w3.org/1999/xhtml" xml:lang="en">The system default umask for the bash shell must be 077.</title>
      <description xmlns:xhtml="http://www.w3.org/1999/xhtml" xml:lang="en">&lt;VulnDiscussion&gt;The umask value influences the permissions assigned to files when they are created. A misconfigured umask value could result in files with excessive permissions that can be read and/or written to by unauthorized users.&lt;/VulnDiscussion&gt;&lt;FalsePositives&gt;&lt;/FalsePositives&gt;&lt;FalseNegatives&gt;&lt;/FalseNegatives&gt;&lt;Documentable&gt;false&lt;/Documentable&gt;&lt;Mitigations&gt;&lt;/Mitigations&gt;&lt;SeverityOverrideGuidance&gt;&lt;/SeverityOverrideGuidance&gt;&lt;PotentialImpacts&gt;&lt;/PotentialImpacts&gt;&lt;ThirdPartyTools&gt;&lt;/ThirdPartyTools&gt;&lt;MitigationControl&gt;&lt;/MitigationControl&gt;&lt;Responsibility&gt;&lt;/Responsibility&gt;&lt;IAControls&gt;&lt;/IAControls&gt;</description>
      <reference xmlns:dc="http://purl.org/dc/elements/1.1/">
        <dc:title>DPMS Target Red Hat 6</dc:title>
        <dc:subject>Red Hat 6</dc:subject>
        <dc:publisher>DISA FSO</dc:publisher>
        <dc:type>DPMS Target</dc:type>
        <dc:identifier>2367</dc:identifier>
      </reference>
      <ident system="http://cce.mitre.org">CCE-26917-5</ident>
      <ident system="http://iase.disa.mil/cci">CCI-000366</ident>
      <fixtext xmlns:xhtml="http://www.w3.org/1999/xhtml" xml:lang="en" override="false" fixref="F-43600r1_fix">To ensure the default umask for users of the Bash shell is set properly, add or correct the "umask" setting in "/etc/bashrc" to read as follows: 

umask 077</fixtext>
      <fix xmlns:xhtml="http://www.w3.org/1999/xhtml" id="F-43600r1_fix"/>
      <check system="http://oval.mitre.org/XMLSchema/oval-definitions-5">
        <check-export export-name="oval:mil.disa.fso.redhat.rhel6:var:3265" value-id="var_accounts_user_umask"/>
        <check-content-ref name="oval:mil.disa.fso.redhat.rhel6:def:240" href="U_RedHat_6_V1R6_STIG_SCAP_1-1_Benchmark-oval.xml"/>
      </check>
    </Rule>
  </Group>
  <Group id="V-38656">
    <title xmlns:xhtml="http://www.w3.org/1999/xhtml" xml:lang="en">SRG-OS-999999</title>
    <description xmlns:xhtml="http://www.w3.org/1999/xhtml" xml:lang="en">&lt;GroupDescription&gt;&lt;/GroupDescription&gt;</description>
    <Rule id="SV-50457r1_rule" selected="true" weight="10.000000" severity="low">
      <version>RHEL-06-000272</version>
      <title xmlns:xhtml="http://www.w3.org/1999/xhtml" xml:lang="en">The system must use SMB client signing for connecting to samba servers using smbclient.</title>
      <description xmlns:xhtml="http://www.w3.org/1999/xhtml" xml:lang="en">&lt;VulnDiscussion&gt;Packet signing can prevent man-in-the-middle attacks which modify SMB packets in transit.&lt;/VulnDiscussion&gt;&lt;FalsePositives&gt;&lt;/FalsePositives&gt;&lt;FalseNegatives&gt;&lt;/FalseNegatives&gt;&lt;Documentable&gt;false&lt;/Documentable&gt;&lt;Mitigations&gt;&lt;/Mitigations&gt;&lt;SeverityOverrideGuidance&gt;&lt;/SeverityOverrideGuidance&gt;&lt;PotentialImpacts&gt;&lt;/PotentialImpacts&gt;&lt;ThirdPartyTools&gt;&lt;/ThirdPartyTools&gt;&lt;MitigationControl&gt;&lt;/MitigationControl&gt;&lt;Responsibility&gt;&lt;/Responsibility&gt;&lt;IAControls&gt;&lt;/IAControls&gt;</description>
      <reference xmlns:dc="http://purl.org/dc/elements/1.1/">
        <dc:title>DPMS Target Red Hat 6</dc:title>
        <dc:subject>Red Hat 6</dc:subject>
        <dc:publisher>DISA FSO</dc:publisher>
        <dc:type>DPMS Target</dc:type>
        <dc:identifier>2367</dc:identifier>
      </reference>
      <ident system="http://cce.mitre.org">CCE-26328-5</ident>
      <ident system="http://iase.disa.mil/cci">CCI-000366</ident>
      <fixtext xmlns:xhtml="http://www.w3.org/1999/xhtml" xml:lang="en" override="false" fixref="F-43606r1_fix">To require samba clients running "smbclient" to use packet signing, add the following to the "[global]" section of the Samba configuration file in "/etc/samba/smb.conf": 

client signing = mandatory

Requiring samba clients such as "smbclient" to use packet signing ensures they can only communicate with servers that support packet signing.</fixtext>
      <fix xmlns:xhtml="http://www.w3.org/1999/xhtml" id="F-43606r1_fix"/>
      <check system="http://oval.mitre.org/XMLSchema/oval-definitions-5">
        <check-content-ref name="oval:mil.disa.fso.redhat.rhel6:def:763" href="U_RedHat_6_V1R6_STIG_SCAP_1-1_Benchmark-oval.xml"/>
      </check>
    </Rule>
  </Group>
  <Group id="V-38669">
    <title xmlns:xhtml="http://www.w3.org/1999/xhtml" xml:lang="en">SRG-OS-999999</title>
    <description xmlns:xhtml="http://www.w3.org/1999/xhtml" xml:lang="en">&lt;GroupDescription&gt;&lt;/GroupDescription&gt;</description>
    <Rule id="SV-50470r1_rule" selected="true" weight="10.000000" severity="low">
      <version>RHEL-06-000287</version>
      <title xmlns:xhtml="http://www.w3.org/1999/xhtml" xml:lang="en">The postfix service must be enabled for mail delivery.</title>
      <description xmlns:xhtml="http://www.w3.org/1999/xhtml" xml:lang="en">&lt;VulnDiscussion&gt;Local mail delivery is essential to some system maintenance and notification tasks.&lt;/VulnDiscussion&gt;&lt;FalsePositives&gt;&lt;/FalsePositives&gt;&lt;FalseNegatives&gt;&lt;/FalseNegatives&gt;&lt;Documentable&gt;false&lt;/Documentable&gt;&lt;Mitigations&gt;&lt;/Mitigations&gt;&lt;SeverityOverrideGuidance&gt;&lt;/SeverityOverrideGuidance&gt;&lt;PotentialImpacts&gt;&lt;/PotentialImpacts&gt;&lt;ThirdPartyTools&gt;&lt;/ThirdPartyTools&gt;&lt;MitigationControl&gt;&lt;/MitigationControl&gt;&lt;Responsibility&gt;&lt;/Responsibility&gt;&lt;IAControls&gt;&lt;/IAControls&gt;</description>
      <reference xmlns:dc="http://purl.org/dc/elements/1.1/">
        <dc:title>DPMS Target Red Hat 6</dc:title>
        <dc:subject>Red Hat 6</dc:subject>
        <dc:publisher>DISA FSO</dc:publisher>
        <dc:type>DPMS Target</dc:type>
        <dc:identifier>2367</dc:identifier>
      </reference>
      <ident system="http://cce.mitre.org">CCE-26325-1</ident>
      <ident system="http://iase.disa.mil/cci">CCI-000366</ident>
      <fixtext xmlns:xhtml="http://www.w3.org/1999/xhtml" xml:lang="en" override="false" fixref="F-43618r1_fix">The Postfix mail transfer agent is used for local mail delivery within the system. The default configuration only listens for connections to the default SMTP port (port 25) on the loopback interface (127.0.0.1). It is recommended to leave this service enabled for local mail delivery. The "postfix" service can be enabled with the following command: 

# chkconfig postfix on
# service postfix start</fixtext>
      <fix xmlns:xhtml="http://www.w3.org/1999/xhtml" id="F-43618r1_fix"/>
      <check system="http://oval.mitre.org/XMLSchema/oval-definitions-5">
        <check-content-ref name="oval:mil.disa.fso.redhat.rhel6:def:165" href="U_RedHat_6_V1R6_STIG_SCAP_1-1_Benchmark-oval.xml"/>
      </check>
    </Rule>
  </Group>
  <Group id="V-38671">
    <title xmlns:xhtml="http://www.w3.org/1999/xhtml" xml:lang="en">SRG-OS-999999</title>
    <description xmlns:xhtml="http://www.w3.org/1999/xhtml" xml:lang="en">&lt;GroupDescription&gt;&lt;/GroupDescription&gt;</description>
    <Rule id="SV-50472r1_rule" selected="true" weight="10.000000" severity="medium">
      <version>RHEL-06-000288</version>
      <title xmlns:xhtml="http://www.w3.org/1999/xhtml" xml:lang="en">The sendmail package must be removed.</title>
      <description xmlns:xhtml="http://www.w3.org/1999/xhtml" xml:lang="en">&lt;VulnDiscussion&gt;The sendmail software was not developed with security in mind and its design prevents it from being effectively contained by SELinux. Postfix should be used instead.&lt;/VulnDiscussion&gt;&lt;FalsePositives&gt;&lt;/FalsePositives&gt;&lt;FalseNegatives&gt;&lt;/FalseNegatives&gt;&lt;Documentable&gt;false&lt;/Documentable&gt;&lt;Mitigations&gt;&lt;/Mitigations&gt;&lt;SeverityOverrideGuidance&gt;&lt;/SeverityOverrideGuidance&gt;&lt;PotentialImpacts&gt;&lt;/PotentialImpacts&gt;&lt;ThirdPartyTools&gt;&lt;/ThirdPartyTools&gt;&lt;MitigationControl&gt;&lt;/MitigationControl&gt;&lt;Responsibility&gt;&lt;/Responsibility&gt;&lt;IAControls&gt;&lt;/IAControls&gt;</description>
      <reference xmlns:dc="http://purl.org/dc/elements/1.1/">
        <dc:title>DPMS Target Red Hat 6</dc:title>
        <dc:subject>Red Hat 6</dc:subject>
        <dc:publisher>DISA FSO</dc:publisher>
        <dc:type>DPMS Target</dc:type>
        <dc:identifier>2367</dc:identifier>
      </reference>
      <ident system="http://cce.mitre.org">CCE-27515-6</ident>
      <ident system="http://iase.disa.mil/cci">CCI-000366</ident>
      <fixtext xmlns:xhtml="http://www.w3.org/1999/xhtml" xml:lang="en" override="false" fixref="F-43620r1_fix">Sendmail is not the default mail transfer agent and is not installed by default. The "sendmail" package can be removed with the following command: 

# yum erase sendmail</fixtext>
      <fix xmlns:xhtml="http://www.w3.org/1999/xhtml" id="F-43620r1_fix"/>
      <check system="http://oval.mitre.org/XMLSchema/oval-definitions-5">
        <check-content-ref name="oval:mil.disa.fso.redhat.rhel6:def:274" href="U_RedHat_6_V1R6_STIG_SCAP_1-1_Benchmark-oval.xml"/>
      </check>
    </Rule>
  </Group>
  <Group id="V-38672">
    <title xmlns:xhtml="http://www.w3.org/1999/xhtml" xml:lang="en">SRG-OS-000096</title>
    <description xmlns:xhtml="http://www.w3.org/1999/xhtml" xml:lang="en">&lt;GroupDescription&gt;&lt;/GroupDescription&gt;</description>
    <Rule id="SV-50473r2_rule" selected="true" weight="10.000000" severity="low">
      <version>RHEL-06-000289</version>
      <title xmlns:xhtml="http://www.w3.org/1999/xhtml" xml:lang="en">The netconsole service must be disabled unless required.</title>
      <description xmlns:xhtml="http://www.w3.org/1999/xhtml" xml:lang="en">&lt;VulnDiscussion&gt;The "netconsole" service is not necessary unless there is a need to debug kernel panics, which is not common.&lt;/VulnDiscussion&gt;&lt;FalsePositives&gt;&lt;/FalsePositives&gt;&lt;FalseNegatives&gt;&lt;/FalseNegatives&gt;&lt;Documentable&gt;false&lt;/Documentable&gt;&lt;Mitigations&gt;&lt;/Mitigations&gt;&lt;SeverityOverrideGuidance&gt;&lt;/SeverityOverrideGuidance&gt;&lt;PotentialImpacts&gt;&lt;/PotentialImpacts&gt;&lt;ThirdPartyTools&gt;&lt;/ThirdPartyTools&gt;&lt;MitigationControl&gt;&lt;/MitigationControl&gt;&lt;Responsibility&gt;&lt;/Responsibility&gt;&lt;IAControls&gt;&lt;/IAControls&gt;</description>
      <reference xmlns:dc="http://purl.org/dc/elements/1.1/">
        <dc:title>DPMS Target Red Hat 6</dc:title>
        <dc:subject>Red Hat 6</dc:subject>
        <dc:publisher>DISA FSO</dc:publisher>
        <dc:type>DPMS Target</dc:type>
        <dc:identifier>2367</dc:identifier>
      </reference>
      <ident system="http://cce.mitre.org">CCE-27254-2</ident>
      <ident system="http://iase.disa.mil/cci">CCI-000382</ident>
      <fixtext xmlns:xhtml="http://www.w3.org/1999/xhtml" xml:lang="en" override="false" fixref="F-43622r2_fix">The "netconsole" service is responsible for loading the netconsole kernel module, which logs kernel printk messages over UDP to a syslog server. This allows debugging of problems where disk logging fails and serial consoles are impractical. The "netconsole" service can be disabled with the following commands: 

# chkconfig netconsole off
# service netconsole stop</fixtext>
      <fix xmlns:xhtml="http://www.w3.org/1999/xhtml" id="F-43622r2_fix"/>
      <check system="http://oval.mitre.org/XMLSchema/oval-definitions-5">
        <check-content-ref name="oval:mil.disa.fso.redhat.rhel6:def:941" href="U_RedHat_6_V1R6_STIG_SCAP_1-1_Benchmark-oval.xml"/>
      </check>
    </Rule>
  </Group>
  <Group id="V-38674">
    <title xmlns:xhtml="http://www.w3.org/1999/xhtml" xml:lang="en">SRG-OS-000248</title>
    <description xmlns:xhtml="http://www.w3.org/1999/xhtml" xml:lang="en">&lt;GroupDescription&gt;&lt;/GroupDescription&gt;</description>
    <Rule id="SV-50475r1_rule" selected="true" weight="10.000000" severity="medium">
      <version>RHEL-06-000290</version>
      <title xmlns:xhtml="http://www.w3.org/1999/xhtml" xml:lang="en">X Windows must not be enabled unless required.</title>
      <description xmlns:xhtml="http://www.w3.org/1999/xhtml" xml:lang="en">&lt;VulnDiscussion&gt;Unnecessary services should be disabled to decrease the attack surface of the system.&lt;/VulnDiscussion&gt;&lt;FalsePositives&gt;&lt;/FalsePositives&gt;&lt;FalseNegatives&gt;&lt;/FalseNegatives&gt;&lt;Documentable&gt;false&lt;/Documentable&gt;&lt;Mitigations&gt;&lt;/Mitigations&gt;&lt;SeverityOverrideGuidance&gt;&lt;/SeverityOverrideGuidance&gt;&lt;PotentialImpacts&gt;&lt;/PotentialImpacts&gt;&lt;ThirdPartyTools&gt;&lt;/ThirdPartyTools&gt;&lt;MitigationControl&gt;&lt;/MitigationControl&gt;&lt;Responsibility&gt;&lt;/Responsibility&gt;&lt;IAControls&gt;&lt;/IAControls&gt;</description>
      <reference xmlns:dc="http://purl.org/dc/elements/1.1/">
        <dc:title>DPMS Target Red Hat 6</dc:title>
        <dc:subject>Red Hat 6</dc:subject>
        <dc:publisher>DISA FSO</dc:publisher>
        <dc:type>DPMS Target</dc:type>
        <dc:identifier>2367</dc:identifier>
      </reference>
      <ident system="http://cce.mitre.org">CCE-27119-7</ident>
      <ident system="http://iase.disa.mil/cci">CCI-001436</ident>
      <fixtext xmlns:xhtml="http://www.w3.org/1999/xhtml" xml:lang="en" override="false" fixref="F-43623r1_fix">Setting the system's runlevel to 3 will prevent automatic startup of the X server. To do so, ensure the following line in "/etc/inittab" features a "3" as shown: 

id:3:initdefault:</fixtext>
      <fix xmlns:xhtml="http://www.w3.org/1999/xhtml" id="F-43623r1_fix"/>
      <check system="http://oval.mitre.org/XMLSchema/oval-definitions-5">
        <check-content-ref name="oval:mil.disa.fso.redhat.rhel6:def:688" href="U_RedHat_6_V1R6_STIG_SCAP_1-1_Benchmark-oval.xml"/>
      </check>
    </Rule>
  </Group>
  <Group id="V-38675">
    <title xmlns:xhtml="http://www.w3.org/1999/xhtml" xml:lang="en">SRG-OS-999999</title>
    <description xmlns:xhtml="http://www.w3.org/1999/xhtml" xml:lang="en">&lt;GroupDescription&gt;&lt;/GroupDescription&gt;</description>
    <Rule id="SV-50476r2_rule" selected="true" weight="10.000000" severity="low">
      <version>RHEL-06-000308</version>
      <title xmlns:xhtml="http://www.w3.org/1999/xhtml" xml:lang="en">Process core dumps must be disabled unless needed.</title>
      <description xmlns:xhtml="http://www.w3.org/1999/xhtml" xml:lang="en">&lt;VulnDiscussion&gt;A core dump includes a memory image taken at the time the operating system terminates an application. The memory image could contain sensitive data and is generally useful only for developers trying to debug problems.&lt;/VulnDiscussion&gt;&lt;FalsePositives&gt;&lt;/FalsePositives&gt;&lt;FalseNegatives&gt;&lt;/FalseNegatives&gt;&lt;Documentable&gt;false&lt;/Documentable&gt;&lt;Mitigations&gt;&lt;/Mitigations&gt;&lt;SeverityOverrideGuidance&gt;&lt;/SeverityOverrideGuidance&gt;&lt;PotentialImpacts&gt;&lt;/PotentialImpacts&gt;&lt;ThirdPartyTools&gt;&lt;/ThirdPartyTools&gt;&lt;MitigationControl&gt;&lt;/MitigationControl&gt;&lt;Responsibility&gt;&lt;/Responsibility&gt;&lt;IAControls&gt;&lt;/IAControls&gt;</description>
      <reference xmlns:dc="http://purl.org/dc/elements/1.1/">
        <dc:title>DPMS Target Red Hat 6</dc:title>
        <dc:subject>Red Hat 6</dc:subject>
        <dc:publisher>DISA FSO</dc:publisher>
        <dc:type>DPMS Target</dc:type>
        <dc:identifier>2367</dc:identifier>
      </reference>
      <ident system="http://cce.mitre.org">CCE-27033-0</ident>
      <ident system="http://iase.disa.mil/cci">CCI-000366</ident>
      <fixtext xmlns:xhtml="http://www.w3.org/1999/xhtml" xml:lang="en" override="false" fixref="F-43624r1_fix">To disable core dumps for all users, add the following line to "/etc/security/limits.conf": 

* hard core 0</fixtext>
      <fix xmlns:xhtml="http://www.w3.org/1999/xhtml" id="F-43624r1_fix"/>
      <check system="http://oval.mitre.org/XMLSchema/oval-definitions-5">
        <check-content-ref name="oval:mil.disa.fso.redhat.rhel6:def:3072" href="U_RedHat_6_V1R6_STIG_SCAP_1-1_Benchmark-oval.xml"/>
      </check>
    </Rule>
  </Group>
  <Group id="V-38676">
    <title xmlns:xhtml="http://www.w3.org/1999/xhtml" xml:lang="en">SRG-OS-999999</title>
    <description xmlns:xhtml="http://www.w3.org/1999/xhtml" xml:lang="en">&lt;GroupDescription&gt;&lt;/GroupDescription&gt;</description>
    <Rule id="SV-50477r1_rule" selected="true" weight="10.000000" severity="low">
      <version>RHEL-06-000291</version>
      <title xmlns:xhtml="http://www.w3.org/1999/xhtml" xml:lang="en">The xorg-x11-server-common (X Windows) package must not be installed, unless required.</title>
      <description xmlns:xhtml="http://www.w3.org/1999/xhtml" xml:lang="en">&lt;VulnDiscussion&gt;Unnecessary packages should not be installed to decrease the attack surface of the system.&lt;/VulnDiscussion&gt;&lt;FalsePositives&gt;&lt;/FalsePositives&gt;&lt;FalseNegatives&gt;&lt;/FalseNegatives&gt;&lt;Documentable&gt;false&lt;/Documentable&gt;&lt;Mitigations&gt;&lt;/Mitigations&gt;&lt;SeverityOverrideGuidance&gt;&lt;/SeverityOverrideGuidance&gt;&lt;PotentialImpacts&gt;&lt;/PotentialImpacts&gt;&lt;ThirdPartyTools&gt;&lt;/ThirdPartyTools&gt;&lt;MitigationControl&gt;&lt;/MitigationControl&gt;&lt;Responsibility&gt;&lt;/Responsibility&gt;&lt;IAControls&gt;&lt;/IAControls&gt;</description>
      <reference xmlns:dc="http://purl.org/dc/elements/1.1/">
        <dc:title>DPMS Target Red Hat 6</dc:title>
        <dc:subject>Red Hat 6</dc:subject>
        <dc:publisher>DISA FSO</dc:publisher>
        <dc:type>DPMS Target</dc:type>
        <dc:identifier>2367</dc:identifier>
      </reference>
      <ident system="http://cce.mitre.org">CCE-27198-1</ident>
      <fixtext xmlns:xhtml="http://www.w3.org/1999/xhtml" xml:lang="en" override="false" fixref="F-43625r1_fix">Removing all packages which constitute the X Window System ensures users or malicious software cannot start X. To do so, run the following command: 

# yum groupremove "X Window System"</fixtext>
      <fix xmlns:xhtml="http://www.w3.org/1999/xhtml" id="F-43625r1_fix"/>
      <check system="http://oval.mitre.org/XMLSchema/oval-definitions-5">
        <check-content-ref name="oval:mil.disa.fso.redhat.rhel6:def:1175" href="U_RedHat_6_V1R6_STIG_SCAP_1-1_Benchmark-oval.xml"/>
      </check>
    </Rule>
  </Group>
  <Group id="V-38679">
    <title xmlns:xhtml="http://www.w3.org/1999/xhtml" xml:lang="en">SRG-OS-999999</title>
    <description xmlns:xhtml="http://www.w3.org/1999/xhtml" xml:lang="en">&lt;GroupDescription&gt;&lt;/GroupDescription&gt;</description>
    <Rule id="SV-50480r2_rule" selected="true" weight="10.000000" severity="medium">
      <version>RHEL-06-000292</version>
      <title xmlns:xhtml="http://www.w3.org/1999/xhtml" xml:lang="en">The DHCP client must be disabled if not needed.</title>
      <description xmlns:xhtml="http://www.w3.org/1999/xhtml" xml:lang="en">&lt;VulnDiscussion&gt;DHCP relies on trusting the local network. If the local network is not trusted, then it should not be used. However, the automatic configuration provided by DHCP is commonly used and the alternative, manual configuration, presents an unacceptable burden in many circumstances.&lt;/VulnDiscussion&gt;&lt;FalsePositives&gt;&lt;/FalsePositives&gt;&lt;FalseNegatives&gt;&lt;/FalseNegatives&gt;&lt;Documentable&gt;false&lt;/Documentable&gt;&lt;Mitigations&gt;&lt;/Mitigations&gt;&lt;SeverityOverrideGuidance&gt;&lt;/SeverityOverrideGuidance&gt;&lt;PotentialImpacts&gt;&lt;/PotentialImpacts&gt;&lt;ThirdPartyTools&gt;&lt;/ThirdPartyTools&gt;&lt;MitigationControl&gt;&lt;/MitigationControl&gt;&lt;Responsibility&gt;&lt;/Responsibility&gt;&lt;IAControls&gt;&lt;/IAControls&gt;</description>
      <reference xmlns:dc="http://purl.org/dc/elements/1.1/">
        <dc:title>DPMS Target Red Hat 6</dc:title>
        <dc:subject>Red Hat 6</dc:subject>
        <dc:publisher>DISA FSO</dc:publisher>
        <dc:type>DPMS Target</dc:type>
        <dc:identifier>2367</dc:identifier>
      </reference>
      <ident system="http://cce.mitre.org">CCE-27021-5</ident>
      <ident system="http://iase.disa.mil/cci">CCI-000366</ident>
      <fixtext xmlns:xhtml="http://www.w3.org/1999/xhtml" xml:lang="en" override="false" fixref="F-43628r2_fix">For each interface [IFACE] on the system (e.g. eth0), edit "/etc/sysconfig/network-scripts/ifcfg-[IFACE]" and make the following changes. 

Correct the BOOTPROTO line to read:

BOOTPROTO=none


Add or correct the following lines, substituting the appropriate values based on your site's addressing scheme:

NETMASK=[local LAN netmask]
IPADDR=[assigned IP address]
GATEWAY=[local LAN default gateway]</fixtext>
      <fix xmlns:xhtml="http://www.w3.org/1999/xhtml" id="F-43628r2_fix"/>
      <check system="http://oval.mitre.org/XMLSchema/oval-definitions-5">
        <check-content-ref name="oval:mil.disa.fso.redhat.rhel6:def:208" href="U_RedHat_6_V1R6_STIG_SCAP_1-1_Benchmark-oval.xml"/>
      </check>
    </Rule>
  </Group>
  <Group id="V-38680">
    <title xmlns:xhtml="http://www.w3.org/1999/xhtml" xml:lang="en">SRG-OS-000046</title>
    <description xmlns:xhtml="http://www.w3.org/1999/xhtml" xml:lang="en">&lt;GroupDescription&gt;&lt;/GroupDescription&gt;</description>
    <Rule id="SV-50481r1_rule" selected="true" weight="10.000000" severity="medium">
      <version>RHEL-06-000313</version>
      <title xmlns:xhtml="http://www.w3.org/1999/xhtml" xml:lang="en">The audit system must identify staff members to receive notifications of audit log storage volume capacity issues.</title>
      <description xmlns:xhtml="http://www.w3.org/1999/xhtml" xml:lang="en">&lt;VulnDiscussion&gt;Email sent to the root account is typically aliased to the administrators of the system, who can take appropriate action.&lt;/VulnDiscussion&gt;&lt;FalsePositives&gt;&lt;/FalsePositives&gt;&lt;FalseNegatives&gt;&lt;/FalseNegatives&gt;&lt;Documentable&gt;false&lt;/Documentable&gt;&lt;Mitigations&gt;&lt;/Mitigations&gt;&lt;SeverityOverrideGuidance&gt;&lt;/SeverityOverrideGuidance&gt;&lt;PotentialImpacts&gt;&lt;/PotentialImpacts&gt;&lt;ThirdPartyTools&gt;&lt;/ThirdPartyTools&gt;&lt;MitigationControl&gt;&lt;/MitigationControl&gt;&lt;Responsibility&gt;&lt;/Responsibility&gt;&lt;IAControls&gt;&lt;/IAControls&gt;</description>
      <reference xmlns:dc="http://purl.org/dc/elements/1.1/">
        <dc:title>DPMS Target Red Hat 6</dc:title>
        <dc:subject>Red Hat 6</dc:subject>
        <dc:publisher>DISA FSO</dc:publisher>
        <dc:type>DPMS Target</dc:type>
        <dc:identifier>2367</dc:identifier>
      </reference>
      <ident system="http://cce.mitre.org">CCE-27241-9</ident>
      <ident system="http://iase.disa.mil/cci">CCI-000139</ident>
      <fixtext xmlns:xhtml="http://www.w3.org/1999/xhtml" xml:lang="en" override="false" fixref="F-43629r1_fix">The "auditd" service can be configured to send email to a designated account in certain situations. Add or correct the following line in "/etc/audit/auditd.conf" to ensure that administrators are notified via email for those situations: 

action_mail_acct = root</fixtext>
      <fix xmlns:xhtml="http://www.w3.org/1999/xhtml" id="F-43629r1_fix"/>
      <check system="http://oval.mitre.org/XMLSchema/oval-definitions-5">
        <check-export export-name="oval:mil.disa.fso.redhat.rhel6:var:2122" value-id="var_auditd_action_mail_acct"/>
        <check-content-ref name="oval:mil.disa.fso.redhat.rhel6:def:548" href="U_RedHat_6_V1R6_STIG_SCAP_1-1_Benchmark-oval.xml"/>
      </check>
    </Rule>
  </Group>
  <Group id="V-38684">
    <title xmlns:xhtml="http://www.w3.org/1999/xhtml" xml:lang="en">SRG-OS-000027</title>
    <description xmlns:xhtml="http://www.w3.org/1999/xhtml" xml:lang="en">&lt;GroupDescription&gt;&lt;/GroupDescription&gt;</description>
    <Rule id="SV-50485r2_rule" selected="true" weight="10.000000" severity="low">
      <version>RHEL-06-000319</version>
      <title xmlns:xhtml="http://www.w3.org/1999/xhtml" xml:lang="en">The system must limit users to 10 simultaneous system logins, or a site-defined number, in accordance with operational requirements.</title>
      <description xmlns:xhtml="http://www.w3.org/1999/xhtml" xml:lang="en">&lt;VulnDiscussion&gt;Limiting simultaneous user logins can insulate the system from denial of service problems caused by excessive logins. Automated login processes operating improperly or maliciously may result in an exceptional number of simultaneous login sessions.&lt;/VulnDiscussion&gt;&lt;FalsePositives&gt;&lt;/FalsePositives&gt;&lt;FalseNegatives&gt;&lt;/FalseNegatives&gt;&lt;Documentable&gt;false&lt;/Documentable&gt;&lt;Mitigations&gt;&lt;/Mitigations&gt;&lt;SeverityOverrideGuidance&gt;&lt;/SeverityOverrideGuidance&gt;&lt;PotentialImpacts&gt;&lt;/PotentialImpacts&gt;&lt;ThirdPartyTools&gt;&lt;/ThirdPartyTools&gt;&lt;MitigationControl&gt;&lt;/MitigationControl&gt;&lt;Responsibility&gt;&lt;/Responsibility&gt;&lt;IAControls&gt;&lt;/IAControls&gt;</description>
      <reference xmlns:dc="http://purl.org/dc/elements/1.1/">
        <dc:title>DPMS Target Red Hat 6</dc:title>
        <dc:subject>Red Hat 6</dc:subject>
        <dc:publisher>DISA FSO</dc:publisher>
        <dc:type>DPMS Target</dc:type>
        <dc:identifier>2367</dc:identifier>
      </reference>
      <ident system="http://cce.mitre.org">CCE-27457-1</ident>
      <ident system="http://iase.disa.mil/cci">CCI-000054</ident>
      <fixtext xmlns:xhtml="http://www.w3.org/1999/xhtml" xml:lang="en" override="false" fixref="F-43633r1_fix">Limiting the number of allowed users and sessions per user can limit risks related to denial of service attacks. This addresses concurrent sessions for a single account and does not address concurrent sessions by a single user via multiple accounts. To set the number of concurrent sessions per user add the following line in "/etc/security/limits.conf": 

* hard maxlogins 10

A documented site-defined number may be substituted for 10 in the above.</fixtext>
      <fix xmlns:xhtml="http://www.w3.org/1999/xhtml" id="F-43633r1_fix"/>
      <check system="http://oval.mitre.org/XMLSchema/oval-definitions-5">
        <check-export export-name="oval:mil.disa.fso.redhat.rhel6:var:3266" value-id="var_accounts_max_concurrent_login_sessions"/>
        <check-content-ref name="oval:mil.disa.fso.redhat.rhel6:def:112" href="U_RedHat_6_V1R6_STIG_SCAP_1-1_Benchmark-oval.xml"/>
      </check>
    </Rule>
  </Group>
  <Group id="V-38687">
    <title xmlns:xhtml="http://www.w3.org/1999/xhtml" xml:lang="en">SRG-OS-000160</title>
    <description xmlns:xhtml="http://www.w3.org/1999/xhtml" xml:lang="en">&lt;GroupDescription&gt;&lt;/GroupDescription&gt;</description>
    <Rule id="SV-50488r2_rule" selected="true" weight="10.000000" severity="low">
      <version>RHEL-06-000321</version>
      <title xmlns:xhtml="http://www.w3.org/1999/xhtml" xml:lang="en">The system must provide VPN connectivity for communications over untrusted networks.</title>
      <description xmlns:xhtml="http://www.w3.org/1999/xhtml" xml:lang="en">&lt;VulnDiscussion&gt;Providing the ability for remote users or systems to initiate a secure VPN connection protects information when it is transmitted over a wide area network.&lt;/VulnDiscussion&gt;&lt;FalsePositives&gt;&lt;/FalsePositives&gt;&lt;FalseNegatives&gt;&lt;/FalseNegatives&gt;&lt;Documentable&gt;false&lt;/Documentable&gt;&lt;Mitigations&gt;&lt;/Mitigations&gt;&lt;SeverityOverrideGuidance&gt;&lt;/SeverityOverrideGuidance&gt;&lt;PotentialImpacts&gt;&lt;/PotentialImpacts&gt;&lt;ThirdPartyTools&gt;&lt;/ThirdPartyTools&gt;&lt;MitigationControl&gt;&lt;/MitigationControl&gt;&lt;Responsibility&gt;&lt;/Responsibility&gt;&lt;IAControls&gt;&lt;/IAControls&gt;</description>
      <reference xmlns:dc="http://purl.org/dc/elements/1.1/">
        <dc:title>DPMS Target Red Hat 6</dc:title>
        <dc:subject>Red Hat 6</dc:subject>
        <dc:publisher>DISA FSO</dc:publisher>
        <dc:type>DPMS Target</dc:type>
        <dc:identifier>2367</dc:identifier>
      </reference>
      <ident system="http://cce.mitre.org">CCE-27626-1</ident>
      <ident system="http://iase.disa.mil/cci">CCI-001130</ident>
      <fixtext xmlns:xhtml="http://www.w3.org/1999/xhtml" xml:lang="en" override="false" fixref="F-43636r1_fix">The Openswan package provides an implementation of IPsec and IKE, which permits the creation of secure tunnels over untrusted networks. The "openswan" package can be installed with the following command: 

# yum install openswan</fixtext>
      <fix xmlns:xhtml="http://www.w3.org/1999/xhtml" id="F-43636r1_fix"/>
      <check system="http://oval.mitre.org/XMLSchema/oval-definitions-5">
        <check-content-ref name="oval:mil.disa.fso.redhat.rhel6:def:1005" href="U_RedHat_6_V1R6_STIG_SCAP_1-1_Benchmark-oval.xml"/>
      </check>
    </Rule>
  </Group>
  <Group id="V-38688">
    <title xmlns:xhtml="http://www.w3.org/1999/xhtml" xml:lang="en">SRG-OS-000024</title>
    <description xmlns:xhtml="http://www.w3.org/1999/xhtml" xml:lang="en">&lt;GroupDescription&gt;&lt;/GroupDescription&gt;</description>
    <Rule id="SV-50489r2_rule" selected="true" weight="10.000000" severity="medium">
      <version>RHEL-06-000324</version>
      <title xmlns:xhtml="http://www.w3.org/1999/xhtml" xml:lang="en">A login banner must be displayed immediately prior to, or as part of, graphical desktop environment login prompts.</title>
      <description xmlns:xhtml="http://www.w3.org/1999/xhtml" xml:lang="en">&lt;VulnDiscussion&gt;An appropriate warning message reinforces policy awareness during the logon process and facilitates possible legal action against attackers.&lt;/VulnDiscussion&gt;&lt;FalsePositives&gt;&lt;/FalsePositives&gt;&lt;FalseNegatives&gt;&lt;/FalseNegatives&gt;&lt;Documentable&gt;false&lt;/Documentable&gt;&lt;Mitigations&gt;&lt;/Mitigations&gt;&lt;SeverityOverrideGuidance&gt;&lt;/SeverityOverrideGuidance&gt;&lt;PotentialImpacts&gt;&lt;/PotentialImpacts&gt;&lt;ThirdPartyTools&gt;&lt;/ThirdPartyTools&gt;&lt;MitigationControl&gt;&lt;/MitigationControl&gt;&lt;Responsibility&gt;&lt;/Responsibility&gt;&lt;IAControls&gt;&lt;/IAControls&gt;</description>
      <reference xmlns:dc="http://purl.org/dc/elements/1.1/">
        <dc:title>DPMS Target Red Hat 6</dc:title>
        <dc:subject>Red Hat 6</dc:subject>
        <dc:publisher>DISA FSO</dc:publisher>
        <dc:type>DPMS Target</dc:type>
        <dc:identifier>2367</dc:identifier>
      </reference>
      <ident system="http://cce.mitre.org">CCE-27195-7</ident>
      <ident system="http://iase.disa.mil/cci">CCI-000050</ident>
      <fixtext xmlns:xhtml="http://www.w3.org/1999/xhtml" xml:lang="en" override="false" fixref="F-43637r2_fix">To enable displaying a login warning banner in the GNOME Display Manager's login screen, run the following command: 

# gconftool-2 --direct \
--config-source xml:readwrite:/etc/gconf/gconf.xml.mandatory \
--type bool \
--set /apps/gdm/simple-greeter/banner_message_enable true

To display a banner, this setting must be enabled and then banner text must also be set.</fixtext>
      <fix xmlns:xhtml="http://www.w3.org/1999/xhtml" id="F-43637r2_fix"/>
      <check system="http://oval.mitre.org/XMLSchema/oval-definitions-5">
        <check-content-ref name="oval:mil.disa.fso.redhat.rhel6:def:3883" href="U_RedHat_6_V1R6_STIG_SCAP_1-1_Benchmark-oval.xml"/>
      </check>
    </Rule>
  </Group>
  <Group id="V-38691">
    <title xmlns:xhtml="http://www.w3.org/1999/xhtml" xml:lang="en">SRG-OS-000034</title>
    <description xmlns:xhtml="http://www.w3.org/1999/xhtml" xml:lang="en">&lt;GroupDescription&gt;&lt;/GroupDescription&gt;</description>
    <Rule id="SV-50492r2_rule" selected="true" weight="10.000000" severity="medium">
      <version>RHEL-06-000331</version>
      <title xmlns:xhtml="http://www.w3.org/1999/xhtml" xml:lang="en">The Bluetooth service must be disabled.</title>
      <description xmlns:xhtml="http://www.w3.org/1999/xhtml" xml:lang="en">&lt;VulnDiscussion&gt;Disabling the "bluetooth" service prevents the system from attempting connections to Bluetooth devices, which entails some security risk. Nevertheless, variation in this risk decision may be expected due to the utility of Bluetooth connectivity and its limited range.&lt;/VulnDiscussion&gt;&lt;FalsePositives&gt;&lt;/FalsePositives&gt;&lt;FalseNegatives&gt;&lt;/FalseNegatives&gt;&lt;Documentable&gt;false&lt;/Documentable&gt;&lt;Mitigations&gt;&lt;/Mitigations&gt;&lt;SeverityOverrideGuidance&gt;&lt;/SeverityOverrideGuidance&gt;&lt;PotentialImpacts&gt;&lt;/PotentialImpacts&gt;&lt;ThirdPartyTools&gt;&lt;/ThirdPartyTools&gt;&lt;MitigationControl&gt;&lt;/MitigationControl&gt;&lt;Responsibility&gt;&lt;/Responsibility&gt;&lt;IAControls&gt;&lt;/IAControls&gt;</description>
      <reference xmlns:dc="http://purl.org/dc/elements/1.1/">
        <dc:title>DPMS Target Red Hat 6</dc:title>
        <dc:subject>Red Hat 6</dc:subject>
        <dc:publisher>DISA FSO</dc:publisher>
        <dc:type>DPMS Target</dc:type>
        <dc:identifier>2367</dc:identifier>
      </reference>
      <ident system="http://cce.mitre.org">CCE-27081-9</ident>
      <ident system="http://iase.disa.mil/cci">CCI-000085</ident>
      <fixtext xmlns:xhtml="http://www.w3.org/1999/xhtml" xml:lang="en" override="false" fixref="F-43640r1_fix">The "bluetooth" service can be disabled with the following command: 

# chkconfig bluetooth off



# service bluetooth stop</fixtext>
      <fix xmlns:xhtml="http://www.w3.org/1999/xhtml" id="F-43640r1_fix"/>
      <check system="http://oval.mitre.org/XMLSchema/oval-definitions-5">
        <check-content-ref name="oval:mil.disa.fso.redhat.rhel6:def:418" href="U_RedHat_6_V1R6_STIG_SCAP_1-1_Benchmark-oval.xml"/>
      </check>
    </Rule>
  </Group>
  <Group id="V-38692">
    <title xmlns:xhtml="http://www.w3.org/1999/xhtml" xml:lang="en">GEN006660</title>
    <description xmlns:xhtml="http://www.w3.org/1999/xhtml" xml:lang="en">&lt;GroupDescription&gt;&lt;/GroupDescription&gt;</description>
    <Rule id="SV-50493r1_rule" selected="true" weight="10.000000" severity="low">
      <version>RHEL-06-000334</version>
      <title xmlns:xhtml="http://www.w3.org/1999/xhtml" xml:lang="en">Accounts must be locked upon 35 days of inactivity.</title>
      <description xmlns:xhtml="http://www.w3.org/1999/xhtml" xml:lang="en">&lt;VulnDiscussion&gt;Disabling inactive accounts ensures that accounts which may not have been responsibly removed are not available to attackers who may have compromised their credentials.&lt;/VulnDiscussion&gt;&lt;FalsePositives&gt;&lt;/FalsePositives&gt;&lt;FalseNegatives&gt;&lt;/FalseNegatives&gt;&lt;Documentable&gt;false&lt;/Documentable&gt;&lt;Mitigations&gt;&lt;/Mitigations&gt;&lt;SeverityOverrideGuidance&gt;&lt;/SeverityOverrideGuidance&gt;&lt;PotentialImpacts&gt;&lt;/PotentialImpacts&gt;&lt;ThirdPartyTools&gt;&lt;/ThirdPartyTools&gt;&lt;MitigationControl&gt;&lt;/MitigationControl&gt;&lt;Responsibility&gt;&lt;/Responsibility&gt;&lt;IAControls&gt;&lt;/IAControls&gt;</description>
      <reference xmlns:dc="http://purl.org/dc/elements/1.1/">
        <dc:title>DPMS Target Red Hat 6</dc:title>
        <dc:subject>Red Hat 6</dc:subject>
        <dc:publisher>DISA FSO</dc:publisher>
        <dc:type>DPMS Target</dc:type>
        <dc:identifier>2367</dc:identifier>
      </reference>
      <ident system="http://cce.mitre.org">CCE-27283-1</ident>
      <ident system="http://iase.disa.mil/cci">CCI-000017</ident>
      <fixtext xmlns:xhtml="http://www.w3.org/1999/xhtml" xml:lang="en" override="false" fixref="F-43641r2_fix">To specify the number of days after a password expires (which signifies inactivity) until an account is permanently disabled, add or correct the following lines in "/etc/default/useradd", substituting "[NUM_DAYS]" appropriately: 

INACTIVE=[NUM_DAYS]

A value of 35 is recommended. If a password is currently on the verge of expiration, then 35 days remain until the account is automatically disabled. However, if the password will not expire for another 60 days, then 95 days could elapse until the account would be automatically disabled. See the "useradd" man page for more information. Determining the inactivity timeout must be done with careful consideration of the length of a "normal" period of inactivity for users in the particular environment. Setting the timeout too low incurs support costs and also has the potential to impact availability of the system to legitimate users.</fixtext>
      <fix xmlns:xhtml="http://www.w3.org/1999/xhtml" id="F-43641r2_fix"/>
      <check system="http://oval.mitre.org/XMLSchema/oval-definitions-5">
        <check-export export-name="oval:mil.disa.fso.redhat.rhel6:var:2115" value-id="var_account_disable_post_pw_expiration"/>
        <check-content-ref name="oval:mil.disa.fso.redhat.rhel6:def:3054" href="U_RedHat_6_V1R6_STIG_SCAP_1-1_Benchmark-oval.xml"/>
      </check>
    </Rule>
  </Group>
  <Group id="V-38694">
    <title xmlns:xhtml="http://www.w3.org/1999/xhtml" xml:lang="en">SRG-OS-000118</title>
    <description xmlns:xhtml="http://www.w3.org/1999/xhtml" xml:lang="en">&lt;GroupDescription&gt;&lt;/GroupDescription&gt;</description>
    <Rule id="SV-50495r1_rule" selected="true" weight="10.000000" severity="low">
      <version>RHEL-06-000335</version>
      <title xmlns:xhtml="http://www.w3.org/1999/xhtml" xml:lang="en">The operating system must manage information system identifiers for users and devices by disabling the user identifier after an organization defined time period of inactivity.</title>
      <description xmlns:xhtml="http://www.w3.org/1999/xhtml" xml:lang="en">&lt;VulnDiscussion&gt;Disabling inactive accounts ensures that accounts which may not have been responsibly removed are not available to attackers who may have compromised their credentials.&lt;/VulnDiscussion&gt;&lt;FalsePositives&gt;&lt;/FalsePositives&gt;&lt;FalseNegatives&gt;&lt;/FalseNegatives&gt;&lt;Documentable&gt;false&lt;/Documentable&gt;&lt;Mitigations&gt;&lt;/Mitigations&gt;&lt;SeverityOverrideGuidance&gt;&lt;/SeverityOverrideGuidance&gt;&lt;PotentialImpacts&gt;&lt;/PotentialImpacts&gt;&lt;ThirdPartyTools&gt;&lt;/ThirdPartyTools&gt;&lt;MitigationControl&gt;&lt;/MitigationControl&gt;&lt;Responsibility&gt;&lt;/Responsibility&gt;&lt;IAControls&gt;&lt;/IAControls&gt;</description>
      <reference xmlns:dc="http://purl.org/dc/elements/1.1/">
        <dc:title>DPMS Target Red Hat 6</dc:title>
        <dc:subject>Red Hat 6</dc:subject>
        <dc:publisher>DISA FSO</dc:publisher>
        <dc:type>DPMS Target</dc:type>
        <dc:identifier>2367</dc:identifier>
      </reference>
      <ident system="http://cce.mitre.org">CCE-27283-1</ident>
      <ident system="http://iase.disa.mil/cci">CCI-000795</ident>
      <fixtext xmlns:xhtml="http://www.w3.org/1999/xhtml" xml:lang="en" override="false" fixref="F-43643r2_fix">To specify the number of days after a password expires (which signifies inactivity) until an account is permanently disabled, add or correct the following lines in "/etc/default/useradd", substituting "[NUM_DAYS]" appropriately: 

INACTIVE=[NUM_DAYS]

A value of 35 is recommended. If a password is currently on the verge of expiration, then 35 days remain until the account is automatically disabled. However, if the password will not expire for another 60 days, then 95 days could elapse until the account would be automatically disabled. See the "useradd" man page for more information. Determining the inactivity timeout must be done with careful consideration of the length of a "normal" period of inactivity for users in the particular environment. Setting the timeout too low incurs support costs and also has the potential to impact availability of the system to legitimate users.</fixtext>
      <fix xmlns:xhtml="http://www.w3.org/1999/xhtml" id="F-43643r2_fix"/>
      <check system="http://oval.mitre.org/XMLSchema/oval-definitions-5">
        <check-export export-name="oval:mil.disa.fso.redhat.rhel6:var:2115" value-id="var_account_disable_post_pw_expiration"/>
        <check-content-ref name="oval:mil.disa.fso.redhat.rhel6:def:3054" href="U_RedHat_6_V1R6_STIG_SCAP_1-1_Benchmark-oval.xml"/>
      </check>
    </Rule>
  </Group>
  <Group id="V-38697">
    <title xmlns:xhtml="http://www.w3.org/1999/xhtml" xml:lang="en">SRG-OS-999999</title>
    <description xmlns:xhtml="http://www.w3.org/1999/xhtml" xml:lang="en">&lt;GroupDescription&gt;&lt;/GroupDescription&gt;</description>
    <Rule id="SV-50498r2_rule" selected="true" weight="10.000000" severity="low">
      <version>RHEL-06-000336</version>
      <title xmlns:xhtml="http://www.w3.org/1999/xhtml" xml:lang="en">The sticky bit must be set on all public directories.</title>
      <description xmlns:xhtml="http://www.w3.org/1999/xhtml" xml:lang="en">&lt;VulnDiscussion&gt;Failing to set the sticky bit on public directories allows unauthorized users to delete files in the directory structure. 

The only authorized public directories are those temporary directories supplied with the system, or those designed to be temporary file repositories. The setting is normally reserved for directories used by the system, and by users for temporary file storage - such as /tmp - and for directories requiring global read/write access.&lt;/VulnDiscussion&gt;&lt;FalsePositives&gt;&lt;/FalsePositives&gt;&lt;FalseNegatives&gt;&lt;/FalseNegatives&gt;&lt;Documentable&gt;false&lt;/Documentable&gt;&lt;Mitigations&gt;&lt;/Mitigations&gt;&lt;SeverityOverrideGuidance&gt;&lt;/SeverityOverrideGuidance&gt;&lt;PotentialImpacts&gt;&lt;/PotentialImpacts&gt;&lt;ThirdPartyTools&gt;&lt;/ThirdPartyTools&gt;&lt;MitigationControl&gt;&lt;/MitigationControl&gt;&lt;Responsibility&gt;&lt;/Responsibility&gt;&lt;IAControls&gt;&lt;/IAControls&gt;</description>
      <reference xmlns:dc="http://purl.org/dc/elements/1.1/">
        <dc:title>DPMS Target Red Hat 6</dc:title>
        <dc:subject>Red Hat 6</dc:subject>
        <dc:publisher>DISA FSO</dc:publisher>
        <dc:type>DPMS Target</dc:type>
        <dc:identifier>2367</dc:identifier>
      </reference>
      <ident system="http://cce.mitre.org">CCE-26840-9</ident>
      <ident system="http://iase.disa.mil/cci">CCI-000366</ident>
      <fixtext xmlns:xhtml="http://www.w3.org/1999/xhtml" xml:lang="en" override="false" fixref="F-43646r1_fix">When the so-called 'sticky bit' is set on a directory, only the owner of a given file may remove that file from the directory. Without the sticky bit, any user with write access to a directory may remove any file in the directory. Setting the sticky bit prevents users from removing each other's files. In cases where there is no reason for a directory to be world-writable, a better solution is to remove that permission rather than to set the sticky bit. However, if a directory is used by a particular application, consult that application's documentation instead of blindly changing modes. 
To set the sticky bit on a world-writable directory [DIR], run the following command: 

# chmod +t [DIR]</fixtext>
      <fix xmlns:xhtml="http://www.w3.org/1999/xhtml" id="F-43646r1_fix"/>
      <check system="http://oval.mitre.org/XMLSchema/oval-definitions-5">
        <check-content-ref name="oval:mil.disa.fso.redhat.rhel6:def:570" href="U_RedHat_6_V1R6_STIG_SCAP_1-1_Benchmark-oval.xml"/>
      </check>
    </Rule>
  </Group>
  <Group id="V-38699">
    <title xmlns:xhtml="http://www.w3.org/1999/xhtml" xml:lang="en">SRG-OS-999999</title>
    <description xmlns:xhtml="http://www.w3.org/1999/xhtml" xml:lang="en">&lt;GroupDescription&gt;&lt;/GroupDescription&gt;</description>
    <Rule id="SV-50500r2_rule" selected="true" weight="10.000000" severity="low">
      <version>RHEL-06-000337</version>
      <title xmlns:xhtml="http://www.w3.org/1999/xhtml" xml:lang="en">All public directories must be owned by a system account.</title>
      <description xmlns:xhtml="http://www.w3.org/1999/xhtml" xml:lang="en">&lt;VulnDiscussion&gt;Allowing a user account to own a world-writable directory is undesirable because it allows the owner of that directory to remove or replace any files that may be placed in the directory by other users.&lt;/VulnDiscussion&gt;&lt;FalsePositives&gt;&lt;/FalsePositives&gt;&lt;FalseNegatives&gt;&lt;/FalseNegatives&gt;&lt;Documentable&gt;false&lt;/Documentable&gt;&lt;Mitigations&gt;&lt;/Mitigations&gt;&lt;SeverityOverrideGuidance&gt;&lt;/SeverityOverrideGuidance&gt;&lt;PotentialImpacts&gt;&lt;/PotentialImpacts&gt;&lt;ThirdPartyTools&gt;&lt;/ThirdPartyTools&gt;&lt;MitigationControl&gt;&lt;/MitigationControl&gt;&lt;Responsibility&gt;&lt;/Responsibility&gt;&lt;IAControls&gt;&lt;/IAControls&gt;</description>
      <reference xmlns:dc="http://purl.org/dc/elements/1.1/">
        <dc:title>DPMS Target Red Hat 6</dc:title>
        <dc:subject>Red Hat 6</dc:subject>
        <dc:publisher>DISA FSO</dc:publisher>
        <dc:type>DPMS Target</dc:type>
        <dc:identifier>2367</dc:identifier>
      </reference>
      <ident system="http://cce.mitre.org">CCE-26642-9</ident>
      <ident system="http://iase.disa.mil/cci">CCI-000366</ident>
      <fixtext xmlns:xhtml="http://www.w3.org/1999/xhtml" xml:lang="en" override="false" fixref="F-43648r1_fix">All directories in local partitions which are world-writable should be owned by root or another system account. If any world-writable directories are not owned by a system account, this should be investigated. Following this, the files should be deleted or assigned to an appropriate group.</fixtext>
      <fix xmlns:xhtml="http://www.w3.org/1999/xhtml" id="F-43648r1_fix"/>
      <check system="http://oval.mitre.org/XMLSchema/oval-definitions-5">
        <check-content-ref name="oval:mil.disa.fso.redhat.rhel6:def:194" href="U_RedHat_6_V1R6_STIG_SCAP_1-1_Benchmark-oval.xml"/>
      </check>
    </Rule>
  </Group>
  <Group id="V-38701">
    <title xmlns:xhtml="http://www.w3.org/1999/xhtml" xml:lang="en">SRG-OS-999999</title>
    <description xmlns:xhtml="http://www.w3.org/1999/xhtml" xml:lang="en">&lt;GroupDescription&gt;&lt;/GroupDescription&gt;</description>
    <Rule id="SV-50502r1_rule" selected="true" weight="10.000000" severity="high">
      <version>RHEL-06-000338</version>
      <title xmlns:xhtml="http://www.w3.org/1999/xhtml" xml:lang="en">The TFTP daemon must operate in secure mode which provides access only to a single directory on the host file system.</title>
      <description xmlns:xhtml="http://www.w3.org/1999/xhtml" xml:lang="en">&lt;VulnDiscussion&gt;Using the "-s" option causes the TFTP service to only serve files from the given directory. Serving files from an intentionally specified directory reduces the risk of sharing files which should remain private.&lt;/VulnDiscussion&gt;&lt;FalsePositives&gt;&lt;/FalsePositives&gt;&lt;FalseNegatives&gt;&lt;/FalseNegatives&gt;&lt;Documentable&gt;false&lt;/Documentable&gt;&lt;Mitigations&gt;&lt;/Mitigations&gt;&lt;SeverityOverrideGuidance&gt;&lt;/SeverityOverrideGuidance&gt;&lt;PotentialImpacts&gt;&lt;/PotentialImpacts&gt;&lt;ThirdPartyTools&gt;&lt;/ThirdPartyTools&gt;&lt;MitigationControl&gt;&lt;/MitigationControl&gt;&lt;Responsibility&gt;&lt;/Responsibility&gt;&lt;IAControls&gt;&lt;/IAControls&gt;</description>
      <reference xmlns:dc="http://purl.org/dc/elements/1.1/">
        <dc:title>DPMS Target Red Hat 6</dc:title>
        <dc:subject>Red Hat 6</dc:subject>
        <dc:publisher>DISA FSO</dc:publisher>
        <dc:type>DPMS Target</dc:type>
        <dc:identifier>2367</dc:identifier>
      </reference>
      <ident system="http://cce.mitre.org">CCE-27272-4</ident>
      <ident system="http://iase.disa.mil/cci">CCI-000366</ident>
      <fixtext xmlns:xhtml="http://www.w3.org/1999/xhtml" xml:lang="en" override="false" fixref="F-43650r1_fix">If running the "tftp" service is necessary, it should be configured to change its root directory at startup. To do so, ensure "/etc/xinetd.d/tftp" includes "-s" as a command line argument, as shown in the following example (which is also the default): 

server_args = -s /var/lib/tftpboot</fixtext>
      <fix xmlns:xhtml="http://www.w3.org/1999/xhtml" id="F-43650r1_fix"/>
      <check system="http://oval.mitre.org/XMLSchema/oval-definitions-5">
        <check-content-ref name="oval:mil.disa.fso.redhat.rhel6:def:1049" href="U_RedHat_6_V1R6_STIG_SCAP_1-1_Benchmark-oval.xml"/>
      </check>
    </Rule>
  </Group>
  <Group id="V-51337">
    <title xmlns:xhtml="http://www.w3.org/1999/xhtml" xml:lang="en">SRG-OS-999999</title>
    <description xmlns:xhtml="http://www.w3.org/1999/xhtml" xml:lang="en">&lt;GroupDescription&gt;&lt;/GroupDescription&gt;</description>
    <Rule id="SV-65547r1_rule" selected="true" weight="10.000000" severity="medium">
      <version>RHEL-06-000017</version>
      <title xmlns:xhtml="http://www.w3.org/1999/xhtml" xml:lang="en">The system must use a Linux Security Module at boot time.</title>
      <description xmlns:xhtml="http://www.w3.org/1999/xhtml" xml:lang="en">&lt;VulnDiscussion&gt;Disabling a major host protection feature, such as SELinux, at boot time prevents it from confining system services at boot time. Further, it increases the chances that it will remain off during system operation.&lt;/VulnDiscussion&gt;&lt;FalsePositives&gt;&lt;/FalsePositives&gt;&lt;FalseNegatives&gt;&lt;/FalseNegatives&gt;&lt;Documentable&gt;false&lt;/Documentable&gt;&lt;Mitigations&gt;&lt;/Mitigations&gt;&lt;SeverityOverrideGuidance&gt;&lt;/SeverityOverrideGuidance&gt;&lt;PotentialImpacts&gt;&lt;/PotentialImpacts&gt;&lt;ThirdPartyTools&gt;&lt;/ThirdPartyTools&gt;&lt;MitigationControl&gt;&lt;/MitigationControl&gt;&lt;Responsibility&gt;&lt;/Responsibility&gt;&lt;IAControls&gt;&lt;/IAControls&gt;</description>
      <reference xmlns:dc="http://purl.org/dc/elements/1.1/">
        <dc:title>DPMS Target Red Hat 6</dc:title>
        <dc:subject>Red Hat 6</dc:subject>
        <dc:publisher>DISA FSO</dc:publisher>
        <dc:type>DPMS Target</dc:type>
        <dc:identifier>2367</dc:identifier>
      </reference>
      <ident system="http://cce.mitre.org">CCE-26956-3</ident>
      <ident system="http://iase.disa.mil/cci">CCI-000366</ident>
      <fixtext xmlns:xhtml="http://www.w3.org/1999/xhtml" xml:lang="en" override="false" fixref="F-56147r1_fix">SELinux can be disabled at boot time by an argument in "/etc/grub.conf". Remove any instances of "selinux=0" from the kernel arguments in that file to prevent SELinux from being disabled at boot.</fixtext>
      <fix xmlns:xhtml="http://www.w3.org/1999/xhtml" id="F-56147r1_fix"/>
      <check system="http://oval.mitre.org/XMLSchema/oval-definitions-5">
        <check-content-ref name="oval:mil.disa.fso.redhat.rhel6:def:3446" href="U_RedHat_6_V1R6_STIG_SCAP_1-1_Benchmark-oval.xml"/>
      </check>
    </Rule>
  </Group>
  <Group id="V-51363">
    <title xmlns:xhtml="http://www.w3.org/1999/xhtml" xml:lang="en">SRG-OS-999999</title>
    <description xmlns:xhtml="http://www.w3.org/1999/xhtml" xml:lang="en">&lt;GroupDescription&gt;&lt;/GroupDescription&gt;</description>
    <Rule id="SV-65573r1_rule" selected="true" weight="10.000000" severity="medium">
      <version>RHEL-06-000020</version>
      <title xmlns:xhtml="http://www.w3.org/1999/xhtml" xml:lang="en">The system must use a Linux Security Module configured to enforce limits on system services.</title>
      <description xmlns:xhtml="http://www.w3.org/1999/xhtml" xml:lang="en">&lt;VulnDiscussion&gt;Setting the SELinux state to enforcing ensures SELinux is able to confine potentially compromised processes to the security policy, which is designed to prevent them from causing damage to the system or further elevating their privileges. &lt;/VulnDiscussion&gt;&lt;FalsePositives&gt;&lt;/FalsePositives&gt;&lt;FalseNegatives&gt;&lt;/FalseNegatives&gt;&lt;Documentable&gt;false&lt;/Documentable&gt;&lt;Mitigations&gt;&lt;/Mitigations&gt;&lt;SeverityOverrideGuidance&gt;&lt;/SeverityOverrideGuidance&gt;&lt;PotentialImpacts&gt;&lt;/PotentialImpacts&gt;&lt;ThirdPartyTools&gt;&lt;/ThirdPartyTools&gt;&lt;MitigationControl&gt;&lt;/MitigationControl&gt;&lt;Responsibility&gt;&lt;/Responsibility&gt;&lt;IAControls&gt;&lt;/IAControls&gt;</description>
      <reference xmlns:dc="http://purl.org/dc/elements/1.1/">
        <dc:title>DPMS Target Red Hat 6</dc:title>
        <dc:subject>Red Hat 6</dc:subject>
        <dc:publisher>DISA FSO</dc:publisher>
        <dc:type>DPMS Target</dc:type>
        <dc:identifier>2367</dc:identifier>
      </reference>
      <ident system="http://cce.mitre.org">CCE-26969-6</ident>
      <ident system="http://iase.disa.mil/cci">CCI-000366</ident>
      <fixtext xmlns:xhtml="http://www.w3.org/1999/xhtml" xml:lang="en" override="false" fixref="F-56165r1_fix">The SELinux state should be set to "enforcing" at system boot time. In the file "/etc/selinux/config", add or correct the following line to configure the system to boot into enforcing mode:

SELINUX=enforcing</fixtext>
      <fix xmlns:xhtml="http://www.w3.org/1999/xhtml" id="F-56165r1_fix"/>
      <check system="http://oval.mitre.org/XMLSchema/oval-definitions-5">
        <check-export export-name="oval:mil.disa.fso.redhat.rhel6:var:3267" value-id="var_selinux_state"/>
        <check-content-ref name="oval:mil.disa.fso.redhat.rhel6:def:3032" href="U_RedHat_6_V1R6_STIG_SCAP_1-1_Benchmark-oval.xml"/>
      </check>
    </Rule>
  </Group>
  <Group id="V-51369">
    <title xmlns:xhtml="http://www.w3.org/1999/xhtml" xml:lang="en">SRG-OS-999999</title>
    <description xmlns:xhtml="http://www.w3.org/1999/xhtml" xml:lang="en">&lt;GroupDescription&gt;&lt;/GroupDescription&gt;</description>
    <Rule id="SV-65579r1_rule" selected="true" weight="10.000000" severity="low">
      <version>RHEL-06-000023</version>
      <title xmlns:xhtml="http://www.w3.org/1999/xhtml" xml:lang="en">The system must use a Linux Security Module configured to limit the privileges of system services.</title>
      <description xmlns:xhtml="http://www.w3.org/1999/xhtml" xml:lang="en">&lt;VulnDiscussion&gt;Setting the SELinux policy to "targeted" or a more specialized policy ensures the system will confine processes that are likely to be targeted for exploitation, such as network or system services. &lt;/VulnDiscussion&gt;&lt;FalsePositives&gt;&lt;/FalsePositives&gt;&lt;FalseNegatives&gt;&lt;/FalseNegatives&gt;&lt;Documentable&gt;false&lt;/Documentable&gt;&lt;Mitigations&gt;&lt;/Mitigations&gt;&lt;SeverityOverrideGuidance&gt;&lt;/SeverityOverrideGuidance&gt;&lt;PotentialImpacts&gt;&lt;/PotentialImpacts&gt;&lt;ThirdPartyTools&gt;&lt;/ThirdPartyTools&gt;&lt;MitigationControl&gt;&lt;/MitigationControl&gt;&lt;Responsibility&gt;&lt;/Responsibility&gt;&lt;IAControls&gt;&lt;/IAControls&gt;</description>
      <reference xmlns:dc="http://purl.org/dc/elements/1.1/">
        <dc:title>DPMS Target Red Hat 6</dc:title>
        <dc:subject>Red Hat 6</dc:subject>
        <dc:publisher>DISA FSO</dc:publisher>
        <dc:type>DPMS Target</dc:type>
        <dc:identifier>2367</dc:identifier>
      </reference>
      <ident system="http://cce.mitre.org">CCE-26875-5</ident>
      <ident system="http://iase.disa.mil/cci">CCI-000366</ident>
      <fixtext xmlns:xhtml="http://www.w3.org/1999/xhtml" xml:lang="en" override="false" fixref="F-56171r1_fix">The SELinux "targeted" policy is appropriate for general-purpose desktops and servers, as well as systems in many other roles. To configure the system to use this policy, add or correct the following line in "/etc/selinux/config":

SELINUXTYPE=targeted

Other policies, such as "mls", provide additional security labeling and greater confinement but are not compatible with many general-purpose use cases.</fixtext>
      <fix xmlns:xhtml="http://www.w3.org/1999/xhtml" id="F-56171r1_fix"/>
      <check system="http://oval.mitre.org/XMLSchema/oval-definitions-5">
        <check-export export-name="oval:mil.disa.fso.redhat.rhel6:var:2127" value-id="var_selinux_policy_name"/>
        <check-content-ref name="oval:mil.disa.fso.redhat.rhel6:def:629" href="U_RedHat_6_V1R6_STIG_SCAP_1-1_Benchmark-oval.xml"/>
      </check>
    </Rule>
  </Group>
  <Group id="V-51875">
    <title xmlns:xhtml="http://www.w3.org/1999/xhtml" xml:lang="en">SRG-OS-999999</title>
    <description xmlns:xhtml="http://www.w3.org/1999/xhtml" xml:lang="en">&lt;GroupDescription&gt;&lt;/GroupDescription&gt;</description>
    <Rule id="SV-66089r1_rule" selected="true" weight="10.000000" severity="medium">
      <version>RHEL-06-000372</version>
      <title xmlns:xhtml="http://www.w3.org/1999/xhtml" xml:lang="en">The operating system, upon successful logon/access, must display to the user the number of unsuccessful logon/access attempts since the last successful logon/access.</title>
      <description xmlns:xhtml="http://www.w3.org/1999/xhtml" xml:lang="en">&lt;VulnDiscussion&gt;Users need to be aware of activity that occurs regarding their account. Providing users with information regarding the number of unsuccessful attempts that were made to login to their account allows the user to determine if any unauthorized activity has occurred and gives them an opportunity to notify administrators. &lt;/VulnDiscussion&gt;&lt;FalsePositives&gt;&lt;/FalsePositives&gt;&lt;FalseNegatives&gt;&lt;/FalseNegatives&gt;&lt;Documentable&gt;false&lt;/Documentable&gt;&lt;Mitigations&gt;&lt;/Mitigations&gt;&lt;SeverityOverrideGuidance&gt;&lt;/SeverityOverrideGuidance&gt;&lt;PotentialImpacts&gt;&lt;/PotentialImpacts&gt;&lt;ThirdPartyTools&gt;&lt;/ThirdPartyTools&gt;&lt;MitigationControl&gt;&lt;/MitigationControl&gt;&lt;Responsibility&gt;&lt;/Responsibility&gt;&lt;IAControls&gt;&lt;/IAControls&gt;</description>
      <reference xmlns:dc="http://purl.org/dc/elements/1.1/">
        <dc:title>DPMS Target Red Hat 6</dc:title>
        <dc:subject>Red Hat 6</dc:subject>
        <dc:publisher>DISA FSO</dc:publisher>
        <dc:type>DPMS Target</dc:type>
        <dc:identifier>2367</dc:identifier>
      </reference>
      <ident system="http://cce.mitre.org">CCE-27291-4</ident>
      <ident system="http://iase.disa.mil/cci">CCI-000366</ident>
      <fixtext xmlns:xhtml="http://www.w3.org/1999/xhtml" xml:lang="en" override="false" fixref="F-56701r1_fix">To configure the system to notify users of last logon/access using "pam_lastlog", add the following line immediately after "session required pam_limits.so":

session required pam_lastlog.so showfailed</fixtext>
      <fix xmlns:xhtml="http://www.w3.org/1999/xhtml" id="F-56701r1_fix"/>
      <check system="http://oval.mitre.org/XMLSchema/oval-definitions-5">
        <check-content-ref name="oval:mil.disa.fso.redhat.rhel6:def:867" href="U_RedHat_6_V1R6_STIG_SCAP_1-1_Benchmark-oval.xml"/>
      </check>
    </Rule>
  </Group>
  <Group id="V-54381">
    <title xmlns:xhtml="http://www.w3.org/1999/xhtml" xml:lang="en">SRG-OS-999999</title>
    <description xmlns:xhtml="http://www.w3.org/1999/xhtml" xml:lang="en">&lt;GroupDescription&gt;&lt;/GroupDescription&gt;</description>
    <Rule id="SV-68627r1_rule" selected="true" weight="10.000000" severity="medium">
      <version>RHEL-06-000163</version>
      <title xmlns:xhtml="http://www.w3.org/1999/xhtml" xml:lang="en">The audit system must switch the system to single-user mode when available audit storage volume becomes dangerously low.</title>
      <description xmlns:xhtml="http://www.w3.org/1999/xhtml" xml:lang="en">&lt;VulnDiscussion&gt;Administrators should be made aware of an inability to record audit records. If a separate partition or logical volume of adequate size is used, running low on space for audit records should never occur. &lt;/VulnDiscussion&gt;&lt;FalsePositives&gt;&lt;/FalsePositives&gt;&lt;FalseNegatives&gt;&lt;/FalseNegatives&gt;&lt;Documentable&gt;false&lt;/Documentable&gt;&lt;Mitigations&gt;&lt;/Mitigations&gt;&lt;SeverityOverrideGuidance&gt;&lt;/SeverityOverrideGuidance&gt;&lt;PotentialImpacts&gt;&lt;/PotentialImpacts&gt;&lt;ThirdPartyTools&gt;&lt;/ThirdPartyTools&gt;&lt;MitigationControl&gt;&lt;/MitigationControl&gt;&lt;Responsibility&gt;&lt;/Responsibility&gt;&lt;IAControls&gt;&lt;/IAControls&gt;</description>
      <reference xmlns:dc="http://purl.org/dc/elements/1.1/">
        <dc:title>DPMS Target Red Hat 6</dc:title>
        <dc:subject>Red Hat 6</dc:subject>
        <dc:publisher>DISA FSO</dc:publisher>
        <dc:type>DPMS Target</dc:type>
        <dc:identifier>2367</dc:identifier>
      </reference>
      <ident system="http://cce.mitre.org">CCE-27239-3</ident>
      <ident system="http://iase.disa.mil/cci">CCI-000366</ident>
      <fixtext xmlns:xhtml="http://www.w3.org/1999/xhtml" xml:lang="en" override="false" fixref="F-59235r2_fix">The "auditd" service can be configured to take an action when disk space is running low but prior to running out of space completely. Edit the file "/etc/audit/auditd.conf". Add or modify the following line, substituting [ACTION] appropriately:

admin_space_left_action = [ACTION]

Set this value to "single" to cause the system to switch to single-user mode for corrective action. Acceptable values also include "suspend" and "halt". For certain systems, the need for availability outweighs the need to log all actions, and a different setting should be determined. Details regarding all possible values for [ACTION] are described in the "auditd.conf" man page.</fixtext>
      <fix xmlns:xhtml="http://www.w3.org/1999/xhtml" id="F-59235r2_fix"/>
      <check system="http://oval.mitre.org/XMLSchema/oval-definitions-5">
        <check-export export-name="oval:mil.disa.fso.redhat.rhel6:var:2130" value-id="var_auditd_admin_space_left_action"/>
        <check-content-ref name="oval:mil.disa.fso.redhat.rhel6:def:667" href="U_RedHat_6_V1R6_STIG_SCAP_1-1_Benchmark-oval.xml"/>
      </check>
    </Rule>
  </Group>
  <TestResult id="xccdf_org.open-scap_testresult_MAC-1_Public" start-time="2015-02-11T13:54:54" end-time="2015-02-11T13:55:07">
    <benchmark href="U_RedHat_6_V1R6_STIG_SCAP_1-1_Benchmark-xccdf.xml"/>
    <title>OSCAP Scan Result</title>
    <identity authenticated="false" privileged="false">ec2-user</identity>
    <profile idref="MAC-1_Public"/>
    <target>ip-10-0-86-237</target>
    <target-address>127.0.0.1</target-address>
    <target-address>10.0.86.237</target-address>
    <target-address>0:0:0:0:0:0:0:1</target-address>
    <target-address>fe80:0:0:0:2a:fdff:fe08:737f</target-address>
    <target-facts>
      <fact name="urn:xccdf:fact:scanner:name" type="string">OpenSCAP</fact>
      <fact name="urn:xccdf:fact:scanner:version" type="string">1.0.8</fact>
      <fact name="urn:xccdf:fact:ethernet:MAC" type="string">00:00:00:00:00:00</fact>
      <fact name="urn:xccdf:fact:ethernet:MAC" type="string">02:2A:FD:08:73:7F</fact>
      <fact name="urn:xccdf:fact:ethernet:MAC" type="string">00:00:00:00:00:00</fact>
      <fact name="urn:xccdf:fact:ethernet:MAC" type="string">02:2A:FD:08:73:7F</fact>
    </target-facts>
    <platform idref="cpe:/o:redhat:enterprise_linux:6"/>
    <rule-result idref="SV-50237r1_rule" time="2015-02-11T13:54:56" severity="low" version="RHEL-06-000526" weight="10.000000">
      <result>fail</result>
      <ident system="http://cce.mitre.org">CCE-26976-1</ident>
      <ident system="http://iase.disa.mil/cci">CCI-000366</ident>
      <check system="http://oval.mitre.org/XMLSchema/oval-definitions-5">
        <check-content-ref name="oval:mil.disa.fso.redhat.rhel6:def:621" href="U_RedHat_6_V1R6_STIG_SCAP_1-1_Benchmark-oval.xml"/>
      </check>
    </rule-result>
    <rule-result idref="SV-50238r2_rule" time="2015-02-11T13:54:56" severity="low" version="RHEL-06-000525" weight="10.000000">
      <result>fail</result>
      <ident system="http://cce.mitre.org">CCE-26785-6</ident>
      <ident system="http://iase.disa.mil/cci">CCI-000169</ident>
      <check system="http://oval.mitre.org/XMLSchema/oval-definitions-5">
        <check-content-ref name="oval:mil.disa.fso.redhat.rhel6:def:159" href="U_RedHat_6_V1R6_STIG_SCAP_1-1_Benchmark-oval.xml"/>
      </check>
    </rule-result>
    <rule-result idref="SV-50243r1_rule" time="2015-02-11T13:54:56" severity="medium" version="RHEL-06-000036" weight="10.000000">
      <result>pass</result>
      <ident system="http://cce.mitre.org">CCE-27026-4</ident>
      <ident system="http://iase.disa.mil/cci">CCI-000366</ident>
      <check system="http://oval.mitre.org/XMLSchema/oval-definitions-5">
        <check-content-ref name="oval:mil.disa.fso.redhat.rhel6:def:1012" href="U_RedHat_6_V1R6_STIG_SCAP_1-1_Benchmark-oval.xml"/>
      </check>
    </rule-result>
    <rule-result idref="SV-50248r1_rule" time="2015-02-11T13:54:56" severity="medium" version="RHEL-06-000037" weight="10.000000">
      <result>pass</result>
      <ident system="http://cce.mitre.org">CCE-26975-3</ident>
      <ident system="http://iase.disa.mil/cci">CCI-000366</ident>
      <check system="http://oval.mitre.org/XMLSchema/oval-definitions-5">
        <check-content-ref name="oval:mil.disa.fso.redhat.rhel6:def:739" href="U_RedHat_6_V1R6_STIG_SCAP_1-1_Benchmark-oval.xml"/>
      </check>
    </rule-result>
    <rule-result idref="SV-50249r1_rule" time="2015-02-11T13:54:56" severity="medium" version="RHEL-06-000038" weight="10.000000">
      <result>pass</result>
      <ident system="http://cce.mitre.org">CCE-26951-4</ident>
      <ident system="http://iase.disa.mil/cci">CCI-000366</ident>
      <check system="http://oval.mitre.org/XMLSchema/oval-definitions-5">
        <check-content-ref name="oval:mil.disa.fso.redhat.rhel6:def:727" href="U_RedHat_6_V1R6_STIG_SCAP_1-1_Benchmark-oval.xml"/>
      </check>
    </rule-result>
    <rule-result idref="SV-50250r1_rule" time="2015-02-11T13:54:56" severity="medium" version="RHEL-06-000039" weight="10.000000">
      <result>pass</result>
      <ident system="http://cce.mitre.org">CCE-26953-0</ident>
      <ident system="http://iase.disa.mil/cci">CCI-000366</ident>
      <check system="http://oval.mitre.org/XMLSchema/oval-definitions-5">
        <check-content-ref name="oval:mil.disa.fso.redhat.rhel6:def:554" href="U_RedHat_6_V1R6_STIG_SCAP_1-1_Benchmark-oval.xml"/>
      </check>
    </rule-result>
    <rule-result idref="SV-50251r1_rule" time="2015-02-11T13:54:56" severity="medium" version="RHEL-06-000040" weight="10.000000">
      <result>pass</result>
      <ident system="http://cce.mitre.org">CCE-26856-5</ident>
      <ident system="http://iase.disa.mil/cci">CCI-000366</ident>
      <check system="http://oval.mitre.org/XMLSchema/oval-definitions-5">
        <check-content-ref name="oval:mil.disa.fso.redhat.rhel6:def:969" href="U_RedHat_6_V1R6_STIG_SCAP_1-1_Benchmark-oval.xml"/>
      </check>
    </rule-result>
    <rule-result idref="SV-50255r1_rule" time="2015-02-11T13:54:56" severity="low" version="RHEL-06-000001" weight="10.000000">
      <result>fail</result>
      <ident system="http://cce.mitre.org">CCE-26435-8</ident>
      <ident system="http://iase.disa.mil/cci">CCI-000366</ident>
      <check system="http://oval.mitre.org/XMLSchema/oval-definitions-5">
        <check-content-ref name="oval:mil.disa.fso.redhat.rhel6:def:1183" href="U_RedHat_6_V1R6_STIG_SCAP_1-1_Benchmark-oval.xml"/>
      </check>
    </rule-result>
    <rule-result idref="SV-50256r1_rule" time="2015-02-11T13:54:56" severity="low" version="RHEL-06-000002" weight="10.000000">
      <result>fail</result>
      <ident system="http://cce.mitre.org">CCE-26639-5</ident>
      <ident system="http://iase.disa.mil/cci">CCI-000366</ident>
      <check system="http://oval.mitre.org/XMLSchema/oval-definitions-5">
        <check-content-ref name="oval:mil.disa.fso.redhat.rhel6:def:161" href="U_RedHat_6_V1R6_STIG_SCAP_1-1_Benchmark-oval.xml"/>
      </check>
    </rule-result>
    <rule-result idref="SV-50257r1_rule" time="2015-02-11T13:54:56" severity="medium" version="RHEL-06-000041" weight="10.000000">
      <result>pass</result>
      <ident system="http://cce.mitre.org">CCE-26868-0</ident>
      <ident system="http://iase.disa.mil/cci">CCI-000366</ident>
      <check system="http://oval.mitre.org/XMLSchema/oval-definitions-5">
        <check-content-ref name="oval:mil.disa.fso.redhat.rhel6:def:1181" href="U_RedHat_6_V1R6_STIG_SCAP_1-1_Benchmark-oval.xml"/>
      </check>
    </rule-result>
    <rule-result idref="SV-50258r1_rule" time="2015-02-11T13:54:56" severity="medium" version="RHEL-06-000042" weight="10.000000">
      <result>pass</result>
      <ident system="http://cce.mitre.org">CCE-26822-7</ident>
      <ident system="http://iase.disa.mil/cci">CCI-000366</ident>
      <check system="http://oval.mitre.org/XMLSchema/oval-definitions-5">
        <check-content-ref name="oval:mil.disa.fso.redhat.rhel6:def:1177" href="U_RedHat_6_V1R6_STIG_SCAP_1-1_Benchmark-oval.xml"/>
      </check>
    </rule-result>
    <rule-result idref="SV-50259r1_rule" time="2015-02-11T13:54:56" severity="medium" version="RHEL-06-000043" weight="10.000000">
      <result>pass</result>
      <ident system="http://cce.mitre.org">CCE-26930-8</ident>
      <ident system="http://iase.disa.mil/cci">CCI-000366</ident>
      <check system="http://oval.mitre.org/XMLSchema/oval-definitions-5">
        <check-content-ref name="oval:mil.disa.fso.redhat.rhel6:def:325" href="U_RedHat_6_V1R6_STIG_SCAP_1-1_Benchmark-oval.xml"/>
      </check>
    </rule-result>
    <rule-result idref="SV-50261r1_rule" time="2015-02-11T13:54:56" severity="medium" version="RHEL-06-000044" weight="10.000000">
      <result>pass</result>
      <ident system="http://cce.mitre.org">CCE-26954-8</ident>
      <ident system="http://iase.disa.mil/cci">CCI-000366</ident>
      <check system="http://oval.mitre.org/XMLSchema/oval-definitions-5">
        <check-content-ref name="oval:mil.disa.fso.redhat.rhel6:def:1030" href="U_RedHat_6_V1R6_STIG_SCAP_1-1_Benchmark-oval.xml"/>
      </check>
    </rule-result>
    <rule-result idref="SV-50263r1_rule" time="2015-02-11T13:54:56" severity="low" version="RHEL-06-000003" weight="10.000000">
      <result>fail</result>
      <ident system="http://cce.mitre.org">CCE-26215-4</ident>
      <ident system="http://iase.disa.mil/cci">CCI-000366</ident>
      <check system="http://oval.mitre.org/XMLSchema/oval-definitions-5">
        <check-content-ref name="oval:mil.disa.fso.redhat.rhel6:def:497" href="U_RedHat_6_V1R6_STIG_SCAP_1-1_Benchmark-oval.xml"/>
      </check>
    </rule-result>
    <rule-result idref="SV-50266r1_rule" time="2015-02-11T13:54:59" severity="medium" version="RHEL-06-000046" weight="10.000000">
      <result>pass</result>
      <ident system="http://cce.mitre.org">CCE-27424-1</ident>
      <ident system="http://iase.disa.mil/cci">CCI-001499</ident>
      <check system="http://oval.mitre.org/XMLSchema/oval-definitions-5">
        <check-content-ref name="oval:mil.disa.fso.redhat.rhel6:def:893" href="U_RedHat_6_V1R6_STIG_SCAP_1-1_Benchmark-oval.xml"/>
      </check>
    </rule-result>
    <rule-result idref="SV-50267r1_rule" time="2015-02-11T13:54:59" severity="low" version="RHEL-06-000004" weight="10.000000">
      <result>fail</result>
      <ident system="http://cce.mitre.org">CCE-26436-6</ident>
      <ident system="http://iase.disa.mil/cci">CCI-000137</ident>
      <check system="http://oval.mitre.org/XMLSchema/oval-definitions-5">
        <check-content-ref name="oval:mil.disa.fso.redhat.rhel6:def:1042" href="U_RedHat_6_V1R6_STIG_SCAP_1-1_Benchmark-oval.xml"/>
      </check>
    </rule-result>
    <rule-result idref="SV-50269r2_rule" time="2015-02-11T13:55:00" severity="medium" version="RHEL-06-000047" weight="10.000000">
      <result>pass</result>
      <ident system="http://cce.mitre.org">CCE-27289-8</ident>
      <ident system="http://iase.disa.mil/cci">CCI-001499</ident>
      <check system="http://oval.mitre.org/XMLSchema/oval-definitions-5">
        <check-content-ref name="oval:mil.disa.fso.redhat.rhel6:def:3055" href="U_RedHat_6_V1R6_STIG_SCAP_1-1_Benchmark-oval.xml"/>
      </check>
    </rule-result>
    <rule-result idref="SV-50270r2_rule" time="2015-02-11T13:55:00" severity="medium" version="RHEL-06-000005" weight="10.000000">
      <result>fail</result>
      <ident system="http://cce.mitre.org">CCE-27238-5</ident>
      <ident system="http://iase.disa.mil/cci">CCI-000138</ident>
      <check system="http://oval.mitre.org/XMLSchema/oval-definitions-5">
        <check-export export-name="oval:mil.disa.fso.redhat.rhel6:var:2135" value-id="var_auditd_space_left_action"/>
        <check-content-ref name="oval:mil.disa.fso.redhat.rhel6:def:865" href="U_RedHat_6_V1R6_STIG_SCAP_1-1_Benchmark-oval.xml"/>
      </check>
    </rule-result>
    <rule-result idref="SV-50272r1_rule" time="2015-02-11T13:55:00" severity="medium" version="RHEL-06-000048" weight="10.000000">
      <result>pass</result>
      <ident system="http://cce.mitre.org">CCE-27623-8</ident>
      <ident system="http://iase.disa.mil/cci">CCI-001499</ident>
      <check system="http://oval.mitre.org/XMLSchema/oval-definitions-5">
        <check-content-ref name="oval:mil.disa.fso.redhat.rhel6:def:3090" href="U_RedHat_6_V1R6_STIG_SCAP_1-1_Benchmark-oval.xml"/>
      </check>
    </rule-result>
    <rule-result idref="SV-50273r1_rule" time="2015-02-11T13:55:00" severity="low" version="RHEL-06-000007" weight="10.000000">
      <result>fail</result>
      <ident system="http://cce.mitre.org">CCE-26557-9</ident>
      <ident system="http://iase.disa.mil/cci">CCI-000366</ident>
      <check system="http://oval.mitre.org/XMLSchema/oval-definitions-5">
        <check-content-ref name="oval:mil.disa.fso.redhat.rhel6:def:939" href="U_RedHat_6_V1R6_STIG_SCAP_1-1_Benchmark-oval.xml"/>
      </check>
    </rule-result>
    <rule-result idref="SV-50275r1_rule" time="2015-02-11T13:55:00" severity="medium" version="RHEL-06-000050" weight="10.000000">
      <result>fail</result>
      <ident system="http://cce.mitre.org">CCE-27002-5</ident>
      <ident system="http://iase.disa.mil/cci">CCI-000205</ident>
      <check system="http://oval.mitre.org/XMLSchema/oval-definitions-5">
        <check-export export-name="oval:mil.disa.fso.redhat.rhel6:var:3268" value-id="var_accounts_password_minlen_login_defs"/>
        <check-content-ref name="oval:mil.disa.fso.redhat.rhel6:def:445" href="U_RedHat_6_V1R6_STIG_SCAP_1-1_Benchmark-oval.xml"/>
      </check>
    </rule-result>
    <rule-result idref="SV-50277r1_rule" time="2015-02-11T13:55:00" severity="medium" version="RHEL-06-000051" weight="10.000000">
      <result>fail</result>
      <ident system="http://cce.mitre.org">CCE-27013-2</ident>
      <ident system="http://iase.disa.mil/cci">CCI-000198</ident>
      <check system="http://oval.mitre.org/XMLSchema/oval-definitions-5">
        <check-export export-name="oval:mil.disa.fso.redhat.rhel6:var:3269" value-id="var_accounts_minimum_age_login_defs"/>
        <check-content-ref name="oval:mil.disa.fso.redhat.rhel6:def:525" href="U_RedHat_6_V1R6_STIG_SCAP_1-1_Benchmark-oval.xml"/>
      </check>
    </rule-result>
    <rule-result idref="SV-50278r2_rule" time="2015-02-11T13:55:00" severity="low" version="RHEL-06-000009" weight="10.000000">
      <result>fail</result>
      <ident system="http://cce.mitre.org">CCE-26846-6</ident>
      <ident system="http://iase.disa.mil/cci">CCI-000382</ident>
      <check system="http://oval.mitre.org/XMLSchema/oval-definitions-5">
        <check-content-ref name="oval:mil.disa.fso.redhat.rhel6:def:1095" href="U_RedHat_6_V1R6_STIG_SCAP_1-1_Benchmark-oval.xml"/>
      </check>
    </rule-result>
    <rule-result idref="SV-50279r1_rule" time="2015-02-11T13:55:00" severity="medium" version="RHEL-06-000053" weight="10.000000">
      <result>fail</result>
      <ident system="http://cce.mitre.org">CCE-26985-2</ident>
      <ident system="http://iase.disa.mil/cci">CCI-000199</ident>
      <check system="http://oval.mitre.org/XMLSchema/oval-definitions-5">
        <check-export export-name="oval:mil.disa.fso.redhat.rhel6:var:3270" value-id="var_accounts_maximum_age_login_defs"/>
        <check-content-ref name="oval:mil.disa.fso.redhat.rhel6:def:617" href="U_RedHat_6_V1R6_STIG_SCAP_1-1_Benchmark-oval.xml"/>
      </check>
    </rule-result>
    <rule-result idref="SV-50280r1_rule" time="2015-02-11T13:55:00" severity="low" version="RHEL-06-000054" weight="10.000000">
      <result>pass</result>
      <ident system="http://cce.mitre.org">CCE-26988-6</ident>
      <ident system="http://iase.disa.mil/cci">CCI-000366</ident>
      <check system="http://oval.mitre.org/XMLSchema/oval-definitions-5">
        <check-export export-name="oval:mil.disa.fso.redhat.rhel6:var:3272" value-id="var_accounts_password_warn_age_login_defs"/>
        <check-content-ref name="oval:mil.disa.fso.redhat.rhel6:def:651" href="U_RedHat_6_V1R6_STIG_SCAP_1-1_Benchmark-oval.xml"/>
      </check>
    </rule-result>
    <rule-result idref="SV-50282r1_rule" time="2015-02-11T13:55:00" severity="low" version="RHEL-06-000056" weight="10.000000">
      <result>fail</result>
      <ident system="http://cce.mitre.org">CCE-26374-9</ident>
      <ident system="http://iase.disa.mil/cci">CCI-000194</ident>
      <check system="http://oval.mitre.org/XMLSchema/oval-definitions-5">
        <check-export export-name="oval:mil.disa.fso.redhat.rhel6:var:2118" value-id="var_password_pam_cracklib_dcredit"/>
        <check-content-ref name="oval:mil.disa.fso.redhat.rhel6:def:453" href="U_RedHat_6_V1R6_STIG_SCAP_1-1_Benchmark-oval.xml"/>
      </check>
    </rule-result>
    <rule-result idref="SV-50283r1_rule" time="2015-02-11T13:55:00" severity="medium" version="RHEL-06-000013" weight="10.000000">
      <result>pass</result>
      <ident system="http://cce.mitre.org">CCE-26709-6</ident>
      <ident system="http://iase.disa.mil/cci">CCI-000663</ident>
      <check system="http://oval.mitre.org/XMLSchema/oval-definitions-5">
        <check-content-ref name="oval:mil.disa.fso.redhat.rhel6:def:937" href="U_RedHat_6_V1R6_STIG_SCAP_1-1_Benchmark-oval.xml"/>
      </check>
    </rule-result>
    <rule-result idref="SV-50288r1_rule" time="2015-02-11T13:55:00" severity="low" version="RHEL-06-000015" weight="10.000000">
      <result>pass</result>
      <ident system="http://cce.mitre.org">CCE-26647-8</ident>
      <ident system="http://iase.disa.mil/cci">CCI-000663</ident>
      <check system="http://oval.mitre.org/XMLSchema/oval-definitions-5">
        <check-content-ref name="oval:mil.disa.fso.redhat.rhel6:def:3042" href="U_RedHat_6_V1R6_STIG_SCAP_1-1_Benchmark-oval.xml"/>
      </check>
    </rule-result>
    <rule-result idref="SV-50290r1_rule" time="2015-02-11T13:55:00" severity="medium" version="RHEL-06-000016" weight="10.000000">
      <result>fail</result>
      <ident system="http://cce.mitre.org">CCE-27024-9</ident>
      <ident system="http://iase.disa.mil/cci">CCI-001069</ident>
      <check system="http://oval.mitre.org/XMLSchema/oval-definitions-5">
        <check-content-ref name="oval:mil.disa.fso.redhat.rhel6:def:971" href="U_RedHat_6_V1R6_STIG_SCAP_1-1_Benchmark-oval.xml"/>
      </check>
    </rule-result>
    <rule-result idref="SV-50291r2_rule" time="2015-02-11T13:55:00" severity="medium" version="RHEL-06-000503" weight="10.000000">
      <result>fail</result>
      <ident system="http://cce.mitre.org">CCE-27016-5</ident>
      <check system="http://oval.mitre.org/XMLSchema/oval-definitions-5">
        <check-content-ref name="oval:mil.disa.fso.redhat.rhel6:def:960" href="U_RedHat_6_V1R6_STIG_SCAP_1-1_Benchmark-oval.xml"/>
      </check>
    </rule-result>
    <rule-result idref="SV-50292r1_rule" time="2015-02-11T13:55:00" severity="high" version="RHEL-06-000019" weight="10.000000">
      <result>pass</result>
      <ident system="http://cce.mitre.org">CCE-27270-8</ident>
      <ident system="http://iase.disa.mil/cci">CCI-001436</ident>
      <check system="http://oval.mitre.org/XMLSchema/oval-definitions-5">
        <check-content-ref name="oval:mil.disa.fso.redhat.rhel6:def:301" href="U_RedHat_6_V1R6_STIG_SCAP_1-1_Benchmark-oval.xml"/>
      </check>
    </rule-result>
    <rule-result idref="SV-50293r1_rule" time="2015-02-11T13:55:00" severity="medium" version="RHEL-06-000027" weight="10.000000">
      <result>fail</result>
      <ident system="http://cce.mitre.org">CCE-26855-7</ident>
      <ident system="http://iase.disa.mil/cci">CCI-000770</ident>
      <check system="http://oval.mitre.org/XMLSchema/oval-definitions-5">
        <check-content-ref name="oval:mil.disa.fso.redhat.rhel6:def:644" href="U_RedHat_6_V1R6_STIG_SCAP_1-1_Benchmark-oval.xml"/>
      </check>
    </rule-result>
    <rule-result idref="SV-50295r1_rule" time="2015-02-11T13:55:00" severity="low" version="RHEL-06-000028" weight="10.000000">
      <result>fail</result>
      <ident system="http://cce.mitre.org">CCE-27047-0</ident>
      <ident system="http://iase.disa.mil/cci">CCI-000770</ident>
      <check system="http://oval.mitre.org/XMLSchema/oval-definitions-5">
        <check-content-ref name="oval:mil.disa.fso.redhat.rhel6:def:510" href="U_RedHat_6_V1R6_STIG_SCAP_1-1_Benchmark-oval.xml"/>
      </check>
    </rule-result>
    <rule-result idref="SV-50296r1_rule" time="2015-02-11T13:55:00" severity="medium" version="RHEL-06-000384" weight="10.000000">
      <result>pass</result>
      <ident system="http://cce.mitre.org">CCE-27244-3</ident>
      <ident system="http://iase.disa.mil/cci">CCI-000162</ident>
      <check system="http://oval.mitre.org/XMLSchema/oval-definitions-5">
        <check-content-ref name="oval:mil.disa.fso.redhat.rhel6:def:773" href="U_RedHat_6_V1R6_STIG_SCAP_1-1_Benchmark-oval.xml"/>
      </check>
    </rule-result>
    <rule-result idref="SV-50298r2_rule" time="2015-02-11T13:55:00" severity="high" version="RHEL-06-000030" weight="10.000000">
      <result>fail</result>
      <ident system="http://cce.mitre.org">CCE-27038-9</ident>
      <ident system="http://iase.disa.mil/cci">CCI-000366</ident>
      <check system="http://oval.mitre.org/XMLSchema/oval-definitions-5">
        <check-content-ref name="oval:mil.disa.fso.redhat.rhel6:def:2996" href="U_RedHat_6_V1R6_STIG_SCAP_1-1_Benchmark-oval.xml"/>
      </check>
    </rule-result>
    <rule-result idref="SV-50299r1_rule" time="2015-02-11T13:55:00" severity="medium" version="RHEL-06-000383" weight="10.000000">
      <result>pass</result>
      <ident system="http://cce.mitre.org">CCE-27243-5</ident>
      <ident system="http://iase.disa.mil/cci">CCI-000163</ident>
      <check system="http://oval.mitre.org/XMLSchema/oval-definitions-5">
        <check-content-ref name="oval:mil.disa.fso.redhat.rhel6:def:1143" href="U_RedHat_6_V1R6_STIG_SCAP_1-1_Benchmark-oval.xml"/>
      </check>
    </rule-result>
    <rule-result idref="SV-50300r1_rule" time="2015-02-11T13:55:00" severity="medium" version="RHEL-06-000031" weight="10.000000">
      <result>pass</result>
      <ident system="http://cce.mitre.org">CCE-26476-2</ident>
      <ident system="http://iase.disa.mil/cci">CCI-000366</ident>
      <check system="http://oval.mitre.org/XMLSchema/oval-definitions-5">
        <check-content-ref name="oval:mil.disa.fso.redhat.rhel6:def:308" href="U_RedHat_6_V1R6_STIG_SCAP_1-1_Benchmark-oval.xml"/>
      </check>
    </rule-result>
    <rule-result idref="SV-50301r2_rule" time="2015-02-11T13:55:00" severity="medium" version="RHEL-06-000032" weight="10.000000">
      <result>pass</result>
      <ident system="http://cce.mitre.org">CCE-26971-2</ident>
      <ident system="http://iase.disa.mil/cci">CCI-000366</ident>
      <check system="http://oval.mitre.org/XMLSchema/oval-definitions-5">
        <check-content-ref name="oval:mil.disa.fso.redhat.rhel6:def:926" href="U_RedHat_6_V1R6_STIG_SCAP_1-1_Benchmark-oval.xml"/>
      </check>
    </rule-result>
    <rule-result idref="SV-50302r3_rule" time="2015-02-11T13:55:00" severity="medium" version="RHEL-06-000357" weight="10.000000">
      <result>fail</result>
      <ident system="http://cce.mitre.org">CCE-27215-3</ident>
      <ident system="http://iase.disa.mil/cci">CCI-001452</ident>
      <check system="http://oval.mitre.org/XMLSchema/oval-definitions-5">
        <check-export export-name="oval:mil.disa.fso.redhat.rhel6:var:3276" value-id="var_accounts_passwords_pam_faillock_fail_interval"/>
        <check-content-ref name="oval:mil.disa.fso.redhat.rhel6:def:3126" href="U_RedHat_6_V1R6_STIG_SCAP_1-1_Benchmark-oval.xml"/>
      </check>
    </rule-result>
    <rule-result idref="SV-50303r1_rule" time="2015-02-11T13:55:00" severity="medium" version="RHEL-06-000033" weight="10.000000">
      <result>pass</result>
      <ident system="http://cce.mitre.org">CCE-26947-2</ident>
      <ident system="http://iase.disa.mil/cci">CCI-000366</ident>
      <check system="http://oval.mitre.org/XMLSchema/oval-definitions-5">
        <check-content-ref name="oval:mil.disa.fso.redhat.rhel6:def:3115" href="U_RedHat_6_V1R6_STIG_SCAP_1-1_Benchmark-oval.xml"/>
      </check>
    </rule-result>
    <rule-result idref="SV-50304r1_rule" time="2015-02-11T13:55:00" severity="medium" version="RHEL-06-000034" weight="10.000000">
      <result>pass</result>
      <ident system="http://cce.mitre.org">CCE-26967-0</ident>
      <ident system="http://iase.disa.mil/cci">CCI-000366</ident>
      <check system="http://oval.mitre.org/XMLSchema/oval-definitions-5">
        <check-content-ref name="oval:mil.disa.fso.redhat.rhel6:def:3080" href="U_RedHat_6_V1R6_STIG_SCAP_1-1_Benchmark-oval.xml"/>
      </check>
    </rule-result>
    <rule-result idref="SV-50305r1_rule" time="2015-02-11T13:55:00" severity="medium" version="RHEL-06-000035" weight="10.000000">
      <result>pass</result>
      <ident system="http://cce.mitre.org">CCE-26992-8</ident>
      <ident system="http://iase.disa.mil/cci">CCI-000366</ident>
      <check system="http://oval.mitre.org/XMLSchema/oval-definitions-5">
        <check-content-ref name="oval:mil.disa.fso.redhat.rhel6:def:781" href="U_RedHat_6_V1R6_STIG_SCAP_1-1_Benchmark-oval.xml"/>
      </check>
    </rule-result>
    <rule-result idref="SV-50312r1_rule" time="2015-02-11T13:55:00" severity="medium" version="RHEL-06-000082" weight="10.000000">
      <result>pass</result>
      <ident system="http://cce.mitre.org">CCE-26866-4</ident>
      <ident system="http://iase.disa.mil/cci">CCI-000366</ident>
      <check system="http://oval.mitre.org/XMLSchema/oval-definitions-5">
        <check-content-ref name="oval:mil.disa.fso.redhat.rhel6:def:238" href="U_RedHat_6_V1R6_STIG_SCAP_1-1_Benchmark-oval.xml"/>
      </check>
    </rule-result>
    <rule-result idref="SV-50313r2_rule" time="2015-02-11T13:55:00" severity="medium" version="RHEL-06-000117" weight="10.000000">
      <result>fail</result>
      <ident system="http://cce.mitre.org">CCE-27018-1</ident>
      <ident system="http://iase.disa.mil/cci">CCI-001100</ident>
      <check system="http://oval.mitre.org/XMLSchema/oval-definitions-5">
        <check-content-ref name="oval:mil.disa.fso.redhat.rhel6:def:828" href="U_RedHat_6_V1R6_STIG_SCAP_1-1_Benchmark-oval.xml"/>
      </check>
    </rule-result>
    <rule-result idref="SV-50314r1_rule" time="2015-02-11T13:55:00" severity="medium" version="RHEL-06-000120" weight="10.000000">
      <result>fail</result>
      <ident system="http://cce.mitre.org">CCE-26444-0</ident>
      <ident system="http://iase.disa.mil/cci">CCI-000066</ident>
      <check system="http://oval.mitre.org/XMLSchema/oval-definitions-5">
        <check-content-ref name="oval:mil.disa.fso.redhat.rhel6:def:257" href="U_RedHat_6_V1R6_STIG_SCAP_1-1_Benchmark-oval.xml"/>
      </check>
    </rule-result>
    <rule-result idref="SV-50315r2_rule" time="2015-02-11T13:55:00" severity="medium" version="RHEL-06-000124" weight="10.000000">
      <result>fail</result>
      <ident system="http://cce.mitre.org">CCE-26448-1</ident>
      <ident system="http://iase.disa.mil/cci">CCI-000382</ident>
      <check system="http://oval.mitre.org/XMLSchema/oval-definitions-5">
        <check-content-ref name="oval:mil.disa.fso.redhat.rhel6:def:746" href="U_RedHat_6_V1R6_STIG_SCAP_1-1_Benchmark-oval.xml"/>
      </check>
    </rule-result>
    <rule-result idref="SV-50316r2_rule" time="2015-02-11T13:55:00" severity="medium" version="RHEL-06-000125" weight="10.000000">
      <result>fail</result>
      <ident system="http://cce.mitre.org">CCE-26410-1</ident>
      <ident system="http://iase.disa.mil/cci">CCI-000382</ident>
      <check system="http://oval.mitre.org/XMLSchema/oval-definitions-5">
        <check-content-ref name="oval:mil.disa.fso.redhat.rhel6:def:1105" href="U_RedHat_6_V1R6_STIG_SCAP_1-1_Benchmark-oval.xml"/>
      </check>
    </rule-result>
    <rule-result idref="SV-50317r2_rule" time="2015-02-11T13:55:00" severity="low" version="RHEL-06-000126" weight="10.000000">
      <result>fail</result>
      <ident system="http://cce.mitre.org">CCE-26239-4</ident>
      <ident system="http://iase.disa.mil/cci">CCI-000382</ident>
      <check system="http://oval.mitre.org/XMLSchema/oval-definitions-5">
        <check-content-ref name="oval:mil.disa.fso.redhat.rhel6:def:244" href="U_RedHat_6_V1R6_STIG_SCAP_1-1_Benchmark-oval.xml"/>
      </check>
    </rule-result>
    <rule-result idref="SV-50318r2_rule" time="2015-02-11T13:55:00" severity="medium" version="RHEL-06-000127" weight="10.000000">
      <result>fail</result>
      <ident system="http://cce.mitre.org">CCE-26696-5</ident>
      <ident system="http://iase.disa.mil/cci">CCI-000382</ident>
      <check system="http://oval.mitre.org/XMLSchema/oval-definitions-5">
        <check-content-ref name="oval:mil.disa.fso.redhat.rhel6:def:1167" href="U_RedHat_6_V1R6_STIG_SCAP_1-1_Benchmark-oval.xml"/>
      </check>
    </rule-result>
    <rule-result idref="SV-50319r2_rule" time="2015-02-11T13:55:00" severity="medium" version="RHEL-06-000133" weight="10.000000">
      <result>pass</result>
      <ident system="http://cce.mitre.org">CCE-26812-8</ident>
      <ident system="http://iase.disa.mil/cci">CCI-001314</ident>
      <check system="http://oval.mitre.org/XMLSchema/oval-definitions-5">
        <check-content-ref name="oval:mil.disa.fso.redhat.rhel6:def:964" href="U_RedHat_6_V1R6_STIG_SCAP_1-1_Benchmark-oval.xml"/>
      </check>
    </rule-result>
    <rule-result idref="SV-50321r1_rule" time="2015-02-11T13:55:00" severity="medium" version="RHEL-06-000136" weight="10.000000">
      <result>fail</result>
      <ident system="http://cce.mitre.org">CCE-26801-1</ident>
      <ident system="http://iase.disa.mil/cci">CCI-001348</ident>
      <check system="http://oval.mitre.org/XMLSchema/oval-definitions-5">
        <check-content-ref name="oval:mil.disa.fso.redhat.rhel6:def:874" href="U_RedHat_6_V1R6_STIG_SCAP_1-1_Benchmark-oval.xml"/>
      </check>
    </rule-result>
    <rule-result idref="SV-50322r1_rule" time="2015-02-11T13:55:00" severity="medium" version="RHEL-06-000137" weight="10.000000">
      <result>fail</result>
      <ident system="http://cce.mitre.org">CCE-26801-1</ident>
      <ident system="http://iase.disa.mil/cci">CCI-000169</ident>
      <check system="http://oval.mitre.org/XMLSchema/oval-definitions-5">
        <check-content-ref name="oval:mil.disa.fso.redhat.rhel6:def:874" href="U_RedHat_6_V1R6_STIG_SCAP_1-1_Benchmark-oval.xml"/>
      </check>
    </rule-result>
    <rule-result idref="SV-50323r2_rule" time="2015-02-11T13:55:00" severity="low" version="RHEL-06-000167" weight="10.000000">
      <result>fail</result>
      <ident system="http://cce.mitre.org">CCE-27203-9</ident>
      <ident system="http://iase.disa.mil/cci">CCI-000169</ident>
      <check system="http://oval.mitre.org/XMLSchema/oval-definitions-5">
        <check-content-ref name="oval:mil.disa.fso.redhat.rhel6:def:310" href="U_RedHat_6_V1R6_STIG_SCAP_1-1_Benchmark-oval.xml"/>
      </check>
    </rule-result>
    <rule-result idref="SV-50324r2_rule" time="2015-02-11T13:55:00" severity="medium" version="RHEL-06-000083" weight="10.000000">
      <result>fail</result>
      <ident system="http://cce.mitre.org">CCE-27037-1</ident>
      <ident system="http://iase.disa.mil/cci">CCI-000366</ident>
      <check system="http://oval.mitre.org/XMLSchema/oval-definitions-5">
        <check-content-ref name="oval:mil.disa.fso.redhat.rhel6:def:1155" href="U_RedHat_6_V1R6_STIG_SCAP_1-1_Benchmark-oval.xml"/>
      </check>
    </rule-result>
    <rule-result idref="SV-50325r1_rule" time="2015-02-11T13:55:00" severity="medium" version="RHEL-06-000084" weight="10.000000">
      <result>fail</result>
      <ident system="http://cce.mitre.org">CCE-27027-2</ident>
      <ident system="http://iase.disa.mil/cci">CCI-000366</ident>
      <check system="http://oval.mitre.org/XMLSchema/oval-definitions-5">
        <check-content-ref name="oval:mil.disa.fso.redhat.rhel6:def:556" href="U_RedHat_6_V1R6_STIG_SCAP_1-1_Benchmark-oval.xml"/>
      </check>
    </rule-result>
    <rule-result idref="SV-50326r3_rule" time="2015-02-11T13:55:00" severity="low" version="RHEL-06-000169" weight="10.000000">
      <result>pass</result>
      <ident system="http://cce.mitre.org">CCE-27169-2</ident>
      <ident system="http://iase.disa.mil/cci">CCI-000169</ident>
      <check system="http://oval.mitre.org/XMLSchema/oval-definitions-5">
        <check-content-ref name="oval:mil.disa.fso.redhat.rhel6:def:845" href="U_RedHat_6_V1R6_STIG_SCAP_1-1_Benchmark-oval.xml"/>
      </check>
    </rule-result>
    <rule-result idref="SV-50327r1_rule" time="2015-02-11T13:55:00" severity="medium" version="RHEL-06-000086" weight="10.000000">
      <result>fail</result>
      <ident system="http://cce.mitre.org">CCE-26854-0</ident>
      <ident system="http://iase.disa.mil/cci">CCI-000366</ident>
      <check system="http://oval.mitre.org/XMLSchema/oval-definitions-5">
        <check-content-ref name="oval:mil.disa.fso.redhat.rhel6:def:490" href="U_RedHat_6_V1R6_STIG_SCAP_1-1_Benchmark-oval.xml"/>
      </check>
    </rule-result>
    <rule-result idref="SV-50328r2_rule" time="2015-02-11T13:55:00" severity="low" version="RHEL-06-000171" weight="10.000000">
      <result>fail</result>
      <ident system="http://cce.mitre.org">CCE-27170-0</ident>
      <ident system="http://iase.disa.mil/cci">CCI-000169</ident>
      <check system="http://oval.mitre.org/XMLSchema/oval-definitions-5">
        <check-content-ref name="oval:mil.disa.fso.redhat.rhel6:def:125" href="U_RedHat_6_V1R6_STIG_SCAP_1-1_Benchmark-oval.xml"/>
      </check>
    </rule-result>
    <rule-result idref="SV-50329r1_rule" time="2015-02-11T13:55:00" severity="low" version="RHEL-06-000088" weight="10.000000">
      <result>fail</result>
      <ident system="http://cce.mitre.org">CCE-27066-0</ident>
      <ident system="http://iase.disa.mil/cci">CCI-000366</ident>
      <check system="http://oval.mitre.org/XMLSchema/oval-definitions-5">
        <check-content-ref name="oval:mil.disa.fso.redhat.rhel6:def:702" href="U_RedHat_6_V1R6_STIG_SCAP_1-1_Benchmark-oval.xml"/>
      </check>
    </rule-result>
    <rule-result idref="SV-50330r1_rule" time="2015-02-11T13:55:00" severity="medium" version="RHEL-06-000089" weight="10.000000">
      <result>pass</result>
      <ident system="http://cce.mitre.org">CCE-26983-7</ident>
      <ident system="http://iase.disa.mil/cci">CCI-000366</ident>
      <check system="http://oval.mitre.org/XMLSchema/oval-definitions-5">
        <check-content-ref name="oval:mil.disa.fso.redhat.rhel6:def:649" href="U_RedHat_6_V1R6_STIG_SCAP_1-1_Benchmark-oval.xml"/>
      </check>
    </rule-result>
    <rule-result idref="SV-50331r1_rule" time="2015-02-11T13:55:00" severity="low" version="RHEL-06-000173" weight="10.000000">
      <result>fail</result>
      <ident system="http://cce.mitre.org">CCE-27172-6</ident>
      <ident system="http://iase.disa.mil/cci">CCI-000169</ident>
      <check system="http://oval.mitre.org/XMLSchema/oval-definitions-5">
        <check-content-ref name="oval:mil.disa.fso.redhat.rhel6:def:1061" href="U_RedHat_6_V1R6_STIG_SCAP_1-1_Benchmark-oval.xml"/>
      </check>
    </rule-result>
    <rule-result idref="SV-50332r1_rule" time="2015-02-11T13:55:00" severity="low" version="RHEL-06-000174" weight="10.000000">
      <result>fail</result>
      <ident system="http://cce.mitre.org">CCE-26664-3</ident>
      <ident system="http://iase.disa.mil/cci">CCI-000018</ident>
      <check system="http://oval.mitre.org/XMLSchema/oval-definitions-5">
        <check-content-ref name="oval:mil.disa.fso.redhat.rhel6:def:292" href="U_RedHat_6_V1R6_STIG_SCAP_1-1_Benchmark-oval.xml"/>
      </check>
    </rule-result>
    <rule-result idref="SV-50333r1_rule" time="2015-02-11T13:55:00" severity="medium" version="RHEL-06-000090" weight="10.000000">
      <result>fail</result>
      <ident system="http://cce.mitre.org">CCE-26831-8</ident>
      <ident system="http://iase.disa.mil/cci">CCI-000366</ident>
      <check system="http://oval.mitre.org/XMLSchema/oval-definitions-5">
        <check-content-ref name="oval:mil.disa.fso.redhat.rhel6:def:472" href="U_RedHat_6_V1R6_STIG_SCAP_1-1_Benchmark-oval.xml"/>
      </check>
    </rule-result>
    <rule-result idref="SV-50334r2_rule" time="2015-02-11T13:55:00" severity="low" version="RHEL-06-000091" weight="10.000000">
      <result>fail</result>
      <ident system="http://cce.mitre.org">CCE-27015-7</ident>
      <ident system="http://iase.disa.mil/cci">CCI-000366</ident>
      <check system="http://oval.mitre.org/XMLSchema/oval-definitions-5">
        <check-content-ref name="oval:mil.disa.fso.redhat.rhel6:def:1153" href="U_RedHat_6_V1R6_STIG_SCAP_1-1_Benchmark-oval.xml"/>
      </check>
    </rule-result>
    <rule-result idref="SV-50335r1_rule" time="2015-02-11T13:55:00" severity="low" version="RHEL-06-000175" weight="10.000000">
      <result>fail</result>
      <ident system="http://cce.mitre.org">CCE-26664-3</ident>
      <ident system="http://iase.disa.mil/cci">CCI-001403</ident>
      <check system="http://oval.mitre.org/XMLSchema/oval-definitions-5">
        <check-content-ref name="oval:mil.disa.fso.redhat.rhel6:def:292" href="U_RedHat_6_V1R6_STIG_SCAP_1-1_Benchmark-oval.xml"/>
      </check>
    </rule-result>
    <rule-result idref="SV-50336r2_rule" time="2015-02-11T13:55:00" severity="low" version="RHEL-06-000092" weight="10.000000">
      <result>fail</result>
      <ident system="http://cce.mitre.org">CCE-26883-9</ident>
      <ident system="http://iase.disa.mil/cci">CCI-000366</ident>
      <check system="http://oval.mitre.org/XMLSchema/oval-definitions-5">
        <check-content-ref name="oval:mil.disa.fso.redhat.rhel6:def:272" href="U_RedHat_6_V1R6_STIG_SCAP_1-1_Benchmark-oval.xml"/>
      </check>
    </rule-result>
    <rule-result idref="SV-50337r1_rule" time="2015-02-11T13:55:00" severity="low" version="RHEL-06-000176" weight="10.000000">
      <result>fail</result>
      <ident system="http://cce.mitre.org">CCE-26664-3</ident>
      <ident system="http://iase.disa.mil/cci">CCI-001404</ident>
      <check system="http://oval.mitre.org/XMLSchema/oval-definitions-5">
        <check-content-ref name="oval:mil.disa.fso.redhat.rhel6:def:292" href="U_RedHat_6_V1R6_STIG_SCAP_1-1_Benchmark-oval.xml"/>
      </check>
    </rule-result>
    <rule-result idref="SV-50338r2_rule" time="2015-02-11T13:55:00" severity="low" version="RHEL-06-000093" weight="10.000000">
      <result>fail</result>
      <ident system="http://cce.mitre.org">CCE-26993-6</ident>
      <ident system="http://iase.disa.mil/cci">CCI-000366</ident>
      <check system="http://oval.mitre.org/XMLSchema/oval-definitions-5">
        <check-content-ref name="oval:mil.disa.fso.redhat.rhel6:def:857" href="U_RedHat_6_V1R6_STIG_SCAP_1-1_Benchmark-oval.xml"/>
      </check>
    </rule-result>
    <rule-result idref="SV-50339r1_rule" time="2015-02-11T13:55:00" severity="low" version="RHEL-06-000177" weight="10.000000">
      <result>fail</result>
      <ident system="http://cce.mitre.org">CCE-26664-3</ident>
      <ident system="http://iase.disa.mil/cci">CCI-001405</ident>
      <check system="http://oval.mitre.org/XMLSchema/oval-definitions-5">
        <check-content-ref name="oval:mil.disa.fso.redhat.rhel6:def:292" href="U_RedHat_6_V1R6_STIG_SCAP_1-1_Benchmark-oval.xml"/>
      </check>
    </rule-result>
    <rule-result idref="SV-50340r1_rule" time="2015-02-11T13:55:00" severity="medium" version="RHEL-06-000095" weight="10.000000">
      <result>pass</result>
      <ident system="http://cce.mitre.org">CCE-27053-8</ident>
      <ident system="http://iase.disa.mil/cci">CCI-001095</ident>
      <check system="http://oval.mitre.org/XMLSchema/oval-definitions-5">
        <check-content-ref name="oval:mil.disa.fso.redhat.rhel6:def:527" href="U_RedHat_6_V1R6_STIG_SCAP_1-1_Benchmark-oval.xml"/>
      </check>
    </rule-result>
    <rule-result idref="SV-50342r1_rule" time="2015-02-11T13:55:00" severity="low" version="RHEL-06-000183" weight="10.000000">
      <result>fail</result>
      <ident system="http://cce.mitre.org">CCE-26657-7</ident>
      <ident system="http://iase.disa.mil/cci">CCI-000366</ident>
      <check system="http://oval.mitre.org/XMLSchema/oval-definitions-5">
        <check-content-ref name="oval:mil.disa.fso.redhat.rhel6:def:619" href="U_RedHat_6_V1R6_STIG_SCAP_1-1_Benchmark-oval.xml"/>
      </check>
    </rule-result>
    <rule-result idref="SV-50343r1_rule" time="2015-02-11T13:55:00" severity="medium" version="RHEL-06-000096" weight="10.000000">
      <result>fail</result>
      <ident system="http://cce.mitre.org">CCE-26979-5</ident>
      <ident system="http://iase.disa.mil/cci">CCI-000366</ident>
      <check system="http://oval.mitre.org/XMLSchema/oval-definitions-5">
        <check-content-ref name="oval:mil.disa.fso.redhat.rhel6:def:879" href="U_RedHat_6_V1R6_STIG_SCAP_1-1_Benchmark-oval.xml"/>
      </check>
    </rule-result>
    <rule-result idref="SV-50344r2_rule" time="2015-02-11T13:55:00" severity="low" version="RHEL-06-000184" weight="10.000000">
      <result>fail</result>
      <ident system="http://cce.mitre.org">CCE-26280-8</ident>
      <ident system="http://iase.disa.mil/cci">CCI-000172</ident>
      <check system="http://oval.mitre.org/XMLSchema/oval-definitions-5">
        <check-content-ref name="oval:mil.disa.fso.redhat.rhel6:def:854" href="U_RedHat_6_V1R6_STIG_SCAP_1-1_Benchmark-oval.xml"/>
      </check>
    </rule-result>
    <rule-result idref="SV-50345r1_rule" time="2015-02-11T13:55:00" severity="medium" version="RHEL-06-000097" weight="10.000000">
      <result>pass</result>
      <ident system="http://cce.mitre.org">CCE-26915-9</ident>
      <ident system="http://iase.disa.mil/cci">CCI-000366</ident>
      <check system="http://oval.mitre.org/XMLSchema/oval-definitions-5">
        <check-content-ref name="oval:mil.disa.fso.redhat.rhel6:def:540" href="U_RedHat_6_V1R6_STIG_SCAP_1-1_Benchmark-oval.xml"/>
      </check>
    </rule-result>
    <rule-result idref="SV-50346r2_rule" time="2015-02-11T13:55:00" severity="low" version="RHEL-06-000185" weight="10.000000">
      <result>fail</result>
      <ident system="http://cce.mitre.org">CCE-27173-4</ident>
      <ident system="http://iase.disa.mil/cci">CCI-000172</ident>
      <check system="http://oval.mitre.org/XMLSchema/oval-definitions-5">
        <check-content-ref name="oval:mil.disa.fso.redhat.rhel6:def:276" href="U_RedHat_6_V1R6_STIG_SCAP_1-1_Benchmark-oval.xml"/>
      </check>
    </rule-result>
    <rule-result idref="SV-50347r2_rule" time="2015-02-11T13:55:00" severity="medium" version="RHEL-06-000098" weight="10.000000">
      <result>fail</result>
      <ident system="http://cce.mitre.org">CCE-27153-6</ident>
      <ident system="http://iase.disa.mil/cci">CCI-000366</ident>
      <check system="http://oval.mitre.org/XMLSchema/oval-definitions-5">
        <check-content-ref name="oval:mil.disa.fso.redhat.rhel6:def:197" href="U_RedHat_6_V1R6_STIG_SCAP_1-1_Benchmark-oval.xml"/>
      </check>
    </rule-result>
    <rule-result idref="SV-50348r2_rule" time="2015-02-11T13:55:00" severity="low" version="RHEL-06-000186" weight="10.000000">
      <result>fail</result>
      <ident system="http://cce.mitre.org">CCE-27174-2</ident>
      <ident system="http://iase.disa.mil/cci">CCI-000172</ident>
      <check system="http://oval.mitre.org/XMLSchema/oval-definitions-5">
        <check-content-ref name="oval:mil.disa.fso.redhat.rhel6:def:494" href="U_RedHat_6_V1R6_STIG_SCAP_1-1_Benchmark-oval.xml"/>
      </check>
    </rule-result>
    <rule-result idref="SV-50349r2_rule" time="2015-02-11T13:55:00" severity="medium" version="RHEL-06-000099" weight="10.000000">
      <result>fail</result>
      <ident system="http://cce.mitre.org">CCE-27166-8</ident>
      <ident system="http://iase.disa.mil/cci">CCI-000366</ident>
      <check system="http://oval.mitre.org/XMLSchema/oval-definitions-5">
        <check-content-ref name="oval:mil.disa.fso.redhat.rhel6:def:1019" href="U_RedHat_6_V1R6_STIG_SCAP_1-1_Benchmark-oval.xml"/>
      </check>
    </rule-result>
    <rule-result idref="SV-50351r2_rule" time="2015-02-11T13:55:00" severity="low" version="RHEL-06-000187" weight="10.000000">
      <result>fail</result>
      <ident system="http://cce.mitre.org">CCE-27175-9</ident>
      <ident system="http://iase.disa.mil/cci">CCI-000172</ident>
      <check system="http://oval.mitre.org/XMLSchema/oval-definitions-5">
        <check-content-ref name="oval:mil.disa.fso.redhat.rhel6:def:904" href="U_RedHat_6_V1R6_STIG_SCAP_1-1_Benchmark-oval.xml"/>
      </check>
    </rule-result>
    <rule-result idref="SV-50353r2_rule" time="2015-02-11T13:55:00" severity="low" version="RHEL-06-000188" weight="10.000000">
      <result>fail</result>
      <ident system="http://cce.mitre.org">CCE-27177-5</ident>
      <ident system="http://iase.disa.mil/cci">CCI-000172</ident>
      <check system="http://oval.mitre.org/XMLSchema/oval-definitions-5">
        <check-content-ref name="oval:mil.disa.fso.redhat.rhel6:def:450" href="U_RedHat_6_V1R6_STIG_SCAP_1-1_Benchmark-oval.xml"/>
      </check>
    </rule-result>
    <rule-result idref="SV-50355r2_rule" time="2015-02-11T13:55:00" severity="low" version="RHEL-06-000189" weight="10.000000">
      <result>fail</result>
      <ident system="http://cce.mitre.org">CCE-27178-3</ident>
      <ident system="http://iase.disa.mil/cci">CCI-000172</ident>
      <check system="http://oval.mitre.org/XMLSchema/oval-definitions-5">
        <check-content-ref name="oval:mil.disa.fso.redhat.rhel6:def:748" href="U_RedHat_6_V1R6_STIG_SCAP_1-1_Benchmark-oval.xml"/>
      </check>
    </rule-result>
    <rule-result idref="SV-50356r2_rule" time="2015-02-11T13:55:00" severity="medium" version="RHEL-06-000113" weight="10.000000">
      <result>fail</result>
      <ident system="http://cce.mitre.org">CCE-27018-1</ident>
      <ident system="http://iase.disa.mil/cci">CCI-001118</ident>
      <check system="http://oval.mitre.org/XMLSchema/oval-definitions-5">
        <check-content-ref name="oval:mil.disa.fso.redhat.rhel6:def:828" href="U_RedHat_6_V1R6_STIG_SCAP_1-1_Benchmark-oval.xml"/>
      </check>
    </rule-result>
    <rule-result idref="SV-50357r2_rule" time="2015-02-11T13:55:00" severity="low" version="RHEL-06-000190" weight="10.000000">
      <result>fail</result>
      <ident system="http://cce.mitre.org">CCE-27179-1</ident>
      <ident system="http://iase.disa.mil/cci">CCI-000172</ident>
      <check system="http://oval.mitre.org/XMLSchema/oval-definitions-5">
        <check-content-ref name="oval:mil.disa.fso.redhat.rhel6:def:714" href="U_RedHat_6_V1R6_STIG_SCAP_1-1_Benchmark-oval.xml"/>
      </check>
    </rule-result>
    <rule-result idref="SV-50358r2_rule" time="2015-02-11T13:55:00" severity="low" version="RHEL-06-000191" weight="10.000000">
      <result>fail</result>
      <ident system="http://cce.mitre.org">CCE-27180-9</ident>
      <ident system="http://iase.disa.mil/cci">CCI-000172</ident>
      <check system="http://oval.mitre.org/XMLSchema/oval-definitions-5">
        <check-content-ref name="oval:mil.disa.fso.redhat.rhel6:def:751" href="U_RedHat_6_V1R6_STIG_SCAP_1-1_Benchmark-oval.xml"/>
      </check>
    </rule-result>
    <rule-result idref="SV-50359r2_rule" time="2015-02-11T13:55:00" severity="low" version="RHEL-06-000192" weight="10.000000">
      <result>fail</result>
      <ident system="http://cce.mitre.org">CCE-27181-7</ident>
      <ident system="http://iase.disa.mil/cci">CCI-000172</ident>
      <check system="http://oval.mitre.org/XMLSchema/oval-definitions-5">
        <check-content-ref name="oval:mil.disa.fso.redhat.rhel6:def:205" href="U_RedHat_6_V1R6_STIG_SCAP_1-1_Benchmark-oval.xml"/>
      </check>
    </rule-result>
    <rule-result idref="SV-50360r2_rule" time="2015-02-11T13:55:00" severity="low" version="RHEL-06-000193" weight="10.000000">
      <result>fail</result>
      <ident system="http://cce.mitre.org">CCE-27182-5</ident>
      <ident system="http://iase.disa.mil/cci">CCI-000172</ident>
      <check system="http://oval.mitre.org/XMLSchema/oval-definitions-5">
        <check-content-ref name="oval:mil.disa.fso.redhat.rhel6:def:322" href="U_RedHat_6_V1R6_STIG_SCAP_1-1_Benchmark-oval.xml"/>
      </check>
    </rule-result>
    <rule-result idref="SV-50362r2_rule" time="2015-02-11T13:55:00" severity="low" version="RHEL-06-000194" weight="10.000000">
      <result>fail</result>
      <ident system="http://cce.mitre.org">CCE-27183-3</ident>
      <ident system="http://iase.disa.mil/cci">CCI-000172</ident>
      <check system="http://oval.mitre.org/XMLSchema/oval-definitions-5">
        <check-content-ref name="oval:mil.disa.fso.redhat.rhel6:def:434" href="U_RedHat_6_V1R6_STIG_SCAP_1-1_Benchmark-oval.xml"/>
      </check>
    </rule-result>
    <rule-result idref="SV-50364r2_rule" time="2015-02-11T13:55:00" severity="low" version="RHEL-06-000195" weight="10.000000">
      <result>fail</result>
      <ident system="http://cce.mitre.org">CCE-27184-1</ident>
      <ident system="http://iase.disa.mil/cci">CCI-000172</ident>
      <check system="http://oval.mitre.org/XMLSchema/oval-definitions-5">
        <check-content-ref name="oval:mil.disa.fso.redhat.rhel6:def:1170" href="U_RedHat_6_V1R6_STIG_SCAP_1-1_Benchmark-oval.xml"/>
      </check>
    </rule-result>
    <rule-result idref="SV-50366r2_rule" time="2015-02-11T13:55:00" severity="low" version="RHEL-06-000196" weight="10.000000">
      <result>fail</result>
      <ident system="http://cce.mitre.org">CCE-27185-8</ident>
      <ident system="http://iase.disa.mil/cci">CCI-000172</ident>
      <check system="http://oval.mitre.org/XMLSchema/oval-definitions-5">
        <check-content-ref name="oval:mil.disa.fso.redhat.rhel6:def:305" href="U_RedHat_6_V1R6_STIG_SCAP_1-1_Benchmark-oval.xml"/>
      </check>
    </rule-result>
    <rule-result idref="SV-50369r2_rule" time="2015-02-11T13:55:00" severity="low" version="RHEL-06-000199" weight="10.000000">
      <result>fail</result>
      <ident system="http://cce.mitre.org">CCE-26573-6</ident>
      <ident system="http://iase.disa.mil/cci">CCI-000172</ident>
      <check system="http://oval.mitre.org/XMLSchema/oval-definitions-5">
        <check-content-ref name="oval:mil.disa.fso.redhat.rhel6:def:268" href="U_RedHat_6_V1R6_STIG_SCAP_1-1_Benchmark-oval.xml"/>
      </check>
    </rule-result>
    <rule-result idref="SV-50370r1_rule" time="2015-02-11T13:55:00" severity="low" version="RHEL-06-000057" weight="10.000000">
      <result>fail</result>
      <ident system="http://cce.mitre.org">CCE-26601-5</ident>
      <ident system="http://iase.disa.mil/cci">CCI-000192</ident>
      <check system="http://oval.mitre.org/XMLSchema/oval-definitions-5">
        <check-export export-name="oval:mil.disa.fso.redhat.rhel6:var:2142" value-id="var_password_pam_cracklib_ucredit"/>
        <check-content-ref name="oval:mil.disa.fso.redhat.rhel6:def:1141" href="U_RedHat_6_V1R6_STIG_SCAP_1-1_Benchmark-oval.xml"/>
      </check>
    </rule-result>
    <rule-result idref="SV-50371r1_rule" time="2015-02-11T13:55:00" severity="low" version="RHEL-06-000058" weight="10.000000">
      <result>fail</result>
      <ident system="http://cce.mitre.org">CCE-26409-3</ident>
      <ident system="http://iase.disa.mil/cci">CCI-001619</ident>
      <check system="http://oval.mitre.org/XMLSchema/oval-definitions-5">
        <check-export export-name="oval:mil.disa.fso.redhat.rhel6:var:2119" value-id="var_password_pam_cracklib_ocredit"/>
        <check-content-ref name="oval:mil.disa.fso.redhat.rhel6:def:474" href="U_RedHat_6_V1R6_STIG_SCAP_1-1_Benchmark-oval.xml"/>
      </check>
    </rule-result>
    <rule-result idref="SV-50372r1_rule" time="2015-02-11T13:55:00" severity="low" version="RHEL-06-000059" weight="10.000000">
      <result>fail</result>
      <ident system="http://cce.mitre.org">CCE-26631-2</ident>
      <ident system="http://iase.disa.mil/cci">CCI-000193</ident>
      <check system="http://oval.mitre.org/XMLSchema/oval-definitions-5">
        <check-export export-name="oval:mil.disa.fso.redhat.rhel6:var:2138" value-id="var_password_pam_cracklib_lcredit"/>
        <check-content-ref name="oval:mil.disa.fso.redhat.rhel6:def:1032" href="U_RedHat_6_V1R6_STIG_SCAP_1-1_Benchmark-oval.xml"/>
      </check>
    </rule-result>
    <rule-result idref="SV-50373r1_rule" time="2015-02-11T13:55:00" severity="low" version="RHEL-06-000060" weight="10.000000">
      <result>fail</result>
      <ident system="http://cce.mitre.org">CCE-26615-5</ident>
      <ident system="http://iase.disa.mil/cci">CCI-000195</ident>
      <check system="http://oval.mitre.org/XMLSchema/oval-definitions-5">
        <check-export export-name="oval:mil.disa.fso.redhat.rhel6:var:2120" value-id="var_password_pam_cracklib_difok"/>
        <check-content-ref name="oval:mil.disa.fso.redhat.rhel6:def:523" href="U_RedHat_6_V1R6_STIG_SCAP_1-1_Benchmark-oval.xml"/>
      </check>
    </rule-result>
    <rule-result idref="SV-50374r3_rule" time="2015-02-11T13:55:00" severity="medium" version="RHEL-06-000061" weight="10.000000">
      <result>fail</result>
      <ident system="http://cce.mitre.org">CCE-26844-1</ident>
      <ident system="http://iase.disa.mil/cci">CCI-000044</ident>
      <check system="http://oval.mitre.org/XMLSchema/oval-definitions-5">
        <check-export export-name="oval:mil.disa.fso.redhat.rhel6:var:2131" value-id="var_accounts_passwords_pam_faillock_deny"/>
        <check-content-ref name="oval:mil.disa.fso.redhat.rhel6:def:719" href="U_RedHat_6_V1R6_STIG_SCAP_1-1_Benchmark-oval.xml"/>
      </check>
    </rule-result>
    <rule-result idref="SV-50375r1_rule" time="2015-02-11T13:55:00" severity="medium" version="RHEL-06-000062" weight="10.000000">
      <result>fail</result>
      <ident system="http://cce.mitre.org">CCE-26303-8</ident>
      <ident system="http://iase.disa.mil/cci">CCI-000803</ident>
      <check system="http://oval.mitre.org/XMLSchema/oval-definitions-5">
        <check-content-ref name="oval:mil.disa.fso.redhat.rhel6:def:488" href="U_RedHat_6_V1R6_STIG_SCAP_1-1_Benchmark-oval.xml"/>
      </check>
    </rule-result>
    <rule-result idref="SV-50376r4_rule" time="2015-02-11T13:55:00" severity="low" version="RHEL-06-000200" weight="10.000000">
      <result>fail</result>
      <ident system="http://cce.mitre.org">CCE-26651-0</ident>
      <ident system="http://iase.disa.mil/cci">CCI-000172</ident>
      <check system="http://oval.mitre.org/XMLSchema/oval-definitions-5">
        <check-content-ref name="oval:mil.disa.fso.redhat.rhel6:def:1147" href="U_RedHat_6_V1R6_STIG_SCAP_1-1_Benchmark-oval.xml"/>
      </check>
    </rule-result>
    <rule-result idref="SV-50377r1_rule" time="2015-02-11T13:55:00" severity="medium" version="RHEL-06-000063" weight="10.000000">
      <result>fail</result>
      <ident system="http://cce.mitre.org">CCE-27228-6</ident>
      <ident system="http://iase.disa.mil/cci">CCI-000803</ident>
      <check system="http://oval.mitre.org/XMLSchema/oval-definitions-5">
        <check-content-ref name="oval:mil.disa.fso.redhat.rhel6:def:1088" href="U_RedHat_6_V1R6_STIG_SCAP_1-1_Benchmark-oval.xml"/>
      </check>
    </rule-result>
    <rule-result idref="SV-50378r1_rule" time="2015-02-11T13:55:00" severity="medium" version="RHEL-06-000064" weight="10.000000">
      <result>fail</result>
      <ident system="http://cce.mitre.org">CCE-27229-4</ident>
      <ident system="http://iase.disa.mil/cci">CCI-000803</ident>
      <check system="http://oval.mitre.org/XMLSchema/oval-definitions-5">
        <check-content-ref name="oval:mil.disa.fso.redhat.rhel6:def:1003" href="U_RedHat_6_V1R6_STIG_SCAP_1-1_Benchmark-oval.xml"/>
      </check>
    </rule-result>
    <rule-result idref="SV-50379r1_rule" time="2015-02-11T13:55:00" severity="low" version="RHEL-06-000201" weight="10.000000">
      <result>fail</result>
      <ident system="http://cce.mitre.org">CCE-26662-7</ident>
      <ident system="http://iase.disa.mil/cci">CCI-000172</ident>
      <check system="http://oval.mitre.org/XMLSchema/oval-definitions-5">
        <check-content-ref name="oval:mil.disa.fso.redhat.rhel6:def:863" href="U_RedHat_6_V1R6_STIG_SCAP_1-1_Benchmark-oval.xml"/>
      </check>
    </rule-result>
    <rule-result idref="SV-50380r1_rule" time="2015-02-11T13:55:00" severity="medium" version="RHEL-06-000065" weight="10.000000">
      <result>pass</result>
      <ident system="http://cce.mitre.org">CCE-26995-1</ident>
      <ident system="http://iase.disa.mil/cci">CCI-000366</ident>
      <check system="http://oval.mitre.org/XMLSchema/oval-definitions-5">
        <check-content-ref name="oval:mil.disa.fso.redhat.rhel6:def:907" href="U_RedHat_6_V1R6_STIG_SCAP_1-1_Benchmark-oval.xml"/>
      </check>
    </rule-result>
    <rule-result idref="SV-50381r1_rule" time="2015-02-11T13:55:00" severity="medium" version="RHEL-06-000202" weight="10.000000">
      <result>fail</result>
      <ident system="http://cce.mitre.org">CCE-26611-4</ident>
      <ident system="http://iase.disa.mil/cci">CCI-000172</ident>
      <check system="http://oval.mitre.org/XMLSchema/oval-definitions-5">
        <check-content-ref name="oval:mil.disa.fso.redhat.rhel6:def:461" href="U_RedHat_6_V1R6_STIG_SCAP_1-1_Benchmark-oval.xml"/>
      </check>
    </rule-result>
    <rule-result idref="SV-50382r1_rule" time="2015-02-11T13:55:00" severity="medium" version="RHEL-06-000066" weight="10.000000">
      <result>pass</result>
      <ident system="http://cce.mitre.org">CCE-27022-3</ident>
      <ident system="http://iase.disa.mil/cci">CCI-000366</ident>
      <check system="http://oval.mitre.org/XMLSchema/oval-definitions-5">
        <check-content-ref name="oval:mil.disa.fso.redhat.rhel6:def:869" href="U_RedHat_6_V1R6_STIG_SCAP_1-1_Benchmark-oval.xml"/>
      </check>
    </rule-result>
    <rule-result idref="SV-50383r2_rule" time="2015-02-11T13:55:00" severity="medium" version="RHEL-06-000203" weight="10.000000">
      <result>pass</result>
      <ident system="http://cce.mitre.org">CCE-27046-2</ident>
      <ident system="http://iase.disa.mil/cci">CCI-000382</ident>
      <check system="http://oval.mitre.org/XMLSchema/oval-definitions-5">
        <check-content-ref name="oval:mil.disa.fso.redhat.rhel6:def:142" href="U_RedHat_6_V1R6_STIG_SCAP_1-1_Benchmark-oval.xml"/>
      </check>
    </rule-result>
    <rule-result idref="SV-50384r2_rule" time="2015-02-11T13:55:00" severity="medium" version="RHEL-06-000067" weight="10.000000">
      <result>pass</result>
      <ident system="http://cce.mitre.org">CCE-26949-8</ident>
      <ident system="http://iase.disa.mil/cci">CCI-000366</ident>
      <check system="http://oval.mitre.org/XMLSchema/oval-definitions-5">
        <check-content-ref name="oval:mil.disa.fso.redhat.rhel6:def:508" href="U_RedHat_6_V1R6_STIG_SCAP_1-1_Benchmark-oval.xml"/>
      </check>
    </rule-result>
    <rule-result idref="SV-50385r1_rule" time="2015-02-11T13:55:00" severity="low" version="RHEL-06-000204" weight="10.000000">
      <result>pass</result>
      <ident system="http://cce.mitre.org">CCE-27005-8</ident>
      <ident system="http://iase.disa.mil/cci">CCI-000382</ident>
      <check system="http://oval.mitre.org/XMLSchema/oval-definitions-5">
        <check-content-ref name="oval:mil.disa.fso.redhat.rhel6:def:143" href="U_RedHat_6_V1R6_STIG_SCAP_1-1_Benchmark-oval.xml"/>
      </check>
    </rule-result>
    <rule-result idref="SV-50386r1_rule" time="2015-02-11T13:55:00" severity="medium" version="RHEL-06-000068" weight="10.000000">
      <result>fail</result>
      <ident system="http://cce.mitre.org">CCE-26911-8</ident>
      <ident system="http://iase.disa.mil/cci">CCI-000213</ident>
      <check system="http://oval.mitre.org/XMLSchema/oval-definitions-5">
        <check-content-ref name="oval:mil.disa.fso.redhat.rhel6:def:1078" href="U_RedHat_6_V1R6_STIG_SCAP_1-1_Benchmark-oval.xml"/>
      </check>
    </rule-result>
    <rule-result idref="SV-50387r1_rule" time="2015-02-11T13:55:00" severity="medium" version="RHEL-06-000069" weight="10.000000">
      <result>fail</result>
      <ident system="http://cce.mitre.org">CCE-27040-5</ident>
      <ident system="http://iase.disa.mil/cci">CCI-000213</ident>
      <check system="http://oval.mitre.org/XMLSchema/oval-definitions-5">
        <check-content-ref name="oval:mil.disa.fso.redhat.rhel6:def:3000" href="U_RedHat_6_V1R6_STIG_SCAP_1-1_Benchmark-oval.xml"/>
      </check>
    </rule-result>
    <rule-result idref="SV-50388r1_rule" time="2015-02-11T13:55:00" severity="high" version="RHEL-06-000206" weight="10.000000">
      <result>pass</result>
      <ident system="http://cce.mitre.org">CCE-27073-6</ident>
      <ident system="http://iase.disa.mil/cci">CCI-000381</ident>
      <check system="http://oval.mitre.org/XMLSchema/oval-definitions-5">
        <check-content-ref name="oval:mil.disa.fso.redhat.rhel6:def:604" href="U_RedHat_6_V1R6_STIG_SCAP_1-1_Benchmark-oval.xml"/>
      </check>
    </rule-result>
    <rule-result idref="SV-50389r1_rule" time="2015-02-11T13:55:00" severity="medium" version="RHEL-06-000070" weight="10.000000">
      <result>fail</result>
      <ident system="http://cce.mitre.org">CCE-27043-9</ident>
      <ident system="http://iase.disa.mil/cci">CCI-000213</ident>
      <check system="http://oval.mitre.org/XMLSchema/oval-definitions-5">
        <check-content-ref name="oval:mil.disa.fso.redhat.rhel6:def:3105" href="U_RedHat_6_V1R6_STIG_SCAP_1-1_Benchmark-oval.xml"/>
      </check>
    </rule-result>
    <rule-result idref="SV-50390r2_rule" time="2015-02-11T13:55:00" severity="high" version="RHEL-06-000211" weight="10.000000">
      <result>pass</result>
      <ident system="http://cce.mitre.org">CCE-26836-7</ident>
      <ident system="http://iase.disa.mil/cci">CCI-000888</ident>
      <check system="http://oval.mitre.org/XMLSchema/oval-definitions-5">
        <check-content-ref name="oval:mil.disa.fso.redhat.rhel6:def:470" href="U_RedHat_6_V1R6_STIG_SCAP_1-1_Benchmark-oval.xml"/>
      </check>
    </rule-result>
    <rule-result idref="SV-50391r1_rule" time="2015-02-11T13:55:00" severity="low" version="RHEL-06-000071" weight="10.000000">
      <result>fail</result>
      <ident system="http://cce.mitre.org">CCE-26940-7</ident>
      <ident system="http://iase.disa.mil/cci">CCI-000058</ident>
      <check system="http://oval.mitre.org/XMLSchema/oval-definitions-5">
        <check-content-ref name="oval:mil.disa.fso.redhat.rhel6:def:153" href="U_RedHat_6_V1R6_STIG_SCAP_1-1_Benchmark-oval.xml"/>
      </check>
    </rule-result>
    <rule-result idref="SV-50392r1_rule" time="2015-02-11T13:55:00" severity="high" version="RHEL-06-000213" weight="10.000000">
      <result>pass</result>
      <ident system="http://cce.mitre.org">CCE-27062-9</ident>
      <ident system="http://iase.disa.mil/cci">CCI-000381</ident>
      <check system="http://oval.mitre.org/XMLSchema/oval-definitions-5">
        <check-content-ref name="oval:mil.disa.fso.redhat.rhel6:def:221" href="U_RedHat_6_V1R6_STIG_SCAP_1-1_Benchmark-oval.xml"/>
      </check>
    </rule-result>
    <rule-result idref="SV-50393r3_rule" time="2015-02-11T13:55:00" severity="medium" version="RHEL-06-000356" weight="10.000000">
      <result>fail</result>
      <ident system="http://cce.mitre.org">CCE-27110-6</ident>
      <ident system="http://iase.disa.mil/cci">CCI-000047</ident>
      <check system="http://oval.mitre.org/XMLSchema/oval-definitions-5">
        <check-export export-name="oval:mil.disa.fso.redhat.rhel6:var:3264" value-id="var_accounts_passwords_pam_faillock_unlock_time"/>
        <check-content-ref name="oval:mil.disa.fso.redhat.rhel6:def:2992" href="U_RedHat_6_V1R6_STIG_SCAP_1-1_Benchmark-oval.xml"/>
      </check>
    </rule-result>
    <rule-result idref="SV-50395r2_rule" time="2015-02-11T13:55:00" severity="high" version="RHEL-06-000214" weight="10.000000">
      <result>pass</result>
      <ident system="http://cce.mitre.org">CCE-26994-4</ident>
      <ident system="http://iase.disa.mil/cci">CCI-000068</ident>
      <check system="http://oval.mitre.org/XMLSchema/oval-definitions-5">
        <check-content-ref name="oval:mil.disa.fso.redhat.rhel6:def:220" href="U_RedHat_6_V1R6_STIG_SCAP_1-1_Benchmark-oval.xml"/>
      </check>
    </rule-result>
    <rule-result idref="SV-50399r2_rule" time="2015-02-11T13:55:00" severity="high" version="RHEL-06-000216" weight="10.000000">
      <result>pass</result>
      <ident system="http://cce.mitre.org">CCE-27208-8</ident>
      <ident system="http://iase.disa.mil/cci">CCI-000068</ident>
      <check system="http://oval.mitre.org/XMLSchema/oval-definitions-5">
        <check-content-ref name="oval:mil.disa.fso.redhat.rhel6:def:826" href="U_RedHat_6_V1R6_STIG_SCAP_1-1_Benchmark-oval.xml"/>
      </check>
    </rule-result>
    <rule-result idref="SV-50401r1_rule" time="2015-02-11T13:55:00" severity="medium" version="RHEL-06-000080" weight="10.000000">
      <result>fail</result>
      <ident system="http://cce.mitre.org">CCE-27001-7</ident>
      <ident system="http://iase.disa.mil/cci">CCI-000366</ident>
      <check system="http://oval.mitre.org/XMLSchema/oval-definitions-5">
        <check-content-ref name="oval:mil.disa.fso.redhat.rhel6:def:606" href="U_RedHat_6_V1R6_STIG_SCAP_1-1_Benchmark-oval.xml"/>
      </check>
    </rule-result>
    <rule-result idref="SV-50402r1_rule" time="2015-02-11T13:55:01" severity="medium" version="RHEL-06-000081" weight="10.000000">
      <result>fail</result>
      <ident system="http://cce.mitre.org">CCE-27004-1</ident>
      <ident system="http://iase.disa.mil/cci">CCI-000366</ident>
      <check system="http://oval.mitre.org/XMLSchema/oval-definitions-5">
        <check-content-ref name="oval:mil.disa.fso.redhat.rhel6:def:1109" href="U_RedHat_6_V1R6_STIG_SCAP_1-1_Benchmark-oval.xml"/>
      </check>
    </rule-result>
    <rule-result idref="SV-50403r2_rule" time="2015-02-11T13:55:01" severity="high" version="RHEL-06-000218" weight="10.000000">
      <result>pass</result>
      <ident system="http://cce.mitre.org">CCE-26865-6</ident>
      <ident system="http://iase.disa.mil/cci">CCI-001436</ident>
      <check system="http://oval.mitre.org/XMLSchema/oval-definitions-5">
        <check-content-ref name="oval:mil.disa.fso.redhat.rhel6:def:1179" href="U_RedHat_6_V1R6_STIG_SCAP_1-1_Benchmark-oval.xml"/>
      </check>
    </rule-result>
    <rule-result idref="SV-50404r1_rule" time="2015-02-11T13:55:01" severity="medium" version="RHEL-06-000220" weight="10.000000">
      <result>pass</result>
      <ident system="http://cce.mitre.org">CCE-27079-3</ident>
      <ident system="http://iase.disa.mil/cci">CCI-000381</ident>
      <check system="http://oval.mitre.org/XMLSchema/oval-definitions-5">
        <check-content-ref name="oval:mil.disa.fso.redhat.rhel6:def:468" href="U_RedHat_6_V1R6_STIG_SCAP_1-1_Benchmark-oval.xml"/>
      </check>
    </rule-result>
    <rule-result idref="SV-50405r2_rule" time="2015-02-11T13:55:01" severity="medium" version="RHEL-06-000221" weight="10.000000">
      <result>pass</result>
      <ident system="http://cce.mitre.org">CCE-26894-6</ident>
      <ident system="http://iase.disa.mil/cci">CCI-000382</ident>
      <check system="http://oval.mitre.org/XMLSchema/oval-definitions-5">
        <check-content-ref name="oval:mil.disa.fso.redhat.rhel6:def:631" href="U_RedHat_6_V1R6_STIG_SCAP_1-1_Benchmark-oval.xml"/>
      </check>
    </rule-result>
    <rule-result idref="SV-50406r2_rule" time="2015-02-11T13:55:01" severity="medium" version="RHEL-06-000224" weight="10.000000">
      <result>pass</result>
      <ident system="http://cce.mitre.org">CCE-27070-2</ident>
      <ident system="http://iase.disa.mil/cci">CCI-000366</ident>
      <check system="http://oval.mitre.org/XMLSchema/oval-definitions-5">
        <check-content-ref name="oval:mil.disa.fso.redhat.rhel6:def:818" href="U_RedHat_6_V1R6_STIG_SCAP_1-1_Benchmark-oval.xml"/>
      </check>
    </rule-result>
    <rule-result idref="SV-50407r1_rule" time="2015-02-11T13:55:01" severity="medium" version="RHEL-06-000222" weight="10.000000">
      <result>pass</result>
      <ident system="http://cce.mitre.org">CCE-26946-4</ident>
      <ident system="http://iase.disa.mil/cci">CCI-000381</ident>
      <check system="http://oval.mitre.org/XMLSchema/oval-definitions-5">
        <check-content-ref name="oval:mil.disa.fso.redhat.rhel6:def:661" href="U_RedHat_6_V1R6_STIG_SCAP_1-1_Benchmark-oval.xml"/>
      </check>
    </rule-result>
    <rule-result idref="SV-50408r1_rule" time="2015-02-11T13:55:01" severity="high" version="RHEL-06-000227" weight="10.000000">
      <result>pass</result>
      <ident system="http://cce.mitre.org">CCE-27072-8</ident>
      <ident system="http://iase.disa.mil/cci">CCI-000774</ident>
      <check system="http://oval.mitre.org/XMLSchema/oval-definitions-5">
        <check-content-ref name="oval:mil.disa.fso.redhat.rhel6:def:210" href="U_RedHat_6_V1R6_STIG_SCAP_1-1_Benchmark-oval.xml"/>
      </check>
    </rule-result>
    <rule-result idref="SV-50409r1_rule" time="2015-02-11T13:55:01" severity="low" version="RHEL-06-000230" weight="10.000000">
      <result>fail</result>
      <ident system="http://cce.mitre.org">CCE-26919-1</ident>
      <ident system="http://iase.disa.mil/cci">CCI-001133</ident>
      <check system="http://oval.mitre.org/XMLSchema/oval-definitions-5">
        <check-export export-name="oval:mil.disa.fso.redhat.rhel6:var:2113" value-id="sshd_idle_timeout_value"/>
        <check-content-ref name="oval:mil.disa.fso.redhat.rhel6:def:3037" href="U_RedHat_6_V1R6_STIG_SCAP_1-1_Benchmark-oval.xml"/>
      </check>
    </rule-result>
    <rule-result idref="SV-50411r1_rule" time="2015-02-11T13:55:01" severity="low" version="RHEL-06-000231" weight="10.000000">
      <result>fail</result>
      <ident system="http://cce.mitre.org">CCE-26282-4</ident>
      <ident system="http://iase.disa.mil/cci">CCI-000879</ident>
      <check system="http://oval.mitre.org/XMLSchema/oval-definitions-5">
        <check-content-ref name="oval:mil.disa.fso.redhat.rhel6:def:3014" href="U_RedHat_6_V1R6_STIG_SCAP_1-1_Benchmark-oval.xml"/>
      </check>
    </rule-result>
    <rule-result idref="SV-50412r1_rule" time="2015-02-11T13:55:01" severity="medium" version="RHEL-06-000234" weight="10.000000">
      <result>pass</result>
      <ident system="http://cce.mitre.org">CCE-27124-7</ident>
      <ident system="http://iase.disa.mil/cci">CCI-000766</ident>
      <check system="http://oval.mitre.org/XMLSchema/oval-definitions-5">
        <check-content-ref name="oval:mil.disa.fso.redhat.rhel6:def:3052" href="U_RedHat_6_V1R6_STIG_SCAP_1-1_Benchmark-oval.xml"/>
      </check>
    </rule-result>
    <rule-result idref="SV-50413r1_rule" time="2015-02-11T13:55:01" severity="medium" version="RHEL-06-000236" weight="10.000000">
      <result>pass</result>
      <ident system="http://cce.mitre.org">CCE-27091-8</ident>
      <ident system="http://iase.disa.mil/cci">CCI-000766</ident>
      <check system="http://oval.mitre.org/XMLSchema/oval-definitions-5">
        <check-content-ref name="oval:mil.disa.fso.redhat.rhel6:def:3020" href="U_RedHat_6_V1R6_STIG_SCAP_1-1_Benchmark-oval.xml"/>
      </check>
    </rule-result>
    <rule-result idref="SV-50414r1_rule" time="2015-02-11T13:55:01" severity="medium" version="RHEL-06-000237" weight="10.000000">
      <result>pass</result>
      <ident system="http://cce.mitre.org">CCE-27100-7</ident>
      <ident system="http://iase.disa.mil/cci">CCI-000770</ident>
      <check system="http://oval.mitre.org/XMLSchema/oval-definitions-5">
        <check-content-ref name="oval:mil.disa.fso.redhat.rhel6:def:3074" href="U_RedHat_6_V1R6_STIG_SCAP_1-1_Benchmark-oval.xml"/>
      </check>
    </rule-result>
    <rule-result idref="SV-50415r1_rule" time="2015-02-11T13:55:01" severity="high" version="RHEL-06-000239" weight="10.000000">
      <result>pass</result>
      <ident system="http://cce.mitre.org">CCE-26887-0</ident>
      <ident system="http://iase.disa.mil/cci">CCI-000766</ident>
      <check system="http://oval.mitre.org/XMLSchema/oval-definitions-5">
        <check-content-ref name="oval:mil.disa.fso.redhat.rhel6:def:3109" href="U_RedHat_6_V1R6_STIG_SCAP_1-1_Benchmark-oval.xml"/>
      </check>
    </rule-result>
    <rule-result idref="SV-50416r1_rule" time="2015-02-11T13:55:01" severity="medium" version="RHEL-06-000240" weight="10.000000">
      <result>fail</result>
      <ident system="http://cce.mitre.org">CCE-27112-2</ident>
      <ident system="http://iase.disa.mil/cci">CCI-000048</ident>
      <check system="http://oval.mitre.org/XMLSchema/oval-definitions-5">
        <check-content-ref name="oval:mil.disa.fso.redhat.rhel6:def:3082" href="U_RedHat_6_V1R6_STIG_SCAP_1-1_Benchmark-oval.xml"/>
      </check>
    </rule-result>
    <rule-result idref="SV-50417r1_rule" time="2015-02-11T13:55:01" severity="low" version="RHEL-06-000241" weight="10.000000">
      <result>fail</result>
      <ident system="http://cce.mitre.org">CCE-27201-3</ident>
      <ident system="http://iase.disa.mil/cci">CCI-001414</ident>
      <check system="http://oval.mitre.org/XMLSchema/oval-definitions-5">
        <check-content-ref name="oval:mil.disa.fso.redhat.rhel6:def:3103" href="U_RedHat_6_V1R6_STIG_SCAP_1-1_Benchmark-oval.xml"/>
      </check>
    </rule-result>
    <rule-result idref="SV-50419r2_rule" time="2015-02-11T13:55:01" severity="low" version="RHEL-06-000246" weight="10.000000">
      <result>pass</result>
      <ident system="http://cce.mitre.org">CCE-27087-6</ident>
      <ident system="http://iase.disa.mil/cci">CCI-000366</ident>
      <check system="http://oval.mitre.org/XMLSchema/oval-definitions-5">
        <check-content-ref name="oval:mil.disa.fso.redhat.rhel6:def:754" href="U_RedHat_6_V1R6_STIG_SCAP_1-1_Benchmark-oval.xml"/>
      </check>
    </rule-result>
    <rule-result idref="SV-50421r1_rule" time="2015-02-11T13:55:01" severity="medium" version="RHEL-06-000247" weight="10.000000">
      <result>fail</result>
      <ident system="http://cce.mitre.org">CCE-27093-4</ident>
      <ident system="http://iase.disa.mil/cci">CCI-000160</ident>
      <check system="http://oval.mitre.org/XMLSchema/oval-definitions-5">
        <check-content-ref name="oval:mil.disa.fso.redhat.rhel6:def:174" href="U_RedHat_6_V1R6_STIG_SCAP_1-1_Benchmark-oval.xml"/>
      </check>
    </rule-result>
    <rule-result idref="SV-50422r1_rule" time="2015-02-11T13:55:01" severity="medium" version="RHEL-06-000248" weight="10.000000">
      <result>pass</result>
      <ident system="http://cce.mitre.org">CCE-27098-3</ident>
      <ident system="http://iase.disa.mil/cci">CCI-000160</ident>
      <check system="http://oval.mitre.org/XMLSchema/oval-definitions-5">
        <check-content-ref name="oval:mil.disa.fso.redhat.rhel6:def:665" href="U_RedHat_6_V1R6_STIG_SCAP_1-1_Benchmark-oval.xml"/>
      </check>
    </rule-result>
    <rule-result idref="SV-50423r2_rule" time="2015-02-11T13:55:01" severity="medium" version="RHEL-06-000249" weight="10.000000">
      <result>pass</result>
      <ident system="http://cce.mitre.org">CCE-26780-7</ident>
      <ident system="http://iase.disa.mil/cci">CCI-000382</ident>
      <check system="http://oval.mitre.org/XMLSchema/oval-definitions-5">
        <check-content-ref name="oval:mil.disa.fso.redhat.rhel6:def:121" href="U_RedHat_6_V1R6_STIG_SCAP_1-1_Benchmark-oval.xml"/>
      </check>
    </rule-result>
    <rule-result idref="SV-50428r1_rule" time="2015-02-11T13:55:01" severity="low" version="RHEL-06-000256" weight="10.000000">
      <result>pass</result>
      <ident system="http://cce.mitre.org">CCE-26858-1</ident>
      <ident system="http://iase.disa.mil/cci">CCI-000366</ident>
      <check system="http://oval.mitre.org/XMLSchema/oval-definitions-5">
        <check-content-ref name="oval:mil.disa.fso.redhat.rhel6:def:852" href="U_RedHat_6_V1R6_STIG_SCAP_1-1_Benchmark-oval.xml"/>
      </check>
    </rule-result>
    <rule-result idref="SV-50430r3_rule" time="2015-02-11T13:55:01" severity="medium" version="RHEL-06-000257" weight="10.000000">
      <result>pass</result>
      <ident system="http://cce.mitre.org">CCE-26828-4</ident>
      <ident system="http://iase.disa.mil/cci">CCI-000057</ident>
      <check system="http://oval.mitre.org/XMLSchema/oval-definitions-5">
        <check-export export-name="oval:mil.disa.fso.redhat.rhel6:var:2125" value-id="inactivity_timeout_value"/>
        <check-content-ref name="oval:mil.disa.fso.redhat.rhel6:def:598" href="U_RedHat_6_V1R6_STIG_SCAP_1-1_Benchmark-oval.xml"/>
      </check>
    </rule-result>
    <rule-result idref="SV-50431r3_rule" time="2015-02-11T13:55:01" severity="medium" version="RHEL-06-000258" weight="10.000000">
      <result>pass</result>
      <ident system="http://cce.mitre.org">CCE-26600-7</ident>
      <ident system="http://iase.disa.mil/cci">CCI-000057</ident>
      <check system="http://oval.mitre.org/XMLSchema/oval-definitions-5">
        <check-content-ref name="oval:mil.disa.fso.redhat.rhel6:def:157" href="U_RedHat_6_V1R6_STIG_SCAP_1-1_Benchmark-oval.xml"/>
      </check>
    </rule-result>
    <rule-result idref="SV-50434r1_rule" time="2015-02-11T13:55:01" severity="medium" version="RHEL-06-000160" weight="10.000000">
      <result>pass</result>
      <ident system="http://cce.mitre.org">CCE-27550-3</ident>
      <ident system="http://iase.disa.mil/cci">CCI-000366</ident>
      <check system="http://oval.mitre.org/XMLSchema/oval-definitions-5">
        <check-export export-name="oval:mil.disa.fso.redhat.rhel6:var:2136" value-id="var_auditd_max_log_file"/>
        <check-content-ref name="oval:mil.disa.fso.redhat.rhel6:def:924" href="U_RedHat_6_V1R6_STIG_SCAP_1-1_Benchmark-oval.xml"/>
      </check>
    </rule-result>
    <rule-result idref="SV-50435r1_rule" time="2015-02-11T13:55:01" severity="medium" version="RHEL-06-000161" weight="10.000000">
      <result>pass</result>
      <ident system="http://cce.mitre.org">CCE-27237-7</ident>
      <ident system="http://iase.disa.mil/cci">CCI-000366</ident>
      <check system="http://oval.mitre.org/XMLSchema/oval-definitions-5">
        <check-export export-name="oval:mil.disa.fso.redhat.rhel6:var:2140" value-id="var_auditd_max_log_file_action"/>
        <check-content-ref name="oval:mil.disa.fso.redhat.rhel6:def:1093" href="U_RedHat_6_V1R6_STIG_SCAP_1-1_Benchmark-oval.xml"/>
      </check>
    </rule-result>
    <rule-result idref="SV-50436r2_rule" time="2015-02-11T13:55:01" severity="low" version="RHEL-06-000165" weight="10.000000">
      <result>fail</result>
      <ident system="http://cce.mitre.org">CCE-26242-8</ident>
      <ident system="http://iase.disa.mil/cci">CCI-000169</ident>
      <check system="http://oval.mitre.org/XMLSchema/oval-definitions-5">
        <check-content-ref name="oval:mil.disa.fso.redhat.rhel6:def:542" href="U_RedHat_6_V1R6_STIG_SCAP_1-1_Benchmark-oval.xml"/>
      </check>
    </rule-result>
    <rule-result idref="SV-50437r1_rule" time="2015-02-11T13:55:01" severity="medium" version="RHEL-06-000159" weight="10.000000">
      <result>pass</result>
      <ident system="http://cce.mitre.org">CCE-27522-2</ident>
      <ident system="http://iase.disa.mil/cci">CCI-000366</ident>
      <check system="http://oval.mitre.org/XMLSchema/oval-definitions-5">
        <check-export export-name="oval:mil.disa.fso.redhat.rhel6:var:2139" value-id="var_auditd_num_logs"/>
        <check-content-ref name="oval:mil.disa.fso.redhat.rhel6:def:1059" href="U_RedHat_6_V1R6_STIG_SCAP_1-1_Benchmark-oval.xml"/>
      </check>
    </rule-result>
    <rule-result idref="SV-50439r3_rule" time="2015-02-11T13:55:01" severity="medium" version="RHEL-06-000259" weight="10.000000">
      <result>pass</result>
      <ident system="http://cce.mitre.org">CCE-26235-2</ident>
      <ident system="http://iase.disa.mil/cci">CCI-000057</ident>
      <check system="http://oval.mitre.org/XMLSchema/oval-definitions-5">
        <check-content-ref name="oval:mil.disa.fso.redhat.rhel6:def:669" href="U_RedHat_6_V1R6_STIG_SCAP_1-1_Benchmark-oval.xml"/>
      </check>
    </rule-result>
    <rule-result idref="SV-50440r3_rule" time="2015-02-11T13:55:01" severity="low" version="RHEL-06-000260" weight="10.000000">
      <result>pass</result>
      <ident system="http://cce.mitre.org">CCE-26638-7</ident>
      <ident system="http://iase.disa.mil/cci">CCI-000060</ident>
      <check system="http://oval.mitre.org/XMLSchema/oval-definitions-5">
        <check-content-ref name="oval:mil.disa.fso.redhat.rhel6:def:477" href="U_RedHat_6_V1R6_STIG_SCAP_1-1_Benchmark-oval.xml"/>
      </check>
    </rule-result>
    <rule-result idref="SV-50441r2_rule" time="2015-02-11T13:55:01" severity="low" version="RHEL-06-000261" weight="10.000000">
      <result>fail</result>
      <ident system="http://cce.mitre.org">CCE-27247-6</ident>
      <ident system="http://iase.disa.mil/cci">CCI-000382</ident>
      <check system="http://oval.mitre.org/XMLSchema/oval-definitions-5">
        <check-content-ref name="oval:mil.disa.fso.redhat.rhel6:def:283" href="U_RedHat_6_V1R6_STIG_SCAP_1-1_Benchmark-oval.xml"/>
      </check>
    </rule-result>
    <rule-result idref="SV-50442r2_rule" time="2015-02-11T13:55:01" severity="low" version="RHEL-06-000262" weight="10.000000">
      <result>fail</result>
      <ident system="http://cce.mitre.org">CCE-27249-2</ident>
      <ident system="http://iase.disa.mil/cci">CCI-000382</ident>
      <check system="http://oval.mitre.org/XMLSchema/oval-definitions-5">
        <check-content-ref name="oval:mil.disa.fso.redhat.rhel6:def:327" href="U_RedHat_6_V1R6_STIG_SCAP_1-1_Benchmark-oval.xml"/>
      </check>
    </rule-result>
    <rule-result idref="SV-50443r1_rule" time="2015-02-11T13:55:01" severity="low" version="RHEL-06-000346" weight="10.000000">
      <result>pass</result>
      <ident system="http://cce.mitre.org">CCE-27031-4</ident>
      <ident system="http://iase.disa.mil/cci">CCI-000366</ident>
      <check system="http://oval.mitre.org/XMLSchema/oval-definitions-5">
        <check-export export-name="oval:mil.disa.fso.redhat.rhel6:var:2143" value-id="var_umask_for_daemons"/>
        <check-content-ref name="oval:mil.disa.fso.redhat.rhel6:def:1165" href="U_RedHat_6_V1R6_STIG_SCAP_1-1_Benchmark-oval.xml"/>
      </check>
    </rule-result>
    <rule-result idref="SV-50445r2_rule" time="2015-02-11T13:55:01" severity="low" version="RHEL-06-000265" weight="10.000000">
      <result>pass</result>
      <ident system="http://cce.mitre.org">CCE-27256-7</ident>
      <ident system="http://iase.disa.mil/cci">CCI-000382</ident>
      <check system="http://oval.mitre.org/XMLSchema/oval-definitions-5">
        <check-content-ref name="oval:mil.disa.fso.redhat.rhel6:def:132" href="U_RedHat_6_V1R6_STIG_SCAP_1-1_Benchmark-oval.xml"/>
      </check>
    </rule-result>
    <rule-result idref="SV-50446r1_rule" time="2015-02-11T13:55:01" severity="low" version="RHEL-06-000345" weight="10.000000">
      <result>pass</result>
      <ident system="http://cce.mitre.org">CCE-26371-5</ident>
      <ident system="http://iase.disa.mil/cci">CCI-000366</ident>
      <check system="http://oval.mitre.org/XMLSchema/oval-definitions-5">
        <check-export export-name="oval:mil.disa.fso.redhat.rhel6:var:3265" value-id="var_accounts_user_umask"/>
        <check-content-ref name="oval:mil.disa.fso.redhat.rhel6:def:396" href="U_RedHat_6_V1R6_STIG_SCAP_1-1_Benchmark-oval.xml"/>
      </check>
    </rule-result>
    <rule-result idref="SV-50447r2_rule" time="2015-02-11T13:55:01" severity="low" version="RHEL-06-000266" weight="10.000000">
      <result>pass</result>
      <ident system="http://cce.mitre.org">CCE-27257-5</ident>
      <ident system="http://iase.disa.mil/cci">CCI-000382</ident>
      <check system="http://oval.mitre.org/XMLSchema/oval-definitions-5">
        <check-content-ref name="oval:mil.disa.fso.redhat.rhel6:def:380" href="U_RedHat_6_V1R6_STIG_SCAP_1-1_Benchmark-oval.xml"/>
      </check>
    </rule-result>
    <rule-result idref="SV-50448r1_rule" time="2015-02-11T13:55:01" severity="low" version="RHEL-06-000344" weight="10.000000">
      <result>fail</result>
      <ident system="http://cce.mitre.org">CCE-26669-2</ident>
      <ident system="http://iase.disa.mil/cci">CCI-000366</ident>
      <check system="http://oval.mitre.org/XMLSchema/oval-definitions-5">
        <check-export export-name="oval:mil.disa.fso.redhat.rhel6:var:3265" value-id="var_accounts_user_umask"/>
        <check-content-ref name="oval:mil.disa.fso.redhat.rhel6:def:558" href="U_RedHat_6_V1R6_STIG_SCAP_1-1_Benchmark-oval.xml"/>
      </check>
    </rule-result>
    <rule-result idref="SV-50449r2_rule" time="2015-02-11T13:55:01" severity="low" version="RHEL-06-000267" weight="10.000000">
      <result>pass</result>
      <ident system="http://cce.mitre.org">CCE-26928-2</ident>
      <ident system="http://iase.disa.mil/cci">CCI-000382</ident>
      <check system="http://oval.mitre.org/XMLSchema/oval-definitions-5">
        <check-content-ref name="oval:mil.disa.fso.redhat.rhel6:def:183" href="U_RedHat_6_V1R6_STIG_SCAP_1-1_Benchmark-oval.xml"/>
      </check>
    </rule-result>
    <rule-result idref="SV-50450r1_rule" time="2015-02-11T13:55:01" severity="low" version="RHEL-06-000343" weight="10.000000">
      <result>fail</result>
      <ident system="http://cce.mitre.org">CCE-27034-8</ident>
      <ident system="http://iase.disa.mil/cci">CCI-000366</ident>
      <check system="http://oval.mitre.org/XMLSchema/oval-definitions-5">
        <check-export export-name="oval:mil.disa.fso.redhat.rhel6:var:3265" value-id="var_accounts_user_umask"/>
        <check-content-ref name="oval:mil.disa.fso.redhat.rhel6:def:663" href="U_RedHat_6_V1R6_STIG_SCAP_1-1_Benchmark-oval.xml"/>
      </check>
    </rule-result>
    <rule-result idref="SV-50451r2_rule" time="2015-02-11T13:55:01" severity="low" version="RHEL-06-000268" weight="10.000000">
      <result>pass</result>
      <ident system="http://cce.mitre.org">CCE-27261-7</ident>
      <ident system="http://iase.disa.mil/cci">CCI-000382</ident>
      <check system="http://oval.mitre.org/XMLSchema/oval-definitions-5">
        <check-content-ref name="oval:mil.disa.fso.redhat.rhel6:def:1080" href="U_RedHat_6_V1R6_STIG_SCAP_1-1_Benchmark-oval.xml"/>
      </check>
    </rule-result>
    <rule-result idref="SV-50452r1_rule" time="2015-02-11T13:55:01" severity="low" version="RHEL-06-000342" weight="10.000000">
      <result>fail</result>
      <ident system="http://cce.mitre.org">CCE-26917-5</ident>
      <ident system="http://iase.disa.mil/cci">CCI-000366</ident>
      <check system="http://oval.mitre.org/XMLSchema/oval-definitions-5">
        <check-export export-name="oval:mil.disa.fso.redhat.rhel6:var:3265" value-id="var_accounts_user_umask"/>
        <check-content-ref name="oval:mil.disa.fso.redhat.rhel6:def:240" href="U_RedHat_6_V1R6_STIG_SCAP_1-1_Benchmark-oval.xml"/>
      </check>
    </rule-result>
    <rule-result idref="SV-50457r1_rule" time="2015-02-11T13:55:01" severity="low" version="RHEL-06-000272" weight="10.000000">
      <result>fail</result>
      <ident system="http://cce.mitre.org">CCE-26328-5</ident>
      <ident system="http://iase.disa.mil/cci">CCI-000366</ident>
      <check system="http://oval.mitre.org/XMLSchema/oval-definitions-5">
        <check-content-ref name="oval:mil.disa.fso.redhat.rhel6:def:763" href="U_RedHat_6_V1R6_STIG_SCAP_1-1_Benchmark-oval.xml"/>
      </check>
    </rule-result>
    <rule-result idref="SV-50470r1_rule" time="2015-02-11T13:55:01" severity="low" version="RHEL-06-000287" weight="10.000000">
      <result>pass</result>
      <ident system="http://cce.mitre.org">CCE-26325-1</ident>
      <ident system="http://iase.disa.mil/cci">CCI-000366</ident>
      <check system="http://oval.mitre.org/XMLSchema/oval-definitions-5">
        <check-content-ref name="oval:mil.disa.fso.redhat.rhel6:def:165" href="U_RedHat_6_V1R6_STIG_SCAP_1-1_Benchmark-oval.xml"/>
      </check>
    </rule-result>
    <rule-result idref="SV-50472r1_rule" time="2015-02-11T13:55:01" severity="medium" version="RHEL-06-000288" weight="10.000000">
      <result>pass</result>
      <ident system="http://cce.mitre.org">CCE-27515-6</ident>
      <ident system="http://iase.disa.mil/cci">CCI-000366</ident>
      <check system="http://oval.mitre.org/XMLSchema/oval-definitions-5">
        <check-content-ref name="oval:mil.disa.fso.redhat.rhel6:def:274" href="U_RedHat_6_V1R6_STIG_SCAP_1-1_Benchmark-oval.xml"/>
      </check>
    </rule-result>
    <rule-result idref="SV-50473r2_rule" time="2015-02-11T13:55:01" severity="low" version="RHEL-06-000289" weight="10.000000">
      <result>pass</result>
      <ident system="http://cce.mitre.org">CCE-27254-2</ident>
      <ident system="http://iase.disa.mil/cci">CCI-000382</ident>
      <check system="http://oval.mitre.org/XMLSchema/oval-definitions-5">
        <check-content-ref name="oval:mil.disa.fso.redhat.rhel6:def:941" href="U_RedHat_6_V1R6_STIG_SCAP_1-1_Benchmark-oval.xml"/>
      </check>
    </rule-result>
    <rule-result idref="SV-50475r1_rule" time="2015-02-11T13:55:01" severity="medium" version="RHEL-06-000290" weight="10.000000">
      <result>pass</result>
      <ident system="http://cce.mitre.org">CCE-27119-7</ident>
      <ident system="http://iase.disa.mil/cci">CCI-001436</ident>
      <check system="http://oval.mitre.org/XMLSchema/oval-definitions-5">
        <check-content-ref name="oval:mil.disa.fso.redhat.rhel6:def:688" href="U_RedHat_6_V1R6_STIG_SCAP_1-1_Benchmark-oval.xml"/>
      </check>
    </rule-result>
    <rule-result idref="SV-50476r2_rule" time="2015-02-11T13:55:01" severity="low" version="RHEL-06-000308" weight="10.000000">
      <result>fail</result>
      <ident system="http://cce.mitre.org">CCE-27033-0</ident>
      <ident system="http://iase.disa.mil/cci">CCI-000366</ident>
      <check system="http://oval.mitre.org/XMLSchema/oval-definitions-5">
        <check-content-ref name="oval:mil.disa.fso.redhat.rhel6:def:3072" href="U_RedHat_6_V1R6_STIG_SCAP_1-1_Benchmark-oval.xml"/>
      </check>
    </rule-result>
    <rule-result idref="SV-50477r1_rule" time="2015-02-11T13:55:01" severity="low" version="RHEL-06-000291" weight="10.000000">
      <result>pass</result>
      <ident system="http://cce.mitre.org">CCE-27198-1</ident>
      <check system="http://oval.mitre.org/XMLSchema/oval-definitions-5">
        <check-content-ref name="oval:mil.disa.fso.redhat.rhel6:def:1175" href="U_RedHat_6_V1R6_STIG_SCAP_1-1_Benchmark-oval.xml"/>
      </check>
    </rule-result>
    <rule-result idref="SV-50480r2_rule" time="2015-02-11T13:55:01" severity="medium" version="RHEL-06-000292" weight="10.000000">
      <result>fail</result>
      <ident system="http://cce.mitre.org">CCE-27021-5</ident>
      <ident system="http://iase.disa.mil/cci">CCI-000366</ident>
      <check system="http://oval.mitre.org/XMLSchema/oval-definitions-5">
        <check-content-ref name="oval:mil.disa.fso.redhat.rhel6:def:208" href="U_RedHat_6_V1R6_STIG_SCAP_1-1_Benchmark-oval.xml"/>
      </check>
    </rule-result>
    <rule-result idref="SV-50481r1_rule" time="2015-02-11T13:55:01" severity="medium" version="RHEL-06-000313" weight="10.000000">
      <result>pass</result>
      <ident system="http://cce.mitre.org">CCE-27241-9</ident>
      <ident system="http://iase.disa.mil/cci">CCI-000139</ident>
      <check system="http://oval.mitre.org/XMLSchema/oval-definitions-5">
        <check-export export-name="oval:mil.disa.fso.redhat.rhel6:var:2122" value-id="var_auditd_action_mail_acct"/>
        <check-content-ref name="oval:mil.disa.fso.redhat.rhel6:def:548" href="U_RedHat_6_V1R6_STIG_SCAP_1-1_Benchmark-oval.xml"/>
      </check>
    </rule-result>
    <rule-result idref="SV-50485r2_rule" time="2015-02-11T13:55:01" severity="low" version="RHEL-06-000319" weight="10.000000">
      <result>fail</result>
      <ident system="http://cce.mitre.org">CCE-27457-1</ident>
      <ident system="http://iase.disa.mil/cci">CCI-000054</ident>
      <check system="http://oval.mitre.org/XMLSchema/oval-definitions-5">
        <check-export export-name="oval:mil.disa.fso.redhat.rhel6:var:3266" value-id="var_accounts_max_concurrent_login_sessions"/>
        <check-content-ref name="oval:mil.disa.fso.redhat.rhel6:def:112" href="U_RedHat_6_V1R6_STIG_SCAP_1-1_Benchmark-oval.xml"/>
      </check>
    </rule-result>
    <rule-result idref="SV-50488r2_rule" time="2015-02-11T13:55:01" severity="low" version="RHEL-06-000321" weight="10.000000">
      <result>fail</result>
      <ident system="http://cce.mitre.org">CCE-27626-1</ident>
      <ident system="http://iase.disa.mil/cci">CCI-001130</ident>
      <check system="http://oval.mitre.org/XMLSchema/oval-definitions-5">
        <check-content-ref name="oval:mil.disa.fso.redhat.rhel6:def:1005" href="U_RedHat_6_V1R6_STIG_SCAP_1-1_Benchmark-oval.xml"/>
      </check>
    </rule-result>
    <rule-result idref="SV-50489r2_rule" time="2015-02-11T13:55:01" severity="medium" version="RHEL-06-000324" weight="10.000000">
      <result>pass</result>
      <ident system="http://cce.mitre.org">CCE-27195-7</ident>
      <ident system="http://iase.disa.mil/cci">CCI-000050</ident>
      <check system="http://oval.mitre.org/XMLSchema/oval-definitions-5">
        <check-content-ref name="oval:mil.disa.fso.redhat.rhel6:def:3883" href="U_RedHat_6_V1R6_STIG_SCAP_1-1_Benchmark-oval.xml"/>
      </check>
    </rule-result>
    <rule-result idref="SV-50492r2_rule" time="2015-02-11T13:55:01" severity="medium" version="RHEL-06-000331" weight="10.000000">
      <result>pass</result>
      <ident system="http://cce.mitre.org">CCE-27081-9</ident>
      <ident system="http://iase.disa.mil/cci">CCI-000085</ident>
      <check system="http://oval.mitre.org/XMLSchema/oval-definitions-5">
        <check-content-ref name="oval:mil.disa.fso.redhat.rhel6:def:418" href="U_RedHat_6_V1R6_STIG_SCAP_1-1_Benchmark-oval.xml"/>
      </check>
    </rule-result>
    <rule-result idref="SV-50493r1_rule" time="2015-02-11T13:55:01" severity="low" version="RHEL-06-000334" weight="10.000000">
      <result>fail</result>
      <ident system="http://cce.mitre.org">CCE-27283-1</ident>
      <ident system="http://iase.disa.mil/cci">CCI-000017</ident>
      <check system="http://oval.mitre.org/XMLSchema/oval-definitions-5">
        <check-export export-name="oval:mil.disa.fso.redhat.rhel6:var:2115" value-id="var_account_disable_post_pw_expiration"/>
        <check-content-ref name="oval:mil.disa.fso.redhat.rhel6:def:3054" href="U_RedHat_6_V1R6_STIG_SCAP_1-1_Benchmark-oval.xml"/>
      </check>
    </rule-result>
    <rule-result idref="SV-50495r1_rule" time="2015-02-11T13:55:01" severity="low" version="RHEL-06-000335" weight="10.000000">
      <result>fail</result>
      <ident system="http://cce.mitre.org">CCE-27283-1</ident>
      <ident system="http://iase.disa.mil/cci">CCI-000795</ident>
      <check system="http://oval.mitre.org/XMLSchema/oval-definitions-5">
        <check-export export-name="oval:mil.disa.fso.redhat.rhel6:var:2115" value-id="var_account_disable_post_pw_expiration"/>
        <check-content-ref name="oval:mil.disa.fso.redhat.rhel6:def:3054" href="U_RedHat_6_V1R6_STIG_SCAP_1-1_Benchmark-oval.xml"/>
      </check>
    </rule-result>
    <rule-result idref="SV-50498r2_rule" time="2015-02-11T13:55:04" severity="low" version="RHEL-06-000336" weight="10.000000">
      <result>pass</result>
      <ident system="http://cce.mitre.org">CCE-26840-9</ident>
      <ident system="http://iase.disa.mil/cci">CCI-000366</ident>
      <check system="http://oval.mitre.org/XMLSchema/oval-definitions-5">
        <check-content-ref name="oval:mil.disa.fso.redhat.rhel6:def:570" href="U_RedHat_6_V1R6_STIG_SCAP_1-1_Benchmark-oval.xml"/>
      </check>
    </rule-result>
    <rule-result idref="SV-50500r2_rule" time="2015-02-11T13:55:07" severity="low" version="RHEL-06-000337" weight="10.000000">
      <result>pass</result>
      <ident system="http://cce.mitre.org">CCE-26642-9</ident>
      <ident system="http://iase.disa.mil/cci">CCI-000366</ident>
      <check system="http://oval.mitre.org/XMLSchema/oval-definitions-5">
        <check-content-ref name="oval:mil.disa.fso.redhat.rhel6:def:194" href="U_RedHat_6_V1R6_STIG_SCAP_1-1_Benchmark-oval.xml"/>
      </check>
    </rule-result>
    <rule-result idref="SV-50502r1_rule" time="2015-02-11T13:55:07" severity="high" version="RHEL-06-000338" weight="10.000000">
      <result>pass</result>
      <ident system="http://cce.mitre.org">CCE-27272-4</ident>
      <ident system="http://iase.disa.mil/cci">CCI-000366</ident>
      <check system="http://oval.mitre.org/XMLSchema/oval-definitions-5">
        <check-content-ref name="oval:mil.disa.fso.redhat.rhel6:def:1049" href="U_RedHat_6_V1R6_STIG_SCAP_1-1_Benchmark-oval.xml"/>
      </check>
    </rule-result>
    <rule-result idref="SV-65547r1_rule" time="2015-02-11T13:55:07" severity="medium" version="RHEL-06-000017" weight="10.000000">
      <result>pass</result>
      <ident system="http://cce.mitre.org">CCE-26956-3</ident>
      <ident system="http://iase.disa.mil/cci">CCI-000366</ident>
      <check system="http://oval.mitre.org/XMLSchema/oval-definitions-5">
        <check-content-ref name="oval:mil.disa.fso.redhat.rhel6:def:3446" href="U_RedHat_6_V1R6_STIG_SCAP_1-1_Benchmark-oval.xml"/>
      </check>
    </rule-result>
    <rule-result idref="SV-65573r1_rule" time="2015-02-11T13:55:07" severity="medium" version="RHEL-06-000020" weight="10.000000">
      <result>pass</result>
      <ident system="http://cce.mitre.org">CCE-26969-6</ident>
      <ident system="http://iase.disa.mil/cci">CCI-000366</ident>
      <check system="http://oval.mitre.org/XMLSchema/oval-definitions-5">
        <check-export export-name="oval:mil.disa.fso.redhat.rhel6:var:3267" value-id="var_selinux_state"/>
        <check-content-ref name="oval:mil.disa.fso.redhat.rhel6:def:3032" href="U_RedHat_6_V1R6_STIG_SCAP_1-1_Benchmark-oval.xml"/>
      </check>
    </rule-result>
    <rule-result idref="SV-65579r1_rule" time="2015-02-11T13:55:07" severity="low" version="RHEL-06-000023" weight="10.000000">
      <result>pass</result>
      <ident system="http://cce.mitre.org">CCE-26875-5</ident>
      <ident system="http://iase.disa.mil/cci">CCI-000366</ident>
      <check system="http://oval.mitre.org/XMLSchema/oval-definitions-5">
        <check-export export-name="oval:mil.disa.fso.redhat.rhel6:var:2127" value-id="var_selinux_policy_name"/>
        <check-content-ref name="oval:mil.disa.fso.redhat.rhel6:def:629" href="U_RedHat_6_V1R6_STIG_SCAP_1-1_Benchmark-oval.xml"/>
      </check>
    </rule-result>
    <rule-result idref="SV-66089r1_rule" time="2015-02-11T13:55:07" severity="medium" version="RHEL-06-000372" weight="10.000000">
      <result>fail</result>
      <ident system="http://cce.mitre.org">CCE-27291-4</ident>
      <ident system="http://iase.disa.mil/cci">CCI-000366</ident>
      <check system="http://oval.mitre.org/XMLSchema/oval-definitions-5">
        <check-content-ref name="oval:mil.disa.fso.redhat.rhel6:def:867" href="U_RedHat_6_V1R6_STIG_SCAP_1-1_Benchmark-oval.xml"/>
      </check>
    </rule-result>
    <rule-result idref="SV-68627r1_rule" time="2015-02-11T13:55:07" severity="medium" version="RHEL-06-000163" weight="10.000000">
      <result>fail</result>
      <ident system="http://cce.mitre.org">CCE-27239-3</ident>
      <ident system="http://iase.disa.mil/cci">CCI-000366</ident>
      <check system="http://oval.mitre.org/XMLSchema/oval-definitions-5">
        <check-export export-name="oval:mil.disa.fso.redhat.rhel6:var:2130" value-id="var_auditd_admin_space_left_action"/>
        <check-content-ref name="oval:mil.disa.fso.redhat.rhel6:def:667" href="U_RedHat_6_V1R6_STIG_SCAP_1-1_Benchmark-oval.xml"/>
      </check>
    </rule-result>
    <score system="urn:xccdf:scoring:default" maximum="100.000000">44.692738</score>
  </TestResult>
</Benchmark>
